

     ************************************************************************
     *************** Dalton - An Electronic Structure Program ***************
     ************************************************************************

    This is output from DALTON release Dalton2019.alpha (2019)
         ( Web site: http://daltonprogram.org )

   ----------------------------------------------------------------------------

    NOTE:
     
    Dalton is an experimental code for the evaluation of molecular
    properties using (MC)SCF, DFT, CI, and CC wave functions.
    The authors accept no responsibility for the performance of
    the code or for the correctness of the results.
     
    The code (in whole or part) is provided under a licence and
    is not to be reproduced for further distribution without
    the written permission of the authors or their representatives.
     
    See the home page "http://daltonprogram.org" for further information.
     
    If results obtained with this code are published,
    the appropriate citations would be both of:
     
       K. Aidas, C. Angeli, K. L. Bak, V. Bakken, R. Bast,
       L. Boman, O. Christiansen, R. Cimiraglia, S. Coriani,
       P. Dahle, E. K. Dalskov, U. Ekstroem,
       T. Enevoldsen, J. J. Eriksen, P. Ettenhuber, B. Fernandez,
       L. Ferrighi, H. Fliegl, L. Frediani, K. Hald, A. Halkier,
       C. Haettig, H. Heiberg, T. Helgaker, A. C. Hennum,
       H. Hettema, E. Hjertenaes, S. Hoest, I.-M. Hoeyvik,
       M. F. Iozzi, B. Jansik, H. J. Aa. Jensen, D. Jonsson,
       P. Joergensen, J. Kauczor, S. Kirpekar,
       T. Kjaergaard, W. Klopper, S. Knecht, R. Kobayashi, H. Koch,
       J. Kongsted, A. Krapp, K. Kristensen, A. Ligabue,
       O. B. Lutnaes, J. I. Melo, K. V. Mikkelsen, R. H. Myhre,
       C. Neiss, C. B. Nielsen, P. Norman, J. Olsen,
       J. M. H. Olsen, A. Osted, M. J. Packer, F. Pawlowski,
       T. B. Pedersen, P. F. Provasi, S. Reine, Z. Rinkevicius,
       T. A. Ruden, K. Ruud, V. Rybkin, P. Salek, C. C. M. Samson,
       A. Sanchez de Meras, T. Saue, S. P. A. Sauer,
       B. Schimmelpfennig, K. Sneskov, A. H. Steindal,
       K. O. Sylvester-Hvid, P. R. Taylor, A. M. Teale,
       E. I. Tellgren, D. P. Tew, A. J. Thorvaldsen, L. Thoegersen,
       O. Vahtras, M. A. Watson, D. J. D. Wilson, M. Ziolkowski
       and H. Agren,
       "The Dalton quantum chemistry program system",
       WIREs Comput. Mol. Sci. 2014, 4:269â€“284 (doi: 10.1002/wcms.1172)
     
    and
     
       Dalton, a molecular electronic structure program,
       Release Dalton2019.alpha (2019), see http://daltonprogram.org
   ----------------------------------------------------------------------------

    Authors in alphabetical order (major contribution(s) in parenthesis):

  Kestutis Aidas,           Vilnius University,           Lithuania   (QM/MM)
  Celestino Angeli,         University of Ferrara,        Italy       (NEVPT2)
  Keld L. Bak,              UNI-C,                        Denmark     (AOSOPPA, non-adiabatic coupling, magnetic properties)
  Vebjoern Bakken,          University of Oslo,           Norway      (DALTON; geometry optimizer, symmetry detection)
  Radovan Bast,             UiT The Arctic U. of Norway,  Norway      (DALTON installation and execution frameworks)
  Pablo Baudin,             University of Valencia,       Spain       (Cholesky excitation energies)
  Linus Boman,              NTNU,                         Norway      (Cholesky decomposition and subsystems)
  Ove Christiansen,         Aarhus University,            Denmark     (CC module)
  Renzo Cimiraglia,         University of Ferrara,        Italy       (NEVPT2)
  Sonia Coriani,            Technical Univ. of Denmark,   Denmark     (CC module, MCD in RESPONS)
  Janusz Cukras,            University of Trieste,        Italy       (MChD in RESPONS)
  Paal Dahle,               University of Oslo,           Norway      (Parallelization)
  Erik K. Dalskov,          UNI-C,                        Denmark     (SOPPA)
  Thomas Enevoldsen,        Univ. of Southern Denmark,    Denmark     (SOPPA)
  Janus J. Eriksen,         Aarhus University,            Denmark     (Polarizable embedding model, TDA)
  Rasmus Faber,             University of Copenhagen,     Denmark     (Vib.avg. NMR with SOPPA, parallel AO-SOPPA)
  Tobias Fahleson,          KTH Stockholm,                Sweden      (Damped cubic response)
  Berta Fernandez,          U. of Santiago de Compostela, Spain       (doublet spin, ESR in RESPONS)
  Lara Ferrighi,            Aarhus University,            Denmark     (PCM Cubic response)
  Heike Fliegl,             University of Oslo,           Norway      (CCSD(R12))
  Luca Frediani,            UiT The Arctic U. of Norway,  Norway      (PCM)
  Bin Gao,                  UiT The Arctic U. of Norway,  Norway      (Gen1Int library)
  Christof Haettig,         Ruhr-University Bochum,       Germany     (CC module)
  Kasper Hald,              Aarhus University,            Denmark     (CC module)
  Asger Halkier,            Aarhus University,            Denmark     (CC module)
  Frederik Beyer Hansen,    University of Copenhagen,     Denmark     (Parallel AO-SOPPA)
  Erik D. Hedegaard,        Univ. of Southern Denmark,    Denmark     (Polarizable embedding model, QM/MM)
  Hanne Heiberg,            University of Oslo,           Norway      (geometry analysis, selected one-electron integrals)
  Trygve Helgaker,          University of Oslo,           Norway      (DALTON; ABACUS, ERI, DFT modules, London, and much more)
  Alf Christian Hennum,     University of Oslo,           Norway      (Parity violation)
  Hinne Hettema,            University of Auckland,       New Zealand (quadratic response in RESPONS; SIRIUS supersymmetry)
  Eirik Hjertenaes,         NTNU,                         Norway      (Cholesky decomposition)
  Pi A. B. Haase,           University of Copenhagen,     Denmark     (Triplet AO-SOPPA)
  Maria Francesca Iozzi,    University of Oslo,           Norway      (RPA)
  Christoph Jacob           TU Braunschweig               Germany     (Frozen density embedding model)
  Brano Jansik              Technical Univ. of Ostrava    Czech Rep.  (DFT cubic response)
  Hans Joergen Aa. Jensen,  Univ. of Southern Denmark,    Denmark     (DALTON; SIRIUS, RESPONS, ABACUS modules, London, and much more)
  Dan Jonsson,              UiT The Arctic U. of Norway,  Norway      (cubic response in RESPONS module)
  Poul Joergensen,          Aarhus University,            Denmark     (RESPONS, ABACUS, and CC modules)
  Maciej Kaminski,          University of Warsaw,         Poland      (CPPh in RESPONS)
  Joanna Kauczor,           Linkoeping University,        Sweden      (Complex polarization propagator (CPP) module)
  Sheela Kirpekar,          Univ. of Southern Denmark,    Denmark     (Mass-velocity & Darwin integrals)
  Wim Klopper,              KIT Karlsruhe,                Germany     (R12 code in CC, SIRIUS, and ABACUS modules)
  Stefan Knecht,            ETH Zurich,                   Switzerland (Parallel CI and MCSCF)
  Rika Kobayashi,           Australian National Univ.,    Australia   (DIIS in CC, London in MCSCF)
  Henrik Koch,              NTNU,                         Norway      (CC module, Cholesky decomposition)
  Jacob Kongsted,           Univ. of Southern Denmark,    Denmark     (Polarizable embedding model, QM/MM)
  Andrea Ligabue,           University of Modena,         Italy       (CTOCD, AOSOPPA)
  Nanna H. List             Univ. of Southern Denmark,    Denmark     (Polarizable embedding model)
  Ola B. Lutnaes,           University of Oslo,           Norway      (DFT Hessian)
  Juan I. Melo,             University of Buenos Aires,   Argentina   (LRESC, Relativistic Effects on NMR Shieldings)
  Kurt V. Mikkelsen,        University of Copenhagen,     Denmark     (MC-SCRF and QM/MM)
  Rolf H. Myhre,            NTNU,                         Norway      (Subsystems and CC3)
  Christian Neiss,          Univ. Erlangen-Nuernberg,     Germany     (CCSD(R12))
  Christian B. Nielsen,     University of Copenhagen,     Denmark     (QM/MM)
  Patrick Norman,           KTH Stockholm,                Sweden      (Cubic response and complex frequency response in RESPONS)
  Jeppe Olsen,              Aarhus University,            Denmark     (SIRIUS CI/density modules)
  Jogvan Magnus H. Olsen,   Univ. of Southern Denmark,    Denmark     (Polarizable embedding model, QM/MM)
  Anders Osted,             Copenhagen University,        Denmark     (QM/MM)
  Martin J. Packer,         University of Sheffield,      UK          (SOPPA)
  Filip Pawlowski,          Kazimierz Wielki University,  Poland      (CC3)
  Morten N. Pedersen,       Univ. of Southern Denmark,    Denmark     (Polarizable embedding model)
  Thomas B. Pedersen,       University of Oslo,           Norway      (Cholesky decomposition)
  Patricio F. Provasi,      University of Northeastern,   Argentina   (Analysis of coupling constants in localized orbitals)
  Zilvinas Rinkevicius,     KTH Stockholm,                Sweden      (open-shell DFT, ESR)
  Elias Rudberg,            KTH Stockholm,                Sweden      (DFT grid and basis info)
  Torgeir A. Ruden,         University of Oslo,           Norway      (Numerical derivatives in ABACUS)
  Kenneth Ruud,             UiT The Arctic U. of Norway,  Norway      (DALTON; ABACUS magnetic properties and much more)
  Pawel Salek,              KTH Stockholm,                Sweden      (DALTON; DFT code)
  Claire C. M. Samson       University of Karlsruhe       Germany     (Boys localization, r12 integrals in ERI)
  Alfredo Sanchez de Meras, University of Valencia,       Spain       (CC module, Cholesky decomposition)
  Trond Saue,               Paul Sabatier University,     France      (direct Fock matrix construction)
  Stephan P. A. Sauer,      University of Copenhagen,     Denmark     (SOPPA(CCSD), SOPPA prop., AOSOPPA, vibrational g-factors)
  Andre S. P. Gomes,        CNRS/Universite de Lille,     France      (Frozen density embedding model)
  Bernd Schimmelpfennig,    Forschungszentrum Karlsruhe,  Germany     (AMFI module)
  Kristian Sneskov,         Aarhus University,            Denmark     (Polarizable embedding model, QM/MM)
  Arnfinn H. Steindal,      UiT The Arctic U. of Norway,  Norway      (parallel QM/MM, Polarizable embedding model)
  Casper Steinmann,         Univ. of Southern Denmark,    Denmark     (QFIT, Polarizable embedding model)
  K. O. Sylvester-Hvid,     University of Copenhagen,     Denmark     (MC-SCRF)
  Peter R. Taylor,          VLSCI/Univ. of Melbourne,     Australia   (Symmetry handling ABACUS, integral transformation)
  Andrew M. Teale,          University of Nottingham,     England     (DFT-AC, DFT-D)
  David P. Tew,             University of Bristol,        England     (CCSD(R12))
  Olav Vahtras,             KTH Stockholm,                Sweden      (triplet response, spin-orbit, ESR, TDDFT, open-shell DFT)
  Lucas Visscher,           Vrije Universiteit Amsterdam, Netherlands (Frozen density embedding model)
  David J. Wilson,          La Trobe University,          Australia   (DFT Hessian and DFT magnetizabilities)
  Hans Agren,               KTH Stockholm,                Sweden      (SIRIUS module, RESPONS, MC-SCRF solvation model)
 --------------------------------------------------------------------------------

     Date and time (Linux)  : Wed Feb 27 18:04:00 2019
     Host name              : fe1.deic.sdu.dk                         

 * Work memory size             :   320000000 =  2.384 gigabytes.

 * Directories for basis set searches:
   1) /work/sdujk/kjellgren/test_wpbeh
   2) /gpfs/gss1/work/sdujk/kjellgren/programs/dalton/srdft_dalton_kjellgren/basis


Compilation information
-----------------------

 Who compiled             | kjellgren
 Host                     | fe1.deic.sdu.dk
 System                   | Linux-3.10.0-327.36.3.el7.x86_64
 CMake generator          | Unix Makefiles
 Processor                | x86_64
 64-bit integers          | OFF
 MPI                      | ON
 Fortran compiler         | /opt/sys/apps/intel/2018.05/impi_latest/intel64/bi
                          | n/mpiifort
 Fortran compiler version | unknown
 C compiler               | /opt/sys/apps/intel/2018.05/impi_latest/intel64/bi
                          | n/mpiicc
 C compiler version       | unknown
 C++ compiler             | /opt/sys/apps/intel/2018.05/impi_latest/intel64/bi
                          | n/mpiicpc
 C++ compiler version     | unknown
 Static linking           | OFF
 Last Git revision        | 5c237691ac40cdeed68c66718e1a7ab723d55304
 Git branch               | srdft-kjellgren
 Configuration time       | 2019-02-27 17:56:44.096287

 * Sequential calculation.


   Content of the .dal input file
 ----------------------------------

*DALTON INPUT
.RUN RESPONSE
**INTEGRALS
*TWOINT
.DOSRINTEGRALS
.ERF
 0.2
**WAVE FUNCTIONS
.HFSRDFT
.SRFUN
 LRCWPBE CPBE_NOMU
.HFXFAC
 0.2
**RESPONSE
.MAXRM
 2000
*LINEAR
.SINGLE RESIDUE
.ROOTS
 3
**END OF DALTON INPUT


   Content of the .mol file
 ----------------------------

BASIS
MINI(Scaled)
 10.1021/acs.jctc.8b00406
 CC3/aug-cc-pVTZ geometry
Atomtypes=2 Angstrom nosymmetry
Charge=3.0 Atoms=1
Li 0.00000000 0.00000000 0.00000000
Charge=1.0 Atoms=1
H 1.4000000 0.00000000 0.00000000


       *******************************************************************
       *********** Output from DALTON general input processing ***********
       *******************************************************************

 --------------------------------------------------------------------------------
   Overall default print level:    0
   Print level for DALTON.STAT:    1

    HERMIT 1- and 2-electron integral sections will be executed
    "Old" integral transformation used (limited to max 255 basis functions)
    Wave function sections will be executed (SIRIUS module)
    Dynamic molecular response properties section will be executed (RESPONSE module)
 --------------------------------------------------------------------------------


   ****************************************************************************
   *************** Output of molecule and basis set information ***************
   ****************************************************************************


    The two title cards from your ".mol" input:
    ------------------------------------------------------------------------
 1:  10.1021/acs.jctc.8b00406                                               
 2:  CC3/aug-cc-pVTZ geometry                                               
    ------------------------------------------------------------------------

  Coordinates are entered in Angstrom and converted to atomic units.
          - Conversion factor : 1 bohr = 0.52917721 A

  Atomic type no.    1
  --------------------
  Nuclear charge:   3.00000
  Number of symmetry independent centers:    1
  Number of basis sets to read;    2
  Basis set file used for this atomic type with Z =   3 :
     "/gpfs/gss1/work/sdujk/kjellgren/programs/dalton/srdft_dalton_kjellgren/basis/MINI(Scaled)"

  Atomic type no.    2
  --------------------
  Nuclear charge:   1.00000
  Number of symmetry independent centers:    1
  Number of basis sets to read;    2
  Basis set file used for this atomic type with Z =   1 :
     "/gpfs/gss1/work/sdujk/kjellgren/programs/dalton/srdft_dalton_kjellgren/basis/MINI(Scaled)"


                         SYMGRP: Point group information
                         -------------------------------

@    Point group: C1 


                                 Isotopic Masses
                                 ---------------

                           Li          7.016005
                           H           1.007825

                       Total mass:     8.023830 amu
                       Natural abundance:  92.486 %

 Center-of-mass coordinates (a.u.):    0.332300    0.000000    0.000000
 Center-of-mass coordinates (Angs):    0.175846    0.000000    0.000000


  Atoms and basis sets
  --------------------

  Number of atom types :    2
  Total number of atoms:    2

  Basis set used is "MINI(Scaled)" from the basis set library.

  label    atoms   charge   prim   cont     basis
  ----------------------------------------------------------------------
  Li          1    3.0000     6     2      [6s|2s]                                            
  H           1    1.0000     3     1      [3s|1s]                                            
  ----------------------------------------------------------------------
  total:      2    4.0000     9     3
  ----------------------------------------------------------------------

  Threshold for neglecting AO integrals:  1.00D-12


  Cartesian Coordinates (a.u.)
  ----------------------------

  Total number of coordinates:    6
  Li      :     1  x   0.0000000000    2  y   0.0000000000    3  z   0.0000000000
  H       :     4  x   2.6456165750    5  y   0.0000000000    6  z   0.0000000000


   Interatomic separations (in Angstrom):
   --------------------------------------

            Li          H     
            ------      ------
 Li    :    0.000000
 H     :    1.400000    0.000000


  Max    interatomic separation is    1.4000 Angstrom (    2.6456 Bohr)
  between atoms    2 and    1, "H     " and "Li    ".

  Min HX interatomic separation is    1.4000 Angstrom (    2.6456 Bohr)


  Bond distances (Angstrom):
  --------------------------

                  atom 1     atom 2       distance
                  ------     ------       --------
  bond distance:  H          Li           1.400000




 Principal moments of inertia (u*A**2) and principal axes
 --------------------------------------------------------

   IA       0.000000          1.000000    0.000000    0.000000
   IB       1.727227          0.000000    1.000000    0.000000
   IC       1.727227          0.000000    0.000000    1.000000


 Rotational constants
 --------------------

@    The molecule is linear.

               B =       292595.62 MHz     (    9.759939 cm-1)


@  Nuclear repulsion energy :    1.133951166000 Hartree


                     .---------------------------------------.
                     | Starting in Integral Section (HERMIT) |
                     `---------------------------------------'



 ***************************************************************************************
 ****************** Output from **INTEGRALS input processing (HERMIT) ******************
 ***************************************************************************************



    *************************************************************************
    ****************** Output from HERMIT input processing ******************
    *************************************************************************


 Default print level:        1

 Calculation of one- and two-electron Hamiltonian integrals.

 Center of mass  (bohr):      0.332299977030      0.000000000000      0.000000000000
 Operator center (bohr):      0.000000000000      0.000000000000      0.000000000000
 Gauge origin    (bohr):      0.000000000000      0.000000000000      0.000000000000
 Dipole origin   (bohr):      0.000000000000      0.000000000000      0.000000000000


  Set-up from HR2INP:
  -------------------

 Print level in TWOINT:    1

 DFT-hybrid : Using a Erf type two-elec. operator
              with the coupling parameter :    0.20000


     ************************************************************************
     ************************** Output from HERINT **************************
     ************************************************************************



                      Nuclear contribution to dipole moments
                      --------------------------------------

                 au               Debye          C m (/(10**-30)

      x      2.64561657         6.72448616        22.43047142
      y      0.00000000         0.00000000         0.00000000
      z      0.00000000         0.00000000         0.00000000



 Threshold for neglecting two-electron integrals:  1.00D-12
 HERMIT - Number of two-electron integrals written:          21 (100.0% )
 HERMIT - Megabytes written:                              0.007


 Threshold for neglecting two-electron integrals:  1.00D-12
 HERMIT - Number of two-electron integrals written:          21 (100.0% )
 HERMIT - Megabytes written:                              0.007

  Total CPU  time used in HERMIT:   0.00 seconds
  Total wall time used in HERMIT:   0.01 seconds


                        .----------------------------------.
                        | End of Integral Section (HERMIT) |
                        `----------------------------------'



                   .--------------------------------------------.
                   | Starting in Wave Function Section (SIRIUS) |
                   `--------------------------------------------'


 *** Output from Huckel module :

     Using EWMO model:          T
     Using EHT  model:          F
     Number of Huckel orbitals each symmetry:    6

 EWMO - Energy Weighted Maximum Overlap - is a Huckel type method,
        which normally is better than Extended Huckel Theory.
 Reference: Linderberg and Ohrn, Propagators in Quantum Chemistry (Wiley, 1973)

 Huckel EWMO eigenvalues for symmetry :  1
           -2.489154      -0.580779      -0.166982      -0.130000      -0.130000
           -0.067085

HUCDRV: reduced number of huckel orbitals in sym 1 from 6 to 3

 **********************************************************************
 *SIRIUS* a direct, restricted step, second order MCSCF program       *
 **********************************************************************

 
     Date and time (Linux)  : Wed Feb 27 18:04:00 2019
     Host name              : fe1.deic.sdu.dk                         

 Title lines from ".mol" input file:
      10.1021/acs.jctc.8b00406                                               
      CC3/aug-cc-pVTZ geometry                                               

 Print level on unit LUPRI =   2 is   0
 Print level on unit LUW4  =   2 is   5

@    Restricted, closed shell HF-srDFT hybrid calculation.

@    Time-dependent HF-srDFT calculation (response properties).

 Initial molecular orbitals are obtained according to
 ".MOSTART EWMO  " input option

     Wave function specification
     ============================
@    Wave function type        --- HF-srDFT ---
@    Number of closed shell electrons           4
@    Number of electrons in active shells       0
@    Total charge of the molecule               0

@    Spin multiplicity and 2 M_S                1         0
@    Total number of symmetries                 1 (point group: C1 )
@    Reference state symmetry                   1 (irrep name : A  )

@    This is a lrWFT-srDFT calculation using the 
@      LRCWPBE    short range exchange functional
@      CPBE_NOMU  short range correlation functional

@    sr-DFT and exact sr-HF exchange weights:    0.800000    0.200000

     Orbital specifications
     ======================
@    Abelian symmetry species          All |    1
@                                          |  A  
                                       --- |  ---
@    Occupied SCF orbitals               2 |    2
@    Secondary orbitals                  1 |    1
@    Total number of orbitals            3 |    3
@    Number of basis functions           3 |    3

     Optimization information
     ========================
@    Number of configurations                 1
@    Number of orbital rotations              2
     ------------------------------------------
@    Total number of variables                3

     Maximum number of Fock   iterations      0
     Maximum number of DIIS   iterations     60
     Maximum number of QC-SCF iterations     60
     Threshold for SCF convergence     1.00D-05


 ***********************************************
 ***** DIIS acceleration of SCF iterations *****
 ***********************************************

 C1-DIIS algorithm; max error vectors =    2

 Iter      Total energy        Error norm    Delta(E)  DIIS dim.
 -----------------------------------------------------------------------------
** Atom Li  
* Grid spacing
 Value chosen:  0.142
 AH =    70.0923000000000     
 RADERR =   1.000000000000000E-013
* Inner grid point: 1.04444E-05
* Outer point:
 Value chosen:    22.009
 Constant c: 6.84776E-05
 Number of points:    89
Li    1   18070      89     434
** Atom H   
* Grid spacing
 Value chosen:  0.142
 AH =    14.0681260000000     
 RADERR =   1.000000000000000E-013
* Inner grid point: 2.33132E-05
* Outer point:
 Value chosen:     8.165
 Constant c: 1.52850E-04
 Number of points:    77
H     1   18274      77     434

   Number of grid points in quadrature:     36344 (100.0%)


   Ex-sr + Ec-sr                         -1.5790379156
 + EJKsr = sr Coulomb + exchange          4.0691088786
 = Total E(srDFT)                         2.4900709629

@  1    -7.86664650175        4.97393D-01   -7.87D+00    1
      Virial theorem: -V/T =      1.919711
@    MULPOP   Li      0.65; H      -0.65; 
   1  Level shift: doubly occupied orbital energies shifted by -2.00D-01
 -----------------------------------------------------------------------------

   Ex-sr + Ec-sr                         -1.4652432770
 + EJKsr = sr Coulomb + exchange          3.7716732538
 = Total E(srDFT)                         2.3064299768

@  2    -7.93887886356        4.76003D-02   -7.22D-02    2
      Virial theorem: -V/T =      1.964997
@    MULPOP   Li      0.16; H      -0.16; 
   2  Level shift: doubly occupied orbital energies shifted by -5.00D-02
 -----------------------------------------------------------------------------

   Ex-sr + Ec-sr                         -1.4572947527
 + EJKsr = sr Coulomb + exchange          3.7513503128
 = Total E(srDFT)                         2.2940555601

@  3    -7.93936897836        6.46043D-03   -4.90D-04    2
      Virial theorem: -V/T =      1.967673
@    MULPOP   Li      0.12; H      -0.12; 
   3  Level shift: doubly occupied orbital energies shifted by -1.25D-02
 -----------------------------------------------------------------------------

   Ex-sr + Ec-sr                         -1.4561302319
 + EJKsr = sr Coulomb + exchange          3.7483863200
 = Total E(srDFT)                         2.2922560881

@  4    -7.93937803131        2.16077D-04   -9.05D-06    2
      Virial theorem: -V/T =      1.968049
@    MULPOP   Li      0.12; H      -0.12; 
 -----------------------------------------------------------------------------

   Ex-sr + Ec-sr                         -1.4560940013
 + EJKsr = sr Coulomb + exchange          3.7482945753
 = Total E(srDFT)                         2.2922005740

@  5    -7.93937804074        5.47185D-06   -9.43D-09    2

@ *** DIIS converged in   5 iterations !
@     Converged SCF energy, gradient:     -7.939378040744    5.47D-06
    - total time used in SIRFCK :              0.00 seconds


 *** SCF orbital energy analysis ***

 Number of electrons :    4
 Orbital occupations :    2

 Sym       Hartree-Fock orbital energies

1 A      -2.03107795    -0.27602144     0.12211761

    E(LUMO) :     0.12211761 au (symmetry 1)
  - E(HOMO) :    -0.27602144 au (symmetry 1)
  ------------------------------------------
    gap     :     0.39813905 au

 --- Writing SIRIFC interface file

 CPU and wall time for SCF :       0.436       0.437


                       .-----------------------------------.
                       | --- Final results from SIRIUS --- |
                       `-----------------------------------'


@    Spin multiplicity:           1
@    Spatial symmetry:            1 ( irrep  A   in C1  )
@    Total charge of molecule:    0

@    Final HF-SRDFT energy:        -7.939378040744
@    Nuclear repulsion:             1.133951166000
@    Electronic energy:            -9.073329206744

@    Final gradient norm:           0.000005471849

 
     Date and time (Linux)  : Wed Feb 27 18:04:01 2019
     Host name              : fe1.deic.sdu.dk                         

File label for MO orbitals:  27Feb19   FOCKDIIS

 (Only coefficients > 0.0100 are printed.)

 Molecular orbitals for symmetry species 1  (A  )
 ------------------------------------------------

    Orbital         1        2        3
   1 Li  :1s    -0.9913  -0.1966  -0.0920
   2 Li  :1s    -0.0399   0.5539   0.9578
   3 H   :1s    -0.0110   0.6490  -0.8840

  Total CPU  time used in SIRIUS :   0.44 seconds
  Total wall time used in SIRIUS :   0.45 seconds

 
     Date and time (Linux)  : Wed Feb 27 18:04:01 2019
     Host name              : fe1.deic.sdu.dk                         


                     .---------------------------------------.
                     | End of Wave Function Section (SIRIUS) |
                     `---------------------------------------'



                 .------------------------------------------------.
                 | Starting in Dynamic Property Section (RESPONS) |
                 `------------------------------------------------'


 ----------------------------------------------------------------------------------------
  RESPONSE  -  an MCSCF, MC-srDFT, DFT, SOPPA and SOPPA-srDFT response property program
 ----------------------------------------------------------------------------------------

srDFT INFO: DIRFCK reset because it must be true in **RESPONS


 -------- OUTPUT FROM RESPONSE INPUT PROCESSING --------




 CHANGES OF DEFAULTS FOR RSPINP:
 -------------------------------


 AO-direct Fock matrix calculations.

 Default : Using Fock type decoupling of the two-electron density matrix :
    Add DV*(FC+FV) instead of DV*FC to E[2] approximate orbital diagonal


 Max dimension of reduced space. MAXRM =  2000


  Linear Response single residue calculation
 -------------------------------------------


    2 input options by user.

 Print level                                    : IPRPP  =   2
 Maximum number of iterations for eigenval.eqs. : MAXITP =  60
 Threshold for convergence of eigenvalue eqs.   : THCPP  = 1.000D-03
 Maximum iterations in optimal orbital algorithm: MAXITO =   5

      3 Excitation energies are calculated for symmetry no.    1


   SCF energy         :       -7.939378040743823
 -- inactive part     :       -9.073329206743823
 -- nuclear repulsion :        1.133951166000000


                      *************************************
                      *** HF-srDFT response calculation ***
                      *************************************

 ----------------------------------------------------------------
 ----- Linear response calculation
 ----- Symmetry of excitation/property operator(s)    1  ( A  )
 ----------------------------------------------------------------

 Number of excitations of this symmetry            3
 Number of response properties of this symmetry    0
 Number of C6/C8 properties of this symmetry       0


 Perturbation symmetry.     KSYMOP:           1
 Perturbation spin symmetry.TRPLET:           F
 Orbital variables.         KZWOPT:           2
 Configuration variables.   KZCONF:           0
 Total number of variables. KZVAR :           2

 ** RSPVAR ** Number of PP start vectors    3
   exceeds the maximum number of variables    2
   Number of start vectors reset to number of variables
 Electrons in DFTMOMO:    3.99968250329116



 --- EXCITATION ENERGIES AND TRANSITION MOMENT CALCULATION (MCTDHF) ---

 Operator symmetry = 1  ( A  ); triplet =   F


 ** RSPCTL MICROITERATION NUMBER    1

***  INFO  GETGAB: GABAOXXX not found on AOPROPER. Regenerating.

***  INFO  GETGAB: GABSRXXX not found on AOPROPER. Regenerating.

      Root  Residual tot.,    conf., and orb.    Bnorm      Eigenvalue
      ----------------------------------------------------------------
         1    3.95304D-16  0.00D+00  3.95D-16  7.50D-01    3.50033D-01
         2    5.37654D-16  0.00D+00  5.38D-16  7.07D-01    1.94166D+00

 *** THE REQUESTED    2 SOLUTION VECTORS CONVERGED

 Convergence of RSP solution vectors, threshold = 1.00D-03
 ---------------------------------------------------------------
 (dimension of paired reduced space:    4)
 RSP solution vector no.    1; norm of residual   5.27D-16
 RSP solution vector no.    2; norm of residual   7.60D-16

 *** RSPCTL MICROITERATIONS CONVERGED


 **************************************************************************************
 *** @ Excit. operator sym 1 & ref. state sym 1 => excited state symmetry 1  ( A  ) ***
 **************************************************************************************



 @ Excited state no:    1 in symmetry 1  ( A  ) - singlet excitation
 -------------------------------------------------------------------

@ Excitation energy :  0.35003343     au
@                       9.5248942     eV;   76823.458     cm-1;   919.01263     kJ / mol

@ Total energy :       -7.5893446     au

 Eigenvector for state no.  1

     Response orbital operator symmetry = 1
     (only scaled elements abs greater than   10.00 % of max abs value)

      Index(r,s)      r      s        (r s) operator      (s r) operator      (r s) scaled        (s r) scaled
      ----------    -----  -----      --------------      --------------      --------------      --------------
           2         2(1)   3(1)        0.7286976341        0.1761101039        1.0305340770        0.2490572974

        1 elements with absolute value â‰¤ 1.03D-01 not printed.

 The numbers in parenthesis give the orbital symmetry.

     Configuration operator symmetry = 1
     >> NO ELEMENTS <<


                              MO Overlap Diagnostic
                              ---------------------

 

Delta_R Diagnostic (Aa):     0.6561
 


                            PBHT MO Overlap Diagnostic
                            --------------------------


  The dominant contributions:

      I    A    K_IA      K_AI   <|I|*|A|> <I^2*A^2>    Weight   Contrib


@ Overlap diagnostic LAMBDA =    0.8745

@ Reference: MJG Peach, P Benfield, T Helgaker, and DJ Tozer.
@            J Chem Phys 128, 044118 (2008)



 @ Excited state no:    2 in symmetry 1  ( A  ) - singlet excitation
 -------------------------------------------------------------------

@ Excitation energy :   1.9416598     au
@                       52.835251     eV;   426145.06     cm-1;   5097.8270     kJ / mol

@ Total energy :       -5.9977182     au

 Eigenvector for state no.  2

     Response orbital operator symmetry = 1
     (only scaled elements abs greater than   10.00 % of max abs value)

      Index(r,s)      r      s        (r s) operator      (s r) operator      (r s) scaled        (s r) scaled
      ----------    -----  -----      --------------      --------------      --------------      --------------
           1         1(1)   3(1)       -0.7070979895       -0.0014469170       -0.9999875667       -0.0020462496

        1 elements with absolute value â‰¤ 1.00D-01 not printed.

 The numbers in parenthesis give the orbital symmetry.

     Configuration operator symmetry = 1
     >> NO ELEMENTS <<


                              MO Overlap Diagnostic
                              ---------------------

 

Delta_R Diagnostic (Aa):     0.2750
 


                            PBHT MO Overlap Diagnostic
                            --------------------------


  The dominant contributions:

      I    A    K_IA      K_AI   <|I|*|A|> <I^2*A^2>    Weight   Contrib


@ Overlap diagnostic LAMBDA =    0.1593

@ Reference: MJG Peach, P Benfield, T Helgaker, and DJ Tozer.
@            J Chem Phys 128, 044118 (2008)



 Time used in polarization propagator calculation is      0.28 CPU seconds for symmetry 1

  Total CPU  time used in RESPONSE:   0.28 seconds
  Total wall time used in RESPONSE:   0.28 seconds


                   .-------------------------------------------.
                   | End of Dynamic Property Section (RESPONS) |
                   `-------------------------------------------'

  Total CPU  time used in DALTON:   0.74 seconds
  Total wall time used in DALTON:   0.75 seconds

 
     Date and time (Linux)  : Wed Feb 27 18:04:01 2019
     Host name              : fe1.deic.sdu.dk                         
