

     ************************************************************************
     *************** Dalton - An Electronic Structure Program ***************
     ************************************************************************

    This is output from DALTON 2016.alpha
   ----------------------------------------------------------------------------
    NOTE:
     
    Dalton is an experimental code for the evaluation of molecular
    properties using (MC)SCF, DFT, CI, and CC wave functions.
    The authors accept no responsibility for the performance of
    the code or for the correctness of the results.
     
    The code (in whole or part) is provided under a licence and
    is not to be reproduced for further distribution without
    the written permission of the authors or their representatives.
     
    See the home page "http://daltonprogram.org" for further information.
     
    If results obtained with this code are published,
    the appropriate citations would be both of:
     
       K. Aidas, C. Angeli, K. L. Bak, V. Bakken, R. Bast,
       L. Boman, O. Christiansen, R. Cimiraglia, S. Coriani,
       J. Cukras, P. Dahle, E. K. Dalskov, U. Ekstroem,
       T. Enevoldsen, J. J. Eriksen, P. Ettenhuber, B. Fernandez,
       L. Ferrighi, H. Fliegl, L. Frediani, K. Hald, A. Halkier,
       C. Haettig, H. Heiberg, T. Helgaker, A. C. Hennum,
       H. Hettema, E. Hjertenaes, S. Hoest, I.-M. Hoeyvik,
       M. F. Iozzi, B. Jansik, H. J. Aa. Jensen, D. Jonsson,
       P. Joergensen, M. Kaminski, J. Kauczor, S. Kirpekar,
       T. Kjaergaard, W. Klopper, S. Knecht, R. Kobayashi, H. Koch,
       J. Kongsted, A. Krapp, K. Kristensen, A. Ligabue,
       O. B. Lutnaes, J. I. Melo, K. V. Mikkelsen, R. H. Myhre,
       C. Neiss, C. B. Nielsen, P. Norman, J. Olsen,
       J. M. H. Olsen, A. Osted, M. J. Packer, F. Pawlowski,
       T. B. Pedersen, P. F. Provasi, S. Reine, Z. Rinkevicius,
       T. A. Ruden, K. Ruud, V. Rybkin, P. Salek, C. C. M. Samson,
       A. Sanchez de Meras, T. Saue, S. P. A. Sauer,
       B. Schimmelpfennig, K. Sneskov, A. H. Steindal,
       K. O. Sylvester-Hvid, P. R. Taylor, A. M. Teale,
       E. I. Tellgren, D. P. Tew, A. J. Thorvaldsen, L. Thoegersen,
       O. Vahtras, M. A. Watson, D. J. D. Wilson, M. Ziolkowski
       and H. Agren,
       "The Dalton quantum chemistry program system",
       WIREs Comput. Mol. Sci. 2013. (doi: 10.1002/wcms.1172)
    
    and
    
       Dalton, a Molecular Electronic Structure Program,
       Release Dalton2016.alpha (2015), see http://daltonprogram.org
   ----------------------------------------------------------------------------

    Authors in alphabetical order (major contribution(s) in parenthesis):

  Kestutis Aidas,           Vilnius University,           Lithuania   (QM/MM)
  Celestino Angeli,         University of Ferrara,        Italy       (NEVPT2)
  Keld L. Bak,              UNI-C,                        Denmark     (AOSOPPA, non-adiabatic coupling, magnetic properties)
  Vebjoern Bakken,          University of Oslo,           Norway      (DALTON; geometry optimizer, symmetry detection)
  Radovan Bast,             KTH Stockholm,                Sweden      (DALTON installation and execution frameworks)
  Pablo Baudin,             University of Valencia,       Spain       (Cholesky excitation energies)
  Linus Boman,              NTNU,                         Norway      (Cholesky decomposition and subsystems)
  Ove Christiansen,         Aarhus University,            Denmark     (CC module)
  Renzo Cimiraglia,         University of Ferrara,        Italy       (NEVPT2)
  Sonia Coriani,            University of Trieste,        Italy       (CC module, MCD in RESPONS)
  Janusz Cukras,            University of Trieste,        Italy       (MChD in RESPONS)
  Paal Dahle,               University of Oslo,           Norway      (Parallelization)
  Erik K. Dalskov,          UNI-C,                        Denmark     (SOPPA)
  Thomas Enevoldsen,        Univ. of Southern Denmark,    Denmark     (SOPPA)
  Janus J. Eriksen,         Aarhus University,            Denmark     (Polarizable embedding model, TDA)
  Berta Fernandez,          U. of Santiago de Compostela, Spain       (doublet spin, ESR in RESPONS)
  Lara Ferrighi,            Aarhus University,            Denmark     (PCM Cubic response)
  Heike Fliegl,             University of Oslo,           Norway      (CCSD(R12))
  Luca Frediani,            UiT The Arctic U. of Norway,  Norway      (PCM)
  Bin Gao,                  UiT The Arctic U. of Norway,  Norway      (Gen1Int library)
  Christof Haettig,         Ruhr-University Bochum,       Germany     (CC module)
  Kasper Hald,              Aarhus University,            Denmark     (CC module)
  Asger Halkier,            Aarhus University,            Denmark     (CC module)
  Erik D. Hedegaard,        Univ. of Southern Denmark,    Denmark     (Polarizable embedding model, QM/MM)
  Hanne Heiberg,            University of Oslo,           Norway      (geometry analysis, selected one-electron integrals)
  Trygve Helgaker,          University of Oslo,           Norway      (DALTON; ABACUS, ERI, DFT modules, London, and much more)
  Alf Christian Hennum,     University of Oslo,           Norway      (Parity violation)
  Hinne Hettema,            University of Auckland,       New Zealand (quadratic response in RESPONS; SIRIUS supersymmetry)
  Eirik Hjertenaes,         NTNU,                         Norway      (Cholesky decomposition)
  Maria Francesca Iozzi,    University of Oslo,           Norway      (RPA)
  Brano Jansik              Technical Univ. of Ostrava    Czech Rep.  (DFT cubic response)
  Hans Joergen Aa. Jensen,  Univ. of Southern Denmark,    Denmark     (DALTON; SIRIUS, RESPONS, ABACUS modules, London, and much more)
  Dan Jonsson,              UiT The Arctic U. of Norway,  Norway      (cubic response in RESPONS module)
  Poul Joergensen,          Aarhus University,            Denmark     (RESPONS, ABACUS, and CC modules)
  Maciej Kaminski,          University of Warsaw,         Poland      (CPPh in RESPONS)
  Joanna Kauczor,           Linkoeping University,        Sweden      (Complex polarization propagator (CPP) module)
  Sheela Kirpekar,          Univ. of Southern Denmark,    Denmark     (Mass-velocity & Darwin integrals)
  Wim Klopper,              KIT Karlsruhe,                Germany     (R12 code in CC, SIRIUS, and ABACUS modules)
  Stefan Knecht,            ETH Zurich,                   Switzerland (Parallel CI and MCSCF)
  Rika Kobayashi,           Australian National Univ.,    Australia   (DIIS in CC, London in MCSCF)
  Henrik Koch,              NTNU,                         Norway      (CC module, Cholesky decomposition)
  Jacob Kongsted,           Univ. of Southern Denmark,    Denmark     (Polarizable embedding model, QM/MM)
  Andrea Ligabue,           University of Modena,         Italy       (CTOCD, AOSOPPA)
  Nanna H. List             Univ. of Southern Denmark,    Denmark     (Polarizable embedding model)
  Ola B. Lutnaes,           University of Oslo,           Norway      (DFT Hessian)
  Juan I. Melo,             University of Buenos Aires,   Argentina   (LRESC, Relativistic Effects on NMR Shieldings)
  Kurt V. Mikkelsen,        University of Copenhagen,     Denmark     (MC-SCRF and QM/MM)
  Rolf H. Myhre,            NTNU,                         Norway      (Cholesky, subsystems and ECC2)
  Christian Neiss,          Univ. Erlangen-Nuernberg,     Germany     (CCSD(R12))
  Christian B. Nielsen,     University of Copenhagen,     Denmark     (QM/MM)
  Patrick Norman,           Linkoeping University,        Sweden      (Cubic response and complex response in RESPONS)
  Jeppe Olsen,              Aarhus University,            Denmark     (SIRIUS CI/density modules)
  Jogvan Magnus H. Olsen,   Univ. of Southern Denmark,    Denmark     (Polarizable embedding model, QM/MM)
  Anders Osted,             Copenhagen University,        Denmark     (QM/MM)
  Martin J. Packer,         University of Sheffield,      UK          (SOPPA)
  Filip Pawlowski,          Kazimierz Wielki University,  Poland      (CC3)
  Morten N. Pedersen,       Univ. of Southern Denmark,    Denmark     (Polarizable embedding model)
  Thomas B. Pedersen,       University of Oslo,           Norway      (Cholesky decomposition)
  Patricio F. Provasi,      University of Northeastern,   Argentina   (Analysis of coupling constants in localized orbitals)
  Zilvinas Rinkevicius,     KTH Stockholm,                Sweden      (open-shell DFT, ESR)
  Elias Rudberg,            KTH Stockholm,                Sweden      (DFT grid and basis info)
  Torgeir A. Ruden,         University of Oslo,           Norway      (Numerical derivatives in ABACUS)
  Kenneth Ruud,             UiT The Arctic U. of Norway,  Norway      (DALTON; ABACUS magnetic properties and much more)
  Pawel Salek,              KTH Stockholm,                Sweden      (DALTON; DFT code)
  Claire C. M. Samson       University of Karlsruhe       Germany     (Boys localization, r12 integrals in ERI)
  Alfredo Sanchez de Meras, University of Valencia,       Spain       (CC module, Cholesky decomposition)
  Trond Saue,               Paul Sabatier University,     France      (direct Fock matrix construction)
  Stephan P. A. Sauer,      University of Copenhagen,     Denmark     (SOPPA(CCSD), SOPPA prop., AOSOPPA, vibrational g-factors)
  Bernd Schimmelpfennig,    Forschungszentrum Karlsruhe,  Germany     (AMFI module)
  Kristian Sneskov,         Aarhus University,            Denmark     (Polarizable embedding model, QM/MM)
  Arnfinn H. Steindal,      UiT The Arctic U. of Norway,  Norway      (parallel QM/MM, Polarizable embedding model)
  Casper Steinmann,         Univ. of Southern Denmark,    Denmark     (QFIT, Polarizable embedding model)
  K. O. Sylvester-Hvid,     University of Copenhagen,     Denmark     (MC-SCRF)
  Peter R. Taylor,          VLSCI/Univ. of Melbourne,     Australia   (Symmetry handling ABACUS, integral transformation)
  Andrew M. Teale,          University of Nottingham,     England     (DFT-AC, DFT-D)
  David P. Tew,             University of Bristol,        England     (CCSD(R12))
  Olav Vahtras,             KTH Stockholm,                Sweden      (triplet response, spin-orbit, ESR, TDDFT, open-shell DFT)
  David J. Wilson,          La Trobe University,          Australia   (DFT Hessian and DFT magnetizabilities)
  Hans Agren,               KTH Stockholm,                Sweden      (SIRIUS module, RESPONS, MC-SCRF solvation model)
 --------------------------------------------------------------------------------

     Date and time (Linux)  : Mon Oct 12 14:07:54 2015
     Host name              : foeroyar                                

 * Work memory size             :    64000000 =  488.28 megabytes.

 * Directories for basis set searches:
   1) /home/magnus/Projects/dalton_devel/dalton/build/test/pehf_solvat
   2) /home/magnus/Projects/dalton_devel/dalton/build/basis


Compilation information
-----------------------

 Who compiled             | magnus
 Host                     | foeroyar
 System                   | Linux-4.1.6-201.fc22.x86_64
 CMake generator          | Unix Makefiles
 Processor                | x86_64
 64-bit integers          | OFF
 MPI                      | OFF
 Fortran compiler         | /usr/bin/gfortran
 Fortran compiler version | GNU Fortran (GCC) 5.1.1 20150618 (Red Hat 5.1.1-4)
 C compiler               | /usr/lib64/ccache/gcc
 C compiler version       | gcc (GCC) 5.1.1 20150618 (Red Hat 5.1.1-4)
 C++ compiler             | /usr/lib64/ccache/g++
 C++ compiler version     | g++ (GCC) 5.1.1 20150618 (Red Hat 5.1.1-4)
 BLAS                     | /lib64/libblas.so
 LAPACK                   | /lib64/liblapack.so
 Static linking           | OFF
 Last Git revision        | d1c270db496b20a5be5e473a23a9100ee6b8cb96
 Git branch               | pe/develop
 Configuration time       | 2015-10-12 14:06:40.447738


   Content of the .dal input file
 ----------------------------------

**DALTON                                          
.RUN WAVE FUNCTION                                
.PEQM                                             
*PEQM                                             
.VERBOSE                                          
.SOLVAT                                           
.FIXSOL                                           
.DIRECT                                           
**WAVE FUNCTIONS                                  
.HF                                               
**END OF                                          


   Content of the .mol file
 ----------------------------

BASIS                                                                          
STO-3G                                                                         
Formaldehyde                                                                   
------------------------                                                       
AtomTypes=3 NoSymmetry Angstrom                                                
Charge=6.0 Atoms=1                                                             
C           -1.588367    -.770650     .029109                                  
Charge=8.0 Atoms=1                                                             
O           -1.657083     .436069    -.009750                                  
Charge=1.0 Atoms=2                                                             
H           -.620668   -1.294822      .054251                                  
H           -2.508043   -1.382001     .040282                                  


       *******************************************************************
       *********** Output from DALTON general input processing ***********
       *******************************************************************

 --------------------------------------------------------------------------------
   Overall default print level:    0
   Print level for DALTON.STAT:    1

    HERMIT 1- and 2-electron integral sections will be executed
    "Old" integral transformation used (limited to max 255 basis functions)
    Wave function sections will be executed (SIRIUS module)
    Environment is modeled using polarizable embedding scheme (PE library)
 --------------------------------------------------------------------------------


   ****************************************************************************
   *************** Output of molecule and basis set information ***************
   ****************************************************************************


    The two title cards from your ".mol" input:
    ------------------------------------------------------------------------
 1: Formaldehyde                                                            
 2: ------------------------                                                
    ------------------------------------------------------------------------

  Coordinates are entered in Angstrom and converted to atomic units.
          - Conversion factor : 1 bohr = 0.52917721 A

  Atomic type no.    1
  --------------------
  Nuclear charge:   6.00000
  Number of symmetry independent centers:    1
  Number of basis sets to read;    2
  Basis set file used for this atomic type with Z =   6 :
     "/home/magnus/Projects/dalton_devel/dalton/build/basis/STO-3G"

  Atomic type no.    2
  --------------------
  Nuclear charge:   8.00000
  Number of symmetry independent centers:    1
  Number of basis sets to read;    2
  Basis set file used for this atomic type with Z =   8 :
     "/home/magnus/Projects/dalton_devel/dalton/build/basis/STO-3G"

  Atomic type no.    3
  --------------------
  Nuclear charge:   1.00000
  Number of symmetry independent centers:    2
  Number of basis sets to read;    2
  Basis set file used for this atomic type with Z =   1 :
     "/home/magnus/Projects/dalton_devel/dalton/build/basis/STO-3G"


                         SYMGRP: Point group information
                         -------------------------------

@    Point group: C1 


                                 Isotopic Masses
                                 ---------------

                           C          12.000000
                           O          15.994915
                           H           1.007825
                           H           1.007825

                       Total mass:    30.010565 amu
                       Natural abundance:  98.633 %

 Center-of-mass coordinates (a.u.):   -3.067740   -0.312997    0.018175


  Atoms and basis sets
  --------------------

  Number of atom types :    3
  Total number of atoms:    4

  Basis set used is "STO-3G" from the basis set library.

  label    atoms   charge   prim   cont     basis
  ----------------------------------------------------------------------
  C           1    6.0000    15     5      [6s3p|2s1p]                                        
  O           1    8.0000    15     5      [6s3p|2s1p]                                        
  H           2    1.0000     3     1      [3s|1s]                                            
  ----------------------------------------------------------------------
  total:      4   16.0000    36    12
  ----------------------------------------------------------------------

  Threshold for neglecting AO integrals:  1.00D-12


  Cartesian Coordinates (a.u.)
  ----------------------------

  Total number of coordinates:   12
  C       :     1  x  -3.0015786160    2  y  -1.4563174382    3  z   0.0550080378
  O       :     4  x  -3.1314330364    5  y   0.8240509816    6  z  -0.0184248297
  H       :     7  x  -1.1728925345    8  y  -2.4468589606    9  z   0.1025195320
  H       :    10  x  -4.7395143797   11  y  -2.6116033945   12  z   0.0761219478


   Interatomic separations (in Angstrom):
   --------------------------------------

            C           O           H           H     
            ------      ------      ------      ------
 C     :    0.000000
 O     :    1.209298    0.000000
 H     :    1.100831    2.018474    0.000000
 H     :    1.104391    2.007988    1.889439    0.000000


  Max    interatomic separation is    2.0185 Angstrom (    3.8144 Bohr)
  between atoms    3 and    2, "H     " and "O     ".

  Min HX interatomic separation is    1.1008 Angstrom (    2.0803 Bohr)

  Min YX interatomic separation is    1.2093 Angstrom (    2.2852 Bohr)


  Bond distances (Angstrom):
  --------------------------

                  atom 1     atom 2       distance
                  ------     ------       --------
  bond distance:  O          C            1.209298
  bond distance:  H          C            1.100831
  bond distance:  H          C            1.104391


  Bond angles (degrees):
  ----------------------

                  atom 1     atom 2     atom 3         angle
                  ------     ------     ------         -----
  bond angle:     O          C          H            121.724
  bond angle:     O          C          H            120.357
  bond angle:     H          C          H            117.919




 Principal moments of inertia (u*A**2) and principal axes
 --------------------------------------------------------

   IA       1.798871         -0.056827    0.997867   -0.032124
   IB      13.009178          0.998345    0.057081    0.007042
   IC      14.808049         -0.008861    0.031671    0.999459


 Rotational constants
 --------------------

@    The molecule is planar.

               A                   B                   C

         280942.3015          38847.8806          34128.6681 MHz
            9.371226            1.295826            1.138410 cm-1


@  Nuclear repulsion energy :   31.249215315972 Hartree

  Reading potential input file for polarizable embedding calculation

    .------------------------------------------------.
    | Information from polarizable embedding library |
    `------------------------------------------------´

      Number of classical sites:      6

      Multipole moments upto 2nd order.

      Dipole-dipole polarizabilities.

      Direct solver for induced moments will be used.

      Continuum solvation in H2O solvent.

      Number of surface points:     272

      Surface area (in Aa**2):     126.455


                     .---------------------------------------.
                     | Starting in Integral Section (HERMIT) |
                     `---------------------------------------'



 ***************************************************************************************
 ****************** Output from **INTEGRALS input processing (HERMIT) ******************
 ***************************************************************************************


 - Using defaults, no **INTEGRALS input found

 Default print level:        1

 * Nuclear model: Point charge

 Calculation of one- and two-electron Hamiltonian integrals.

 Center of mass  (bohr):     -3.067740315293     -0.312997395263      0.018174673399
 Operator center (bohr):      0.000000000000      0.000000000000      0.000000000000
 Gauge origin    (bohr):      0.000000000000      0.000000000000      0.000000000000
 Dipole origin   (bohr):      0.000000000000      0.000000000000      0.000000000000


     ************************************************************************
     ************************** Output from HERINT **************************
     ************************************************************************


 Threshold for neglecting two-electron integrals:  1.00D-12
 HERMIT - Number of two-electron integrals written:        2907 ( 94.4% )
 HERMIT - Megabytes written:                              0.034

 >>>> Total CPU  time used in HERMIT:   0.03 seconds
 >>>> Total wall time used in HERMIT:   0.03 seconds


                        .----------------------------------.
                        | End of Integral Section (HERMIT) |
                        `----------------------------------'



                   .--------------------------------------------.
                   | Starting in Wave Function Section (SIRIUS) |
                   `--------------------------------------------'


 *** Output from Huckel module :

     Using EWMO model:          T
     Using EHT  model:          F
     Number of Huckel orbitals each symmetry:   12

 EWMO - Energy Weighted Maximum Overlap - is a Huckel type method,
        which normally is better than Extended Huckel Theory.
 Reference: Linderberg and Ohrn, Propagators in Quantum Chemistry (Wiley, 1973)

 Huckel EWMO eigenvalues for symmetry :  1
          -20.684762     -11.351957      -1.632119      -1.046130      -0.813248
           -0.702067      -0.605910      -0.491826      -0.321033      -0.161573
           -0.131670      -0.108806

 **********************************************************************
 *SIRIUS* a direct, restricted step, second order MCSCF program       *
 **********************************************************************

 
     Date and time (Linux)  : Mon Oct 12 14:07:54 2015
     Host name              : foeroyar                                

 Title lines from ".mol" input file:
     Formaldehyde                                                            
     ------------------------                                                

 Print level on unit LUPRI =   2 is   0
 Print level on unit LUW4  =   2 is   5

@    Restricted, closed shell Hartree-Fock calculation.

 Initial molecular orbitals are obtained according to
 ".MOSTART EWMO  " input option

@    QM part is embedded in an environment :

@         Model: PE

     Wave function specification
     ============================

     Wave function environment is modeled using the
     polarizable embedding model (PE library).

@    Wave function type        >>> PE-HF <<<
@    Number of closed shell electrons          16
@    Number of electrons in active shells       0
@    Total charge of the molecule               0

@    Spin multiplicity and 2 M_S                1         0
@    Total number of symmetries                 1 (point group: C1 )
@    Reference state symmetry                   1 (irrep name : A  )

     Orbital specifications
     ======================
@    Abelian symmetry species          All |    1
@                                          |  A  
                                       --- |  ---
@    Occupied SCF orbitals               8 |    8
@    Secondary orbitals                  4 |    4
@    Total number of orbitals           12 |   12
@    Number of basis functions          12 |   12

     Optimization information
     ========================
@    Number of configurations                 1
@    Number of orbital rotations             32
     ------------------------------------------
@    Total number of variables               33

     Maximum number of Fock   iterations      0
     Maximum number of DIIS   iterations     60
     Maximum number of QC-SCF iterations     60
     Threshold for SCF convergence     1.00D-05


 ***********************************************
 ***** DIIS acceleration of SCF iterations *****
 ***********************************************

 C1-DIIS algorithm; max error vectors =    8

 Iter      Total energy     Embedding energy      Error norm     Delta(E)
 -----------------------------------------------------------------------------
     (Precalculated two-electron integrals are transformed to P-supermatrix elements.
      Threshold for discarding integrals :  1.00D-12 )

      Info from polarizable embedding library:
     ------------------------------------------

       Input density no.:   1

                        Total induced dipole moment
                       X              Y              Z
                 -0.44641496     0.52936940    -0.23099851

    Sum of induced charges:     -0.00166396

@  1  -112.187004384     -5.857867239431E-02    1.52354D+00   -1.12D+02
      Virial theorem: -V/T =      2.002881
@      MULPOP C       1.10; O      -0.82; H      -0.14; H      -0.14; 
   1  Level shift: doubly occupied orbital energies shifted by -2.00D-01
 -----------------------------------------------------------------------------

      Info from polarizable embedding library:
     ------------------------------------------

       Input density no.:   1

                        Total induced dipole moment
                       X              Y              Z
                 -0.24717113     0.38911645    -0.22505008

    Sum of induced charges:     -0.00143118

@  2  -112.371642009     -2.585044832153E-02    4.11936D-01   -1.85D-01
      Virial theorem: -V/T =      2.009521
@      MULPOP C      -0.11; O      -0.09; H       0.11; H       0.09; 
   2  Level shift: doubly occupied orbital energies shifted by -1.00D-01
 -----------------------------------------------------------------------------

      Info from polarizable embedding library:
     ------------------------------------------

       Input density no.:   1

                        Total induced dipole moment
                       X              Y              Z
                 -0.28057831     0.41864717    -0.22630802

    Sum of induced charges:     -0.00139869

@  3  -112.381659807     -3.065244005665E-02    6.11499D-02   -1.00D-02
      Virial theorem: -V/T =      2.008129
@      MULPOP C       0.08; O      -0.25; H       0.10; H       0.07; 
   3  Level shift: doubly occupied orbital energies shifted by -2.50D-02
 -----------------------------------------------------------------------------

      Info from polarizable embedding library:
     ------------------------------------------

       Input density no.:   1

                        Total induced dipole moment
                       X              Y              Z
                 -0.28010716     0.41904802    -0.22643830

    Sum of induced charges:     -0.00139450

@  4  -112.381953408     -3.073224993247E-02    1.13246D-02   -2.94D-04
      Virial theorem: -V/T =      2.007896
@      MULPOP C       0.08; O      -0.26; H       0.10; H       0.07; 
 -----------------------------------------------------------------------------

      Info from polarizable embedding library:
     ------------------------------------------

       Input density no.:   1

                        Total induced dipole moment
                       X              Y              Z
                 -0.27980175     0.41874147    -0.22649485

    Sum of induced charges:     -0.00139693

@  5  -112.381969395     -3.068117840037E-02    3.54567D-03   -1.60D-05
      Virial theorem: -V/T =      2.007893
@      MULPOP C       0.09; O      -0.26; H       0.10; H       0.07; 
 -----------------------------------------------------------------------------

      Info from polarizable embedding library:
     ------------------------------------------

       Input density no.:   1

                        Total induced dipole moment
                       X              Y              Z
                 -0.27958239     0.41852063    -0.22653825

    Sum of induced charges:     -0.00139801

@  6  -112.381972027     -3.064295653945E-02    5.15925D-04   -2.63D-06
      Virial theorem: -V/T =      2.007904
@      MULPOP C       0.09; O      -0.26; H       0.10; H       0.07; 
 -----------------------------------------------------------------------------

      Info from polarizable embedding library:
     ------------------------------------------

       Input density no.:   1

                        Total induced dipole moment
                       X              Y              Z
                 -0.27958850     0.41852322    -0.22655177

    Sum of induced charges:     -0.00139798

@  7  -112.381972082     -3.064338583093E-02    1.29853D-04   -5.50D-08
      Virial theorem: -V/T =      2.007905
@      MULPOP C       0.09; O      -0.26; H       0.10; H       0.07; 
 -----------------------------------------------------------------------------

      Info from polarizable embedding library:
     ------------------------------------------

       Input density no.:   1

                        Total induced dipole moment
                       X              Y              Z
                 -0.27958541     0.41851996    -0.22655866

    Sum of induced charges:     -0.00139800

@  8  -112.381972090     -3.064284841655E-02    6.85165D-05   -7.35D-09
      Virial theorem: -V/T =      2.007905
@      MULPOP C       0.09; O      -0.26; H       0.10; H       0.07; 
 -----------------------------------------------------------------------------

      Info from polarizable embedding library:
     ------------------------------------------

       Input density no.:   1

                        Total induced dipole moment
                       X              Y              Z
                 -0.27958668     0.41852118    -0.22656498

    Sum of induced charges:     -0.00139799

@  9  -112.381972093     -3.064311230307E-02    1.60591D-05   -2.88D-09
      Virial theorem: -V/T =      2.007905
@      MULPOP C       0.09; O      -0.26; H       0.10; H       0.07; 
 -----------------------------------------------------------------------------

      Info from polarizable embedding library:
     ------------------------------------------

       Input density no.:   1

                        Total induced dipole moment
                       X              Y              Z
                 -0.27958685     0.41852153    -0.22656635

    Sum of induced charges:     -0.00139798

@ 10  -112.381972093     -3.064318913683E-02    3.44988D-06   -1.33D-10

@ *** DIIS converged in  10 iterations !
@     Converged SCF energy, gradient:   -112.381972092772    3.45D-06
    - total time used in SIRFCK :              0.00 seconds


 *** SCF orbital energy analysis ***
   (incl. contribution from polarizable embedding potential)

 Number of electrons :   16
 Orbital occupations :    8

 Sym       Hartree-Fock orbital energies

1 A     -20.30432083   -11.13508439    -1.35525888    -0.80701347    -0.64510442
         -0.56241535    -0.45939270    -0.36550200     0.27579349     0.62771862
          0.74663948     0.91366572

    E(LUMO) :     0.27579349 au (symmetry 1)
  - E(HOMO) :    -0.36550200 au (symmetry 1)
  ------------------------------------------
    gap     :     0.64129550 au

    .--------------------------------------------------.
    | Final results from polarizable embedding library |
    `--------------------------------------------------´

        Polarizable embedding energy contributions:
       ---------------------------------------------

       Electrostatic contributions:
            Electronic                -0.209463049774
            Nuclear                    0.196501001970
            Multipole                  0.000000000000
            Total                     -0.012962047804

       Polarization contributions:
            Electronic                -0.061065337505
            Nuclear                    0.058836306035
            Multipole                 -0.005294316346
            Total                     -0.007523347816

       Continuum solvation contributions:
            Electronic                -0.027804613182
            Nuclear                    0.025606771122
            Multipole                 -0.007959951456
            Total                     -0.010157793516

       Total PE energy:            -0.030643189137

               Polarizable embedding information:
              ------------------------------------

                       Induced dipole moments
       site          X              Y              Z
          1    -0.12059412     0.14603632    -0.06546142
          2    -0.12236807     0.00049233    -0.00826846
          3    -0.01861589     0.00759892    -0.03411974
          4     0.02124007     0.07676415    -0.06203970
          5    -0.00523851     0.16683268    -0.00569434
          6    -0.03401033     0.02079713    -0.05098269

                      Total induced dipole moment
                     X              Y              Z
               -0.27958685     0.41852153    -0.22656635


 >>> Writing SIRIFC interface file

 >>>> CPU and wall time for SCF :       1.793       1.793


                       .-----------------------------------.
                       | >>> Final results from SIRIUS <<< |
                       `-----------------------------------'


@    Spin multiplicity:           1
@    Spatial symmetry:            1 ( irrep  A   in C1  )
@    Total charge of molecule:    0

@    Final HF energy:            -112.381972092772                 
@    Nuclear repulsion:            31.249215315972
@    Electronic energy:          -143.600544219607
@    Embedding energy:             -0.030643189137

@    Final gradient norm:           0.000003449881

 
     Date and time (Linux)  : Mon Oct 12 14:07:56 2015
     Host name              : foeroyar                                

File label for MO orbitals:  12Oct15   FOCKDIIS

 (Only coefficients >0.0100 are printed.)

 Molecular orbitals for symmetry species 1  (A  )
 ------------------------------------------------

    Orbital         1        2        3        4        5        6        7
   1 C   :1s    -0.0005  -0.9926  -0.1220   0.1891  -0.0042  -0.0208  -0.0000
   2 C   :1s     0.0074  -0.0329   0.2734  -0.5918   0.0167   0.0582   0.0005
   3 C   :2px   -0.0004   0.0001  -0.0078  -0.0039   0.5324   0.0006   0.0023
   4 C   :2py    0.0064  -0.0009   0.1581   0.2037   0.0042   0.4581  -0.0156
   5 C   :2pz   -0.0002   0.0000  -0.0057  -0.0052   0.0028  -0.0118  -0.5859
   6 O   :1s    -0.9942  -0.0001  -0.2206  -0.1027   0.0010   0.0853   0.0010
   7 O   :1s    -0.0262   0.0059   0.7725   0.4532   0.0004  -0.4620  -0.0047
   8 O   :2px   -0.0004   0.0001   0.0201   0.0075   0.4693   0.0277   0.0086
   9 O   :2py    0.0057  -0.0017  -0.1624   0.2047   0.0457  -0.6751  -0.0258
  10 O   :2pz   -0.0002   0.0001   0.0040  -0.0076   0.0002   0.0271  -0.6950
  11 H   :1s    -0.0002   0.0064   0.0296  -0.2442   0.2845  -0.1485  -0.0037
  12 H   :1s    -0.0003   0.0065   0.0302  -0.2581  -0.2714  -0.1884   0.0009

    Orbital         8        9       10       11       12
   1 C   :1s    -0.0002  -0.0000   0.2011   0.0135   0.1060
   2 C   :1s     0.0028  -0.0006  -1.2616  -0.0901  -0.7166
   3 C   :2px    0.2172  -0.0076   0.0374  -1.1484   0.1093
   4 C   :2py   -0.0024   0.0265   0.4832  -0.0773  -1.1485
   5 C   :2pz   -0.0023   0.8383  -0.0158  -0.0081   0.0367
   6 O   :1s    -0.0054   0.0002  -0.0225  -0.0050  -0.1188
   7 O   :1s     0.0250  -0.0009   0.1228   0.0357   0.8891
   8 O   :2px   -0.8579   0.0050  -0.0070   0.3119   0.0420
   9 O   :2py   -0.0285  -0.0257  -0.1941  -0.0282  -0.9332
  10 O   :2pz   -0.0083  -0.7501   0.0065   0.0041   0.0301
  11 H   :1s     0.3542   0.0019   0.8585   0.8908  -0.1348
  12 H   :1s    -0.3600  -0.0002   0.9306  -0.8070  -0.0607



 >>>> Total CPU  time used in SIRIUS :      1.80 seconds
 >>>> Total wall time used in SIRIUS :      1.79 seconds

 
     Date and time (Linux)  : Mon Oct 12 14:07:56 2015
     Host name              : foeroyar                                


                     .---------------------------------------.
                     | End of Wave Function Section (SIRIUS) |
                     `---------------------------------------'

 >>>> Total CPU  time used in DALTON:   1.83 seconds
 >>>> Total wall time used in DALTON:   1.83 seconds

 
     Date and time (Linux)  : Mon Oct 12 14:07:56 2015
     Host name              : foeroyar                                
