

     ************************************************************************
     *************** Dalton - An Electronic Structure Program ***************
     ************************************************************************

    This is output from DALTON 2016.alpha
   ----------------------------------------------------------------------------
    NOTE:
     
    Dalton is an experimental code for the evaluation of molecular
    properties using (MC)SCF, DFT, CI, and CC wave functions.
    The authors accept no responsibility for the performance of
    the code or for the correctness of the results.
     
    The code (in whole or part) is provided under a licence and
    is not to be reproduced for further distribution without
    the written permission of the authors or their representatives.
     
    See the home page "http://daltonprogram.org" for further information.
     
    If results obtained with this code are published,
    the appropriate citations would be both of:
     
       K. Aidas, C. Angeli, K. L. Bak, V. Bakken, R. Bast,
       L. Boman, O. Christiansen, R. Cimiraglia, S. Coriani,
       J. Cukras, P. Dahle, E. K. Dalskov, U. Ekstroem,
       T. Enevoldsen, J. J. Eriksen, P. Ettenhuber, B. Fernandez,
       L. Ferrighi, H. Fliegl, L. Frediani, K. Hald, A. Halkier,
       C. Haettig, H. Heiberg, T. Helgaker, A. C. Hennum,
       H. Hettema, E. Hjertenaes, S. Hoest, I.-M. Hoeyvik,
       M. F. Iozzi, B. Jansik, H. J. Aa. Jensen, D. Jonsson,
       P. Joergensen, M. Kaminski, J. Kauczor, S. Kirpekar,
       T. Kjaergaard, W. Klopper, S. Knecht, R. Kobayashi, H. Koch,
       J. Kongsted, A. Krapp, K. Kristensen, A. Ligabue,
       O. B. Lutnaes, J. I. Melo, K. V. Mikkelsen, R. H. Myhre,
       C. Neiss, C. B. Nielsen, P. Norman, J. Olsen,
       J. M. H. Olsen, A. Osted, M. J. Packer, F. Pawlowski,
       T. B. Pedersen, P. F. Provasi, S. Reine, Z. Rinkevicius,
       T. A. Ruden, K. Ruud, V. Rybkin, P. Salek, C. C. M. Samson,
       A. Sanchez de Meras, T. Saue, S. P. A. Sauer,
       B. Schimmelpfennig, K. Sneskov, A. H. Steindal,
       K. O. Sylvester-Hvid, P. R. Taylor, A. M. Teale,
       E. I. Tellgren, D. P. Tew, A. J. Thorvaldsen, L. Thoegersen,
       O. Vahtras, M. A. Watson, D. J. D. Wilson, M. Ziolkowski
       and H. Agren,
       "The Dalton quantum chemistry program system",
       WIREs Comput. Mol. Sci. 2013. (doi: 10.1002/wcms.1172)
    
    and
    
       Dalton, a Molecular Electronic Structure Program,
       Release Dalton2016.alpha (2015), see http://daltonprogram.org
   ----------------------------------------------------------------------------

    Authors in alphabetical order (major contribution(s) in parenthesis):

  Kestutis Aidas,           Vilnius University,           Lithuania   (QM/MM)
  Celestino Angeli,         University of Ferrara,        Italy       (NEVPT2)
  Keld L. Bak,              UNI-C,                        Denmark     (AOSOPPA, non-adiabatic coupling, magnetic properties)
  Vebjoern Bakken,          University of Oslo,           Norway      (DALTON; geometry optimizer, symmetry detection)
  Radovan Bast,             KTH Stockholm,                Sweden      (DALTON installation and execution frameworks)
  Pablo Baudin,             University of Valencia,       Spain       (Cholesky excitation energies)
  Linus Boman,              NTNU,                         Norway      (Cholesky decomposition and subsystems)
  Ove Christiansen,         Aarhus University,            Denmark     (CC module)
  Renzo Cimiraglia,         University of Ferrara,        Italy       (NEVPT2)
  Sonia Coriani,            University of Trieste,        Italy       (CC module, MCD in RESPONS)
  Janusz Cukras,            University of Trieste,        Italy       (MChD in RESPONS)
  Paal Dahle,               University of Oslo,           Norway      (Parallelization)
  Erik K. Dalskov,          UNI-C,                        Denmark     (SOPPA)
  Thomas Enevoldsen,        Univ. of Southern Denmark,    Denmark     (SOPPA)
  Janus J. Eriksen,         Aarhus University,            Denmark     (Polarizable embedding model, TDA)
  Berta Fernandez,          U. of Santiago de Compostela, Spain       (doublet spin, ESR in RESPONS)
  Lara Ferrighi,            Aarhus University,            Denmark     (PCM Cubic response)
  Heike Fliegl,             University of Oslo,           Norway      (CCSD(R12))
  Luca Frediani,            UiT The Arctic U. of Norway,  Norway      (PCM)
  Bin Gao,                  UiT The Arctic U. of Norway,  Norway      (Gen1Int library)
  Christof Haettig,         Ruhr-University Bochum,       Germany     (CC module)
  Kasper Hald,              Aarhus University,            Denmark     (CC module)
  Asger Halkier,            Aarhus University,            Denmark     (CC module)
  Erik D. Hedegaard,        Univ. of Southern Denmark,    Denmark     (Polarizable embedding model, QM/MM)
  Hanne Heiberg,            University of Oslo,           Norway      (geometry analysis, selected one-electron integrals)
  Trygve Helgaker,          University of Oslo,           Norway      (DALTON; ABACUS, ERI, DFT modules, London, and much more)
  Alf Christian Hennum,     University of Oslo,           Norway      (Parity violation)
  Hinne Hettema,            University of Auckland,       New Zealand (quadratic response in RESPONS; SIRIUS supersymmetry)
  Eirik Hjertenaes,         NTNU,                         Norway      (Cholesky decomposition)
  Maria Francesca Iozzi,    University of Oslo,           Norway      (RPA)
  Brano Jansik              Technical Univ. of Ostrava    Czech Rep.  (DFT cubic response)
  Hans Joergen Aa. Jensen,  Univ. of Southern Denmark,    Denmark     (DALTON; SIRIUS, RESPONS, ABACUS modules, London, and much more)
  Dan Jonsson,              UiT The Arctic U. of Norway,  Norway      (cubic response in RESPONS module)
  Poul Joergensen,          Aarhus University,            Denmark     (RESPONS, ABACUS, and CC modules)
  Maciej Kaminski,          University of Warsaw,         Poland      (CPPh in RESPONS)
  Joanna Kauczor,           Linkoeping University,        Sweden      (Complex polarization propagator (CPP) module)
  Sheela Kirpekar,          Univ. of Southern Denmark,    Denmark     (Mass-velocity & Darwin integrals)
  Wim Klopper,              KIT Karlsruhe,                Germany     (R12 code in CC, SIRIUS, and ABACUS modules)
  Stefan Knecht,            ETH Zurich,                   Switzerland (Parallel CI and MCSCF)
  Rika Kobayashi,           Australian National Univ.,    Australia   (DIIS in CC, London in MCSCF)
  Henrik Koch,              NTNU,                         Norway      (CC module, Cholesky decomposition)
  Jacob Kongsted,           Univ. of Southern Denmark,    Denmark     (Polarizable embedding model, QM/MM)
  Andrea Ligabue,           University of Modena,         Italy       (CTOCD, AOSOPPA)
  Nanna H. List             Univ. of Southern Denmark,    Denmark     (Polarizable embedding model)
  Ola B. Lutnaes,           University of Oslo,           Norway      (DFT Hessian)
  Juan I. Melo,             University of Buenos Aires,   Argentina   (LRESC, Relativistic Effects on NMR Shieldings)
  Kurt V. Mikkelsen,        University of Copenhagen,     Denmark     (MC-SCRF and QM/MM)
  Rolf H. Myhre,            NTNU,                         Norway      (Cholesky, subsystems and ECC2)
  Christian Neiss,          Univ. Erlangen-Nuernberg,     Germany     (CCSD(R12))
  Christian B. Nielsen,     University of Copenhagen,     Denmark     (QM/MM)
  Patrick Norman,           Linkoeping University,        Sweden      (Cubic response and complex response in RESPONS)
  Jeppe Olsen,              Aarhus University,            Denmark     (SIRIUS CI/density modules)
  Jogvan Magnus H. Olsen,   Univ. of Southern Denmark,    Denmark     (Polarizable embedding model, QM/MM)
  Anders Osted,             Copenhagen University,        Denmark     (QM/MM)
  Martin J. Packer,         University of Sheffield,      UK          (SOPPA)
  Filip Pawlowski,          Kazimierz Wielki University,  Poland      (CC3)
  Morten N. Pedersen,       Univ. of Southern Denmark,    Denmark     (Polarizable embedding model)
  Thomas B. Pedersen,       University of Oslo,           Norway      (Cholesky decomposition)
  Patricio F. Provasi,      University of Northeastern,   Argentina   (Analysis of coupling constants in localized orbitals)
  Zilvinas Rinkevicius,     KTH Stockholm,                Sweden      (open-shell DFT, ESR)
  Elias Rudberg,            KTH Stockholm,                Sweden      (DFT grid and basis info)
  Torgeir A. Ruden,         University of Oslo,           Norway      (Numerical derivatives in ABACUS)
  Kenneth Ruud,             UiT The Arctic U. of Norway,  Norway      (DALTON; ABACUS magnetic properties and much more)
  Pawel Salek,              KTH Stockholm,                Sweden      (DALTON; DFT code)
  Claire C. M. Samson       University of Karlsruhe       Germany     (Boys localization, r12 integrals in ERI)
  Alfredo Sanchez de Meras, University of Valencia,       Spain       (CC module, Cholesky decomposition)
  Trond Saue,               Paul Sabatier University,     France      (direct Fock matrix construction)
  Stephan P. A. Sauer,      University of Copenhagen,     Denmark     (SOPPA(CCSD), SOPPA prop., AOSOPPA, vibrational g-factors)
  Bernd Schimmelpfennig,    Forschungszentrum Karlsruhe,  Germany     (AMFI module)
  Kristian Sneskov,         Aarhus University,            Denmark     (Polarizable embedding model, QM/MM)
  Arnfinn H. Steindal,      UiT The Arctic U. of Norway,  Norway      (parallel QM/MM, Polarizable embedding model)
  Casper Steinmann,         Univ. of Southern Denmark,    Denmark     (QFIT, Polarizable embedding model)
  K. O. Sylvester-Hvid,     University of Copenhagen,     Denmark     (MC-SCRF)
  Peter R. Taylor,          VLSCI/Univ. of Melbourne,     Australia   (Symmetry handling ABACUS, integral transformation)
  Andrew M. Teale,          University of Nottingham,     England     (DFT-AC, DFT-D)
  David P. Tew,             University of Bristol,        England     (CCSD(R12))
  Olav Vahtras,             KTH Stockholm,                Sweden      (triplet response, spin-orbit, ESR, TDDFT, open-shell DFT)
  David J. Wilson,          La Trobe University,          Australia   (DFT Hessian and DFT magnetizabilities)
  Hans Agren,               KTH Stockholm,                Sweden      (SIRIUS module, RESPONS, MC-SCRF solvation model)
 --------------------------------------------------------------------------------

     Date and time (Linux)  : Wed Mar 18 20:42:06 2015
     Host name              : donkey                                  

 * Work memory size             :    64000000 =  488.28 megabytes.

 * Directories for basis set searches:
   1) /home/bast/devel/dalton/xcint/DALTON/test/xcint_lr
   2) /home/bast/devel/dalton/master/build/basis


Compilation information
-----------------------

 Who compiled             | bast
 Host                     | donkey
 System                   | Linux-3.13.0-46-generic
 CMake generator          | Unix Makefiles
 Processor                | x86_64
 64-bit integers          | OFF
 MPI                      | ON
 Fortran compiler         | /opt/mpich/intel/bin/mpif90
 Fortran compiler version | ifort (IFORT) 15.0.0 20140723
 C compiler               | /opt/mpich/intel/bin/mpicc
 C compiler version       | icc (ICC) 15.0.0 20140723
 C++ compiler             | /opt/mpich/intel/bin/mpicxx
 C++ compiler version     | unknown
 Static linking           | OFF
 Last Git revision        | fd44dccba873df2a304e436d0420c687220e4ae2
 Git branch               | master
 Configuration time       | 2015-03-18 16:33:20.200878

 * Sequential calculation.


   Content of the .dal input file
 ----------------------------------

**DALTON INPUT                                    
.RUN RESPONSE                                     
**WAVE FUNCTIONS                                  
.DFT                                              
 B3LYP                                            
#.XCINT                                           
**RESPONSE                                        
*LINEAR                                           
.DIPLEN                                           
.FREQUE                                           
 1                                                
0.03                                              
**END OF DALTON INPUT                             


   Content of the .mol file
 ----------------------------

BASIS                                                                          
aug-cc-pVDZ                                                                    
                                                                               
                                                                               
AtomTypes=2 Nosymmetry                                                         
Charge=9.0 Atoms=1                                                             
F      1.700  0.000  0.000                                                     
Charge=1.0 Atoms=1                                                             
H      0.000  0.000  0.000                                                     


       *******************************************************************
       *********** Output from DALTON general input processing ***********
       *******************************************************************

 --------------------------------------------------------------------------------
   Overall default print level:    0
   Print level for DALTON.STAT:    1

    HERMIT 1- and 2-electron integral sections will be executed
    "Old" integral transformation used (limited to max 255 basis functions)
    Wave function sections will be executed (SIRIUS module)
    Dynamic molecular response properties section will be executed (RESPONSE module)
 --------------------------------------------------------------------------------


   ****************************************************************************
   *************** Output of molecule and basis set information ***************
   ****************************************************************************


    The two title cards from your ".mol" input:
    ------------------------------------------------------------------------
 1:                                                                         
 2:                                                                         
    ------------------------------------------------------------------------

  Atomic type no.    1
  --------------------
  Nuclear charge:   9.00000
  Number of symmetry independent centers:    1
  Number of basis sets to read;    2
  Basis set file used for this atomic type with Z =   9 :
     "/home/bast/devel/dalton/master/build/basis/aug-cc-pVDZ"

  Atomic type no.    2
  --------------------
  Nuclear charge:   1.00000
  Number of symmetry independent centers:    1
  Number of basis sets to read;    2
  Basis set file used for this atomic type with Z =   1 :
     "/home/bast/devel/dalton/master/build/basis/aug-cc-pVDZ"


                         SYMGRP: Point group information
                         -------------------------------

@    Point group: C1 


                                 Isotopic Masses
                                 ---------------

                           F          18.998403
                           H           1.007825

                       Total mass:    20.006228 amu
                       Natural abundance:  99.985 %

 Center-of-mass coordinates (a.u.):    1.614362    0.000000    0.000000


  Atoms and basis sets
  --------------------

  Number of atom types :    2
  Total number of atoms:    2

  Basis set used is "aug-cc-pVDZ" from the basis set library.

  label    atoms   charge   prim   cont     basis
  ----------------------------------------------------------------------
  F           1    9.0000    35    23      [10s5p2d|4s3p2d]                                   
  H           1    1.0000    11     9      [5s2p|3s2p]                                        
  ----------------------------------------------------------------------
  total:      2   10.0000    46    32
  ----------------------------------------------------------------------
  Spherical harmonic basis used.

  Threshold for neglecting AO integrals:  1.00D-12


  Cartesian Coordinates (a.u.)
  ----------------------------

  Total number of coordinates:    6
  F       :     1  x   1.7000000000    2  y   0.0000000000    3  z   0.0000000000
  H       :     4  x   0.0000000000    5  y   0.0000000000    6  z   0.0000000000


   Interatomic separations (in Angstrom):
   --------------------------------------

            F           H     
            ------      ------
 F     :    0.000000
 H     :    0.899601    0.000000


  Max    interatomic separation is    0.8996 Angstrom (    1.7000 Bohr)
  between atoms    2 and    1, "H     " and "F     ".

  Min HX interatomic separation is    0.8996 Angstrom (    1.7000 Bohr)


  Bond distances (Angstrom):
  --------------------------

                  atom 1     atom 2       distance
                  ------     ------       --------
  bond distance:  H          F            0.899601




 Principal moments of inertia (u*A**2) and principal axes
 --------------------------------------------------------

   IA       0.000000          1.000000    0.000000    0.000000
   IB       0.774528          0.000000    1.000000    0.000000
   IC       0.774528          0.000000    0.000000    1.000000


 Rotational constants
 --------------------

@    The molecule is linear.

               B =       652499.34 MHz     (   21.765035 cm-1)


@  Nuclear repulsion energy :    5.294117647059 Hartree


                     .---------------------------------------.
                     | Starting in Integral Section (HERMIT) |
                     `---------------------------------------'



 ***************************************************************************************
 ****************** Output from **INTEGRALS input processing (HERMIT) ******************
 ***************************************************************************************


 - Using defaults, no **INTEGRALS input found

 Default print level:        1

 * Nuclear model: Point charge

 Calculation of one- and two-electron Hamiltonian integrals.

 Center of mass  (bohr):      1.614361542816      0.000000000000      0.000000000000
 Operator center (bohr):      0.000000000000      0.000000000000      0.000000000000
 Gauge origin    (bohr):      0.000000000000      0.000000000000      0.000000000000
 Dipole origin   (bohr):      0.000000000000      0.000000000000      0.000000000000


     ************************************************************************
     ************************** Output from HERINT **************************
     ************************************************************************


 Threshold for neglecting two-electron integrals:  1.00D-12
 HERMIT - Number of two-electron integrals written:       32733 ( 23.4% )
 HERMIT - Megabytes written:                              0.378

 >>>  Time used in TWOINT     is   0.26 seconds
 >>>> Total CPU  time used in HERMIT:   0.32 seconds
 >>>> Total wall time used in HERMIT:   0.14 seconds


                        .----------------------------------.
                        | End of Integral Section (HERMIT) |
                        `----------------------------------'



                   .--------------------------------------------.
                   | Starting in Wave Function Section (SIRIUS) |
                   `--------------------------------------------'


 *** Output from Huckel module :

     Using EWMO model:          T
     Using EHT  model:          F
     Number of Huckel orbitals each symmetry:    6

 EWMO - Energy Weighted Maximum Overlap - is a Huckel type method,
        which normally is better than Extended Huckel Theory.
 Reference: Linderberg and Ohrn, Propagators in Quantum Chemistry (Wiley, 1973)

 Huckel EWMO eigenvalues for symmetry :  1
          -26.384457      -1.733447      -0.829713      -0.730000      -0.730000
           -0.237583

 **********************************************************************
 *SIRIUS* a direct, restricted step, second order MCSCF program       *
 **********************************************************************

 
     Date and time (Linux)  : Wed Mar 18 20:42:06 2015
     Host name              : donkey                                  

 Title lines from ".mol" input file:
                                                                             
                                                                             

 Print level on unit LUPRI =   2 is   0
 Print level on unit LUW4  =   2 is   5

@    Restricted, closed shell Kohn-Sham DFT calculation.

@    Time-dependent Kohn-Sham DFT calculation (TD-DFT).

 Initial molecular orbitals are obtained according to
 ".MOSTART EWMO  " input option

     Wave function specification
     ============================
@    Wave function type        >>> KS-DFT <<<
@    Number of closed shell electrons          10
@    Number of electrons in active shells       0
@    Total charge of the molecule               0

@    Spin multiplicity and 2 M_S                1         0
@    Total number of symmetries                 1 (point group: C1 )
@    Reference state symmetry                   1 (irrep name : A  )
 
     This is a DFT calculation of type: B3LYP
 Weighted mixed functional:
               HF exchange:    0.20000
                       VWN:    0.19000
                       LYP:    0.81000
                     Becke:    0.72000
                    Slater:    0.80000

     Orbital specifications
     ======================
@    Abelian symmetry species          All |    1
@                                          |  A  
                                       --- |  ---
@    Occupied SCF orbitals               5 |    5
@    Secondary orbitals                 27 |   27
@    Total number of orbitals           32 |   32
@    Number of basis functions          32 |   32

     Optimization information
     ========================
@    Number of configurations                 1
@    Number of orbital rotations            135
     ------------------------------------------
@    Total number of variables              136

     Maximum number of Fock   iterations      0
     Maximum number of DIIS   iterations     60
     Maximum number of QC-SCF iterations     60
     Threshold for SCF convergence     1.00D-05
 
     This is a DFT calculation of type: B3LYP
 Weighted mixed functional:
               HF exchange:    0.20000
                       VWN:    0.19000
                       LYP:    0.81000
                     Becke:    0.72000
                    Slater:    0.80000


 ***********************************************
 ***** DIIS acceleration of SCF iterations *****
 ***********************************************

 C1-DIIS algorithm; max error vectors =    8

 Iter      Total energy        Error norm    Delta(E)  DIIS dim.
 -----------------------------------------------------------------------------
      K-S energy, electrons, error :     -8.738247974607  10.0000002046    2.05D-07
@  1    -100.315313946        1.47290D+00   -1.00D+02    1
      Virial theorem: -V/T =      1.998663
@      MULPOP F      -0.35; H       0.35; 
 -----------------------------------------------------------------------------
      K-S energy, electrons, error :     -8.618492391067  10.0000001936    1.94D-07
@  2    -100.397866207        7.99759D-01   -8.26D-02    2
      Virial theorem: -V/T =      2.012699
@      MULPOP F      -0.13; H       0.13; 
 -----------------------------------------------------------------------------
      K-S energy, electrons, error :     -8.782064346238  10.0000001962    1.96D-07
@  3    -100.416013949        4.02467D-01   -1.81D-02    3
      Virial theorem: -V/T =      1.997925
@      MULPOP F      -0.28; H       0.28; 
 -----------------------------------------------------------------------------
      K-S energy, electrons, error :     -8.698854179297  10.0000001952    1.95D-07
@  4    -100.422208151        5.62277D-02   -6.19D-03    4
      Virial theorem: -V/T =      2.005595
@      MULPOP F      -0.23; H       0.23; 
 -----------------------------------------------------------------------------
      K-S energy, electrons, error :     -8.707570154667  10.0000001953    1.95D-07
@  5    -100.422325276        3.66357D-03   -1.17D-04    5
      Virial theorem: -V/T =      2.004754
@      MULPOP F      -0.23; H       0.23; 
 -----------------------------------------------------------------------------
      K-S energy, electrons, error :     -8.708133689894  10.0000001953    1.95D-07
@  6    -100.422325847        6.90368D-05   -5.71D-07    6
      Virial theorem: -V/T =      2.004703
@      MULPOP F      -0.23; H       0.23; 
 -----------------------------------------------------------------------------
      K-S energy, electrons, error :     -8.708137596022  10.0000001953    1.95D-07
@  7    -100.422325848        6.93273D-06   -3.79D-10    7

@ *** DIIS converged in   7 iterations !
@     Converged SCF energy, gradient:   -100.422325847541    6.93D-06
    - total time used in SIRFCK :              0.00 seconds


 *** SCF orbital energy analysis ***

 Only the 20 lowest virtual orbital energies printed in each symmetry.

 Number of electrons :   10
 Orbital occupations :    5

 Sym       Kohn-Sham orbital energies

1 A     -24.70912365    -1.21785785    -0.56254990    -0.42234032    -0.42234032
         -0.02207635     0.10647948     0.15469073     0.15469073     0.16575084
          0.25401254     0.30017953     0.30017953     0.51627664     0.75574557
          1.11801461     1.11801461     1.20830187     1.20830187     1.35466432
          1.35466432     1.35921186     1.77694474     1.91826259     1.91826259

    E(LUMO) :    -0.02207635 au (symmetry 1)
  - E(HOMO) :    -0.42234032 au (symmetry 1)
  ------------------------------------------
    gap     :     0.40026397 au

 >>> Writing SIRIFC interface file

 >>>> CPU and wall time for SCF :      46.348       3.916


                       .-----------------------------------.
                       | >>> Final results from SIRIUS <<< |
                       `-----------------------------------'


@    Spin multiplicity:           1
@    Spatial symmetry:            1 ( irrep  A   in C1  )
@    Total charge of molecule:    0

@    Final DFT energy:           -100.422325847541                 
@    Nuclear repulsion:             5.294117647059
@    Electronic energy:          -105.716443494600

@    Final gradient norm:           0.000006932732

 
     Date and time (Linux)  : Wed Mar 18 20:42:10 2015
     Host name              : donkey                                  

File label for MO orbitals:  18Mar15   FOCKDIIS

 (Only coefficients >0.0100 are printed.)

 Molecular orbitals for symmetry species 1  (A  )
 ------------------------------------------------

    Orbital         1        2        3        4        5        6        7
   1 F   :1s    -1.0029  -0.0001  -0.0039   0.0000   0.0000  -0.0083   0.0184
   2 F   :1s    -0.0141   0.9427   0.2622   0.0000   0.0000  -0.2044   0.1639
   3 F   :1s     0.0181  -0.1012   0.1533   0.0000   0.0000  -0.0720  -0.1463
   4 F   :1s     0.0091   0.0998   0.0536   0.0000   0.0000  -0.3383  -2.7867
   5 F   :2px    0.0017  -0.1431   0.8229   0.0000   0.0000   0.2233  -0.3982
   6 F   :2py   -0.0000   0.0000   0.0000  -0.2724  -0.9271  -0.0000   0.0000
   7 F   :2pz   -0.0000  -0.0000   0.0000  -0.9271   0.2724  -0.0000   0.0000
   8 F   :2px   -0.0042   0.0823  -0.1477  -0.0000  -0.0000   0.0253   0.0762
   9 F   :2py    0.0000  -0.0000  -0.0000   0.0060   0.0203   0.0000  -0.0000
  10 F   :2pz    0.0000   0.0000  -0.0000   0.0203  -0.0060   0.0000  -0.0000
  11 F   :2px   -0.0027  -0.0308   0.0486   0.0000   0.0000   0.0804   1.1312
  12 F   :2py   -0.0000   0.0000   0.0000  -0.0221  -0.0752  -0.0000   0.0000
  13 F   :2pz   -0.0000  -0.0000   0.0000  -0.0752   0.0221  -0.0000   0.0000
  18 F   :3d2+  -0.0001   0.0095  -0.0149   0.0000   0.0000  -0.0008  -0.0001
  19 F   :3d2-  -0.0000   0.0000   0.0000   0.0041   0.0140  -0.0000   0.0000
  21 F   :3d0   -0.0005   0.0116  -0.0121  -0.0000  -0.0000  -0.0020   0.0155
  22 F   :3d1+  -0.0000  -0.0000   0.0000   0.0140  -0.0041  -0.0000   0.0000
  23 F   :3d2+   0.0009  -0.0200   0.0209   0.0000   0.0000   0.0034  -0.0268
  24 H   :1s    -0.0041   0.4062  -0.7186  -0.0000  -0.0000   0.1594  -0.2385
  25 H   :1s    -0.0105  -0.3022   0.3242  -0.0000  -0.0000   0.3386   1.7711
  26 H   :1s    -0.0003  -0.0013  -0.0067  -0.0000  -0.0000   0.9451   1.3143
  27 H   :2px   -0.0002   0.0544  -0.0580  -0.0000  -0.0000  -0.0300   0.0593
  28 H   :2py    0.0000  -0.0000  -0.0000  -0.0079  -0.0269   0.0000  -0.0000
  29 H   :2pz    0.0000   0.0000  -0.0000  -0.0269   0.0079   0.0000  -0.0000
  30 H   :2px   -0.0049  -0.0234   0.0149  -0.0000  -0.0000  -0.0669   0.9779
  31 H   :2py   -0.0000   0.0000   0.0000  -0.0070  -0.0239  -0.0000   0.0000
  32 H   :2pz   -0.0000  -0.0000   0.0000  -0.0239   0.0070  -0.0000   0.0000

    Orbital         8        9       10       11       12       13       14
   1 F   :1s     0.0000   0.0000   0.0050  -0.0012   0.0000   0.0000   0.0378
   2 F   :1s     0.0000   0.0000  -0.2137  -0.1649   0.0000   0.0000  -0.1385
   3 F   :1s     0.0000   0.0000  -0.3324  -0.1740   0.0000   0.0000  -1.1885
   4 F   :1s     0.0000   0.0000  -0.4106   6.3355   0.0000   0.0000  -7.0913
   5 F   :2px    0.0000   0.0000  -0.0120  -0.1844   0.0000   0.0000   0.4673
   6 F   :2py   -0.0002  -0.3372   0.0000  -0.0000  -0.0001  -0.1204   0.0000
   7 F   :2pz   -0.3372   0.0002  -0.0000  -0.0000  -0.1204   0.0001  -0.0000
   8 F   :2px   -0.0000  -0.0000  -0.0500  -0.3904  -0.0000  -0.0000   0.3216
   9 F   :2py   -0.0001  -0.1591  -0.0000   0.0000  -0.0002  -0.1850  -0.0000
  10 F   :2pz   -0.1591   0.0001   0.0000   0.0000  -0.1850   0.0002   0.0000
  11 F   :2px    0.0000   0.0000   1.5704  -2.3619   0.0000   0.0000   1.6116
  12 F   :2py    0.0007   1.1680   0.0000  -0.0000  -0.0011  -1.1657   0.0000
  13 F   :2pz    1.1680  -0.0007  -0.0000  -0.0000  -1.1657   0.0011  -0.0000
  14 F   :3d2-   0.0000   0.0066  -0.0000   0.0000  -0.0000  -0.0197  -0.0000
  17 F   :3d1+   0.0066  -0.0000   0.0000   0.0000  -0.0197   0.0000   0.0000
  18 F   :3d2+   0.0000   0.0000   0.0082  -0.0105   0.0000   0.0000  -0.0023
  19 F   :3d2-  -0.0000  -0.0093   0.0000  -0.0000   0.0000   0.0213   0.0000
  21 F   :3d0   -0.0000  -0.0000  -0.0013  -0.0211  -0.0000  -0.0000  -0.0444
  22 F   :3d1+  -0.0093   0.0000  -0.0000  -0.0000   0.0213  -0.0000  -0.0000
  23 F   :3d2+   0.0000   0.0000   0.0023   0.0365   0.0000   0.0000   0.0768
  24 H   :1s    -0.0000  -0.0000   0.2500  -0.4079  -0.0000  -0.0000   0.6635
  25 H   :1s    -0.0000  -0.0000   1.7072  -5.4294  -0.0000  -0.0000   6.6750
  26 H   :1s    -0.0000  -0.0000  -0.5655  -0.7872  -0.0000  -0.0000   0.8302
  27 H   :2px   -0.0000  -0.0000  -0.0034  -0.0529  -0.0000  -0.0000  -0.0710
  28 H   :2py    0.0000   0.0152  -0.0000   0.0000   0.0000   0.0192  -0.0000
  29 H   :2pz    0.0152  -0.0000   0.0000   0.0000   0.0192  -0.0000   0.0000
  30 H   :2px   -0.0000  -0.0000  -0.1518  -0.5984  -0.0000  -0.0000   3.1894
  31 H   :2py   -0.0001  -0.0824   0.0000  -0.0000   0.0016   1.6904   0.0000
  32 H   :2pz   -0.0824   0.0001  -0.0000  -0.0000   1.6904  -0.0016  -0.0000

    Orbital        15
   1 F   :1s    -0.0732
   2 F   :1s    -0.2623
   3 F   :1s     1.1948
   4 F   :1s     7.7002
   5 F   :2px    0.2119
   8 F   :2px   -0.6202
  11 F   :2px   -2.6835
  16 F   :3d0   -0.0236
  18 F   :3d2+   0.0409
  21 F   :3d0   -0.2044
  23 F   :3d2+   0.3540
  24 H   :1s     1.5112
  25 H   :1s   -10.0067
  26 H   :1s    -0.2542
  27 H   :2px   -0.3745
  30 H   :2px   -2.0167



 >>>> Total CPU  time used in SIRIUS :     46.41 seconds
 >>>> Total wall time used in SIRIUS :      3.93 seconds

 
     Date and time (Linux)  : Wed Mar 18 20:42:10 2015
     Host name              : donkey                                  


                     .---------------------------------------.
                     | End of Wave Function Section (SIRIUS) |
                     `---------------------------------------'



                 .------------------------------------------------.
                 | Starting in Dynamic Property Section (RESPONS) |
                 `------------------------------------------------'


 ------------------------------------------------------------------------------
  RESPONSE  -  an MCSCF, MC-srDFT, DFT, and SOPPA response property program
 ------------------------------------------------------------------------------


 <<<<<<<<<< OUTPUT FROM RESPONSE INPUT PROCESSING >>>>>>>>>>




 Linear Response calculation
 ---------------------------

 Print level                                    : IPRLR  =   2
 Maximum number of iterations                   : MAXITL =  60
 Threshold for relative convergence             : THCLR  = 1.000D-03
 Maximum iterations in optimal orbital algorithm: MAXITO =   5

  1 B-frequencies  3.000000D-02

    3 second order properties calculated with symmetry no.    1 and labels:

          XDIPLEN 
          YDIPLEN 
          ZDIPLEN 

 Integral transformation: Total CPU and WALL times (sec)       0.630       0.053


   SCF energy         :     -100.422325847541188
 -- inactive part     :     -105.716443494600014
 -- nuclear repulsion :        5.294117647058823


                    *****************************************
                    *** DFT response calculation (TD-DFT) ***
                    *****************************************



 >>>>>>>>>> Linear response calculation
 >>>>>>>>>> Symmetry of excitation/property operator(s)    1  ( A  )

 Number of excitations of this symmetry            0
 Number of response properties of this symmetry    3
 Number of C6/C8 properties of this symmetry       0


 Perturbation symmetry.     KSYMOP:       1
 Perturbation spin symmetry.TRPLET:       F
 Orbital variables.         KZWOPT:     135
 Configuration variables.   KZCONF:       0
 Total number of variables. KZVAR :     135


 RSPLR -- linear response calculation for symmetry 1  ( A  )
 RSPLR -- operator label : XDIPLEN 
 RSPLR -- operator spin  :   0
 RSPLR -- frequencies :   0.030000
 FREQ 2   3.000000000000000E-002



 <<<  SOLVING SETS OF LINEAR EQUATIONS FOR LINEAR RESPONSE PROPERTIES >>>

 Operator symmetry = 1  ( A  ); triplet =   F


 *** THE REQUESTED    1 SOLUTION VECTORS CONVERGED

 Convergence of RSP solution vectors, threshold = 1.00D-03
 ---------------------------------------------------------------
 (dimension of paired reduced space:   10)
 RSP solution vector no.    1; norm of residual   6.99D-05

 *** RSPCTL MICROITERATIONS CONVERGED


 RSPLR -- linear response calculation for symmetry 1  ( A  )
 RSPLR -- operator label : YDIPLEN 
 RSPLR -- operator spin  :   0
 RSPLR -- frequencies :   0.030000
 FREQ 2   3.000000000000000E-002



 <<<  SOLVING SETS OF LINEAR EQUATIONS FOR LINEAR RESPONSE PROPERTIES >>>

 Operator symmetry = 1  ( A  ); triplet =   F


 *** THE REQUESTED    1 SOLUTION VECTORS CONVERGED

 Convergence of RSP solution vectors, threshold = 1.00D-03
 ---------------------------------------------------------------
 (dimension of paired reduced space:    8)
 RSP solution vector no.    1; norm of residual   1.86D-04

 *** RSPCTL MICROITERATIONS CONVERGED


 RSPLR -- linear response calculation for symmetry 1  ( A  )
 RSPLR -- operator label : ZDIPLEN 
 RSPLR -- operator spin  :   0
 RSPLR -- frequencies :   0.030000
 FREQ 2   3.000000000000000E-002



 <<<  SOLVING SETS OF LINEAR EQUATIONS FOR LINEAR RESPONSE PROPERTIES >>>

 Operator symmetry = 1  ( A  ); triplet =   F


 *** THE REQUESTED    1 SOLUTION VECTORS CONVERGED

 Convergence of RSP solution vectors, threshold = 1.00D-03
 ---------------------------------------------------------------
 (dimension of paired reduced space:    8)
 RSP solution vector no.    1; norm of residual   1.86D-04

 *** RSPCTL MICROITERATIONS CONVERGED


           Final output of second order properties from linear response
           ------------------------------------------------------------


@ Spin symmetry of operators: singlet

 Note that minus the linear response function: - << A; B >>(omega) is printed.
 The results are of quadratic accuracy using Sellers formula.

@ FREQUENCY DEPENDENT SECOND ORDER PROPERTIES WITH FREQUENCY :

@    a.u.:  3.0000000D-02
@    cm-1:  6.5842389D+03
@    eV  :  8.1634153D-01
@  kJ/mol:  7.8764988D+01
@    nm  :  1.5187784D+03

@ -<< XDIPLEN  ; XDIPLEN  >> =  6.258913653889D+00
@ -<< XDIPLEN  ; YDIPLEN  >> = -1.426566005281D-15
@ -<< XDIPLEN  ; ZDIPLEN  >> = -7.203691406000D-16
@ -<< YDIPLEN  ; YDIPLEN  >> =  4.442734439661D+00
@ -<< YDIPLEN  ; ZDIPLEN  >> =  3.332132769590D-09
@ -<< ZDIPLEN  ; ZDIPLEN  >> =  4.442734434475D+00


 Time used in linear response calculation is    213.02 CPU seconds for symmetry 1

 >>>> Total CPU  time used in RESPONSE:  3 minutes 34 seconds
 >>>> Total wall time used in RESPONSE:  17.83 seconds


                   .-------------------------------------------.
                   | End of Dynamic Property Section (RESPONS) |
                   `-------------------------------------------'

 >>>> Total CPU  time used in DALTON:  4 minutes 20 seconds
 >>>> Total wall time used in DALTON:  21.91 seconds

 
     Date and time (Linux)  : Wed Mar 18 20:42:28 2015
     Host name              : donkey                                  
