

     ************************************************************************
     *************** Dalton - An Electronic Structure Program ***************
     ************************************************************************

    This is output from DALTON release Dalton2017.alpha (2016)
         ( Web site: http://daltonprogram.org )

   ----------------------------------------------------------------------------

    NOTE:
     
    Dalton is an experimental code for the evaluation of molecular
    properties using (MC)SCF, DFT, CI, and CC wave functions.
    The authors accept no responsibility for the performance of
    the code or for the correctness of the results.
     
    The code (in whole or part) is provided under a licence and
    is not to be reproduced for further distribution without
    the written permission of the authors or their representatives.
     
    See the home page "http://daltonprogram.org" for further information.
     
    If results obtained with this code are published,
    the appropriate citations would be both of:
     
       K. Aidas, C. Angeli, K. L. Bak, V. Bakken, R. Bast,
       L. Boman, O. Christiansen, R. Cimiraglia, S. Coriani,
       P. Dahle, E. K. Dalskov, U. Ekstroem,
       T. Enevoldsen, J. J. Eriksen, P. Ettenhuber, B. Fernandez,
       L. Ferrighi, H. Fliegl, L. Frediani, K. Hald, A. Halkier,
       C. Haettig, H. Heiberg, T. Helgaker, A. C. Hennum,
       H. Hettema, E. Hjertenaes, S. Hoest, I.-M. Hoeyvik,
       M. F. Iozzi, B. Jansik, H. J. Aa. Jensen, D. Jonsson,
       P. Joergensen, J. Kauczor, S. Kirpekar,
       T. Kjaergaard, W. Klopper, S. Knecht, R. Kobayashi, H. Koch,
       J. Kongsted, A. Krapp, K. Kristensen, A. Ligabue,
       O. B. Lutnaes, J. I. Melo, K. V. Mikkelsen, R. H. Myhre,
       C. Neiss, C. B. Nielsen, P. Norman, J. Olsen,
       J. M. H. Olsen, A. Osted, M. J. Packer, F. Pawlowski,
       T. B. Pedersen, P. F. Provasi, S. Reine, Z. Rinkevicius,
       T. A. Ruden, K. Ruud, V. Rybkin, P. Salek, C. C. M. Samson,
       A. Sanchez de Meras, T. Saue, S. P. A. Sauer,
       B. Schimmelpfennig, K. Sneskov, A. H. Steindal,
       K. O. Sylvester-Hvid, P. R. Taylor, A. M. Teale,
       E. I. Tellgren, D. P. Tew, A. J. Thorvaldsen, L. Thoegersen,
       O. Vahtras, M. A. Watson, D. J. D. Wilson, M. Ziolkowski
       and H. Agren,
       "The Dalton quantum chemistry program system",
       WIREs Comput. Mol. Sci. 2014, 4:269â€“284 (doi: 10.1002/wcms.1172)
     
    and
     
       Dalton, a Molecular Electronic Structure Program,
       Release Dalton2017.alpha (2016), see http://daltonprogram.org
   ----------------------------------------------------------------------------

    Authors in alphabetical order (major contribution(s) in parenthesis):

  Kestutis Aidas,           Vilnius University,           Lithuania   (QM/MM)
  Celestino Angeli,         University of Ferrara,        Italy       (NEVPT2)
  Keld L. Bak,              UNI-C,                        Denmark     (AOSOPPA, non-adiabatic coupling, magnetic properties)
  Vebjoern Bakken,          University of Oslo,           Norway      (DALTON; geometry optimizer, symmetry detection)
  Radovan Bast,             UiT The Arctic U. of Norway,  Norway      (DALTON installation and execution frameworks)
  Pablo Baudin,             University of Valencia,       Spain       (Cholesky excitation energies)
  Linus Boman,              NTNU,                         Norway      (Cholesky decomposition and subsystems)
  Ove Christiansen,         Aarhus University,            Denmark     (CC module)
  Renzo Cimiraglia,         University of Ferrara,        Italy       (NEVPT2)
  Sonia Coriani,            University of Trieste,        Italy       (CC module, MCD in RESPONS)
  Janusz Cukras,            University of Trieste,        Italy       (MChD in RESPONS)
  Paal Dahle,               University of Oslo,           Norway      (Parallelization)
  Erik K. Dalskov,          UNI-C,                        Denmark     (SOPPA)
  Thomas Enevoldsen,        Univ. of Southern Denmark,    Denmark     (SOPPA)
  Janus J. Eriksen,         Aarhus University,            Denmark     (Polarizable embedding model, TDA)
  Rasmus Faber,             University of Copenhagen,     Denmark     (Vib.avg. NMR with SOPPA, parallel AO-SOPPA)
  Berta Fernandez,          U. of Santiago de Compostela, Spain       (doublet spin, ESR in RESPONS)
  Lara Ferrighi,            Aarhus University,            Denmark     (PCM Cubic response)
  Heike Fliegl,             University of Oslo,           Norway      (CCSD(R12))
  Luca Frediani,            UiT The Arctic U. of Norway,  Norway      (PCM)
  Bin Gao,                  UiT The Arctic U. of Norway,  Norway      (Gen1Int library)
  Christof Haettig,         Ruhr-University Bochum,       Germany     (CC module)
  Kasper Hald,              Aarhus University,            Denmark     (CC module)
  Asger Halkier,            Aarhus University,            Denmark     (CC module)
  Frederik Beyer Hansen,    University of Copenhagen,     Denmark     (Parallel AO-SOPPA)
  Erik D. Hedegaard,        Univ. of Southern Denmark,    Denmark     (Polarizable embedding model, QM/MM)
  Hanne Heiberg,            University of Oslo,           Norway      (geometry analysis, selected one-electron integrals)
  Trygve Helgaker,          University of Oslo,           Norway      (DALTON; ABACUS, ERI, DFT modules, London, and much more)
  Alf Christian Hennum,     University of Oslo,           Norway      (Parity violation)
  Hinne Hettema,            University of Auckland,       New Zealand (quadratic response in RESPONS; SIRIUS supersymmetry)
  Eirik Hjertenaes,         NTNU,                         Norway      (Cholesky decomposition)
  Pi A. B. Haase,           University of Copenhagen,     Denmark     (Triplet AO-SOPPA)
  Maria Francesca Iozzi,    University of Oslo,           Norway      (RPA)
  Brano Jansik              Technical Univ. of Ostrava    Czech Rep.  (DFT cubic response)
  Hans Joergen Aa. Jensen,  Univ. of Southern Denmark,    Denmark     (DALTON; SIRIUS, RESPONS, ABACUS modules, London, and much more)
  Dan Jonsson,              UiT The Arctic U. of Norway,  Norway      (cubic response in RESPONS module)
  Poul Joergensen,          Aarhus University,            Denmark     (RESPONS, ABACUS, and CC modules)
  Maciej Kaminski,          University of Warsaw,         Poland      (CPPh in RESPONS)
  Joanna Kauczor,           Linkoeping University,        Sweden      (Complex polarization propagator (CPP) module)
  Sheela Kirpekar,          Univ. of Southern Denmark,    Denmark     (Mass-velocity & Darwin integrals)
  Wim Klopper,              KIT Karlsruhe,                Germany     (R12 code in CC, SIRIUS, and ABACUS modules)
  Stefan Knecht,            ETH Zurich,                   Switzerland (Parallel CI and MCSCF)
  Rika Kobayashi,           Australian National Univ.,    Australia   (DIIS in CC, London in MCSCF)
  Henrik Koch,              NTNU,                         Norway      (CC module, Cholesky decomposition)
  Jacob Kongsted,           Univ. of Southern Denmark,    Denmark     (Polarizable embedding model, QM/MM)
  Andrea Ligabue,           University of Modena,         Italy       (CTOCD, AOSOPPA)
  Nanna H. List             Univ. of Southern Denmark,    Denmark     (Polarizable embedding model)
  Ola B. Lutnaes,           University of Oslo,           Norway      (DFT Hessian)
  Juan I. Melo,             University of Buenos Aires,   Argentina   (LRESC, Relativistic Effects on NMR Shieldings)
  Kurt V. Mikkelsen,        University of Copenhagen,     Denmark     (MC-SCRF and QM/MM)
  Rolf H. Myhre,            NTNU,                         Norway      (Cholesky, subsystems and ECC2)
  Christian Neiss,          Univ. Erlangen-Nuernberg,     Germany     (CCSD(R12))
  Christian B. Nielsen,     University of Copenhagen,     Denmark     (QM/MM)
  Patrick Norman,           Linkoeping University,        Sweden      (Cubic response and complex frequency response in RESPONS)
  Jeppe Olsen,              Aarhus University,            Denmark     (SIRIUS CI/density modules)
  Jogvan Magnus H. Olsen,   Univ. of Southern Denmark,    Denmark     (Polarizable embedding model, QM/MM)
  Anders Osted,             Copenhagen University,        Denmark     (QM/MM)
  Martin J. Packer,         University of Sheffield,      UK          (SOPPA)
  Filip Pawlowski,          Kazimierz Wielki University,  Poland      (CC3)
  Morten N. Pedersen,       Univ. of Southern Denmark,    Denmark     (Polarizable embedding model)
  Thomas B. Pedersen,       University of Oslo,           Norway      (Cholesky decomposition)
  Patricio F. Provasi,      University of Northeastern,   Argentina   (Analysis of coupling constants in localized orbitals)
  Zilvinas Rinkevicius,     KTH Stockholm,                Sweden      (open-shell DFT, ESR)
  Elias Rudberg,            KTH Stockholm,                Sweden      (DFT grid and basis info)
  Torgeir A. Ruden,         University of Oslo,           Norway      (Numerical derivatives in ABACUS)
  Kenneth Ruud,             UiT The Arctic U. of Norway,  Norway      (DALTON; ABACUS magnetic properties and much more)
  Pawel Salek,              KTH Stockholm,                Sweden      (DALTON; DFT code)
  Claire C. M. Samson       University of Karlsruhe       Germany     (Boys localization, r12 integrals in ERI)
  Alfredo Sanchez de Meras, University of Valencia,       Spain       (CC module, Cholesky decomposition)
  Trond Saue,               Paul Sabatier University,     France      (direct Fock matrix construction)
  Stephan P. A. Sauer,      University of Copenhagen,     Denmark     (SOPPA(CCSD), SOPPA prop., AOSOPPA, vibrational g-factors)
  Bernd Schimmelpfennig,    Forschungszentrum Karlsruhe,  Germany     (AMFI module)
  Kristian Sneskov,         Aarhus University,            Denmark     (Polarizable embedding model, QM/MM)
  Arnfinn H. Steindal,      UiT The Arctic U. of Norway,  Norway      (parallel QM/MM, Polarizable embedding model)
  Casper Steinmann,         Univ. of Southern Denmark,    Denmark     (QFIT, Polarizable embedding model)
  K. O. Sylvester-Hvid,     University of Copenhagen,     Denmark     (MC-SCRF)
  Peter R. Taylor,          VLSCI/Univ. of Melbourne,     Australia   (Symmetry handling ABACUS, integral transformation)
  Andrew M. Teale,          University of Nottingham,     England     (DFT-AC, DFT-D)
  David P. Tew,             University of Bristol,        England     (CCSD(R12))
  Olav Vahtras,             KTH Stockholm,                Sweden      (triplet response, spin-orbit, ESR, TDDFT, open-shell DFT)
  David J. Wilson,          La Trobe University,          Australia   (DFT Hessian and DFT magnetizabilities)
  Hans Agren,               KTH Stockholm,                Sweden      (SIRIUS module, RESPONS, MC-SCRF solvation model)
 --------------------------------------------------------------------------------

     Date and time (Darwin) : Sun Jan 21 18:57:03 2018
     Host name              : utonium.home                            

 * Work memory size             :    64000000 =  488.28 megabytes.

 * Directories for basis set searches:
   1) /Users/andre/Desktop/dalton_fde/dalton_fde_serial/test/fde_static_vemb
   2) /Users/andre/Desktop/dalton_fde/dalton_fde_serial/basis


Compilation information
-----------------------

 Who compiled             | andre
 Host                     | utonium.home
 System                   | Darwin-15.3.0
 CMake generator          | Unix Makefiles
 Processor                | x86_64
 64-bit integers          | OFF
 MPI                      | OFF
 Fortran compiler         | /opt/local/bin/gfortran
 Fortran compiler version | GNU Fortran (MacPorts gcc5 5.4.0_0) 5.4.0
 C compiler               | /opt/local/bin/gcc
 C compiler version       | gcc (MacPorts gcc5 5.4.0_0) 5.4.0
 C++ compiler             | /opt/local/bin/g++
 C++ compiler version     | g++ (MacPorts gcc5 5.4.0_0) 5.4.0
 BLAS                     | /usr/lib/libblas.dylib
 LAPACK                   | /usr/lib/liblapack.dylib
 Static linking           | OFF
 Last Git revision        | 54c9261aad955e433fd634e8ff17ccd02b82b8ad
 Git branch               | gomesasp/fde
 Configuration time       | 2018-01-20 22:40:00.556797


   Content of the .dal input file
 ----------------------------------

*DALTON INPUT
.RUN WAVE FUNCTIONS
.RUN PROPERTIES
.DIRECT
.FDE
*FDE
.EMBPOT
EMBPOT.2e-1
.PRINT
1
**PROPERTIES
**WAVE FUNCTIONS
.HF
*SCF INPUT
.THRESH
1.0D-10
**END OF DALTON INPUT



   Content of the .mol file
 ----------------------------

BASIS
STO-6G
water, testing FDE
sto-6g basis
Angstrom Nosymmetry Atomtypes=2
Charge=8.    Atoms=1
O    0.0000000          0.0000000         -0.2619247262
Charge=1.    Atoms=2
H    0.0000000000       0.7716276844       0.3426163129
H    0.0000000000      -0.7716276844       0.3426163129



       *******************************************************************
       *********** Output from DALTON general input processing ***********
       *******************************************************************

 --------------------------------------------------------------------------------
   Overall default print level:    0
   Print level for DALTON.STAT:    1

    AO-direct calculation (in sections where implemented)
    HERMIT 1- and 2-electron integral sections will be executed
    "Old" integral transformation used (limited to max 255 basis functions)
    Wave function sections will be executed (SIRIUS module)
    Static molecular property section will be executed (ABACUS module)
 --------------------------------------------------------------------------------
  
===========================================================================
  
  Frozen Density Embedding (FDE) Calculation setup

 * FDE print level               :     1
 * FDE Potential read from file : EMBPOT.2e-1                                                 

   Enviroment effects included via the fixed potential method described in:
   A.S.P. Gomes, C. R. Jacob and L. Visscher, PCCP 10 (2008) 5353-5362.

===========================================================================
  


   ****************************************************************************
   *************** Output of molecule and basis set information ***************
   ****************************************************************************


    The two title cards from your ".mol" input:
    ------------------------------------------------------------------------
 1: water, testing FDE                                                      
 2: sto-6g basis                                                            
    ------------------------------------------------------------------------

  Coordinates are entered in Angstrom and converted to atomic units.
          - Conversion factor : 1 bohr = 0.52917721 A

  Atomic type no.    1
  --------------------
  Nuclear charge:   8.00000
  Number of symmetry independent centers:    1
  Number of basis sets to read;    2
  Basis set file used for this atomic type with Z =   8 :
     "/Users/andre/Desktop/dalton_fde/dalton_fde_serial/basis/STO-6G"

  Atomic type no.    2
  --------------------
  Nuclear charge:   1.00000
  Number of symmetry independent centers:    2
  Number of basis sets to read;    2
  Basis set file used for this atomic type with Z =   1 :
     "/Users/andre/Desktop/dalton_fde/dalton_fde_serial/basis/STO-6G"


                         SYMGRP: Point group information
                         -------------------------------

@    Point group: C1 


                                 Isotopic Masses
                                 ---------------

                           O          15.994915
                           H           1.007825
                           H           1.007825

                       Total mass:    18.010565 amu
                       Natural abundance:  99.730 %

 Center-of-mass coordinates (a.u.):    0.000000    0.000000   -0.367113


  Atoms and basis sets
  --------------------

  Number of atom types :    2
  Total number of atoms:    3

  Basis set used is "STO-6G" from the basis set library.

  label    atoms   charge   prim   cont     basis
  ----------------------------------------------------------------------
  O           1    8.0000    30     5      [12s6p|2s1p]                                       
  H           2    1.0000     6     1      [6s|1s]                                            
  ----------------------------------------------------------------------
  total:      3   10.0000    42     7
  ----------------------------------------------------------------------

  Threshold for neglecting AO integrals:  1.00D-12


  Cartesian Coordinates (a.u.)
  ----------------------------

  Total number of coordinates:    9
  O       :     1  x   0.0000000000    2  y   0.0000000000    3  z  -0.4949659979
  H       :     4  x   0.0000000000    5  y   1.4581649940    6  z   0.6474509973
  H       :     7  x   0.0000000000    8  y  -1.4581649940    9  z   0.6474509973


   Interatomic separations (in Angstrom):
   --------------------------------------

            O           H           H     
            ------      ------      ------
 O     :    0.000000
 H     :    0.980244    0.000000
 H     :    0.980244    1.543255    0.000000


  Max    interatomic separation is    1.5433 Angstrom (    2.9163 Bohr)
  between atoms    3 and    2, "H     " and "H     ".

  Min HX interatomic separation is    0.9802 Angstrom (    1.8524 Bohr)


  Bond distances (Angstrom):
  --------------------------

                  atom 1     atom 2       distance
                  ------     ------       --------
  bond distance:  H          O            0.980244
  bond distance:  H          O            0.980244


  Bond angles (degrees):
  ----------------------

                  atom 1     atom 2     atom 3         angle
                  ------     ------     ------         -----
  bond angle:     H          O          H            103.845




 Principal moments of inertia (u*A**2) and principal axes
 --------------------------------------------------------

   IA       0.654216          0.000000    1.000000    0.000000
   IB       1.200137          0.000000    0.000000    1.000000
   IC       1.854353          1.000000    0.000000    0.000000


 Rotational constants
 --------------------

@    The molecule is planar.

               A                   B                   C

         772495.3934         421101.1936         272536.5804 MHz
           25.767673           14.046424            9.090842 cm-1


@  Nuclear repulsion energy :    8.980370271926 Hartree


                     .---------------------------------------.
                     | Starting in Integral Section (HERMIT) |
                     `---------------------------------------'



 ***************************************************************************************
 ****************** Output from **INTEGRALS input processing (HERMIT) ******************
 ***************************************************************************************


 - Using defaults, no **INTEGRALS input found

 Default print level:        1

 * Nuclear model: Point charge

 Calculation of one-electron Hamiltonian integrals.

 Center of mass  (bohr):      0.000000000000      0.000000000000     -0.367112550952
 Operator center (bohr):      0.000000000000      0.000000000000      0.000000000000
 Gauge origin    (bohr):      0.000000000000      0.000000000000      0.000000000000
 Dipole origin   (bohr):      0.000000000000      0.000000000000      0.000000000000


     ************************************************************************
     ************************** Output from HERINT **************************
     ************************************************************************



                      Nuclear contribution to dipole moments
                      --------------------------------------

                 au               Debye          C m (/(10**-30)

      x      0.00000000         0.00000000         0.00000000
      y      0.00000000         0.00000000         0.00000000
      z     -2.66482599        -6.77331162       -22.59333561


  Total CPU  time used in HERMIT:   0.02 seconds
  Total wall time used in HERMIT:   0.02 seconds


                        .----------------------------------.
                        | End of Integral Section (HERMIT) |
                        `----------------------------------'



                   .--------------------------------------------.
                   | Starting in Wave Function Section (SIRIUS) |
                   `--------------------------------------------'


 *** Output from Huckel module :

     Using EWMO model:          T
     Using EHT  model:          F
     Number of Huckel orbitals each symmetry:    7

 EWMO - Energy Weighted Maximum Overlap - is a Huckel type method,
        which normally is better than Extended Huckel Theory.
 Reference: Linderberg and Ohrn, Propagators in Quantum Chemistry (Wiley, 1973)

 Huckel EWMO eigenvalues for symmetry :  1
          -20.684612      -1.596791      -0.776316      -0.690581      -0.616200
           -0.239771      -0.175628

 **********************************************************************
 *SIRIUS* a direct, restricted step, second order MCSCF program       *
 **********************************************************************

 
     Date and time (Darwin) : Sun Jan 21 18:57:04 2018
     Host name              : utonium.home                            

 Title lines from ".mol" input file:
     water, testing FDE                                                      
     sto-6g basis                                                            

 Print level on unit LUPRI =   2 is   0
 Print level on unit LUW4  =   2 is   5

@    Restricted, closed shell Hartree-Fock calculation.
 Fock matrices are calculated directly without use of integrals on disk.

 Initial molecular orbitals are obtained according to
 ".MOSTART EWMO  " input option

     Wave function specification
     ============================
@    Wave function type        --- HF ---
@    Number of closed shell electrons          10
@    Number of electrons in active shells       0
@    Total charge of the molecule               0

@    Spin multiplicity and 2 M_S                1         0
@    Total number of symmetries                 1 (point group: C1 )
@    Reference state symmetry                   1 (irrep name : A  )

     Orbital specifications
     ======================
@    Abelian symmetry species          All |    1
@                                          |  A  
                                       --- |  ---
@    Occupied SCF orbitals               5 |    5
@    Secondary orbitals                  2 |    2
@    Total number of orbitals            7 |    7
@    Number of basis functions           7 |    7

     Optimization information
     ========================
@    Number of configurations                 1
@    Number of orbital rotations             10
     ------------------------------------------
@    Total number of variables               11

     Maximum number of Fock   iterations      0
     Maximum number of DIIS   iterations     60
     Maximum number of QC-SCF iterations     60
     Threshold for SCF convergence     1.00D-10


 ***********************************************
 ***** DIIS acceleration of SCF iterations *****
 ***********************************************

 C1-DIIS algorithm; max error vectors =    8

 Iter      Total energy        Error norm    Delta(E)  DIIS dim.
 -----------------------------------------------------------------------------
   1  Screening settings (-IFTHRS, JTDIIS, DIFDEN, times)   -5    1    T  1.04D-02  1.00D-02
@  1    -75.6247746887        6.95858D-01   -7.56D+01    1
      Virial theorem: -V/T =      1.997599
@    MULPOP   O      -0.46; H       0.23; H       0.23; 
   1  Level shift: doubly occupied orbital energies shifted by -2.00D-01
 -----------------------------------------------------------------------------
   2  Screening settings (-IFTHRS, JTDIIS, DIFDEN, times)   -5    2    T  9.87D-03  1.00D-02
@  2    -75.6703211002        2.28148D-01   -4.55D-02    2
      Virial theorem: -V/T =      1.998425
@    MULPOP   O      -0.38; H       0.19; H       0.19; 
   2  Level shift: doubly occupied orbital energies shifted by -1.00D-01
 -----------------------------------------------------------------------------
   3  Screening settings (-IFTHRS, JTDIIS, DIFDEN, times)   -7    3    F  9.92D-03  1.00D-02
@  3    -75.6755832586        2.43629D-02   -5.26D-03    3
      Virial theorem: -V/T =      1.997294
@    MULPOP   O      -0.37; H       0.19; H       0.19; 
   3  Level shift: doubly occupied orbital energies shifted by -2.50D-02
 -----------------------------------------------------------------------------
   4  Screening settings (-IFTHRS, JTDIIS, DIFDEN, times)   -7    4    T  1.00D-02  1.00D-02
@  4    -75.6756447630        8.51155D-04   -6.15D-05    4
      Virial theorem: -V/T =      1.997186
@    MULPOP   O      -0.37; H       0.18; H       0.18; 
 -----------------------------------------------------------------------------
   5  Screening settings (-IFTHRS, JTDIIS, DIFDEN, times)   -9    5    F  9.73D-03  1.00D-02
@  5    -75.6756448588        3.08347D-04   -9.57D-08    5
      Virial theorem: -V/T =      1.997178
@    MULPOP   O      -0.37; H       0.18; H       0.18; 
 -----------------------------------------------------------------------------
   6  Screening settings (-IFTHRS, JTDIIS, DIFDEN, times)   -9    6    T  1.02D-02  1.10D-02
@  6    -75.6756448781        5.53831D-07   -1.94D-08    6
      Virial theorem: -V/T =      1.997176
@    MULPOP   O      -0.37; H       0.18; H       0.18; 
 -----------------------------------------------------------------------------
   7  Screening settings (-IFTHRS, JTDIIS, DIFDEN, times)  -14    7    F  1.01D-02  1.00D-02
@  7    -75.6756448781        6.37763D-09   -2.84D-14    7
      Virial theorem: -V/T =      1.997176
@    MULPOP   O      -0.37; H       0.18; H       0.18; 
 -----------------------------------------------------------------------------
   8  Screening settings (-IFTHRS, JTDIIS, DIFDEN, times)  -14    8    T  9.82D-03  1.00D-02
@  8    -75.6756448781        6.96148D-09    0.00D+00    8
      Virial theorem: -V/T =      1.997176
@    MULPOP   O      -0.37; H       0.18; H       0.18; 
 -----------------------------------------------------------------------------
   9  Screening settings (-IFTHRS, JTDIIS, DIFDEN, times)  -14    9    T  1.00D-02  1.00D-02
@  9    -75.6756448781        2.33714D-09    0.00D+00    8
      Virial theorem: -V/T =      1.997176
@    MULPOP   O      -0.37; H       0.18; H       0.18; 
 -----------------------------------------------------------------------------
  10  Screening settings (-IFTHRS, JTDIIS, DIFDEN, times)  -14   10    T  9.84D-03  1.00D-02
@ 10    -75.6756448781        2.62998D-11    0.00D+00    8

@ *** DIIS converged in  10 iterations !
@     Converged SCF energy, gradient:    -75.675644878123    2.63D-11
    - total time used in SIRFCK :              0.00 seconds


 *** SCF orbital energy analysis ***

 Number of electrons :   10
 Orbital occupations :    5

 Sym       Hartree-Fock orbital energies

1 A     -20.50313350    -1.26354913    -0.60566497    -0.45551103    -0.39408301
          0.58140587     0.70741277

    E(LUMO) :     0.58140587 au (symmetry 1)
  - E(HOMO) :    -0.39408301 au (symmetry 1)
  ------------------------------------------
    gap     :     0.97548888 au

 --- Writing SIRIFC interface file

 CPU and wall time for SCF :       0.106       0.106


                       .-----------------------------------.
                       | --- Final results from SIRIUS --- |
                       `-----------------------------------'


@    Spin multiplicity:           1
@    Spatial symmetry:            1 ( irrep  A   in C1  )
@    Total charge of molecule:    0

@    Final HF energy:             -75.675644878123                 
@    Nuclear repulsion:             8.980370271926
@    Electronic energy:           -84.656015150049

@    Final gradient norm:           0.000000000026

 
     Date and time (Darwin) : Sun Jan 21 18:57:04 2018
     Host name              : utonium.home                            

File label for MO orbitals:  21Jan18   FOCKDIIS

 (Only coefficients > 0.0100 are printed.)

 Molecular orbitals for symmetry species 1  (A  )
 ------------------------------------------------

    Orbital         1        2        3        4        5        6        7
   1 O   :1s    -0.9967   0.2226   0.0000   0.0946   0.0000   0.1183  -0.0000
   2 O   :1s    -0.0157  -0.8460  -0.0000  -0.5262  -0.0000  -0.8439   0.0000
   3 O   :2px    0.0000  -0.0000   0.0000  -0.0000   1.0000  -0.0000   0.0000
   4 O   :2py    0.0000  -0.0000  -0.6119   0.0000   0.0000   0.0000   0.9717
   5 O   :2pz   -0.0031  -0.1232  -0.0000   0.7723   0.0000  -0.7417   0.0000
   6 H   :1s     0.0036  -0.1524  -0.4428   0.2864   0.0000   0.7830  -0.8203
   7 H   :1s     0.0036  -0.1524   0.4428   0.2864   0.0000   0.7830   0.8203

  Total CPU  time used in SIRIUS :   0.11 seconds
  Total wall time used in SIRIUS :   0.11 seconds

 
     Date and time (Darwin) : Sun Jan 21 18:57:04 2018
     Host name              : utonium.home                            


                     .---------------------------------------.
                     | End of Wave Function Section (SIRIUS) |
                     `---------------------------------------'



        *****************************************************************
        ******** Output from **PROPE input processing for ABACUS ********
        *****************************************************************



 The following molecular properties will be calculated in this run:
 ------------------------------------------------------------------

 Default print level:        0

      Direct calculation - no two-electron integrals written or read.
      Natural orbital connection is used
      for perturbation dependent basis sets.

 Center of mass dipole origin  :    0.000000    0.000000   -0.367113

 Center of mass gauge origin   :    0.000000    0.000000   -0.367113


                 .------------------------------------------------.
                 | Starting in Static Property Section (ABACUS) - |
                 `------------------------------------------------'


 
     Date and time (Darwin) : Sun Jan 21 18:57:04 2018
     Host name              : utonium.home                            


   ***************************************************************************
   ************************ FINAL RESULTS from ABACUS ************************
   ***************************************************************************


 
     Date and time (Darwin) : Sun Jan 21 18:57:04 2018
     Host name              : utonium.home                            


                             Molecular geometry (au)
                             -----------------------

 O          0.0000000000            0.0000000000           -0.4949659979
 H          0.0000000000            1.4581649940            0.6474509973
 H          0.0000000000           -1.4581649940            0.6474509973





                        Molecular wave function and energy
                        ----------------------------------

     Spatial symmetry   1 ( A   )
     Spin multiplicity  1
     2 * M_S            0
     State number       1
     Total charge       0

     Total energy        -75.6756448781 au (Hartrees)
                         -2059.23904812 eV
                           -198686.3750 kJ/mol
                            -47487.1833 kcal/mol


                   Scalar Breit-Pauli relativistic corrections
                   -------------------------------------------

     Darwin correction:                          0.1771839446 au
     Mass-velocity correction:                  -0.2209286451 au

     Total relativistic correction:             -0.0437447005 au ( 0.0578%)
     Non-relativistic + relativistic energy:   -75.7193895786 au



      (Note that these corrections are NOT included in the results below.)


                                  Dipole moment
                                  -------------

                 au               Debye          C m (/(10**-30)
              0.692025           1.758952           5.867232


                             Dipole moment components
                             ------------------------

                 au               Debye          C m (/(10**-30)

      x      0.00000000         0.00000000         0.00000000
      y      0.00000000         0.00000000         0.00000000
      z      0.69202499         1.75895198         5.86723224


   Units:   1 a.u. =   2.54175 Debye 
            1 a.u. =   8.47835 (10**-30) C m (SI)




   Interatomic separations (in Angstrom):
   --------------------------------------

            O           H           H     
            ------      ------      ------
 O     :    0.000000
 H     :    0.980244    0.000000
 H     :    0.980244    1.543255    0.000000


  Max    interatomic separation is    1.5433 Angstrom (    2.9163 Bohr)
  between atoms    3 and    2, "H     " and "H     ".

  Min HX interatomic separation is    0.9802 Angstrom (    1.8524 Bohr)


  Bond distances (Angstrom):
  --------------------------

                  atom 1     atom 2       distance
                  ------     ------       --------
  bond distance:  H          O            0.980244
  bond distance:  H          O            0.980244


  Bond angles (degrees):
  ----------------------

                  atom 1     atom 2     atom 3         angle
                  ------     ------     ------         -----
  bond angle:     H          O          H            103.845




 CPU time statistics for ABACUS
 ------------------------------




  Total CPU  time used in ABACUS:   0.01 seconds
  Total wall time used in ABACUS:   0.01 seconds


                   .-------------------------------------------.
                   | End of Static Property Section (ABACUS) - |
                   `-------------------------------------------'

  Total CPU  time used in DALTON:   0.14 seconds
  Total wall time used in DALTON:   0.64 seconds

 
     Date and time (Darwin) : Sun Jan 21 18:57:04 2018
     Host name              : utonium.home                            
