

     ************************************************************************
     *************** Dalton - An Electronic Structure Program ***************
     ************************************************************************

    This is output from DALTON 2016.alpha
   ----------------------------------------------------------------------------
    NOTE:
     
    Dalton is an experimental code for the evaluation of molecular
    properties using (MC)SCF, DFT, CI, and CC wave functions.
    The authors accept no responsibility for the performance of
    the code or for the correctness of the results.
     
    The code (in whole or part) is provided under a licence and
    is not to be reproduced for further distribution without
    the written permission of the authors or their representatives.
     
    See the home page "http://daltonprogram.org" for further information.
     
    If results obtained with this code are published,
    the appropriate citations would be both of:
     
       K. Aidas, C. Angeli, K. L. Bak, V. Bakken, R. Bast,
       L. Boman, O. Christiansen, R. Cimiraglia, S. Coriani,
       J. Cukras, P. Dahle, E. K. Dalskov, U. Ekstroem,
       T. Enevoldsen, J. J. Eriksen, P. Ettenhuber, B. Fernandez,
       L. Ferrighi, H. Fliegl, L. Frediani, K. Hald, A. Halkier,
       C. Haettig, H. Heiberg, T. Helgaker, A. C. Hennum,
       H. Hettema, E. Hjertenaes, S. Hoest, I.-M. Hoeyvik,
       M. F. Iozzi, B. Jansik, H. J. Aa. Jensen, D. Jonsson,
       P. Joergensen, M. Kaminski, J. Kauczor, S. Kirpekar,
       T. Kjaergaard, W. Klopper, S. Knecht, R. Kobayashi, H. Koch,
       J. Kongsted, A. Krapp, K. Kristensen, A. Ligabue,
       O. B. Lutnaes, J. I. Melo, K. V. Mikkelsen, R. H. Myhre,
       C. Neiss, C. B. Nielsen, P. Norman, J. Olsen,
       J. M. H. Olsen, A. Osted, M. J. Packer, F. Pawlowski,
       T. B. Pedersen, P. F. Provasi, S. Reine, Z. Rinkevicius,
       T. A. Ruden, K. Ruud, V. Rybkin, P. Salek, C. C. M. Samson,
       A. Sanchez de Meras, T. Saue, S. P. A. Sauer,
       B. Schimmelpfennig, K. Sneskov, A. H. Steindal,
       K. O. Sylvester-Hvid, P. R. Taylor, A. M. Teale,
       E. I. Tellgren, D. P. Tew, A. J. Thorvaldsen, L. Thoegersen,
       O. Vahtras, M. A. Watson, D. J. D. Wilson, M. Ziolkowski
       and H. Agren,
       "The Dalton quantum chemistry program system",
       WIREs Comput. Mol. Sci. 2013. (doi: 10.1002/wcms.1172)
    
    and
    
       Dalton, a Molecular Electronic Structure Program,
       Release Dalton2016.alpha (2015), see http://daltonprogram.org
   ----------------------------------------------------------------------------

    Authors in alphabetical order (major contribution(s) in parenthesis):

  Kestutis Aidas,           Vilnius University,           Lithuania   (QM/MM)
  Celestino Angeli,         University of Ferrara,        Italy       (NEVPT2)
  Keld L. Bak,              UNI-C,                        Denmark     (AOSOPPA, non-adiabatic coupling, magnetic properties)
  Vebjoern Bakken,          University of Oslo,           Norway      (DALTON; geometry optimizer, symmetry detection)
  Radovan Bast,             KTH Stockholm,                Sweden      (DALTON installation and execution frameworks)
  Pablo Baudin,             University of Valencia,       Spain       (Cholesky excitation energies)
  Linus Boman,              NTNU,                         Norway      (Cholesky decomposition and subsystems)
  Ove Christiansen,         Aarhus University,            Denmark     (CC module)
  Renzo Cimiraglia,         University of Ferrara,        Italy       (NEVPT2)
  Sonia Coriani,            University of Trieste,        Italy       (CC module, MCD in RESPONS)
  Janusz Cukras,            University of Trieste,        Italy       (MChD in RESPONS)
  Paal Dahle,               University of Oslo,           Norway      (Parallelization)
  Erik K. Dalskov,          UNI-C,                        Denmark     (SOPPA)
  Thomas Enevoldsen,        Univ. of Southern Denmark,    Denmark     (SOPPA)
  Janus J. Eriksen,         Aarhus University,            Denmark     (Polarizable embedding model, TDA)
  Berta Fernandez,          U. of Santiago de Compostela, Spain       (doublet spin, ESR in RESPONS)
  Lara Ferrighi,            Aarhus University,            Denmark     (PCM Cubic response)
  Heike Fliegl,             University of Oslo,           Norway      (CCSD(R12))
  Luca Frediani,            UiT The Arctic U. of Norway,  Norway      (PCM)
  Bin Gao,                  UiT The Arctic U. of Norway,  Norway      (Gen1Int library)
  Christof Haettig,         Ruhr-University Bochum,       Germany     (CC module)
  Kasper Hald,              Aarhus University,            Denmark     (CC module)
  Asger Halkier,            Aarhus University,            Denmark     (CC module)
  Erik D. Hedegaard,        Univ. of Southern Denmark,    Denmark     (Polarizable embedding model, QM/MM)
  Hanne Heiberg,            University of Oslo,           Norway      (geometry analysis, selected one-electron integrals)
  Trygve Helgaker,          University of Oslo,           Norway      (DALTON; ABACUS, ERI, DFT modules, London, and much more)
  Alf Christian Hennum,     University of Oslo,           Norway      (Parity violation)
  Hinne Hettema,            University of Auckland,       New Zealand (quadratic response in RESPONS; SIRIUS supersymmetry)
  Eirik Hjertenaes,         NTNU,                         Norway      (Cholesky decomposition)
  Maria Francesca Iozzi,    University of Oslo,           Norway      (RPA)
  Brano Jansik              Technical Univ. of Ostrava    Czech Rep.  (DFT cubic response)
  Hans Joergen Aa. Jensen,  Univ. of Southern Denmark,    Denmark     (DALTON; SIRIUS, RESPONS, ABACUS modules, London, and much more)
  Dan Jonsson,              UiT The Arctic U. of Norway,  Norway      (cubic response in RESPONS module)
  Poul Joergensen,          Aarhus University,            Denmark     (RESPONS, ABACUS, and CC modules)
  Maciej Kaminski,          University of Warsaw,         Poland      (CPPh in RESPONS)
  Joanna Kauczor,           Linkoeping University,        Sweden      (Complex polarization propagator (CPP) module)
  Sheela Kirpekar,          Univ. of Southern Denmark,    Denmark     (Mass-velocity & Darwin integrals)
  Wim Klopper,              KIT Karlsruhe,                Germany     (R12 code in CC, SIRIUS, and ABACUS modules)
  Stefan Knecht,            ETH Zurich,                   Switzerland (Parallel CI and MCSCF)
  Rika Kobayashi,           Australian National Univ.,    Australia   (DIIS in CC, London in MCSCF)
  Henrik Koch,              NTNU,                         Norway      (CC module, Cholesky decomposition)
  Jacob Kongsted,           Univ. of Southern Denmark,    Denmark     (Polarizable embedding model, QM/MM)
  Andrea Ligabue,           University of Modena,         Italy       (CTOCD, AOSOPPA)
  Nanna H. List             Univ. of Southern Denmark,    Denmark     (Polarizable embedding model)
  Ola B. Lutnaes,           University of Oslo,           Norway      (DFT Hessian)
  Juan I. Melo,             University of Buenos Aires,   Argentina   (LRESC, Relativistic Effects on NMR Shieldings)
  Kurt V. Mikkelsen,        University of Copenhagen,     Denmark     (MC-SCRF and QM/MM)
  Rolf H. Myhre,            NTNU,                         Norway      (Cholesky, subsystems and ECC2)
  Christian Neiss,          Univ. Erlangen-Nuernberg,     Germany     (CCSD(R12))
  Christian B. Nielsen,     University of Copenhagen,     Denmark     (QM/MM)
  Patrick Norman,           Linkoeping University,        Sweden      (Cubic response and complex response in RESPONS)
  Jeppe Olsen,              Aarhus University,            Denmark     (SIRIUS CI/density modules)
  Jogvan Magnus H. Olsen,   Univ. of Southern Denmark,    Denmark     (Polarizable embedding model, QM/MM)
  Anders Osted,             Copenhagen University,        Denmark     (QM/MM)
  Martin J. Packer,         University of Sheffield,      UK          (SOPPA)
  Filip Pawlowski,          Kazimierz Wielki University,  Poland      (CC3)
  Morten N. Pedersen,       Univ. of Southern Denmark,    Denmark     (Polarizable embedding model)
  Thomas B. Pedersen,       University of Oslo,           Norway      (Cholesky decomposition)
  Patricio F. Provasi,      University of Northeastern,   Argentina   (Analysis of coupling constants in localized orbitals)
  Zilvinas Rinkevicius,     KTH Stockholm,                Sweden      (open-shell DFT, ESR)
  Elias Rudberg,            KTH Stockholm,                Sweden      (DFT grid and basis info)
  Torgeir A. Ruden,         University of Oslo,           Norway      (Numerical derivatives in ABACUS)
  Kenneth Ruud,             UiT The Arctic U. of Norway,  Norway      (DALTON; ABACUS magnetic properties and much more)
  Pawel Salek,              KTH Stockholm,                Sweden      (DALTON; DFT code)
  Claire C. M. Samson       University of Karlsruhe       Germany     (Boys localization, r12 integrals in ERI)
  Alfredo Sanchez de Meras, University of Valencia,       Spain       (CC module, Cholesky decomposition)
  Trond Saue,               Paul Sabatier University,     France      (direct Fock matrix construction)
  Stephan P. A. Sauer,      University of Copenhagen,     Denmark     (SOPPA(CCSD), SOPPA prop., AOSOPPA, vibrational g-factors)
  Bernd Schimmelpfennig,    Forschungszentrum Karlsruhe,  Germany     (AMFI module)
  Kristian Sneskov,         Aarhus University,            Denmark     (Polarizable embedding model, QM/MM)
  Arnfinn H. Steindal,      UiT The Arctic U. of Norway,  Norway      (parallel QM/MM, Polarizable embedding model)
  Casper Steinmann,         Univ. of Southern Denmark,    Denmark     (QFIT, Polarizable embedding model)
  K. O. Sylvester-Hvid,     University of Copenhagen,     Denmark     (MC-SCRF)
  Peter R. Taylor,          VLSCI/Univ. of Melbourne,     Australia   (Symmetry handling ABACUS, integral transformation)
  Andrew M. Teale,          University of Nottingham,     England     (DFT-AC, DFT-D)
  David P. Tew,             University of Bristol,        England     (CCSD(R12))
  Olav Vahtras,             KTH Stockholm,                Sweden      (triplet response, spin-orbit, ESR, TDDFT, open-shell DFT)
  David J. Wilson,          La Trobe University,          Australia   (DFT Hessian and DFT magnetizabilities)
  Hans Agren,               KTH Stockholm,                Sweden      (SIRIUS module, RESPONS, MC-SCRF solvation model)
 --------------------------------------------------------------------------------

     Date and time (Linux)  : Fri Oct  9 14:41:25 2015
     Host name              : foeroyar                                

 * Work memory size             :    64000000 =  488.28 megabytes.

 * Directories for basis set searches:
   1) /home/magnus/Projects/dalton_devel/dalton/build_pe_develop/test/pdehf
   2) /home/magnus/Projects/dalton_devel/dalton/build_pe_develop/basis


Compilation information
-----------------------

 Who compiled             | magnus
 Host                     | foeroyar
 System                   | Linux-4.1.6-201.fc22.x86_64
 CMake generator          | Unix Makefiles
 Processor                | x86_64
 64-bit integers          | OFF
 MPI                      | OFF
 Fortran compiler         | /usr/bin/gfortran
 Fortran compiler version | GNU Fortran (GCC) 5.1.1 20150618 (Red Hat 5.1.1-4)
 C compiler               | /usr/lib64/ccache/gcc
 C compiler version       | gcc (GCC) 5.1.1 20150618 (Red Hat 5.1.1-4)
 C++ compiler             | /usr/lib64/ccache/g++
 C++ compiler version     | g++ (GCC) 5.1.1 20150618 (Red Hat 5.1.1-4)
 BLAS                     | /lib64/libblas.so
 LAPACK                   | /lib64/liblapack.so
 Static linking           | OFF
 Last Git revision        | f865ef04857e1a1ba3300ad3e58afcdaef4bffbe
 Git branch               | pe/develop
 Configuration time       | 2015-10-09 14:31:38.236544


   Content of the .dal input file
 ----------------------------------

**DALTON                                          
.RUN WAVE FUN                                     
.PEQM                                             
*PEQM                                             
.ITERATIVE                                        
1.0d-12                                           
.FD                                               
1                                                 
.REPULS                                           
!.NOFDES                                          
**WAVE FUN                                        
.HF                                               
*SCF INPUT                                        
.THRESH                                           
1.0d-8                                            
**END OF                                          


   Content of the .mol file
 ----------------------------

BASIS                                                                          
STO-3G                                                                         
                                                                               
                                                                               
AtomTypes=2 Charge=0 Angstrom NoSymmetry                                       
Charge=8.0 Atoms=1                                                             
O    0.000000    0.000000    0.000000                                          
Charge=1.0 Atoms=2                                                             
H    0.784000   -0.554000    0.000000                                          
H   -0.784000   -0.554000    0.000000                                          
                                                                               


       *******************************************************************
       *********** Output from DALTON general input processing ***********
       *******************************************************************

 --------------------------------------------------------------------------------
   Overall default print level:    0
   Print level for DALTON.STAT:    1

    HERMIT 1- and 2-electron integral sections will be executed
    "Old" integral transformation used (limited to max 255 basis functions)
    Wave function sections will be executed (SIRIUS module)
    Environment is modeled using polarizable embedding scheme (PE library)
 --------------------------------------------------------------------------------


   ****************************************************************************
   *************** Output of molecule and basis set information ***************
   ****************************************************************************


    The two title cards from your ".mol" input:
    ------------------------------------------------------------------------
 1:                                                                         
 2:                                                                         
    ------------------------------------------------------------------------

  Coordinates are entered in Angstrom and converted to atomic units.
          - Conversion factor : 1 bohr = 0.52917721 A

  Atomic type no.    1
  --------------------
  Nuclear charge:   8.00000
  Number of symmetry independent centers:    1
  Number of basis sets to read;    2
  Basis set file used for this atomic type with Z =   8 :
     "/home/magnus/Projects/dalton_devel/dalton/build_pe_develop/basis/STO-3G"

  Atomic type no.    2
  --------------------
  Nuclear charge:   1.00000
  Number of symmetry independent centers:    2
  Number of basis sets to read;    2
  Basis set file used for this atomic type with Z =   1 :
     "/home/magnus/Projects/dalton_devel/dalton/build_pe_develop/basis/STO-3G"


                         SYMGRP: Point group information
                         -------------------------------

@    Point group: C1 


                                 Isotopic Masses
                                 ---------------

                           O          15.994915
                           H           1.007825
                           H           1.007825

                       Total mass:    18.010565 amu
                       Natural abundance:  99.730 %

 Center-of-mass coordinates (a.u.):    0.000000   -0.117165    0.000000


  Atoms and basis sets
  --------------------

  Number of atom types :    2
  Total number of atoms:    3

  Basis set used is "STO-3G" from the basis set library.

  label    atoms   charge   prim   cont     basis
  ----------------------------------------------------------------------
  O           1    8.0000    15     5      [6s3p|2s1p]                                        
  H           2    1.0000     3     1      [3s|1s]                                            
  ----------------------------------------------------------------------
  total:      3   10.0000    21     7
  ----------------------------------------------------------------------

  Threshold for neglecting AO integrals:  1.00D-12


  Cartesian Coordinates (a.u.)
  ----------------------------

  Total number of coordinates:    9
  O       :     1  x   0.0000000000    2  y   0.0000000000    3  z   0.0000000000
  H       :     4  x   1.4815452820    5  y  -1.0469082732    6  z   0.0000000000
  H       :     7  x  -1.4815452820    8  y  -1.0469082732    9  z   0.0000000000


   Interatomic separations (in Angstrom):
   --------------------------------------

            O           H           H     
            ------      ------      ------
 O     :    0.000000
 H     :    0.959985    0.000000
 H     :    0.959985    1.568000    0.000000


  Max    interatomic separation is    1.5680 Angstrom (    2.9631 Bohr)
  between atoms    3 and    2, "H     " and "H     ".

  Min HX interatomic separation is    0.9600 Angstrom (    1.8141 Bohr)


  Bond distances (Angstrom):
  --------------------------

                  atom 1     atom 2       distance
                  ------     ------       --------
  bond distance:  H          O            0.959985
  bond distance:  H          O            0.959985


  Bond angles (degrees):
  ----------------------

                  atom 1     atom 2     atom 3         angle
                  ------     ------     ------         -----
  bond angle:     H          O          H            109.507




 Principal moments of inertia (u*A**2) and principal axes
 --------------------------------------------------------

   IA       0.549401          1.000000    0.000000    0.000000
   IB       1.238931          0.000000    1.000000    0.000000
   IC       1.788332          0.000000    0.000000    1.000000


 Rotational constants
 --------------------

@    The molecule is planar.

               A                   B                   C

         919873.1556         407915.2565         282597.9582 MHz
           30.683666           13.606588            9.426453 cm-1


@  Nuclear repulsion energy :    9.157239627730 Hartree

  Reading potential input file for polarizable embedding calculation

    .------------------------------------------------.
    | Information from polarizable embedding library |
    `------------------------------------------------´

      Number of classical sites:      3

      Dipole-dipole polarizabilities.

      Iterative solver for induced moments will be used
      with convergence threshold: 1.0E-12

      Number of fragment densities:    1

      Repulsion operator will be used for fragment densities


                     .---------------------------------------.
                     | Starting in Integral Section (HERMIT) |
                     `---------------------------------------'



 ***************************************************************************************
 ****************** Output from **INTEGRALS input processing (HERMIT) ******************
 ***************************************************************************************


 - Using defaults, no **INTEGRALS input found

 Default print level:        1

 * Nuclear model: Point charge

 Calculation of one- and two-electron Hamiltonian integrals.

 Center of mass  (bohr):      0.000000000000     -0.117164600942      0.000000000000
 Operator center (bohr):      0.000000000000      0.000000000000      0.000000000000
 Gauge origin    (bohr):      0.000000000000      0.000000000000      0.000000000000
 Dipole origin   (bohr):      0.000000000000      0.000000000000      0.000000000000


     ************************************************************************
     ************************** Output from HERINT **************************
     ************************************************************************


 Threshold for neglecting two-electron integrals:  1.00D-12
 HERMIT - Number of two-electron integrals written:         228 ( 56.2% )
 HERMIT - Megabytes written:                              0.007

 >>>> Total CPU  time used in HERMIT:   0.01 seconds
 >>>> Total wall time used in HERMIT:   0.01 seconds


                        .----------------------------------.
                        | End of Integral Section (HERMIT) |
                        `----------------------------------'



                   .--------------------------------------------.
                   | Starting in Wave Function Section (SIRIUS) |
                   `--------------------------------------------'


 *** Output from Huckel module :

     Using EWMO model:          T
     Using EHT  model:          F
     Number of Huckel orbitals each symmetry:    7

 EWMO - Energy Weighted Maximum Overlap - is a Huckel type method,
        which normally is better than Extended Huckel Theory.
 Reference: Linderberg and Ohrn, Propagators in Quantum Chemistry (Wiley, 1973)

 Huckel EWMO eigenvalues for symmetry :  1
          -20.684922      -1.605860      -0.788573      -0.681099      -0.616200
           -0.235307      -0.167939

 **********************************************************************
 *SIRIUS* a direct, restricted step, second order MCSCF program       *
 **********************************************************************

 
     Date and time (Linux)  : Fri Oct  9 14:41:25 2015
     Host name              : foeroyar                                

 Title lines from ".mol" input file:
                                                                             
                                                                             

 Print level on unit LUPRI =   2 is   0
 Print level on unit LUW4  =   2 is   5

@    Restricted, closed shell Hartree-Fock calculation.

 Initial molecular orbitals are obtained according to
 ".MOSTART EWMO  " input option

@    QM part is embedded in an environment :

@         Model: PE

     Wave function specification
     ============================

     Wave function environment is modeled using the
     polarizable embedding model (PE library).

@    Wave function type        >>> PE-HF <<<
@    Number of closed shell electrons          10
@    Number of electrons in active shells       0
@    Total charge of the molecule               0

@    Spin multiplicity and 2 M_S                1         0
@    Total number of symmetries                 1 (point group: C1 )
@    Reference state symmetry                   1 (irrep name : A  )

     Orbital specifications
     ======================
@    Abelian symmetry species          All |    1
@                                          |  A  
                                       --- |  ---
@    Occupied SCF orbitals               5 |    5
@    Secondary orbitals                  2 |    2
@    Total number of orbitals            7 |    7
@    Number of basis functions           7 |    7

     Optimization information
     ========================
@    Number of configurations                 1
@    Number of orbital rotations             10
     ------------------------------------------
@    Total number of variables               11

     Maximum number of Fock   iterations      0
     Maximum number of DIIS   iterations     60
     Maximum number of QC-SCF iterations     60
     Threshold for SCF convergence     1.00D-08


 ***********************************************
 ***** DIIS acceleration of SCF iterations *****
 ***********************************************

 C1-DIIS algorithm; max error vectors =    8

 Iter      Total energy     Embedding energy      Error norm     Delta(E)
 -----------------------------------------------------------------------------
     (Precalculated two-electron integrals are transformed to P-supermatrix elements.
      Threshold for discarding integrals :  1.00D-12 )
@  1  -74.7830510248      0.131249413881        7.81203D-01   -7.48D+01
      Virial theorem: -V/T =      2.002603
@      MULPOP O      -0.46; H       0.23; H       0.23; 
   1  Level shift: doubly occupied orbital energies shifted by -2.00D-01
 -----------------------------------------------------------------------------
@  2  -74.8357583323      0.121800628955        2.51371D-01   -5.27D-02
      Virial theorem: -V/T =      2.004763
@      MULPOP O      -0.35; H       0.18; H       0.18; 
   2  Level shift: doubly occupied orbital energies shifted by -1.00D-01
 -----------------------------------------------------------------------------
@  3  -74.8428629683      0.116480861348        4.97324D-02   -7.10D-03
      Virial theorem: -V/T =      2.004018
@      MULPOP O      -0.33; H       0.16; H       0.16; 
   3  Level shift: doubly occupied orbital energies shifted by -2.50D-02
 -----------------------------------------------------------------------------
@  4  -74.8432207595      0.114843821418        1.10240D-02   -3.58D-04
      Virial theorem: -V/T =      2.003744
@      MULPOP O      -0.32; H       0.16; H       0.16; 
 -----------------------------------------------------------------------------
@  5  -74.8432477365      0.114371802270        2.20856D-04   -2.70D-05
      Virial theorem: -V/T =      2.003687
@      MULPOP O      -0.32; H       0.16; H       0.16; 
 -----------------------------------------------------------------------------
@  6  -74.8432477443      0.114361850702        1.18921D-05   -7.73D-09
      Virial theorem: -V/T =      2.003689
@      MULPOP O      -0.32; H       0.16; H       0.16; 
 -----------------------------------------------------------------------------
@  7  -74.8432477443      0.114361664848        2.34957D-07   -1.75D-11
      Virial theorem: -V/T =      2.003689
@      MULPOP O      -0.32; H       0.16; H       0.16; 
 -----------------------------------------------------------------------------
@  8  -74.8432477443      0.114361658266        4.47648D-08   -5.68D-14
      Virial theorem: -V/T =      2.003689
@      MULPOP O      -0.32; H       0.16; H       0.16; 
 -----------------------------------------------------------------------------
@  9  -74.8432477443      0.114361659846        1.07003D-08    0.00D+00
      Virial theorem: -V/T =      2.003689
@      MULPOP O      -0.32; H       0.16; H       0.16; 
 -----------------------------------------------------------------------------
@ 10  -74.8432477443      0.114361659575        1.67060D-09    5.68D-14

@ *** DIIS converged in  10 iterations !
@     Converged SCF energy, gradient:    -74.843247744270    1.67D-09
    - total time used in SIRFCK :              0.00 seconds


 *** SCF orbital energy analysis ***
   (incl. contribution from polarizable embedding potential)

 Number of electrons :   10
 Orbital occupations :    5

 Sym       Hartree-Fock orbital energies

1 A     -20.21424677    -1.21820636    -0.59518832    -0.35619832    -0.34868172
          0.62616480     0.77835182

    E(LUMO) :     0.62616480 au (symmetry 1)
  - E(HOMO) :    -0.34868172 au (symmetry 1)
  ------------------------------------------
    gap     :     0.97484652 au

    .--------------------------------------------------.
    | Final results from polarizable embedding library |
    `--------------------------------------------------´

        Polarizable embedding energy contributions:
       ---------------------------------------------

       Polarization contributions:
            Electronic                -0.087279032961
            Nuclear                    0.084453741286
            Total                     -0.002825291675

       Fragment density contributions:
            Electronic                 0.586748120799
            Nuclear                   -0.651828642451
            Polarization              -0.000000000000
            Repulsion                  0.182267472902
            Total                      0.117186951250

       Total PE energy:             0.114361659575

 >>> Writing SIRIFC interface file

 >>>> CPU and wall time for SCF :       0.017       0.017


                       .-----------------------------------.
                       | >>> Final results from SIRIUS <<< |
                       `-----------------------------------'


@    Spin multiplicity:           1
@    Spatial symmetry:            1 ( irrep  A   in C1  )
@    Total charge of molecule:    0

@    Final HF energy:             -74.843247744270                 
@    Nuclear repulsion:             9.157239627730
@    Electronic energy:           -84.114849031575
@    Embedding energy:              0.114361659575

@    Final gradient norm:           0.000000001671

 
     Date and time (Linux)  : Fri Oct  9 14:41:25 2015
     Host name              : foeroyar                                

File label for MO orbitals:   9Oct15   FOCKDIIS

 (Only coefficients >0.0100 are printed.)

 Molecular orbitals for symmetry species 1  (A  )
 ------------------------------------------------

    Orbital         1        2        3        4        5        6        7
   1 O   :1s    -0.9942   0.2300  -0.0000  -0.0000  -0.1147   0.1272   0.0000
   2 O   :1s    -0.0263  -0.8213   0.0000   0.0001   0.5933  -0.8579  -0.0000
   3 O   :2px    0.0000   0.0000  -0.5949   0.0000   0.0000   0.0000  -1.0059
   4 O   :2py    0.0044   0.1615   0.0000   0.0001   0.7532   0.7473  -0.0000
   5 O   :2pz    0.0000   0.0000  -0.0000  -1.0000   0.0001   0.0000   0.0000
   6 H   :1s     0.0060  -0.1635  -0.4463  -0.0000  -0.3023   0.7887   0.8312
   7 H   :1s     0.0060  -0.1635   0.4463  -0.0000  -0.3023   0.7887  -0.8312



 >>>> Total CPU  time used in SIRIUS :      0.02 seconds
 >>>> Total wall time used in SIRIUS :      0.02 seconds

 
     Date and time (Linux)  : Fri Oct  9 14:41:25 2015
     Host name              : foeroyar                                


                     .---------------------------------------.
                     | End of Wave Function Section (SIRIUS) |
                     `---------------------------------------'

 >>>> Total CPU  time used in DALTON:   0.03 seconds
 >>>> Total wall time used in DALTON:   0.03 seconds

 
     Date and time (Linux)  : Fri Oct  9 14:41:25 2015
     Host name              : foeroyar                                
