

     ************************************************************************
     *************** Dalton - An Electronic Structure Program ***************
     ************************************************************************

    This is output from DALTON release Dalton2019.alpha (2019)
         ( Web site: http://daltonprogram.org )

   ----------------------------------------------------------------------------

    NOTE:
     
    Dalton is an experimental code for the evaluation of molecular
    properties using (MC)SCF, DFT, CI, and CC wave functions.
    The authors accept no responsibility for the performance of
    the code or for the correctness of the results.
     
    The code (in whole or part) is provided under a licence and
    is not to be reproduced for further distribution without
    the written permission of the authors or their representatives.
     
    See the home page "http://daltonprogram.org" for further information.
     
    If results obtained with this code are published,
    the appropriate citations would be both of:
     
       K. Aidas, C. Angeli, K. L. Bak, V. Bakken, R. Bast,
       L. Boman, O. Christiansen, R. Cimiraglia, S. Coriani,
       P. Dahle, E. K. Dalskov, U. Ekstroem,
       T. Enevoldsen, J. J. Eriksen, P. Ettenhuber, B. Fernandez,
       L. Ferrighi, H. Fliegl, L. Frediani, K. Hald, A. Halkier,
       C. Haettig, H. Heiberg, T. Helgaker, A. C. Hennum,
       H. Hettema, E. Hjertenaes, S. Hoest, I.-M. Hoeyvik,
       M. F. Iozzi, B. Jansik, H. J. Aa. Jensen, D. Jonsson,
       P. Joergensen, J. Kauczor, S. Kirpekar,
       T. Kjaergaard, W. Klopper, S. Knecht, R. Kobayashi, H. Koch,
       J. Kongsted, A. Krapp, K. Kristensen, A. Ligabue,
       O. B. Lutnaes, J. I. Melo, K. V. Mikkelsen, R. H. Myhre,
       C. Neiss, C. B. Nielsen, P. Norman, J. Olsen,
       J. M. H. Olsen, A. Osted, M. J. Packer, F. Pawlowski,
       T. B. Pedersen, P. F. Provasi, S. Reine, Z. Rinkevicius,
       T. A. Ruden, K. Ruud, V. Rybkin, P. Salek, C. C. M. Samson,
       A. Sanchez de Meras, T. Saue, S. P. A. Sauer,
       B. Schimmelpfennig, K. Sneskov, A. H. Steindal,
       K. O. Sylvester-Hvid, P. R. Taylor, A. M. Teale,
       E. I. Tellgren, D. P. Tew, A. J. Thorvaldsen, L. Thoegersen,
       O. Vahtras, M. A. Watson, D. J. D. Wilson, M. Ziolkowski
       and H. Agren,
       "The Dalton quantum chemistry program system",
       WIREs Comput. Mol. Sci. 2014, 4:269â€“284 (doi: 10.1002/wcms.1172)
     
    and
     
       Dalton, a molecular electronic structure program,
       Release Dalton2019.alpha (2019), see http://daltonprogram.org
   ----------------------------------------------------------------------------

    Authors in alphabetical order (major contribution(s) in parenthesis):

  Kestutis Aidas,           Vilnius University,           Lithuania   (QM/MM)
  Celestino Angeli,         University of Ferrara,        Italy       (NEVPT2)
  Keld L. Bak,              UNI-C,                        Denmark     (AOSOPPA, non-adiabatic coupling, magnetic properties)
  Vebjoern Bakken,          University of Oslo,           Norway      (DALTON; geometry optimizer, symmetry detection)
  Radovan Bast,             UiT The Arctic U. of Norway,  Norway      (DALTON installation and execution frameworks)
  Pablo Baudin,             University of Valencia,       Spain       (Cholesky excitation energies)
  Linus Boman,              NTNU,                         Norway      (Cholesky decomposition and subsystems)
  Ove Christiansen,         Aarhus University,            Denmark     (CC module)
  Renzo Cimiraglia,         University of Ferrara,        Italy       (NEVPT2)
  Sonia Coriani,            Technical Univ. of Denmark,   Denmark     (CC module, MCD in RESPONS)
  Janusz Cukras,            University of Trieste,        Italy       (MChD in RESPONS)
  Paal Dahle,               University of Oslo,           Norway      (Parallelization)
  Erik K. Dalskov,          UNI-C,                        Denmark     (SOPPA)
  Thomas Enevoldsen,        Univ. of Southern Denmark,    Denmark     (SOPPA)
  Janus J. Eriksen,         Aarhus University,            Denmark     (Polarizable embedding model, TDA)
  Rasmus Faber,             University of Copenhagen,     Denmark     (Vib.avg. NMR with SOPPA, parallel AO-SOPPA)
  Tobias Fahleson,          KTH Stockholm,                Sweden      (Damped cubic response)
  Berta Fernandez,          U. of Santiago de Compostela, Spain       (doublet spin, ESR in RESPONS)
  Lara Ferrighi,            Aarhus University,            Denmark     (PCM Cubic response)
  Heike Fliegl,             University of Oslo,           Norway      (CCSD(R12))
  Luca Frediani,            UiT The Arctic U. of Norway,  Norway      (PCM)
  Bin Gao,                  UiT The Arctic U. of Norway,  Norway      (Gen1Int library)
  Christof Haettig,         Ruhr-University Bochum,       Germany     (CC module)
  Kasper Hald,              Aarhus University,            Denmark     (CC module)
  Asger Halkier,            Aarhus University,            Denmark     (CC module)
  Frederik Beyer Hansen,    University of Copenhagen,     Denmark     (Parallel AO-SOPPA)
  Erik D. Hedegaard,        Univ. of Southern Denmark,    Denmark     (Polarizable embedding model, QM/MM)
  Hanne Heiberg,            University of Oslo,           Norway      (geometry analysis, selected one-electron integrals)
  Trygve Helgaker,          University of Oslo,           Norway      (DALTON; ABACUS, ERI, DFT modules, London, and much more)
  Alf Christian Hennum,     University of Oslo,           Norway      (Parity violation)
  Hinne Hettema,            University of Auckland,       New Zealand (quadratic response in RESPONS; SIRIUS supersymmetry)
  Eirik Hjertenaes,         NTNU,                         Norway      (Cholesky decomposition)
  Pi A. B. Haase,           University of Copenhagen,     Denmark     (Triplet AO-SOPPA)
  Maria Francesca Iozzi,    University of Oslo,           Norway      (RPA)
  Christoph Jacob           TU Braunschweig               Germany     (Frozen density embedding model)
  Brano Jansik              Technical Univ. of Ostrava    Czech Rep.  (DFT cubic response)
  Hans Joergen Aa. Jensen,  Univ. of Southern Denmark,    Denmark     (DALTON; SIRIUS, RESPONS, ABACUS modules, London, and much more)
  Dan Jonsson,              UiT The Arctic U. of Norway,  Norway      (cubic response in RESPONS module)
  Poul Joergensen,          Aarhus University,            Denmark     (RESPONS, ABACUS, and CC modules)
  Maciej Kaminski,          University of Warsaw,         Poland      (CPPh in RESPONS)
  Joanna Kauczor,           Linkoeping University,        Sweden      (Complex polarization propagator (CPP) module)
  Sheela Kirpekar,          Univ. of Southern Denmark,    Denmark     (Mass-velocity & Darwin integrals)
  Wim Klopper,              KIT Karlsruhe,                Germany     (R12 code in CC, SIRIUS, and ABACUS modules)
  Stefan Knecht,            ETH Zurich,                   Switzerland (Parallel CI and MCSCF)
  Rika Kobayashi,           Australian National Univ.,    Australia   (DIIS in CC, London in MCSCF)
  Henrik Koch,              NTNU,                         Norway      (CC module, Cholesky decomposition)
  Jacob Kongsted,           Univ. of Southern Denmark,    Denmark     (Polarizable embedding model, QM/MM)
  Andrea Ligabue,           University of Modena,         Italy       (CTOCD, AOSOPPA)
  Nanna H. List             Univ. of Southern Denmark,    Denmark     (Polarizable embedding model)
  Ola B. Lutnaes,           University of Oslo,           Norway      (DFT Hessian)
  Juan I. Melo,             University of Buenos Aires,   Argentina   (LRESC, Relativistic Effects on NMR Shieldings)
  Kurt V. Mikkelsen,        University of Copenhagen,     Denmark     (MC-SCRF and QM/MM)
  Rolf H. Myhre,            NTNU,                         Norway      (Subsystems and CC3)
  Christian Neiss,          Univ. Erlangen-Nuernberg,     Germany     (CCSD(R12))
  Christian B. Nielsen,     University of Copenhagen,     Denmark     (QM/MM)
  Patrick Norman,           KTH Stockholm,                Sweden      (Cubic response and complex frequency response in RESPONS)
  Jeppe Olsen,              Aarhus University,            Denmark     (SIRIUS CI/density modules)
  Jogvan Magnus H. Olsen,   Univ. of Southern Denmark,    Denmark     (Polarizable embedding model, QM/MM)
  Anders Osted,             Copenhagen University,        Denmark     (QM/MM)
  Martin J. Packer,         University of Sheffield,      UK          (SOPPA)
  Filip Pawlowski,          Kazimierz Wielki University,  Poland      (CC3)
  Morten N. Pedersen,       Univ. of Southern Denmark,    Denmark     (Polarizable embedding model)
  Thomas B. Pedersen,       University of Oslo,           Norway      (Cholesky decomposition)
  Patricio F. Provasi,      University of Northeastern,   Argentina   (Analysis of coupling constants in localized orbitals)
  Zilvinas Rinkevicius,     KTH Stockholm,                Sweden      (open-shell DFT, ESR)
  Elias Rudberg,            KTH Stockholm,                Sweden      (DFT grid and basis info)
  Torgeir A. Ruden,         University of Oslo,           Norway      (Numerical derivatives in ABACUS)
  Kenneth Ruud,             UiT The Arctic U. of Norway,  Norway      (DALTON; ABACUS magnetic properties and much more)
  Pawel Salek,              KTH Stockholm,                Sweden      (DALTON; DFT code)
  Claire C. M. Samson       University of Karlsruhe       Germany     (Boys localization, r12 integrals in ERI)
  Alfredo Sanchez de Meras, University of Valencia,       Spain       (CC module, Cholesky decomposition)
  Trond Saue,               Paul Sabatier University,     France      (direct Fock matrix construction)
  Stephan P. A. Sauer,      University of Copenhagen,     Denmark     (SOPPA(CCSD), SOPPA prop., AOSOPPA, vibrational g-factors)
  Andre S. P. Gomes,        CNRS/Universite de Lille,     France      (Frozen density embedding model)
  Bernd Schimmelpfennig,    Forschungszentrum Karlsruhe,  Germany     (AMFI module)
  Kristian Sneskov,         Aarhus University,            Denmark     (Polarizable embedding model, QM/MM)
  Arnfinn H. Steindal,      UiT The Arctic U. of Norway,  Norway      (parallel QM/MM, Polarizable embedding model)
  Casper Steinmann,         Univ. of Southern Denmark,    Denmark     (QFIT, Polarizable embedding model)
  K. O. Sylvester-Hvid,     University of Copenhagen,     Denmark     (MC-SCRF)
  Peter R. Taylor,          VLSCI/Univ. of Melbourne,     Australia   (Symmetry handling ABACUS, integral transformation)
  Andrew M. Teale,          University of Nottingham,     England     (DFT-AC, DFT-D)
  David P. Tew,             University of Bristol,        England     (CCSD(R12))
  Olav Vahtras,             KTH Stockholm,                Sweden      (triplet response, spin-orbit, ESR, TDDFT, open-shell DFT)
  Lucas Visscher,           Vrije Universiteit Amsterdam, Netherlands (Frozen density embedding model)
  David J. Wilson,          La Trobe University,          Australia   (DFT Hessian and DFT magnetizabilities)
  Hans Agren,               KTH Stockholm,                Sweden      (SIRIUS module, RESPONS, MC-SCRF solvation model)
 --------------------------------------------------------------------------------

     Date and time (Linux)  : Wed Sep 25 16:23:38 2019
     Host name              : tromso-ansatte2-dhcp331.wifi.uit.no     

 * Work memory size             :    64000000 =  488.28 megabytes.

 * Directories for basis set searches:
   1) /home/foeroyingur/Projects/dalton_devel/dalton/build_test/test/pe_amoeba
   2) /home/foeroyingur/Projects/dalton_devel/dalton/build_test/basis


Compilation information
-----------------------

 Who compiled             | foeroyingur
 Host                     | tromso-ansatte2-dhcp331.wifi.uit.no
 System                   | Linux-5.2.11-200.fc30.x86_64
 CMake generator          | Unix Makefiles
 Processor                | x86_64
 64-bit integers          | OFF
 MPI                      | ON
 Fortran compiler         | /usr/lib64/mpich/bin/mpif90
 Fortran compiler version | GNU Fortran (GCC) 9.2.1 20190827 (Red Hat 9.2.1-1)
 C compiler               | /usr/lib64/mpich/bin/mpicc
 C compiler version       | gcc (GCC) 9.2.1 20190827 (Red Hat 9.2.1-1)
 C++ compiler             | /usr/lib64/mpich/bin/mpicxx
 C++ compiler version     | unknown
 Explicit libs            | -lopenblas -llapack
 Static linking           | OFF
 Last Git revision        | a21a6b7a984935f6368d92b88593d4a9a8da6027
 Git branch               | pe/develop
 Configuration time       | 2019-09-25 15:20:31.161651

 * Sequential calculation.


   Content of the .dal input file
 ----------------------------------

**DALTON
.RUN WAVE FUNCTIONS
.PEQM
*PEQM
.VERBOSE
.DAMP AMOEBA
**WAVE FUNCTIONS
.HF
**END OF


   Content of the .mol file
 ----------------------------

BASIS
STO-3G
Acrolein
------------------------
AtomTypes=1 NoSymmetry Angstrom
Charge=1.0 Atoms=2
H   50.0   50.0   50.0
H   51.0   50.0   50.0


       *******************************************************************
       *********** Output from DALTON general input processing ***********
       *******************************************************************

 --------------------------------------------------------------------------------
   Overall default print level:    0
   Print level for DALTON.STAT:    1

    HERMIT 1- and 2-electron integral sections will be executed
    "Old" integral transformation used (limited to max 255 basis functions)
    Wave function sections will be executed (SIRIUS module)
    Environment is modeled using polarizable embedding scheme (PE library)
 --------------------------------------------------------------------------------


   ****************************************************************************
   *************** Output of molecule and basis set information ***************
   ****************************************************************************


    The two title cards from your ".mol" input:
    ------------------------------------------------------------------------
 1: Acrolein                                                                
 2: ------------------------                                                
    ------------------------------------------------------------------------

  Coordinates are entered in Angstrom and converted to atomic units.
          - Conversion factor : 1 bohr = 0.52917721 A

  Atomic type no.    1
  --------------------
  Nuclear charge:   1.00000
  Number of symmetry independent centers:    2
  Number of basis sets to read;    2
  Basis set file used for this atomic type with Z =   1 :
     "/home/foeroyingur/Projects/dalton_devel/dalton/build_test/basis/STO-3G"


                         SYMGRP: Point group information
                         -------------------------------

@    Point group: C1 


                                 Isotopic Masses
                                 ---------------

                           H           1.007825
                           H           1.007825

                       Total mass:     2.015650 amu
                       Natural abundance:  99.970 %

 Center-of-mass coordinates (a.u.):   95.431169   94.486306   94.486306


  Atoms and basis sets
  --------------------

  Number of atom types :    1
  Total number of atoms:    2

  Basis set used is "STO-3G" from the basis set library.

  label    atoms   charge   prim   cont     basis
  ----------------------------------------------------------------------
  H           2    1.0000     3     1      [3s|1s]                                            
  ----------------------------------------------------------------------
  total:      2    2.0000     6     2
  ----------------------------------------------------------------------

  Threshold for neglecting AO integrals:  1.00D-12


  Cartesian Coordinates (a.u.)
  ----------------------------

  Total number of coordinates:    6
  H       :     1  x  94.4863062497    2  y  94.4863062497    3  z  94.4863062497
  H       :     4  x  96.3760323747    5  y  94.4863062497    6  z  94.4863062497


   Interatomic separations (in Angstrom):
   --------------------------------------

            H           H     
            ------      ------
 H     :    0.000000
 H     :    1.000000    0.000000


  Max    interatomic separation is    1.0000 Angstrom (    1.8897 Bohr)
  between atoms    2 and    1, "H     " and "H     ".

  Min HX interatomic separation is    1.0000 Angstrom (    1.8897 Bohr)


  Bond distances (Angstrom):
  --------------------------

                  atom 1     atom 2       distance
                  ------     ------       --------




 Principal moments of inertia (u*A**2) and principal axes
 --------------------------------------------------------

   IA       0.000000          1.000000    0.000000    0.000000
   IB       0.503912          0.000000    1.000000    0.000000
   IC       0.503912          0.000000    0.000000    1.000000


 Rotational constants
 --------------------

@    The molecule is linear.

               B =      1002910.24 MHz     (   33.453485 cm-1)


@  Nuclear repulsion energy :    0.529177210800 Hartree

  Reading potential input file for polarizable embedding calculation
 WARNING: no exclusion lists provided which means all polarizable
          sites are polarized by all other induced multipoles

    .------------------------------------------------.
    | Information from polarizable embedding library |
    `------------------------------------------------Â´

      Number of classical sites:      6

      Multipole moments upto 2nd order.

      Dipole-dipole polarizabilities.

      Iterative solver for induced moments will be used
      with convergence threshold: 1.0E-08

      Interactions will be damped using AMOEBAs Thole scheme.
      Damping coefficient:  0.3900
      Total charge of classical region:    0.0000
 


                     .---------------------------------------.
                     | Starting in Integral Section (HERMIT) |
                     `---------------------------------------'



 ***************************************************************************************
 ****************** Output from **INTEGRALS input processing (HERMIT) ******************
 ***************************************************************************************


 - Using defaults, no **INTEGRALS input found

 Default print level:        1

 Calculation of one- and two-electron Hamiltonian integrals.

 Center of mass  (bohr):     95.431169312176     94.486306249679     94.486306249679
 Operator center (bohr):      0.000000000000      0.000000000000      0.000000000000
 Gauge origin    (bohr):      0.000000000000      0.000000000000      0.000000000000
 Dipole origin   (bohr):      0.000000000000      0.000000000000      0.000000000000


     ************************************************************************
     ************************** Output from HERINT **************************
     ************************************************************************



                      Nuclear contribution to dipole moments
                      --------------------------------------

                 au               Debye          C m (/(10**-30)

      x    190.86233862       485.12364448      1618.19829530
      y    188.97261250       480.32044008      1602.17653000
      z    188.97261250       480.32044008      1602.17653000



 Threshold for neglecting two-electron integrals:  1.00D-12
 HERMIT - Number of two-electron integrals written:           6 (100.0% )
 HERMIT - Megabytes written:                              0.007

  Total CPU  time used in HERMIT:   0.00 seconds
  Total wall time used in HERMIT:   0.00 seconds


                        .----------------------------------.
                        | End of Integral Section (HERMIT) |
                        `----------------------------------'



                   .--------------------------------------------.
                   | Starting in Wave Function Section (SIRIUS) |
                   `--------------------------------------------'


 *** Output from Huckel module :

     Using EWMO model:          T
     Using EHT  model:          F
     Number of Huckel orbitals each symmetry:    2

 EWMO - Energy Weighted Maximum Overlap - is a Huckel type method,
        which normally is better than Extended Huckel Theory.
 Reference: Linderberg and Ohrn, Propagators in Quantum Chemistry (Wiley, 1973)

 Huckel EWMO eigenvalues for symmetry :  1
           -0.789404      -0.210596

 **********************************************************************
 *SIRIUS* a direct, restricted step, second order MCSCF program       *
 **********************************************************************

 
     Date and time (Linux)  : Wed Sep 25 16:23:38 2019
     Host name              : tromso-ansatte2-dhcp331.wifi.uit.no     

 Title lines from ".mol" input file:
     Acrolein                                                                
     ------------------------                                                

 Print level on unit LUPRI =   2 is   0
 Print level on unit LUW4  =   2 is   5

@    Restricted, closed shell Hartree-Fock calculation.

 Initial molecular orbitals are obtained according to
 ".MOSTART EWMO  " input option

@    QM part is embedded in an environment :

@         Model: PE

     Wave function specification
     ============================

     Wave function environment is modeled using the
     polarizable embedding model (PE library).

@    Wave function type        --- PE-HF ---
@    Number of closed shell electrons           2
@    Number of electrons in active shells       0
@    Total charge of the molecule               0

@    Spin multiplicity and 2 M_S                1         0
@    Total number of symmetries                 1 (point group: C1 )
@    Reference state symmetry                   1 (irrep name : A  )

     Orbital specifications
     ======================
@    Abelian symmetry species          All |    1
@                                          |  A  
                                       --- |  ---
@    Occupied SCF orbitals               1 |    1
@    Secondary orbitals                  1 |    1
@    Total number of orbitals            2 |    2
@    Number of basis functions           2 |    2

     Optimization information
     ========================
@    Number of configurations                 1
@    Number of orbital rotations              1
     ------------------------------------------
@    Total number of variables                2

     Maximum number of Fock   iterations      0
     Maximum number of DIIS   iterations     60
     Maximum number of QC-SCF iterations     60
     Threshold for SCF convergence     1.00D-05


 ***********************************************
 ***** DIIS acceleration of SCF iterations *****
 ***********************************************

 C1-DIIS algorithm; max error vectors =    2

 Iter      Total energy     Embedding energy      Error norm     Delta(E)
 -----------------------------------------------------------------------------

Calculating AOSUPINT
     (Precalculated AO two-electron integrals are transformed to P-supermatrix elements.
      Threshold for discarding integrals :  1.00D-12 )
      Induced dipole moments converged in 11 iterations.

      Info from polarizable embedding library:
     ------------------------------------------

       Input density no.:   1

                        Total induced dipole moment
                       X              Y              Z
                 -0.25106069    -0.00000001    -0.02782094

@  1  -1.06813869025     -2.030034820526E-03    3.04424D-08   -1.07D+00

@ *** DIIS converged in   1 iterations !
@     Converged SCF energy, gradient:     -1.068138690251    3.04D-08
    - total time used in SIRFCK :              0.00 seconds


 *** SCF orbital energy analysis ***
   (incl. contribution from polarizable embedding potential)

 Number of electrons :    2
 Orbital occupations :    1

 Sym       Hartree-Fock orbital energies

1 A      -0.48442160     0.45752200

    E(LUMO) :     0.45752200 au (symmetry 1)
  - E(HOMO) :    -0.48442160 au (symmetry 1)
  ------------------------------------------
    gap     :     0.94194360 au

    .--------------------------------------------------.
    | Final results from polarizable embedding library |
    `--------------------------------------------------Â´

        Polarizable embedding energy contributions:
       ---------------------------------------------

       Electrostatic contributions:
            Electronic                 0.000028183049
            Nuclear                   -0.000028182508
            Multipole                 -0.003137698274
            Total                     -0.003137697733

       Polarization contributions:
            Electronic                 0.000005993393
            Nuclear                   -0.000005993305
            Multipole                 -0.002030035450
            Total                     -0.002030035361

       Total PE energy:               -0.002030034821
            (excl. multipole-multipole interaction energy)

               Polarizable embedding information:
              ------------------------------------

                       Induced dipole moments
       site          X              Y              Z
          1    -0.03195581    -0.00000000     0.01407176
          2    -0.09255615    -0.00000000     0.00955659
          3    -0.02115424    -0.00000000    -0.01722195
          4    -0.10047066    -0.00000000    -0.00871743
          5    -0.00246191     0.01648755    -0.01275496
          6    -0.00246191    -0.01648755    -0.01275496

                      Total induced dipole moment
                     X              Y              Z
               -0.25106069    -0.00000001    -0.02782094


 --- Writing SIRIFC interface file
      Induced dipole moments converged in  1 iterations.

      Info from polarizable embedding library:
     ------------------------------------------

       Input density no.:   1

                        Total induced dipole moment
                       X              Y              Z
                 -0.25106069    -0.00000001    -0.02782094



                           +---------------------------+
                           ! Writing FOCKMAT in siropt !
                           +---------------------------+


 CPU and wall time for SCF :       0.007       0.007


                       .-----------------------------------.
                       | --- Final results from SIRIUS --- |
                       `-----------------------------------'


@    Spin multiplicity:           1
@    Spatial symmetry:            1 ( irrep  A   in C1  )
@    Total charge of molecule:    0

@    Final HF energy:              -1.068138690251                 
@    Nuclear repulsion:             0.529177210800
@    Electronic energy:            -1.595285866231
@    Embedding energy:             -0.002030034821

@    Final gradient norm:           0.000000030442

 
     Date and time (Linux)  : Wed Sep 25 16:23:38 2019
     Host name              : tromso-ansatte2-dhcp331.wifi.uit.no     

File label for MO orbitals:  25Sep19   FOCKDIIS

 (Only coefficients > 0.0100 are printed.)

 Molecular orbitals for symmetry species 1  (A  )
 ------------------------------------------------

    Orbital         1        2
   1 H   :1s     0.5780  -0.9965
   2 H   :1s     0.5780   0.9965

  Total CPU  time used in SIRIUS :   0.01 seconds
  Total wall time used in SIRIUS :   0.01 seconds

 
     Date and time (Linux)  : Wed Sep 25 16:23:38 2019
     Host name              : tromso-ansatte2-dhcp331.wifi.uit.no     


                     .---------------------------------------.
                     | End of Wave Function Section (SIRIUS) |
                     `---------------------------------------'

  Total CPU  time used in DALTON:   0.02 seconds
  Total wall time used in DALTON:   0.01 seconds

 
     Date and time (Linux)  : Wed Sep 25 16:23:38 2019
     Host name              : tromso-ansatte2-dhcp331.wifi.uit.no     
