

     ************************************************************************
     *************** Dalton - An Electronic Structure Program ***************
     ************************************************************************

    This is output from DALTON 2015.0
   ----------------------------------------------------------------------------
    NOTE:
     
    Dalton is an experimental code for the evaluation of molecular
    properties using (MC)SCF, DFT, CI, and CC wave functions.
    The authors accept no responsibility for the performance of
    the code or for the correctness of the results.
     
    The code (in whole or part) is provided under a licence and
    is not to be reproduced for further distribution without
    the written permission of the authors or their representatives.
     
    See the home page "http://daltonprogram.org" for further information.
     
    If results obtained with this code are published,
    the appropriate citations would be both of:
     
       K. Aidas, C. Angeli, K. L. Bak, V. Bakken, R. Bast,
       L. Boman, O. Christiansen, R. Cimiraglia, S. Coriani,
       J. Cukras, P. Dahle, E. K. Dalskov, U. Ekstroem,
       T. Enevoldsen, J. J. Eriksen, P. Ettenhuber, B. Fernandez,
       L. Ferrighi, H. Fliegl, L. Frediani, K. Hald, A. Halkier,
       C. Haettig, H. Heiberg, T. Helgaker, A. C. Hennum,
       H. Hettema, E. Hjertenaes, S. Hoest, I.-M. Hoeyvik,
       M. F. Iozzi, B. Jansik, H. J. Aa. Jensen, D. Jonsson,
       P. Joergensen, M. Kaminski, J. Kauczor, S. Kirpekar,
       T. Kjaergaard, W. Klopper, S. Knecht, R. Kobayashi, H. Koch,
       J. Kongsted, A. Krapp, K. Kristensen, A. Ligabue,
       O. B. Lutnaes, J. I. Melo, K. V. Mikkelsen, R. H. Myhre,
       C. Neiss, C. B. Nielsen, P. Norman, J. Olsen,
       J. M. H. Olsen, A. Osted, M. J. Packer, F. Pawlowski,
       T. B. Pedersen, P. F. Provasi, S. Reine, Z. Rinkevicius,
       T. A. Ruden, K. Ruud, V. Rybkin, P. Salek, C. C. M. Samson,
       A. Sanchez de Meras, T. Saue, S. P. A. Sauer,
       B. Schimmelpfennig, K. Sneskov, A. H. Steindal,
       K. O. Sylvester-Hvid, P. R. Taylor, A. M. Teale,
       E. I. Tellgren, D. P. Tew, A. J. Thorvaldsen, L. Thoegersen,
       O. Vahtras, M. A. Watson, D. J. D. Wilson, M. Ziolkowski
       and H. Agren,
       "The Dalton quantum chemistry program system",
       WIREs Comput. Mol. Sci. 2013. (doi: 10.1002/wcms.1172)
    
    and
    
       Dalton, a Molecular Electronic Structure Program,
       Release Dalton2015.0 (2015), see http://daltonprogram.org
   ----------------------------------------------------------------------------

    Authors in alphabetical order (major contribution(s) in parenthesis):

  Kestutis Aidas,           Vilnius University,           Lithuania   (QM/MM)
  Celestino Angeli,         University of Ferrara,        Italy       (NEVPT2)
  Keld L. Bak,              UNI-C,                        Denmark     (AOSOPPA, non-adiabatic coupling, magnetic properties)
  Vebjoern Bakken,          University of Oslo,           Norway      (DALTON; geometry optimizer, symmetry detection)
  Radovan Bast,             KTH Stockholm,                Sweden      (DALTON installation and execution frameworks)
  Pablo Baudin,             University of Valencia,       Spain       (Cholesky excitation energies)
  Linus Boman,              NTNU,                         Norway      (Cholesky decomposition and subsystems)
  Ove Christiansen,         Aarhus University,            Denmark     (CC module)
  Renzo Cimiraglia,         University of Ferrara,        Italy       (NEVPT2)
  Sonia Coriani,            University of Trieste,        Italy       (CC module, MCD in RESPONS)
  Janusz Cukras,            University of Trieste,        Italy       (MChD in RESPONS)
  Paal Dahle,               University of Oslo,           Norway      (Parallelization)
  Erik K. Dalskov,          UNI-C,                        Denmark     (SOPPA)
  Thomas Enevoldsen,        Univ. of Southern Denmark,    Denmark     (SOPPA)
  Janus J. Eriksen,         Aarhus University,            Denmark     (Polarizable embedding model, TDA)
  Berta Fernandez,          U. of Santiago de Compostela, Spain       (doublet spin, ESR in RESPONS)
  Lara Ferrighi,            Aarhus University,            Denmark     (PCM Cubic response)
  Heike Fliegl,             University of Oslo,           Norway      (CCSD(R12))
  Luca Frediani,            UiT The Arctic U. of Norway,  Norway      (PCM)
  Bin Gao,                  UiT The Arctic U. of Norway,  Norway      (Gen1Int library)
  Christof Haettig,         Ruhr-University Bochum,       Germany     (CC module)
  Kasper Hald,              Aarhus University,            Denmark     (CC module)
  Asger Halkier,            Aarhus University,            Denmark     (CC module)
  Erik D. Hedegaard,        Univ. of Southern Denmark,    Denmark     (Polarizable embedding model, QM/MM)
  Hanne Heiberg,            University of Oslo,           Norway      (geometry analysis, selected one-electron integrals)
  Trygve Helgaker,          University of Oslo,           Norway      (DALTON; ABACUS, ERI, DFT modules, London, and much more)
  Alf Christian Hennum,     University of Oslo,           Norway      (Parity violation)
  Hinne Hettema,            University of Auckland,       New Zealand (quadratic response in RESPONS; SIRIUS supersymmetry)
  Eirik Hjertenaes,         NTNU,                         Norway      (Cholesky decomposition)
  Maria Francesca Iozzi,    University of Oslo,           Norway      (RPA)
  Brano Jansik              Technical Univ. of Ostrava    Czech Rep.  (DFT cubic response)
  Hans Joergen Aa. Jensen,  Univ. of Southern Denmark,    Denmark     (DALTON; SIRIUS, RESPONS, ABACUS modules, London, and much more)
  Dan Jonsson,              UiT The Arctic U. of Norway,  Norway      (cubic response in RESPONS module)
  Poul Joergensen,          Aarhus University,            Denmark     (RESPONS, ABACUS, and CC modules)
  Maciej Kaminski,          University of Warsaw,         Poland      (CPPh in RESPONS)
  Joanna Kauczor,           Linkoeping University,        Sweden      (Complex polarization propagator (CPP) module)
  Sheela Kirpekar,          Univ. of Southern Denmark,    Denmark     (Mass-velocity & Darwin integrals)
  Wim Klopper,              KIT Karlsruhe,                Germany     (R12 code in CC, SIRIUS, and ABACUS modules)
  Stefan Knecht,            ETH Zurich,                   Switzerland (Parallel CI and MCSCF)
  Rika Kobayashi,           Australian National Univ.,    Australia   (DIIS in CC, London in MCSCF)
  Henrik Koch,              NTNU,                         Norway      (CC module, Cholesky decomposition)
  Jacob Kongsted,           Univ. of Southern Denmark,    Denmark     (Polarizable embedding model, QM/MM)
  Andrea Ligabue,           University of Modena,         Italy       (CTOCD, AOSOPPA)
  Nanna H. List             Univ. of Southern Denmark,    Denmark     (Polarizable embedding model)
  Ola B. Lutnaes,           University of Oslo,           Norway      (DFT Hessian)
  Juan I. Melo,             University of Buenos Aires,   Argentina   (LRESC, Relativistic Effects on NMR Shieldings)
  Kurt V. Mikkelsen,        University of Copenhagen,     Denmark     (MC-SCRF and QM/MM)
  Rolf H. Myhre,            NTNU,                         Norway      (Cholesky, subsystems and ECC2)
  Christian Neiss,          Univ. Erlangen-Nuernberg,     Germany     (CCSD(R12))
  Christian B. Nielsen,     University of Copenhagen,     Denmark     (QM/MM)
  Patrick Norman,           Linkoeping University,        Sweden      (Cubic response and complex response in RESPONS)
  Jeppe Olsen,              Aarhus University,            Denmark     (SIRIUS CI/density modules)
  Jogvan Magnus H. Olsen,   Univ. of Southern Denmark,    Denmark     (Polarizable embedding model, QM/MM)
  Anders Osted,             Copenhagen University,        Denmark     (QM/MM)
  Martin J. Packer,         University of Sheffield,      UK          (SOPPA)
  Filip Pawlowski,          Kazimierz Wielki University,  Poland      (CC3)
  Morten N. Pedersen,       Univ. of Southern Denmark,    Denmark     (Polarizable embedding model)
  Thomas B. Pedersen,       University of Oslo,           Norway      (Cholesky decomposition)
  Patricio F. Provasi,      University of Northeastern,   Argentina   (Analysis of coupling constants in localized orbitals)
  Zilvinas Rinkevicius,     KTH Stockholm,                Sweden      (open-shell DFT, ESR)
  Elias Rudberg,            KTH Stockholm,                Sweden      (DFT grid and basis info)
  Torgeir A. Ruden,         University of Oslo,           Norway      (Numerical derivatives in ABACUS)
  Kenneth Ruud,             UiT The Arctic U. of Norway,  Norway      (DALTON; ABACUS magnetic properties and much more)
  Pawel Salek,              KTH Stockholm,                Sweden      (DALTON; DFT code)
  Claire C. M. Samson       University of Karlsruhe       Germany     (Boys localization, r12 integrals in ERI)
  Alfredo Sanchez de Meras, University of Valencia,       Spain       (CC module, Cholesky decomposition)
  Trond Saue,               Paul Sabatier University,     France      (direct Fock matrix construction)
  Stephan P. A. Sauer,      University of Copenhagen,     Denmark     (SOPPA(CCSD), SOPPA prop., AOSOPPA, vibrational g-factors)
  Bernd Schimmelpfennig,    Forschungszentrum Karlsruhe,  Germany     (AMFI module)
  Kristian Sneskov,         Aarhus University,            Denmark     (Polarizable embedding model, QM/MM)
  Arnfinn H. Steindal,      UiT The Arctic U. of Norway,  Norway      (parallel QM/MM, Polarizable embedding model)
  Casper Steinmann,         Univ. of Southern Denmark,    Denmark     (QFIT, Polarizable embedding model)
  K. O. Sylvester-Hvid,     University of Copenhagen,     Denmark     (MC-SCRF)
  Peter R. Taylor,          VLSCI/Univ. of Melbourne,     Australia   (Symmetry handling ABACUS, integral transformation)
  Andrew M. Teale,          University of Nottingham,     England     (DFT-AC, DFT-D)
  David P. Tew,             University of Bristol,        England     (CCSD(R12))
  Olav Vahtras,             KTH Stockholm,                Sweden      (triplet response, spin-orbit, ESR, TDDFT, open-shell DFT)
  David J. Wilson,          La Trobe University,          Australia   (DFT Hessian and DFT magnetizabilities)
  Hans Agren,               KTH Stockholm,                Sweden      (SIRIUS module, RESPONS, MC-SCRF solvation model)
 --------------------------------------------------------------------------------

     Date and time (Linux)  : Fri Feb 27 08:47:41 2015
     Host name              : foeroyar                                

 * Work memory size             :    64000000 =  488.28 megabytes.

 * Directories for basis set searches:
   1) /home/magnus/Projects/dalton_devel/dalton/DALTON/test/pcm_lf_dipole
   2) /home/magnus/Projects/dalton_devel/dalton/build_dalton2015/basis


Compilation information
-----------------------

 Who compiled             | magnus
 Host                     | foeroyar
 System                   | Linux-3.18.7-200.fc21.x86_64
 CMake generator          | Unix Makefiles
 Processor                | x86_64
 64-bit integers          | OFF
 MPI                      | OFF
 Fortran compiler         | /usr/bin/gfortran
 Fortran compiler version | GNU Fortran (GCC) 4.9.2 20150212 (Red Hat 4.9.2-6)
 C compiler               | /usr/bin/gcc
 C compiler version       | gcc (GCC) 4.9.2 20150212 (Red Hat 4.9.2-6)
 C++ compiler             | /usr/bin/g++
 C++ compiler version     | g++ (GCC) 4.9.2 20150212 (Red Hat 4.9.2-6)
 BLAS                     | /lib64/libblas.so
 LAPACK                   | /lib64/liblapack.so
 Static linking           | OFF
 Last Git revision        | 9b29f5d71df631438091e703515e67ee4d897cc1
 Configuration time       | 2015-02-26 17:27:50.365303


   Content of the .dal input file
 ----------------------------------

**DALTON INPUT                                    
.RUN WAVE FUNCTION                                
.RUN PROPERTIES                                   
*PCM                                              
.SOLVNT                                           
WATER                                             
.NPCMMT                                           
0                                                 
.NESFP                                            
4                                                 
.ICESPH                                           
2                                                 
.LOCFLD                                           
*PCMCAV                                           
.INA                                              
1                                                 
2                                                 
3                                                 
4                                                 
.RIN                                              
1.7                                               
1.5                                               
1.2                                               
1.2                                               
.AREATS                                           
0.30                                              
**WAVE FUNCTIONS                                  
.HF                                               
**END OF DALTON INPUT                             


   Content of the .mol file
 ----------------------------

BASIS                                                                          
STO-3G                                                                         
Opt 2.2 paracyclophane chormoph.                                               
                                                                               
    3    0         1                                                           
        6.    1                                                                
C     0.000000     0.000000     0.000000                                       
        8.    1                                                                
O     0.000000     0.000000     1.220000                                       
        1.    2                                                                
H     0.943102     0.000000    -0.544500                                       
H    -0.943102     0.000000    -0.544500                                       


       *******************************************************************
       *********** Output from DALTON general input processing ***********
       *******************************************************************

 --------------------------------------------------------------------------------
   Overall default print level:    0
   Print level for DALTON.STAT:    1

    HERMIT 1- and 2-electron integral sections will be executed
    "Old" integral transformation used (limited to max 255 basis functions)
    Wave function sections will be executed (SIRIUS module)
    Static molecular property section will be executed (ABACUS module)
 --------------------------------------------------------------------------------

 ** LOOKING UP INTERNALLY STORED DATA FOR SOLVENT = WATER    **
 Optical and physical constants:
 EPS= 78.390; EPSINF=  1.776; RSOLV=  1.385 A; VMOL=  18.070 ML/MOL;
 TCE=2.57000D-04 1/K; STEN= 71.810 DYN/CM;  DSTEN=  0.6500; CMF=  1.2770


     -----------------------------------
     Input for PCM solvation calculation 
     -----------------------------------
     ICOMPCM =       0          SOLVNT=WATER        EPS   = 78.3900     EPSINF=  1.7760
     RSOLV =  1.3850

     ICESPH =       2     NESFP =       4
     OMEGA = 40.0000     RET   =  0.2000     FRO   =  0.7000

     IPRPCM=       0

     NON-EQ = F     NEQRSP =F
     POLYG          60

     INPUT FOR CAVITY DEFINITION 
     ---------------------------
     ATOM         COORDINATES           RADIUS 


   ****************************************************************************
   *************** Output of molecule and basis set information ***************
   ****************************************************************************


    The two title cards from your ".mol" input:
    ------------------------------------------------------------------------
 1: Opt 2.2 paracyclophane chormoph.                                        
 2:                                                                         
    ------------------------------------------------------------------------



@ WARNING - deprecated old .mol fixed format input has been detected:
    3    0         1                                                            
@ WARNING - this input format may not be supported in future releases.




  Coordinates are entered in Angstrom and converted to atomic units.
          - Conversion factor : 1 bohr = 0.52917721 A

  Atomic type no.    1
  --------------------
  Nuclear charge:   6.00000
  Number of symmetry independent centers:    1
  Number of basis sets to read;    2
  Basis set file used for this atomic type with Z =   6 :
     "/home/magnus/Projects/dalton_devel/dalton/build_dalton2015/basis/STO-3G"

  Atomic type no.    2
  --------------------
  Nuclear charge:   8.00000
  Number of symmetry independent centers:    1
  Number of basis sets to read;    2
  Basis set file used for this atomic type with Z =   8 :
     "/home/magnus/Projects/dalton_devel/dalton/build_dalton2015/basis/STO-3G"

  Atomic type no.    3
  --------------------
  Nuclear charge:   1.00000
  Number of symmetry independent centers:    2
  Number of basis sets to read;    2
  Basis set file used for this atomic type with Z =   1 :
     "/home/magnus/Projects/dalton_devel/dalton/build_dalton2015/basis/STO-3G"


                         SYMGRP: Point group information
                         -------------------------------

@    Point group: C1 

********SPHERES IN PCMSPHGEN************
 INDEX        X        Y         Z        R
   1    0.0000000000D+00    0.0000000000D+00    0.0000000000D+00    1.7000000000D+00
   2    0.0000000000D+00    0.0000000000D+00    2.3054658725D+00    1.5000000000D+00
   3    1.7822044879D+00    0.0000000000D+00   -1.0289558751D+00    1.2000000000D+00
   4   -1.7822044879D+00    0.0000000000D+00   -1.0289558751D+00    1.2000000000D+00


                                 Isotopic Masses
                                 ---------------

                           C          12.000000
                           O          15.994915
                           H           1.007825
                           H           1.007825

                       Total mass:    30.010565 amu
                       Natural abundance:  98.633 %

 Center-of-mass coordinates (a.u.):    0.000000    0.000000    1.159649


  Atoms and basis sets
  --------------------

  Number of atom types :    3
  Total number of atoms:    4

  Basis set used is "STO-3G" from the basis set library.

  label    atoms   charge   prim   cont     basis
  ----------------------------------------------------------------------
  C           1    6.0000    15     5      [6s3p|2s1p]                                        
  O           1    8.0000    15     5      [6s3p|2s1p]                                        
  H           2    1.0000     3     1      [3s|1s]                                            
  ----------------------------------------------------------------------
  total:      4   16.0000    36    12
  ----------------------------------------------------------------------

  Threshold for neglecting AO integrals:  1.00D-12


  Cartesian Coordinates (a.u.)
  ----------------------------

  Total number of coordinates:   12
  C       :     1  x   0.0000000000    2  y   0.0000000000    3  z   0.0000000000
  O       :     4  x   0.0000000000    5  y   0.0000000000    6  z   2.3054658725
  H       :     7  x   1.7822044879    8  y   0.0000000000    9  z  -1.0289558751
  H       :    10  x  -1.7822044879   11  y   0.0000000000   12  z  -1.0289558751


   Interatomic separations (in Angstrom):
   --------------------------------------

            C           O           H           H     
            ------      ------      ------      ------
 C     :    0.000000
 O     :    1.220000    0.000000
 H     :    1.089000    2.000725    0.000000
 H     :    1.089000    2.000725    1.886204    0.000000


  Max    interatomic separation is    2.0007 Angstrom (    3.7808 Bohr)
  between atoms    3 and    2, "H     " and "O     ".

  Min HX interatomic separation is    1.0890 Angstrom (    2.0579 Bohr)

  Min YX interatomic separation is    1.2200 Angstrom (    2.3055 Bohr)


  Bond distances (Angstrom):
  --------------------------

                  atom 1     atom 2       distance
                  ------     ------       --------
  bond distance:  O          C            1.220000
  bond distance:  H          C            1.089000
  bond distance:  H          C            1.089000


  Bond angles (degrees):
  ----------------------

                  atom 1     atom 2     atom 3         angle
                  ------     ------     ------         -----
  bond angle:     O          C          H            120.000
  bond angle:     O          C          H            120.000
  bond angle:     H          C          H            120.000




 Principal moments of inertia (u*A**2) and principal axes
 --------------------------------------------------------

   IA       1.792803          0.000000    0.000000    1.000000
   IB      13.103106          1.000000    0.000000    0.000000
   IC      14.895908          0.000000    1.000000    0.000000


 Rotational constants
 --------------------

@    The molecule is planar.

               A                   B                   C

         281893.2926          38569.4058          33927.3708 MHz
            9.402948            1.286537            1.131695 cm-1


@  Nuclear repulsion energy :   31.163673729192 Hartree


                     .---------------------------------------.
                     | Starting in Integral Section (HERMIT) |
                     `---------------------------------------'



 ***************************************************************************************
 ****************** Output from **INTEGRALS input processing (HERMIT) ******************
 ***************************************************************************************


 - Using defaults, no **INTEGRALS input found

 Default print level:        1

 * Nuclear model: Point charge

 Calculation of one- and two-electron Hamiltonian integrals.

 Center of mass  (bohr):      0.000000000000      0.000000000000      1.159648802225
 Operator center (bohr):      0.000000000000      0.000000000000      0.000000000000
 Gauge origin    (bohr):      0.000000000000      0.000000000000      0.000000000000
 Dipole origin   (bohr):      0.000000000000      0.000000000000      0.000000000000


     ************************************************************************
     ************************** Output from HERINT **************************
     ************************************************************************


 Threshold for neglecting two-electron integrals:  1.00D-12
 HERMIT - Number of two-electron integrals written:        1505 ( 48.8% )
 HERMIT - Megabytes written:                              0.021


 MEMORY USED TO GENERATE CAVITY =    432802


 Total number of spheres =    4
 Sphere             Center  (X,Y,Z) (A)               Radius (A)      Area (A^2)
   1    0.000000000    0.000000000    0.000000000    2.040000000   25.046551891
   2    0.000000000    0.000000000    1.220000000    1.800000000   22.984715878
   3    0.943102000    0.000000000   -0.544500000    1.440000000    9.281425262
   4   -0.943102000    0.000000000   -0.544500000    1.440000000    9.281425262

 Total number of tesserae =     304
 Surface area =   66.59411829 (A^2)    Cavity volume =   48.28620692 (A^3)

          THE SOLUTE IS ENCLOSED IN ONE CAVITY

 ..... DONE GENERATION CAVITY .....

  ..... DONE GENERATING -Q-  MATRIX .....
 >>>  Time used in Q-MAT      is   0.58 seconds
 >>>> Total CPU  time used in HERMIT:   0.66 seconds
 >>>> Total wall time used in HERMIT:   0.75 seconds


                        .----------------------------------.
                        | End of Integral Section (HERMIT) |
                        `----------------------------------'



                   .--------------------------------------------.
                   | Starting in Wave Function Section (SIRIUS) |
                   `--------------------------------------------'


 *** Output from Huckel module :

     Using EWMO model:          T
     Using EHT  model:          F
     Number of Huckel orbitals each symmetry:   12

 EWMO - Energy Weighted Maximum Overlap - is a Huckel type method,
        which normally is better than Extended Huckel Theory.
 Reference: Linderberg and Ohrn, Propagators in Quantum Chemistry (Wiley, 1973)

 Huckel EWMO eigenvalues for symmetry :  1
          -20.684619     -11.351900      -1.631288      -1.046947      -0.814716
           -0.700208      -0.605487      -0.493669      -0.322892      -0.164075
           -0.130192      -0.105106

 **********************************************************************
 *SIRIUS* a direct, restricted step, second order MCSCF program       *
 **********************************************************************

 
     Date and time (Linux)  : Fri Feb 27 08:47:42 2015
     Host name              : foeroyar                                

 Title lines from ".mol" input file:
     Opt 2.2 paracyclophane chormoph.                                        
                                                                             

 Print level on unit LUPRI =   2 is   0
 Print level on unit LUW4  =   2 is   5

@    Restricted, closed shell Hartree-Fock calculation.

 Initial molecular orbitals are obtained according to
 ".MOSTART EWMO  " input option

@    QM part is embedded in an environment :

@         Solvation model: PCM

     Wave function specification
     ============================
@    Wave function type        >>> HF <<<
@    Number of closed shell electrons          16
@    Number of electrons in active shells       0
@    Total charge of the molecule               0

@    Spin multiplicity and 2 M_S                1         0
@    Total number of symmetries                 1 (point group: C1 )
@    Reference state symmetry                   1 (irrep name : A  )

     Orbital specifications
     ======================
@    Abelian symmetry species          All |    1
@                                          |  A  
                                       --- |  ---
@    Occupied SCF orbitals               8 |    8
@    Secondary orbitals                  4 |    4
@    Total number of orbitals           12 |   12
@    Number of basis functions          12 |   12

     Optimization information
     ========================
@    Number of configurations                 1
@    Number of orbital rotations             32
     ------------------------------------------
@    Total number of variables               33

     Maximum number of Fock   iterations      0
     Maximum number of DIIS   iterations     60
     Maximum number of QC-SCF iterations     60
     Threshold for SCF convergence     1.00D-05

          -------------------------------------
          ---- POLARISABLE CONTINUUM MODEL ----
          ----      UNIVERSITY OF PISA     ----
          -------------------------------------

 ESTIMATE OF NUCLEAR CHARGE       15.97018
 NUCLEAR APPARENT CHARGE -15.78962
 THEORETICAL -15.79589 NOT RENORMALIZED

 ..... DONE WITH INDUCED NUCLEAR CHARGES .....


 ***********************************************
 ***** DIIS acceleration of SCF iterations *****
 ***********************************************

 C1-DIIS algorithm; max error vectors =    8

 Iter      Total energy       Solvation energy    Error norm    Delta(E)
 -----------------------------------------------------------------------------
     (Precalculated two-electron integrals are transformed to P-supermatrix elements.
      Threshold for discarding integrals :  1.00D-12 )
@  1  -112.142757101     -2.184941165323E-02    1.57297D+00   -1.12D+02
      Virial theorem: -V/T =      2.002200
@      MULPOP C       1.10; O      -0.84; H      -0.13; H      -0.13; 
 -----------------------------------------------------------------------------
@  2  -112.306350467     -4.231941750206E-04    8.60617D-01   -1.64D-01
      Virial theorem: -V/T =      2.010779
@      MULPOP C      -0.41; O       0.18; H       0.12; H       0.12; 
 -----------------------------------------------------------------------------
@  3  -112.355347975     -3.081715765518E-03    4.79214D-02   -4.90D-02
      Virial theorem: -V/T =      2.008440
@      MULPOP C       0.08; O      -0.21; H       0.07; H       0.07; 
 -----------------------------------------------------------------------------
@  4  -112.355567262     -2.888422669287E-03    1.11119D-02   -2.19D-04
      Virial theorem: -V/T =      2.008333
@      MULPOP C       0.07; O      -0.21; H       0.07; H       0.07; 
 -----------------------------------------------------------------------------
@  5  -112.355580061     -2.869239144616E-03    3.15303D-03   -1.28D-05
      Virial theorem: -V/T =      2.008320
@      MULPOP C       0.07; O      -0.21; H       0.07; H       0.07; 
 -----------------------------------------------------------------------------
@  6  -112.355581950     -2.857433726675E-03    6.57393D-04   -1.89D-06
      Virial theorem: -V/T =      2.008327
@      MULPOP C       0.07; O      -0.21; H       0.07; H       0.07; 
 -----------------------------------------------------------------------------
@  7  -112.355582031     -2.856187140914E-03    7.11748D-05   -8.09D-08
      Virial theorem: -V/T =      2.008329
@      MULPOP C       0.07; O      -0.21; H       0.07; H       0.07; 
 -----------------------------------------------------------------------------
@  8  -112.355582031     -2.856044113820E-03    4.60882D-06   -6.13D-10

@ *** DIIS converged in   8 iterations !
@     Converged SCF energy, gradient:   -112.355582031491    4.61D-06
    - total time used in SIRFCK :              0.00 seconds


 *** SCF orbital energy analysis ***
    (incl. solvent contribution)

 Number of electrons :   16
 Orbital occupations :    8

 Sym       Hartree-Fock orbital energies

1 A     -20.29958353   -11.12079212    -1.33320845    -0.80284544    -0.63846096
         -0.54122298    -0.43900852    -0.35348957     0.28385001     0.63726330
          0.77009303     0.90607781

    E(LUMO) :     0.28385001 au (symmetry 1)
  - E(HOMO) :    -0.35348957 au (symmetry 1)
  ------------------------------------------
    gap     :     0.63733958 au

 >>> Writing SIRIFC interface file

 >>>> CPU and wall time for SCF :       3.234       3.233


                       .-----------------------------------.
                       | >>> Final results from SIRIUS <<< |
                       `-----------------------------------'


@    Spin multiplicity:           1
@    Spatial symmetry:            1 ( irrep  A   in C1  )
@    Total charge of molecule:    0

     SOLVATION MODEL: polarizable continuum model (PCM),
          dielectric constant =   78.390000

@    Final HF energy:            -112.355582031491                 
@    Nuclear repulsion:            31.163673729192
@    Electronic energy:          -143.516399716569

@    Final gradient norm:           0.000004608816

 
     Date and time (Linux)  : Fri Feb 27 08:47:45 2015
     Host name              : foeroyar                                

File label for MO orbitals:  27Feb15   FOCKDIIS

 (Only coefficients >0.0100 are printed.)

 Molecular orbitals for symmetry species 1  (A  )
 ------------------------------------------------

    Orbital         1        2        3        4        5        6        7
   1 C   :1s    -0.0005  -0.9926   0.1223  -0.1873   0.0000   0.0268   0.0000
   2 C   :1s     0.0072  -0.0332  -0.2782   0.5808  -0.0000  -0.0860  -0.0000
   3 C   :2px   -0.0000  -0.0000   0.0000   0.0000   0.5352   0.0000   0.0000
   4 C   :2py    0.0000   0.0000  -0.0000  -0.0000   0.0000   0.0000  -0.6051
   5 C   :2pz    0.0062  -0.0008  -0.1567  -0.2136   0.0000  -0.4552   0.0000
   6 O   :1s    -0.9943  -0.0002   0.2195   0.1022  -0.0000  -0.0895   0.0000
   7 O   :1s    -0.0259   0.0058  -0.7701  -0.4468  -0.0000   0.4791  -0.0000
   8 O   :2px   -0.0000   0.0000  -0.0000  -0.0000   0.4297  -0.0000  -0.0000
   9 O   :2py   -0.0000  -0.0000   0.0000  -0.0000   0.0000   0.0000  -0.6805
  10 O   :2pz    0.0056  -0.0018   0.1657  -0.1775  -0.0000   0.6779   0.0000
  11 H   :1s    -0.0003   0.0066  -0.0324   0.2612   0.2994   0.1639   0.0000
  12 H   :1s    -0.0003   0.0066  -0.0324   0.2612  -0.2994   0.1639  -0.0000

    Orbital         8        9       10       11       12
   1 C   :1s    -0.0000   0.0000  -0.2009   0.0000  -0.1103
   2 C   :1s     0.0000  -0.0000   1.2706  -0.0000   0.7284
   3 C   :2px    0.1836  -0.0000   0.0000   1.1747  -0.0000
   4 C   :2py    0.0000  -0.8238  -0.0000  -0.0000  -0.0000
   5 C   :2pz    0.0000  -0.0000  -0.5035   0.0000   1.1291
   6 O   :1s     0.0000  -0.0000   0.0197   0.0000   0.1174
   7 O   :1s    -0.0000   0.0000  -0.1040  -0.0000  -0.8678
   8 O   :2px   -0.8807  -0.0000  -0.0000  -0.3048   0.0000
   9 O   :2py    0.0000   0.7628   0.0000   0.0000   0.0000
  10 O   :2pz   -0.0000  -0.0000   0.1752   0.0000   0.9356
  11 H   :1s     0.3445   0.0000  -0.9049  -0.8630   0.0742
  12 H   :1s    -0.3445  -0.0000  -0.9049   0.8630   0.0742



 >>>> Total CPU  time used in SIRIUS :      3.24 seconds
 >>>> Total wall time used in SIRIUS :      3.24 seconds

 
     Date and time (Linux)  : Fri Feb 27 08:47:45 2015
     Host name              : foeroyar                                

 NOTE:    1 warnings have been issued.
 Check output, result, and error files for "WARNING".


                     .---------------------------------------.
                     | End of Wave Function Section (SIRIUS) |
                     `---------------------------------------'


 Center of mass dipole origin  :    0.000000    0.000000    1.159649

 Center of mass gauge origin   :    0.000000    0.000000    1.159649


                 .------------------------------------------------.
                 | Starting in Static Property Section (ABACUS) - |
                 `------------------------------------------------'


 
     Date and time (Linux)  : Fri Feb 27 08:47:45 2015
     Host name              : foeroyar                                
 ----ADDING LOCAL FIELD CONTRIBUTION----


   ***************************************************************************
   ************************ FINAL RESULTS from ABACUS ************************
   ***************************************************************************


 
     Date and time (Linux)  : Fri Feb 27 08:47:45 2015
     Host name              : foeroyar                                


                             Molecular geometry (au)
                             -----------------------

 C          0.0000000000            0.0000000000            0.0000000000
 O          0.0000000000            0.0000000000            2.3054658725
 H          1.7822044879            0.0000000000           -1.0289558751
 H         -1.7822044879            0.0000000000           -1.0289558751





                        Molecular wave function and energy
                        ----------------------------------

     Spatial symmetry   1 ( A   )
     Spin multiplicity  1
     2 * M_S            0
     State number       1
     Total charge       0

     Total energy       -112.3555820315 au (Hartrees)
                         -3057.35091079 eV
                           -294989.5351 kJ/mol
                            -70504.1910 kcal/mol


                   Scalar Breit-Pauli relativistic corrections
                   -------------------------------------------

     Darwin correction:                          0.1684676503 au
     Mass-velocity correction:                  -0.2161983087 au

     Total relativistic correction:             -0.0477306583 au (0.0425%)
     Non-relativistic + relativistic energy:  -112.4033126898 au



      (Note that these corrections are NOT included in the results below.)


                                  Dipole moment
                                  -------------

                 au               Debye          C m (/(10**-30)
              0.675590           1.717179           5.727893


                             Dipole moment components
                             ------------------------

                 au               Debye          C m (/(10**-30)

      x      0.00000000         0.00000000         0.00000000
      y     -0.00000000        -0.00000000        -0.00000000
      z     -0.67559031        -1.71717918        -5.72789318


   Units:   1 a.u. =   2.54175 Debye 
            1 a.u. =   8.47835 (10**-30) C m (SI)




                       Local-field corrected dipole moment
                       -----------------------------------

                 au               Debye          C m (/(10**-30)
              0.900539           2.288943           7.635092


                  Local-field corrected dipole moment components
                  ----------------------------------------------

                 au               Debye          C m (/(10**-30)

      x      0.00000000         0.00000000         0.00000000
      y      0.00000000         0.00000000         0.00000000
      z     -0.90053949        -2.28894293        -7.63509179




   Interatomic separations (in Angstrom):
   --------------------------------------

            C           O           H           H     
            ------      ------      ------      ------
 C     :    0.000000
 O     :    1.220000    0.000000
 H     :    1.089000    2.000725    0.000000
 H     :    1.089000    2.000725    1.886204    0.000000


  Max    interatomic separation is    2.0007 Angstrom (    3.7808 Bohr)
  between atoms    3 and    2, "H     " and "O     ".

  Min HX interatomic separation is    1.0890 Angstrom (    2.0579 Bohr)

  Min YX interatomic separation is    1.2200 Angstrom (    2.3055 Bohr)


  Bond distances (Angstrom):
  --------------------------

                  atom 1     atom 2       distance
                  ------     ------       --------
  bond distance:  O          C            1.220000
  bond distance:  H          C            1.089000
  bond distance:  H          C            1.089000


  Bond angles (degrees):
  ----------------------

                  atom 1     atom 2     atom 3         angle
                  ------     ------     ------         -----
  bond angle:     O          C          H            120.000
  bond angle:     O          C          H            120.000
  bond angle:     H          C          H            120.000




 CPU time statistics for ABACUS
 ------------------------------




 >>>> Total CPU  time used in ABACUS:   0.38 seconds
 >>>> Total wall time used in ABACUS:   0.38 seconds


                   .-------------------------------------------.
                   | End of Static Property Section (ABACUS) - |
                   `-------------------------------------------'

 >>>> Total CPU  time used in DALTON:   4.29 seconds
 >>>> Total wall time used in DALTON:   4.39 seconds

 
     Date and time (Linux)  : Fri Feb 27 08:47:45 2015
     Host name              : foeroyar                                
