 THIS IS A DEBUG BUILD
  
     ******************************************************************    
     **********  LSDALTON - An electronic structure program  **********    
     ******************************************************************    
  
  
      This is output from LSDALTON 2014.0
  
  
      IF RESULTS OBTAINED WITH THIS CODE ARE PUBLISHED,
      THE FOLLOWING PAPER SHOULD BE CITED:
      
      K. Aidas, C. Angeli, K. L. Bak, V. Bakken, R. Bast,
      L. Boman, O. Christiansen, R. Cimiraglia, S. Coriani,
      P. Dahle, E. K. Dalskov, U. Ekstroem, T. Enevoldsen,
      J. J. Eriksen, P. Ettenhuber, B. Fernandez,
      L. Ferrighi, H. Fliegl, L. Frediani, K. Hald,
      A. Halkier, C. Haettig, H. Heiberg,
      T. Helgaker, A. C. Hennum, H. Hettema,
      E. Hjertenaes, S. Hoest, I.-M. Hoeyvik,
      M. F. Iozzi, B. Jansik, H. J. Aa. Jensen,
      D. Jonsson, P. Joergensen, J. Kauczor,
      S. Kirpekar, T. Kjaergaard, W. Klopper,
      S. Knecht, R. Kobayashi, H. Koch, J. Kongsted,
      A. Krapp, K. Kristensen, A. Ligabue,
      O. B. Lutnaes, J. I. Melo, K. V. Mikkelsen, R. H. Myhre,
      C. Neiss, C. B. Nielsen, P. Norman,
      J. Olsen, J. M. H. Olsen, A. Osted,
      M. J. Packer, F. Pawlowski, T. B. Pedersen,
      P. F. Provasi, S. Reine, Z. Rinkevicius,
      T. A. Ruden, K. Ruud, V. Rybkin,
      P. Salek, C. C. M. Samson, A. Sanchez de Meras,
      T. Saue, S. P. A. Sauer, B. Schimmelpfennig,
      K. Sneskov, A. H. Steindal, K. O. Sylvester-Hvid,
      P. R. Taylor, A. M. Teale, E. I. Tellgren,
      D. P. Tew, A. J. Thorvaldsen, L. Thoegersen,
      O. Vahtras, M. A. Watson, D. J. D. Wilson,
      M. Ziolkowski, and H. AAgren,
      "The Dalton quantum chemistry program system",
      WIREs Comput. Mol. Sci. (doi: 10.1002/wcms.1172)
  
  
                                                
      LSDALTON authors in alphabetical order (main contribution(s) in parenthesis)
      ----------------------------------------------------------------------------
      Vebjoern Bakken,         University of Oslo,        Norway    (geometry optimizer)
      Radovan Bast,            KTH Stockholm,             Sweden    (CMake, Testing)
      Sonia Coriani,           University of Trieste,     Italy     (response)
      Patrick Ettenhuber,      Aarhus University,         Denmark   (CCSD)
      Trygve Helgaker,         University of Oslo,        Norway    (supervision)
      Stinne Hoest,            Aarhus University,         Denmark   (SCF optimization)
      Ida-Marie Hoeyvik,       Aarhus University,         Denmark   (orbital localization, SCF optimization)
      Robert Izsak,            University of Oslo,        Norway    (ADMM)
      Branislav Jansik,        Aarhus University,         Denmark   (trilevel, orbital localization)
      Poul Joergensen,         Aarhus University,         Denmark   (supervision)
      Joanna Kauczor,          Aarhus University,         Denmark   (response solver)
      Thomas Kjaergaard,       Aarhus University,         Denmark   (response, integrals)
      Andreas Krapp,           University of Oslo,        Norway    (FMM, dispersion-corrected DFT)
      Kasper Kristensen,       Aarhus University,         Denmark   (response, DEC)
      Patrick Merlot,          University of Oslo,        Norway    (ADMM)
      Cecilie Nygaard,         Aarhus University,         Denmark   (SOEO)
      Jeppe Olsen,             Aarhus University,         Denmark   (supervision)
      Simen Reine,             University of Oslo,        Norway    (integrals, geometry optimizer)
      Vladimir Rybkin,         University of Oslo,        Norway    (geometry optimizer, dynamics)
      Pawel Salek,             KTH Stockholm,             Sweden    (FMM, DFT functionals)
      Andrew M. Teale,         University of Nottingham   England   (E-coefficients)
      Erik Tellgren,           University of Oslo,        Norway    (density fitting, E-coefficients)
      Andreas J. Thorvaldsen,  University of Tromsoe,     Norway    (response)
      Lea Thoegersen,          Aarhus University,         Denmark   (SCF optimization)
      Mark Watson,             University of Oslo,        Norway    (FMM)
      Marcin Ziolkowski,       Aarhus University,         Denmark   (DEC)
  
  
     NOTE:
      
     This is an experimental code for the evaluation of molecular
     energies and properties using various electronic structure models.
     The authors accept no responsibility for the performance of the code or
     for the correctness of the results.
      
     The code (in whole or part) is provided under a licence and
     is not to be reproduced for further distribution without
     the written permission of the authors or their representatives.
      
     See the home page "http://daltonprogram.org"
     for further information.
  
  
 Who compiled             | roberto
 Host                     | spongebob
 System                   | Linux-3.13.0-37-generic
 CMake generator          | Unix Makefiles
 Processor                | x86_64
 64-bit integers          | OFF
 MPI                      | OFF
 Fortran compiler         | /usr/bin/gfortran
 Fortran compiler version | GNU Fortran (Ubuntu 4.8.2-19ubuntu1) 4.8.2
 C compiler               | /usr/bin/gcc
 C compiler version       | gcc (Ubuntu 4.8.2-19ubuntu1) 4.8.2
 C++ compiler             | /usr/bin/g++
 C++ compiler version     | g++ (Ubuntu 4.8.2-19ubuntu1) 4.8.2
 BLAS                     | /usr/lib/atlas-base/libf77blas.so;/usr/lib/atlas-b
                          | ase/libcblas.so;/usr/lib/atlas-base/libatlas.so
 LAPACK                   | /usr/lib/atlas-base/libatlas.so;/usr/lib/atlas-bas
                          | e/atlas/liblapack.so
 Static linking           | OFF
 Last Git revision        | 967fbdf146e6b3911b985624f5376c9d161cb05f
 Git branch               | pcm
 Configuration time       | 2014-10-11 09:46:40.025096


       Input processing for the Polarizable Continuum Model module
       -----------------------------------------------------------

  ===== Polarizable Continuum Model calculation set-up =====
 * Polarizable Continuum Model using PCMSolver external module:
   1: Converged potentials and charges at tesserae representative points written on file.
   2: Use total potentials and apparent charges.
   3: Do not print potentials and charges.


 * PCMSolver, an API for the Polarizable Continuum Model electrostatic problem. Version 1.0.0
   Main authors: R. Di Remigio, L. Frediani, K. Mozgawa
    With contributions from:
     R. Bast            (CMake framework)
     U. Ekstroem        (automatic differentiation library)
     H. Harbrecht       (wavelet cavity and solvers libraries)
     J. Juselius        (input parsing library and CMake framework)
     C. S. Pomelli      (TsLess cavity library)
     M. Randrianarivony (wavelet cavity library)
     V. Weijo           (wavelet libraries and cavity visualization scripts)
   Theory: - J. Tomasi, B. Mennucci and R. Cammi:
            "Quantum Mechanical Continuum Solvation Models", Chem. Rev., 105 (2005) 2999
   PCMSolver is distributed under the terms of the GNU Lesser General Public License.


Start simulation
     Date and time (Linux)  : Sat Oct 11 10:16:57 2014
     Host name              : spongebob                               
                      
 -----------------------------------------
          PRINTING THE MOLECULE.INP FILE 
 -----------------------------------------
                      
  BASIS                                   
  STO-3G                                  
  Methane                                 
  using the STO-3G basis                  
  Atomtypes=2 Nosymmetry                                      
  Charge=6.0 Atoms=1                                          
  C      .000000000   .000000000  .000000000                  
  Charge=1.0 Atoms=4                                          
  H1     .629889144   .629889144  .629889144                  
  H2    -.629889144  -.629889144  .629889144                  
  H3     .629889144  -.629889144 -.629889144                  
  H4    -.629889144   .629889144 -.629889144                  
                      
 -----------------------------------------
          PRINTING THE LSDALTON.INP FILE 
 -----------------------------------------
                      
  **GENERAL                                                                                           
  **WAVE FUNCTIONS                                                                                    
  .HF                                                                                                 
  **PCM                                                                                               
  *END OF INPUT                                                                                       
  
  MOLPRINT IS SET TO       0


                    Cartesian Coordinates Linsca (au)
                    ---------------------------------

   Total number of coordinates: 15
   Written in atomic units    
 
   1   C        x      0.0000000000
   2            y      0.0000000000
   3            z      0.0000000000
 
   4   H1       x      0.6298891440
   5            y      0.6298891440
   6            z      0.6298891440
 
   7   H2       x     -0.6298891440
   8            y     -0.6298891440
   9            z      0.6298891440
 
  10   H3       x      0.6298891440
  11            y     -0.6298891440
  12            z     -0.6298891440
 
  13   H4       x     -0.6298891440
  14            y      0.6298891440
  15            z     -0.6298891440
 

WARNING: Number of short HX and YX bond lengths:    4    0
WARNING: If not intentional, maybe your coordinates were in Angstrom,
WARNING: but "Angstrom" was not specified in .mol file
 
 BASISSETLIBRARY  : REGULAR  
   
BASISSETLIBRARY
 Number of Basisset           1
 BASISSET:  STO-3G                                            
  CHARGES:    6.0000    1.0000
                      
   
  CALLING BUILD BASIS WITH DEFAULT REGULAR   BASIS
   
 OPENING FILE/home/roberto/Workspace/dalton/build/basis/STO-3G
                      
THE MOLECULE
 --------------------------------------------------------------------
 Molecular Charge                    :    0.0000
    Regular basisfunctions             :        9
    Valence basisfunctions             :        0
    Primitive Regular basisfunctions   :       27
    Primitive Valence basisfunctions   :        0
 --------------------------------------------------------------------
                      
                      
 --------------------------------------------------------------------
  atom  charge  Atomicbasis    Phantom   nPrimREG  nContREG
 --------------------------------------------------------------------
     1   6.000  STO-3G          F             15           5
     2   1.000  STO-3G          F              3           1
     3   1.000  STO-3G          F              3           1
     4   1.000  STO-3G          F              3           1
     5   1.000  STO-3G          F              3           1
                      
 The cartesian centers in Atomic units. 
  ATOM  NAME  ISOTOPE            X                 Y                 Z     
     1  C           1        0.00000000        0.00000000        0.00000000
     2  H1          1        0.62988914        0.62988914        0.62988914
     3  H2          1       -0.62988914       -0.62988914        0.62988914
     4  H3          1        0.62988914       -0.62988914       -0.62988914
     5  H4          1       -0.62988914        0.62988914       -0.62988914
                      
                      
Atoms and basis sets
  Total number of atoms        :      5
  THE  REGULAR   is on R =   1
---------------------------------------------------------------------
  atom label  charge basisset                prim     cont   basis
---------------------------------------------------------------------
      1 C      6.000 STO-3G                    15        5 [6s3p|2s1p]                                  
      2 H1     1.000 STO-3G                     3        1 [3s|1s]                                      
      3 H2     1.000 STO-3G                     3        1 [3s|1s]                                      
      4 H3     1.000 STO-3G                     3        1 [3s|1s]                                      
      5 H4     1.000 STO-3G                     3        1 [3s|1s]                                      
---------------------------------------------------------------------
total         10                               27        9
---------------------------------------------------------------------
                      
 Configuration:
 ==============
    This is a Single core calculation. (no OpenMP)
    This is a serial calculation (no MPI)

   You have requested Augmented Roothaan-Hall optimization
   => explicit averaging is turned off!

Expand trust radius if ratio is larger than:            0.75
Contract trust radius if ratio is smaller than:         0.25
On expansion, trust radius is expanded by a factor      1.20
On contraction, trust radius is contracted by a factor  0.70

 Maximum size of subspace in ARH linear equations:           2

Density subspace min. method    : None                    
Density optimization : Augmented RH optimization          

 Maximum size of Fock/density queue in averaging:          10

Convergence threshold for gradient:   0.10E-03
 
We perform the calculation in the Grand Canonical basis
(see PCCP 2009, 11, 5805-5813)
To use the standard input basis use .NOGCBASIS
 
Since the input basis set is a segmented contracted basis we
perform the integral evaluation in the more efficient
standard input basis and then transform to the Grand 
Canonical basis, which is general contracted.
You can force the integral evaluation in Grand 
Canonical basis by using the keyword
.NOGCINTEGRALTRANSFORM
 
    The Overall Screening threshold is set to              :  1.0000E-08
    The Screening threshold used for Coulomb               :  1.0000E-10
    The Screening threshold used for Exchange              :  1.0000E-08
    The Screening threshold used for One-electron operators:  1.0000E-15
 The SCF Convergence Criteria is applied to the gradnorm in OAO basis

 End of configuration!

Matrix type: mtype_dense
 
 A set of atomic calculations are performed in order to construct
 the Grand Canonical Basis set (see PCCP 11, 5805-5813 (2009))
 as well as JCTC 5, 1027 (2009)
 This is done in order to use the TRILEVEL starting guess and 
 perform orbital localization
 This is Level 1 of the TRILEVEL starting guess and is performed per default.
 The use of the Grand Canonical Basis can be deactivated using .NOGCBASIS
 under the **GENERAL section. This is NOT recommended if you do TRILEVEL 
 or orbital localization.
 

 Level 1 atomic calculation on STO-3G Charge   6
 ================================================
 The Coulomb energy contribution    18.756008883565364     
 The Exchange energy contribution    4.7926628866735257     
 The Fock energy contribution   -13.963345996891835     
**************************************************************************************###
 it        E(HF)            dE(HF)         exit      alpha RHshift    AO gradient     ###
******************************************************************  ********************###
  1    -36.7619269639    0.00000000000    0.00      0.00000    0.00    2.51E-15  ###
***********************************************************************************************%%%
 Trust Radius   Max element     Norm     RHshift       Ratio  Dpar/Dtot  Ndens(FIFO)    SCF it %%%
***********************************************************************************************%%%

 Level 1 atomic calculation on STO-3G Charge   1
 ================================================
 The Coulomb energy contribution   0.38730296535677067     
 The Exchange energy contribution   0.19365148267838533     
 The Fock energy contribution  -0.19365148267838533     
**************************************************************************************###
 it        E(HF)            dE(HF)         exit      alpha RHshift    AO gradient     ###
******************************************************************  ********************###
  1     -0.2729303720    0.00000000000    0.00      0.00000    0.00    0.00E+00  ###
***********************************************************************************************%%%
 Trust Radius   Max element     Norm     RHshift       Ratio  Dpar/Dtot  Ndens(FIFO)    SCF it %%%
***********************************************************************************************%%%
Matrix type: mtype_dense


~~~~~~~~~~ PCMSolver ~~~~~~~~~~
Using CODATA 2010 set of constants.
Input parsing done API-side
========== Cavity 
Cavity type: GePol
Average area = 1.07132 AU^2
Probe radius = 2.61727 AU
Number of spheres = 5 [initial = 5; added = 0]
Number of finite elements = 200
========== Solver 
Solver Type: IEFPCM, isotropic
PCM matrix hermitivitized
============ Medium 
Medium initialized from solvent built-in data.
Solvent name:          Water
Static  permittivity = 78.39
Optical permittivity = 1.776
Solvent radius =       1.385
.... Inside 
Green's function type: vacuum
.... Outside 
Green's function type: uniform dielectric
Permittivity = 78.39


 PCMSolver interface correctly initialized

 First density: Atoms in molecule guess

 The Coulomb energy contribution    38.764600681077312     
 The Exchange energy contribution   -8.5456858798884205     
 The Fock energy contribution   -30.218914801188888     
  Iteration 0 energy:  -40.625778309091565     

Max no. of matrices allocated in Level 2 / get_initial_dens:         11
 Preparing to do S^1/2 decomposition...
Matrix S     has nnz=        61 sparsity:     75.309 %
Matrix AO D  has nnz=        63 sparsity:     77.778 %
  Relative convergence threshold for solver:   1.0000000000000000E-002
  SCF Convergence criteria for gradient norm:   9.9999997473787516E-005
** Get Fock matrix number   1
 The Coulomb energy contribution    38.882462282268882     
 The Exchange energy contribution   -7.2423948421134927     
 The Fock energy contribution   -31.640067440155384     
**************************************************************************************###
 it        E(HF)            dE(HF)         exit      alpha RHshift    OAO gradient     ###
******************************************************************  ********************###
  1    -37.1995077715    0.00000000000    0.00      0.00000    0.00    7.38E-02  ###
***********************************************************************************************%%%
 Trust Radius   Max element     Norm     RHshift       Ratio  Dpar/Dtot  Ndens(FIFO)    SCF it %%%
***********************************************************************************************%%%
** Make average of the last F and D matrices
Matrix AO D  has nnz=        63 sparsity:     77.778 %
Matrix AO F  has nnz=        63 sparsity:     77.778 %
Matrix OAO D has nnz=        63 sparsity:     77.778 %
Matrix OAO F has nnz=        63 sparsity:     77.778 %
** Get new density 
 OAO gradnorm   7.3803065910023530E-002
 Number of densities in queue:           0
CROP scheme, truncated subspace (CORE) - max. no. of vectors is  2

    E(LUMO):                      1.388492 au
   -E(HOMO):                     -0.864201 au
   -------------------------------------
    HOMO-LUMO Gap (by diag.):     2.252693 au

 First mu:   0.0000000000000000     
  Error of red space iteration  1:        0.0967658235 (mu =       0.00, xmax =   0.413658E-02, xnorm =   0.223214E-01, THR =   0.738031E-03)
  Error of red space iteration  2:        0.0022597797 (mu =       0.00, xmax =   0.590866E-02, xnorm =   0.252561E-01, THR =   0.738031E-03)
  Error of red space iteration  3:        0.0001203495 (mu =       0.00, xmax =   0.572648E-02, xnorm =   0.245157E-01, THR =   0.738031E-03)
Newton equations converged in  3 iterations!
No. of matmuls in get_density:    41
 >>>  CPU Time used in SCF iteration is   0.03 seconds
 >>> wall Time used in SCF iteration is   0.03 seconds
** Get Fock matrix number   2
 The Coulomb energy contribution    38.903959007477759     
 The Exchange energy contribution   -7.2412046495503279     
 The Fock energy contribution   -31.662754357927408     
 0.60000 (xnorm)    0.00573    0.02452   -0.00        1.1494    0.0000         0          1    %%%
 Trust radius based on max norm!
 Large ratio, double trust-radius
 Absolute max step allowed is  0.59999999999999998       , resetting trust radius!
  2    -37.2014860232   -0.00197825172    0.00      0.00000   -0.00    1.05E-02  ###
** Make average of the last F and D matrices
Matrix AO D  has nnz=        63 sparsity:     77.778 %
Matrix AO F  has nnz=        63 sparsity:     77.778 %
Matrix OAO D has nnz=        63 sparsity:     77.778 %
Matrix OAO F has nnz=        63 sparsity:     77.778 %
** Get new density 
 OAO gradnorm   1.0500014371529597E-002
 Number of densities in queue:           1
CROP scheme, truncated subspace (CORE) - max. no. of vectors is  2

    E(LUMO):                      1.389301 au
   -E(HOMO):                     -0.863655 au
   -------------------------------------
    HOMO-LUMO Gap (by diag.):     2.252956 au

 First mu:   0.0000000000000000     
  Error of red space iteration  1:        0.0064053698 (mu =       0.00, xmax =   0.103377E-02, xnorm =   0.588600E-02, THR =   0.105000E-03)
  Error of red space iteration  2:        0.0010259813 (mu =       0.00, xmax =   0.922699E-03, xnorm =   0.496031E-02, THR =   0.105000E-03)
  Error of red space iteration  3:        0.0000137883 (mu =       0.00, xmax =   0.837355E-03, xnorm =   0.470599E-02, THR =   0.105000E-03)
Newton equations converged in  3 iterations!
No. of matmuls in get_density:    52
 >>>  CPU Time used in SCF iteration is   0.03 seconds
 >>> wall Time used in SCF iteration is   0.03 seconds
** Get Fock matrix number   3
 The Coulomb energy contribution    38.911584171742000     
 The Exchange energy contribution   -7.2411567095104896     
 The Fock energy contribution   -31.670427462231491     
 0.60000 (xnorm)    0.00084    0.00471   -0.00        1.0073    0.9796         1          2    %%%
 Trust radius based on max norm!
 Large ratio, double trust-radius
 Absolute max step allowed is  0.59999999999999998       , resetting trust radius!
  3    -37.2015346293   -0.00004860607    0.00      0.00000   -0.00    3.79E-04  ###
** Make average of the last F and D matrices
Matrix AO D  has nnz=        63 sparsity:     77.778 %
Matrix AO F  has nnz=        63 sparsity:     77.778 %
Matrix OAO D has nnz=        63 sparsity:     77.778 %
Matrix OAO F has nnz=        63 sparsity:     77.778 %
** Get new density 
 OAO gradnorm   3.7934003073482081E-004
 Number of densities in queue:           2
CROP scheme, truncated subspace (CORE) - max. no. of vectors is  2

    E(LUMO):                      1.389661 au
   -E(HOMO):                     -0.863284 au
   -------------------------------------
    HOMO-LUMO Gap (by diag.):     2.252944 au

 First mu:   0.0000000000000000     
  Error of red space iteration  1:        0.0005417896 (mu =       0.00, xmax =   0.272490E-04, xnorm =   0.134674E-03, THR =   0.379340E-06)
  Error of red space iteration  2:        0.0000407068 (mu =       0.00, xmax =   0.241377E-04, xnorm =   0.133582E-03, THR =   0.379340E-06)
  Error of red space iteration  3:        0.0000005949 (mu =       0.00, xmax =   0.232316E-04, xnorm =   0.128148E-03, THR =   0.379340E-06)
  Error of red space iteration  4:        0.0000000248 (mu =       0.00, xmax =   0.232022E-04, xnorm =   0.127898E-03, THR =   0.379340E-06)
Newton equations converged in  4 iterations!
No. of matmuls in get_density:    60
 >>>  CPU Time used in SCF iteration is   0.03 seconds
 >>> wall Time used in SCF iteration is   0.03 seconds
** Get Fock matrix number   4
 The Coulomb energy contribution    38.912124013468620     
 The Exchange energy contribution   -7.2411916778259569     
 The Fock energy contribution   -31.670932335642650     
 0.60000 (xnorm)    0.00002    0.00013   -0.00        0.9966    0.9891         2          3    %%%
 Trust radius based on max norm!
 Large ratio, double trust-radius
 Absolute max step allowed is  0.59999999999999998       , resetting trust radius!
  4    -37.2015346698   -0.00000004050    0.00      0.00000   -0.00    1.05E-05  ###
SCF converged in      4 iterations
 >>>  CPU Time used in **ITER is   0.12 seconds
 >>> wall Time used in **ITER is   0.12 seconds

Total no. of matmuls in SCF optimization:        270

 Number of occupied orbitals:           5
 Number of virtual orbitals:           4

 Number of occupied orbital energies to be found:           1
 Number of virtual orbital energies to be found:           1


Calculation of HOMO-LUMO gap
============================

Calculation of occupied orbital energies converged in     2 iterations!

Calculation of virtual orbital energies converged in     1 iterations!

    E(LUMO):                         2.219318 au
   -E(HOMO):                        -1.306543 au
   ------------------------------
    HOMO-LUMO Gap (iteratively):     3.525862 au


********************************************************
 it       dE(HF)          exit   RHshift    RHinfo 
********************************************************
  1    0.00000000000    0.0000    0.0000    0.0000000
  2   -0.00197825172    0.0000   -0.0000    0.0000000
  3   -0.00004860607    0.0000   -0.0000    0.0000000
  4   -0.00000004050    0.0000   -0.0000    0.0000000

======================================================================
                   LINSCF ITERATIONS:
  It.nr.               Energy                 OAO Gradient norm
======================================================================
    1           -37.19950777151385068464      0.738030659100235D-01
    2           -37.20148602323496334066      0.105000143715296D-01
    3           -37.20153462930965559963      0.379340030734821D-03
    4           -37.20153466980880807569      0.105161633302275D-04

      SCF converged !!!! 
         >>> Final results from LSDALTON <<<


      Final HF energy:                       -37.201534669809
      PCM polarization energy:                -0.000029010098
      Nuclear repulsion:                      25.365934555796
      Electronic energy:                     -62.567440215508

 >>>  CPU Time used in *SCF is   0.18 seconds
 >>> wall Time used in *SCF is   0.18 seconds

Total no. of matmuls used:                       286
Total no. of Fock/KS matrix evaluations:           5
Max no. of matrices allocated in Level 3:         31
 PCMSolver interface correctly finalized
*=*=*=*=*=*=*=*=*=*=*=*=*=*=*=*=*=*=*=*=*=*=*=*=*=*=*=*
                  Memory statistics          
*=*=*=*=*=*=*=*=*=*=*=*=*=*=*=*=*=*=*=*=*=*=*=*=*=*=*=*
  Allocated memory (TOTAL):                     0 byte  - Should be zero - otherwise a leakage is present
  Allocated memory (type(matrix)):              0 byte  - Should be zero - otherwise a leakage is present
  Allocated memory (real):                      0 byte  - Should be zero - otherwise a leakage is present
  Allocated memory (MPI):                       0 byte  - Should be zero - otherwise a leakage is present
  Allocated memory (complex):                   0 byte  - Should be zero - otherwise a leakage is present
  Allocated memory (integer):                   0 byte  - Should be zero - otherwise a leakage is present
  Allocated memory (logical):                   0 byte  - Should be zero - otherwise a leakage is present
  Allocated memory (character):                 0 byte  - Should be zero - otherwise a leakage is present
  Allocated memory (AOBATCH):                   0 byte  - Should be zero - otherwise a leakage is present
  Allocated memory (ODBATCH):                   0 byte  - Should be zero - otherwise a leakage is present
  Allocated memory (LSAOTENSOR):                0 byte  - Should be zero - otherwise a leakage is present
  Allocated memory (SLSAOTENSOR):               0 byte  - Should be zero - otherwise a leakage is present
  Allocated memory (GLOBALLSAOTENSOR):          0 byte  - Should be zero - otherwise a leakage is present
  Allocated memory (ATOMTYPEITEM):              0 byte  - Should be zero - otherwise a leakage is present
  Allocated memory (ATOMITEM):                  0 byte  - Should be zero - otherwise a leakage is present
  Allocated memory (LSMATRIX):                  0 byte  - Should be zero - otherwise a leakage is present
  Allocated memory (DECORBITAL):                0 byte  - Should be zero - otherwise a leakage is present
  Allocated memory (DECFRAG):                   0 byte  - Should be zero - otherwise a leakage is present
  Allocated memory (overlapType):               0 byte  - Should be zero - otherwise a leakage is present
  Allocated memory (BATCHTOORB):                0 byte  - Should be zero - otherwise a leakage is present
  Allocated memory (DECAOBATCHINFO):            0 byte  - Should be zero - otherwise a leakage is present
  Allocated memory (MYPOINTER):                 0 byte  - Should be zero - otherwise a leakage is present
  Allocated memory (ARRAY2):                    0 byte  - Should be zero - otherwise a leakage is present
  Allocated memory (ARRAY4):                    0 byte  - Should be zero - otherwise a leakage is present
  Allocated memory (ARRAY):                     0 byte  - Should be zero - otherwise a leakage is present
  Allocated memory (PNOSpaceInfo):              0 byte  - Should be zero - otherwise a leakage is present
  Allocated memory (MP2DENS):                   0 byte  - Should be zero - otherwise a leakage is present
  Allocated memory (TRACEBACK):                 0 byte  - Should be zero - otherwise a leakage is present
  Allocated memory (MP2GRAD):                   0 byte  - Should be zero - otherwise a leakage is present
  Allocated memory (type(lvec_data)):           0 byte  - Should be zero - otherwise a leakage is present
  Allocated memory (type(lattice_cell)):        0 byte  - Should be zero - otherwise a leakage is present
*=*=*=*=*=*=*=*=*=*=*=*=*=*=*=*=*=*=*=*=*=*=*=*=*=*=*=*
                  Additional Memory information          
*=*=*=*=*=*=*=*=*=*=*=*=*=*=*=*=*=*=*=*=*=*=*=*=*=*=*=*
  Allocated memory (linkshell):               0 byte  - Should be zero - otherwise a leakage is present
  Allocated memory (integrand):               0 byte  - Should be zero - otherwise a leakage is present
  Allocated memory (integralitem):            0 byte  - Should be zero - otherwise a leakage is present
  Allocated memory (intwork):                 0 byte  - Should be zero - otherwise a leakage is present
  Allocated memory (overlap):                 0 byte  - Should be zero - otherwise a leakage is present
  Allocated memory (ODitem):                  0 byte  - Should be zero - otherwise a leakage is present
  Allocated memory (lstensor):                0 byte  - Should be zero - otherwise a leakage is present
  Allocated memory (FMM   ):                  0 byte  - Should be zero - otherwise a leakage is present
  Allocated memory (XC    ):                  0 byte  - Should be zero - otherwise a leakage is present
  Max allocated memory, TOTAL                         66.888 MB
  Max allocated memory, type(matrix)                  20.088 kB
  Max allocated memory, real(realk)                    1.001 MB
  Max allocated memory, MPI                            0.000 Byte
  Max allocated memory, complex(complexk)              0.000 Byte
  Max allocated memory, integer                       45.168 kB
  Max allocated memory, logical                      201.092 kB
  Max allocated memory, character                      4.800 kB
  Max allocated memory, AOBATCH                      111.888 kB
  Max allocated memory, DECORBITAL                     0.000 Byte
  Max allocated memory, DECFRAG                        0.000 Byte
  Max allocated memory, BATCHTOORB                     0.000 Byte
  Max allocated memory, DECAOBATCHINFO                 0.000 Byte
  Max allocated memory, MYPOINTER                      0.000 Byte
  Max allocated memory, ARRAY2                         0.000 Byte
  Max allocated memory, ARRAY4                         0.000 Byte
  Max allocated memory, ARRAY                         65.600 MB
  Max allocated memory, PNOSpaceInfo                   0.000 Byte
  Max allocated memory, MP2DENS                        0.000 Byte
  Max allocated memory, TRACEBACK                      0.000 Byte
  Max allocated memory, MP2GRAD                        0.000 Byte
  Max allocated memory, ODBATCH                       20.768 kB
  Max allocated memory, LSAOTENSOR                    68.400 kB
  Max allocated memory, SLSAOTENSOR                  120.520 kB
  Max allocated memory, GLOBALLSAOTENSOR               0.000 Byte
  Max allocated memory, ATOMTYPEITEM                 153.056 kB
  Max allocated memory, ATOMITEM                      53.760 kB
  Max allocated memory, LSMATRIX                       1.624 kB
  Max allocated memory, OverlapT                     454.400 kB
  Max allocated memory, linkshell                      0.936 kB
  Max allocated memory, integrand                     64.512 kB
  Max allocated memory, integralitem                 829.440 kB
  Max allocated memory, IntWork                       25.720 kB
  Max allocated memory, Overlap                      388.288 kB
  Max allocated memory, ODitem                        15.104 kB
  Max allocated memory, LStensor                      23.993 kB
  Max allocated memory, FMM                            0.000 Byte
  Max allocated memory, XC                             0.000 Byte
  Max allocated memory, Lvec_data                      0.000 Byte
  Max allocated memory, Lattice_cell                   0.000 Byte
*=*=*=*=*=*=*=*=*=*=*=*=*=*=*=*=*=*=*=*=*=*=*=*=*=*=*=*

  Allocated MPI memory a cross all slaves:          0 byte  - Should be zero - otherwise a leakage is present
  This is a non MPI calculation so naturally no memory is allocated on slaves!
 >>>  CPU Time used in LSDALTON is   1.19 seconds
 >>> wall Time used in LSDALTON is   1.19 seconds

End simulation
     Date and time (Linux)  : Sat Oct 11 10:16:58 2014
     Host name              : spongebob                               
