 THIS IS A DEBUG BUILD
  
     ******************************************************************    
     **********  LSDALTON - An electronic structure program  **********    
     ******************************************************************    
  
  
      This is output from LSDALTON 2014.0
  
  
      IF RESULTS OBTAINED WITH THIS CODE ARE PUBLISHED,
      THE FOLLOWING PAPER SHOULD BE CITED:
      
      K. Aidas, C. Angeli, K. L. Bak, V. Bakken, R. Bast,
      L. Boman, O. Christiansen, R. Cimiraglia, S. Coriani,
      P. Dahle, E. K. Dalskov, U. Ekstroem, T. Enevoldsen,
      J. J. Eriksen, P. Ettenhuber, B. Fernandez,
      L. Ferrighi, H. Fliegl, L. Frediani, K. Hald,
      A. Halkier, C. Haettig, H. Heiberg,
      T. Helgaker, A. C. Hennum, H. Hettema,
      E. Hjertenaes, S. Hoest, I.-M. Hoeyvik,
      M. F. Iozzi, B. Jansik, H. J. Aa. Jensen,
      D. Jonsson, P. Joergensen, J. Kauczor,
      S. Kirpekar, T. Kjaergaard, W. Klopper,
      S. Knecht, R. Kobayashi, H. Koch, J. Kongsted,
      A. Krapp, K. Kristensen, A. Ligabue,
      O. B. Lutnaes, J. I. Melo, K. V. Mikkelsen, R. H. Myhre,
      C. Neiss, C. B. Nielsen, P. Norman,
      J. Olsen, J. M. H. Olsen, A. Osted,
      M. J. Packer, F. Pawlowski, T. B. Pedersen,
      P. F. Provasi, S. Reine, Z. Rinkevicius,
      T. A. Ruden, K. Ruud, V. Rybkin,
      P. Salek, C. C. M. Samson, A. Sanchez de Meras,
      T. Saue, S. P. A. Sauer, B. Schimmelpfennig,
      K. Sneskov, A. H. Steindal, K. O. Sylvester-Hvid,
      P. R. Taylor, A. M. Teale, E. I. Tellgren,
      D. P. Tew, A. J. Thorvaldsen, L. Thoegersen,
      O. Vahtras, M. A. Watson, D. J. D. Wilson,
      M. Ziolkowski, and H. AAgren,
      "The Dalton quantum chemistry program system",
      WIREs Comput. Mol. Sci. (doi: 10.1002/wcms.1172)
  
  
                                                
      LSDALTON authors in alphabetical order (main contribution(s) in parenthesis)
      ----------------------------------------------------------------------------
      Vebjoern Bakken,         University of Oslo,        Norway    (geometry optimizer)
      Radovan Bast,            KTH Stockholm,             Sweden    (CMake, Testing)
      Sonia Coriani,           University of Trieste,     Italy     (response)
      Patrick Ettenhuber,      Aarhus University,         Denmark   (CCSD)
      Trygve Helgaker,         University of Oslo,        Norway    (supervision)
      Stinne Hoest,            Aarhus University,         Denmark   (SCF optimization)
      Ida-Marie Hoeyvik,       Aarhus University,         Denmark   (orbital localization, SCF optimization)
      Robert Izsak,            University of Oslo,        Norway    (ADMM)
      Branislav Jansik,        Aarhus University,         Denmark   (trilevel, orbital localization)
      Poul Joergensen,         Aarhus University,         Denmark   (supervision)
      Joanna Kauczor,          Aarhus University,         Denmark   (response solver)
      Thomas Kjaergaard,       Aarhus University,         Denmark   (response, integrals)
      Andreas Krapp,           University of Oslo,        Norway    (FMM, dispersion-corrected DFT)
      Kasper Kristensen,       Aarhus University,         Denmark   (response, DEC)
      Patrick Merlot,          University of Oslo,        Norway    (ADMM)
      Cecilie Nygaard,         Aarhus University,         Denmark   (SOEO)
      Jeppe Olsen,             Aarhus University,         Denmark   (supervision)
      Simen Reine,             University of Oslo,        Norway    (integrals, geometry optimizer)
      Vladimir Rybkin,         University of Oslo,        Norway    (geometry optimizer, dynamics)
      Pawel Salek,             KTH Stockholm,             Sweden    (FMM, DFT functionals)
      Andrew M. Teale,         University of Nottingham   England   (E-coefficients)
      Erik Tellgren,           University of Oslo,        Norway    (density fitting, E-coefficients)
      Andreas J. Thorvaldsen,  University of Tromsoe,     Norway    (response)
      Lea Thoegersen,          Aarhus University,         Denmark   (SCF optimization)
      Mark Watson,             University of Oslo,        Norway    (FMM)
      Marcin Ziolkowski,       Aarhus University,         Denmark   (DEC)
  
  
     NOTE:
      
     This is an experimental code for the evaluation of molecular
     energies and properties using various electronic structure models.
     The authors accept no responsibility for the performance of the code or
     for the correctness of the results.
      
     The code (in whole or part) is provided under a licence and
     is not to be reproduced for further distribution without
     the written permission of the authors or their representatives.
      
     See the home page "http://daltonprogram.org"
     for further information.
  
  
 Who compiled             | roberto
 Host                     | spongebob
 System                   | Linux-3.13.0-37-generic
 CMake generator          | Unix Makefiles
 Processor                | x86_64
 64-bit integers          | OFF
 MPI                      | OFF
 Fortran compiler         | /usr/bin/gfortran
 Fortran compiler version | GNU Fortran (Ubuntu 4.8.2-19ubuntu1) 4.8.2
 C compiler               | /usr/bin/gcc
 C compiler version       | gcc (Ubuntu 4.8.2-19ubuntu1) 4.8.2
 C++ compiler             | /usr/bin/g++
 C++ compiler version     | g++ (Ubuntu 4.8.2-19ubuntu1) 4.8.2
 BLAS                     | /usr/lib/atlas-base/libf77blas.so;/usr/lib/atlas-b
                          | ase/libcblas.so;/usr/lib/atlas-base/libatlas.so
 LAPACK                   | /usr/lib/atlas-base/libatlas.so;/usr/lib/atlas-bas
                          | e/atlas/liblapack.so
 Static linking           | OFF
 Last Git revision        | 967fbdf146e6b3911b985624f5376c9d161cb05f
 Git branch               | pcm
 Configuration time       | 2014-10-11 09:46:40.025096


       Input processing for the Polarizable Continuum Model module
       -----------------------------------------------------------

  ===== Polarizable Continuum Model calculation set-up =====
 * Polarizable Continuum Model using PCMSolver external module:
   1: Converged potentials and charges at tesserae representative points written on file.
   2: Separate potentials and apparent charges in nuclear and electronic.
   3: Do not print potentials and charges.


 * PCMSolver, an API for the Polarizable Continuum Model electrostatic problem. Version 1.0.0
   Main authors: R. Di Remigio, L. Frediani, K. Mozgawa
    With contributions from:
     R. Bast            (CMake framework)
     U. Ekstroem        (automatic differentiation library)
     H. Harbrecht       (wavelet cavity and solvers libraries)
     J. Juselius        (input parsing library and CMake framework)
     C. S. Pomelli      (TsLess cavity library)
     M. Randrianarivony (wavelet cavity library)
     V. Weijo           (wavelet libraries and cavity visualization scripts)
   Theory: - J. Tomasi, B. Mennucci and R. Cammi:
            "Quantum Mechanical Continuum Solvation Models", Chem. Rev., 105 (2005) 2999
   PCMSolver is distributed under the terms of the GNU Lesser General Public License.


Start simulation
     Date and time (Linux)  : Sat Oct 11 10:17:42 2014
     Host name              : spongebob                               
                      
 -----------------------------------------
          PRINTING THE MOLECULE.INP FILE 
 -----------------------------------------
                      
  BASIS                                   
  3-21G                                   
  Water R(OH) = 0.95Aa , <HOH = 109 deg.  
  Distance in Aangstroms                  
  Atomtypes=2 Nosymmetry                                      
  Charge=8.0 Atoms=1                                          
  O      0.00000   0.00000   0.00000                          
  Charge=1.0 Atoms=2                                          
  H1     0.55168   0.77340   0.00000                          
  H2     0.55168  -0.77340   0.00000                          
                      
 -----------------------------------------
          PRINTING THE LSDALTON.INP FILE 
 -----------------------------------------
                      
  **GENERAL                                                                                           
  **WAVE FUNCTIONS                                                                                    
  .HF                                                                                                 
  *DENSOPT                                                                                            
  .RH                                                                                                 
  .DIIS                                                                                               
  **PCM                                                                                               
  .SEPARATE                                                                                           
  *END OF INPUT                                                                                       
  
  MOLPRINT IS SET TO       0


                    Cartesian Coordinates Linsca (au)
                    ---------------------------------

   Total number of coordinates:  9
   Written in atomic units    
 
   1   O        x      0.0000000000
   2            y      0.0000000000
   3            z      0.0000000000
 
   4   H1       x      0.5516800000
   5            y      0.7734000000
   6            z      0.0000000000
 
   7   H2       x      0.5516800000
   8            y     -0.7734000000
   9            z      0.0000000000
 

WARNING: Number of short HX and YX bond lengths:    2    0
WARNING: If not intentional, maybe your coordinates were in Angstrom,
WARNING: but "Angstrom" was not specified in .mol file
 
 BASISSETLIBRARY  : REGULAR  
   
BASISSETLIBRARY
 Number of Basisset           1
 BASISSET:  3-21G                                             
  CHARGES:    8.0000    1.0000
                      
   
  CALLING BUILD BASIS WITH DEFAULT REGULAR   BASIS
   
 OPENING FILE/home/roberto/Workspace/dalton/build/basis/3-21G
                      
THE MOLECULE
 --------------------------------------------------------------------
 Molecular Charge                    :    0.0000
    Regular basisfunctions             :       13
    Valence basisfunctions             :        0
    Primitive Regular basisfunctions   :       21
    Primitive Valence basisfunctions   :        0
 --------------------------------------------------------------------
                      
                      
 --------------------------------------------------------------------
  atom  charge  Atomicbasis    Phantom   nPrimREG  nContREG
 --------------------------------------------------------------------
     1   8.000  3-21G           F             15           9
     2   1.000  3-21G           F              3           2
     3   1.000  3-21G           F              3           2
                      
 The cartesian centers in Atomic units. 
  ATOM  NAME  ISOTOPE            X                 Y                 Z     
     1  O           1        0.00000000        0.00000000        0.00000000
     2  H1          1        0.55168000        0.77340000        0.00000000
     3  H2          1        0.55168000       -0.77340000        0.00000000
                      
                      
Atoms and basis sets
  Total number of atoms        :      3
  THE  REGULAR   is on R =   1
---------------------------------------------------------------------
  atom label  charge basisset                prim     cont   basis
---------------------------------------------------------------------
      1 O      8.000 3-21G                     15        9 [6s3p|3s2p]                                  
      2 H1     1.000 3-21G                      3        2 [3s|2s]                                      
      3 H2     1.000 3-21G                      3        2 [3s|2s]                                      
---------------------------------------------------------------------
total         10                               21       13
---------------------------------------------------------------------
                      
 Configuration:
 ==============
    This is a Single core calculation. (no OpenMP)
    This is a serial calculation (no MPI)

Density subspace min. method    : DIIS                    
Density optimization : Diagonalization                    

 Maximum size of Fock/density queue in averaging:          10

Convergence threshold for gradient:   0.10E-03
 
We perform the calculation in the Grand Canonical basis
(see PCCP 2009, 11, 5805-5813)
To use the standard input basis use .NOGCBASIS
 
Since the input basis set is a segmented contracted basis we
perform the integral evaluation in the more efficient
standard input basis and then transform to the Grand 
Canonical basis, which is general contracted.
You can force the integral evaluation in Grand 
Canonical basis by using the keyword
.NOGCINTEGRALTRANSFORM
 
    The Overall Screening threshold is set to              :  1.0000E-08
    The Screening threshold used for Coulomb               :  1.0000E-10
    The Screening threshold used for Exchange              :  1.0000E-08
    The Screening threshold used for One-electron operators:  1.0000E-15
 The SCF Convergence Criteria is applied to the gradnorm in AO basis

 End of configuration!

Matrix type: mtype_dense
 
 A set of atomic calculations are performed in order to construct
 the Grand Canonical Basis set (see PCCP 11, 5805-5813 (2009))
 as well as JCTC 5, 1027 (2009)
 This is done in order to use the TRILEVEL starting guess and 
 perform orbital localization
 This is Level 1 of the TRILEVEL starting guess and is performed per default.
 The use of the Grand Canonical Basis can be deactivated using .NOGCBASIS
 under the **GENERAL section. This is NOT recommended if you do TRILEVEL 
 or orbital localization.
 

 Level 1 atomic calculation on 3-21G Charge   8
 ================================================
 The Coulomb energy contribution    49.780354345454583     
 The Exchange energy contribution    9.3568792711789346     
 The Fock energy contribution   -40.423475074275643     
*******************************************************************************************###
 it        E(HF)            dE(HF)         exit      alpha RHshift   RHinfo  AO gradient     ###
*******************************************************************************************###
  1    -69.1958692875    0.00000000000    0.00      0.00000    0.00    0.0000000    7.66E+00  ###
 The Coulomb energy contribution    32.320027116875615     
 The Exchange energy contribution    7.1772188730139570     
 The Fock energy contribution   -25.142808243861662     
  2    -73.3827432449   -4.18687395742    0.00      0.00000    0.00    0.0000000    3.24E+00  ###
 The Coulomb energy contribution    36.017794210783109     
 The Exchange energy contribution    7.5835668471848887     
 The Fock energy contribution   -28.434227363598222     
  3    -73.8637832343   -0.48103998935   -1.00      0.00000    0.00    0.0000000    1.91E-01  ###
 The Coulomb energy contribution    36.230350095032342     
 The Exchange energy contribution    7.6051146456242229     
 The Fock energy contribution   -28.625235449408134     
  4    -73.8653859895   -0.00160275526   -1.00      0.00000    0.00    0.0000000    3.25E-02  ###
 The Coulomb energy contribution    36.192099198931473     
 The Exchange energy contribution    7.6003698319325936     
 The Fock energy contribution   -28.591729366998862     
  5    -73.8654283554   -0.00004236591   -1.00      0.00000    0.00    0.0000000    7.33E-04  ###

 Level 1 atomic calculation on 3-21G Charge   1
 ================================================
 The Coulomb energy contribution   0.31999099679088405     
 The Exchange energy contribution   0.15999549839544203     
 The Fock energy contribution  -0.15999549839544200     
*******************************************************************************************###
 it        E(HF)            dE(HF)         exit      alpha RHshift   RHinfo  AO gradient     ###
*******************************************************************************************###
  1     -0.3362031110    0.00000000000    0.00      0.00000    0.00    0.0000000    1.99E-01  ###
 The Coulomb energy contribution   0.29618368113306048     
 The Exchange energy contribution   0.14809184056653021     
 The Fock energy contribution  -0.14809184056653024     
  2     -0.3429646205   -0.00676150947    0.00      0.00000    0.00    0.0000000    1.32E-02  ###
 The Coulomb energy contribution   0.29461453254689773     
 The Exchange energy contribution   0.14730726627344887     
 The Fock energy contribution  -0.14730726627344887     
  3     -0.3429945468   -0.00002992637   -1.00      0.00000    0.00    0.0000000    3.65E-05  ###
Matrix type: mtype_dense


~~~~~~~~~~ PCMSolver ~~~~~~~~~~
Using CODATA 2010 set of constants.
Input parsing done API-side
========== Cavity 
Cavity type: GePol
Average area = 1.07132 AU^2
Probe radius = 2.61727 AU
Number of spheres = 3 [initial = 3; added = 0]
Number of finite elements = 164
========== Solver 
Solver Type: IEFPCM, isotropic
PCM matrix hermitivitized
============ Medium 
Medium initialized from solvent built-in data.
Solvent name:          Water
Static  permittivity = 78.39
Optical permittivity = 1.776
Solvent radius =       1.385
.... Inside 
Green's function type: vacuum
.... Outside 
Green's function type: uniform dielectric
Permittivity = 78.39


 PCMSolver interface correctly initialized

 First density: Atoms in molecule guess

 The Coulomb energy contribution    47.209551966252910     
 The Exchange energy contribution   -9.4608968716029089     
 The Fock energy contribution   -37.748655094649990     
Polarization energy components
   U_ee =   -28.43610875709461 , U_en =    28.46062231649882 , U_ne =    28.46062231649882 , U_nn =   -28.48519470523508

  Iteration 0 energy:  -75.107204279568805     

Max no. of matrices allocated in Level 2 / get_initial_dens:         21
 Preparing to do S^1/2 decomposition...
Matrix S     has nnz=        77 sparsity:     45.562 %
Matrix AO D  has nnz=       105 sparsity:     62.130 %
  Relative convergence threshold for solver:   1.0000000000000000E-002
  SCF Convergence criteria for gradient norm:   9.9999997473787516E-005
** Get Fock matrix number   1
 The Coulomb energy contribution    54.815038356896842     
 The Exchange energy contribution   -9.9578272082968358     
 The Fock energy contribution   -44.857211148599980     
Polarization energy components
   U_ee =   -28.47109261369421 , U_en =    28.46948604365656 , U_ne =    28.46948604365654 , U_nn =   -28.48519470523508

*******************************************************************************************###
 it        E(HF)            dE(HF)         exit      alpha RHshift   RHinfo  AO gradient     ###
*******************************************************************************************###
  1    -73.9688662522    0.00000000000    0.00      0.00000    0.00    0.0000000    2.56E+00  ###
** Make average of the last F and D matrices
** Get new density 
No. of matmuls in get_density:     1
 >>>  CPU Time used in SCF iteration is   0.02 seconds
 >>> wall Time used in SCF iteration is   0.02 seconds
** Get Fock matrix number   2
 The Coulomb energy contribution    51.904379148779732     
 The Exchange energy contribution   -9.6110726730265821     
 The Fock energy contribution   -42.293306475753234     
Polarization energy components
   U_ee =   -28.46858717594787 , U_en =    28.46838597855167 , U_ne =    28.46838597855167 , U_nn =   -28.48519470523508

  2    -74.0576123249   -0.08874607272    0.00      0.00000    0.00    0.0000000    1.11E+00  ###
** Make average of the last F and D matrices
** Get new density 
No. of matmuls in get_density:     1
 >>>  CPU Time used in SCF iteration is   0.02 seconds
 >>> wall Time used in SCF iteration is   0.02 seconds
** Get Fock matrix number   3
 The Coulomb energy contribution    52.686021222331476     
 The Exchange energy contribution   -9.7096093956924729     
 The Fock energy contribution   -42.976411826638980     
Polarization energy components
   U_ee =   -28.46949999313087 , U_en =    28.46858455631645 , U_ne =    28.46858455631644 , U_nn =   -28.48519470523508

  3    -74.0690267248   -0.01141439993   -1.00      0.00000    0.00    0.0000000    1.18E-01  ###
** Make average of the last F and D matrices
** Get new density 
No. of matmuls in get_density:     1
 >>>  CPU Time used in SCF iteration is   0.02 seconds
 >>> wall Time used in SCF iteration is   0.02 seconds
** Get Fock matrix number   4
 The Coulomb energy contribution    52.707017100907379     
 The Exchange energy contribution   -9.7137335728851770     
 The Fock energy contribution   -42.993283528022154     
Polarization energy components
   U_ee =   -28.46962129279406 , U_en =    28.46849030103737 , U_ne =    28.46849030103736 , U_nn =   -28.48519470523508

  4    -74.0692048241   -0.00017809925   -1.00      0.00000    0.00    0.0000000    9.14E-03  ###
** Make average of the last F and D matrices
** Get new density 
No. of matmuls in get_density:     1
 >>>  CPU Time used in SCF iteration is   0.02 seconds
 >>> wall Time used in SCF iteration is   0.02 seconds
** Get Fock matrix number   5
 The Coulomb energy contribution    52.708527467974598     
 The Exchange energy contribution   -9.7138792592199668     
 The Fock energy contribution   -42.994648208754597     
Polarization energy components
   U_ee =   -28.46964457981174 , U_en =    28.46846899359369 , U_ne =    28.46846899359369 , U_nn =   -28.48519470523508

  5    -74.0692076119   -0.00000278777   -1.00      0.00000    0.00    0.0000000    1.33E-03  ###
** Make average of the last F and D matrices
** Get new density 
No. of matmuls in get_density:     1
 >>>  CPU Time used in SCF iteration is   0.02 seconds
 >>> wall Time used in SCF iteration is   0.02 seconds
** Get Fock matrix number   6
 The Coulomb energy contribution    52.708226747788416     
 The Exchange energy contribution   -9.7138297658549124     
 The Fock energy contribution   -42.994396981933527     
Polarization energy components
   U_ee =   -28.46964615732355 , U_en =    28.46846499123514 , U_ne =    28.46846499123514 , U_nn =   -28.48519470523508

  6    -74.0692076860   -0.00000007413   -1.00      0.00000    0.00    0.0000000    1.63E-04  ###
** Make average of the last F and D matrices
** Get new density 
No. of matmuls in get_density:     1
 >>>  CPU Time used in SCF iteration is   0.02 seconds
 >>> wall Time used in SCF iteration is   0.02 seconds
** Get Fock matrix number   7
 The Coulomb energy contribution    52.708203377522786     
 The Exchange energy contribution   -9.7138258607574475     
 The Fock energy contribution   -42.994377516765397     
Polarization energy components
   U_ee =   -28.46964575398356 , U_en =    28.46846459390992 , U_ne =    28.46846459390991 , U_nn =   -28.48519470523508

  7    -74.0692076869   -0.00000000089   -1.00      0.00000    0.00    0.0000000    2.37E-05  ###
SCF converged in      7 iterations
 >>>  CPU Time used in **ITER is   0.17 seconds
 >>> wall Time used in **ITER is   0.17 seconds

Total no. of matmuls in SCF optimization:        126

 Number of occupied orbitals:           5
 Number of virtual orbitals:           8

 Number of occupied orbital energies to be found:           1
 Number of virtual orbital energies to be found:           1


Calculation of HOMO-LUMO gap
============================

Calculation of occupied orbital energies converged in     3 iterations!

Calculation of virtual orbital energies converged in     4 iterations!

    E(LUMO):                         0.367416 au
   -E(HOMO):                        -0.611772 au
   ------------------------------
    HOMO-LUMO Gap (iteratively):     0.979189 au


********************************************************
 it       dE(HF)          exit   RHshift    RHinfo 
********************************************************
  1    0.00000000000    0.0000    0.0000    0.0000000
  2   -0.08874607272    0.0000    0.0000    0.0000000
  3   -0.01141439993   -1.0000    0.0000    0.0000000
  4   -0.00017809925   -1.0000    0.0000    0.0000000
  5   -0.00000278777   -1.0000    0.0000    0.0000000
  6   -0.00000007413   -1.0000    0.0000    0.0000000
  7   -0.00000000089   -1.0000    0.0000    0.0000000

======================================================================
                   LINSCF ITERATIONS:
  It.nr.               Energy                 AO Gradient norm
======================================================================
    1           -73.96886625219129030029      0.255515835044849D+01
    2           -74.05761232491497025876      0.111019061762832D+01
    3           -74.06902672484676486420      0.117641210147907D+00
    4           -74.06920482409965700299      0.914035955843615D-02
    5           -74.06920761187382140633      0.133401723402044D-02
    6           -74.06920768600458870878      0.163190604305585D-03
    7           -74.06920768689086287395      0.237252326660407D-04

      SCF converged !!!! 
         >>> Final results from LSDALTON <<<


      Final HF energy:                       -74.069207686891
      PCM polarization energy:                -0.008955635699
      Nuclear repulsion:                      17.488616348415
      Electronic energy:                     -91.548868399607

 >>>  CPU Time used in *SCF is   0.23 seconds
 >>> wall Time used in *SCF is   0.22 seconds

Total no. of matmuls used:                       134
Total no. of Fock/KS matrix evaluations:           8
Max no. of matrices allocated in Level 3:         34
 PCMSolver interface correctly finalized
*=*=*=*=*=*=*=*=*=*=*=*=*=*=*=*=*=*=*=*=*=*=*=*=*=*=*=*
                  Memory statistics          
*=*=*=*=*=*=*=*=*=*=*=*=*=*=*=*=*=*=*=*=*=*=*=*=*=*=*=*
  Allocated memory (TOTAL):                     0 byte  - Should be zero - otherwise a leakage is present
  Allocated memory (type(matrix)):              0 byte  - Should be zero - otherwise a leakage is present
  Allocated memory (real):                      0 byte  - Should be zero - otherwise a leakage is present
  Allocated memory (MPI):                       0 byte  - Should be zero - otherwise a leakage is present
  Allocated memory (complex):                   0 byte  - Should be zero - otherwise a leakage is present
  Allocated memory (integer):                   0 byte  - Should be zero - otherwise a leakage is present
  Allocated memory (logical):                   0 byte  - Should be zero - otherwise a leakage is present
  Allocated memory (character):                 0 byte  - Should be zero - otherwise a leakage is present
  Allocated memory (AOBATCH):                   0 byte  - Should be zero - otherwise a leakage is present
  Allocated memory (ODBATCH):                   0 byte  - Should be zero - otherwise a leakage is present
  Allocated memory (LSAOTENSOR):                0 byte  - Should be zero - otherwise a leakage is present
  Allocated memory (SLSAOTENSOR):               0 byte  - Should be zero - otherwise a leakage is present
  Allocated memory (GLOBALLSAOTENSOR):          0 byte  - Should be zero - otherwise a leakage is present
  Allocated memory (ATOMTYPEITEM):              0 byte  - Should be zero - otherwise a leakage is present
  Allocated memory (ATOMITEM):                  0 byte  - Should be zero - otherwise a leakage is present
  Allocated memory (LSMATRIX):                  0 byte  - Should be zero - otherwise a leakage is present
  Allocated memory (DECORBITAL):                0 byte  - Should be zero - otherwise a leakage is present
  Allocated memory (DECFRAG):                   0 byte  - Should be zero - otherwise a leakage is present
  Allocated memory (overlapType):               0 byte  - Should be zero - otherwise a leakage is present
  Allocated memory (BATCHTOORB):                0 byte  - Should be zero - otherwise a leakage is present
  Allocated memory (DECAOBATCHINFO):            0 byte  - Should be zero - otherwise a leakage is present
  Allocated memory (MYPOINTER):                 0 byte  - Should be zero - otherwise a leakage is present
  Allocated memory (ARRAY2):                    0 byte  - Should be zero - otherwise a leakage is present
  Allocated memory (ARRAY4):                    0 byte  - Should be zero - otherwise a leakage is present
  Allocated memory (ARRAY):                     0 byte  - Should be zero - otherwise a leakage is present
  Allocated memory (PNOSpaceInfo):              0 byte  - Should be zero - otherwise a leakage is present
  Allocated memory (MP2DENS):                   0 byte  - Should be zero - otherwise a leakage is present
  Allocated memory (TRACEBACK):                 0 byte  - Should be zero - otherwise a leakage is present
  Allocated memory (MP2GRAD):                   0 byte  - Should be zero - otherwise a leakage is present
  Allocated memory (type(lvec_data)):           0 byte  - Should be zero - otherwise a leakage is present
  Allocated memory (type(lattice_cell)):        0 byte  - Should be zero - otherwise a leakage is present
*=*=*=*=*=*=*=*=*=*=*=*=*=*=*=*=*=*=*=*=*=*=*=*=*=*=*=*
                  Additional Memory information          
*=*=*=*=*=*=*=*=*=*=*=*=*=*=*=*=*=*=*=*=*=*=*=*=*=*=*=*
  Allocated memory (linkshell):               0 byte  - Should be zero - otherwise a leakage is present
  Allocated memory (integrand):               0 byte  - Should be zero - otherwise a leakage is present
  Allocated memory (integralitem):            0 byte  - Should be zero - otherwise a leakage is present
  Allocated memory (intwork):                 0 byte  - Should be zero - otherwise a leakage is present
  Allocated memory (overlap):                 0 byte  - Should be zero - otherwise a leakage is present
  Allocated memory (ODitem):                  0 byte  - Should be zero - otherwise a leakage is present
  Allocated memory (lstensor):                0 byte  - Should be zero - otherwise a leakage is present
  Allocated memory (FMM   ):                  0 byte  - Should be zero - otherwise a leakage is present
  Allocated memory (XC    ):                  0 byte  - Should be zero - otherwise a leakage is present
  Max allocated memory, TOTAL                         66.765 MB
  Max allocated memory, type(matrix)                  46.344 kB
  Max allocated memory, real(realk)                  698.672 kB
  Max allocated memory, MPI                            0.000 Byte
  Max allocated memory, complex(complexk)              0.000 Byte
  Max allocated memory, integer                       38.294 kB
  Max allocated memory, logical                      201.092 kB
  Max allocated memory, character                      4.224 kB
  Max allocated memory, AOBATCH                       95.760 kB
  Max allocated memory, DECORBITAL                     0.000 Byte
  Max allocated memory, DECFRAG                        0.000 Byte
  Max allocated memory, BATCHTOORB                     0.000 Byte
  Max allocated memory, DECAOBATCHINFO                 0.000 Byte
  Max allocated memory, MYPOINTER                      0.000 Byte
  Max allocated memory, ARRAY2                         0.000 Byte
  Max allocated memory, ARRAY4                         0.000 Byte
  Max allocated memory, ARRAY                         65.600 MB
  Max allocated memory, PNOSpaceInfo                   0.000 Byte
  Max allocated memory, MP2DENS                        0.000 Byte
  Max allocated memory, TRACEBACK                      0.000 Byte
  Max allocated memory, MP2GRAD                        0.000 Byte
  Max allocated memory, ODBATCH                       18.744 kB
  Max allocated memory, LSAOTENSOR                    52.592 kB
  Max allocated memory, SLSAOTENSOR                   94.392 kB
  Max allocated memory, GLOBALLSAOTENSOR               0.000 Byte
  Max allocated memory, ATOMTYPEITEM                 153.056 kB
  Max allocated memory, ATOMITEM                      43.520 kB
  Max allocated memory, LSMATRIX                       3.584 kB
  Max allocated memory, OverlapT                     372.608 kB
  Max allocated memory, linkshell                      1.260 kB
  Max allocated memory, integrand                     64.512 kB
  Max allocated memory, integralitem                 204.800 kB
  Max allocated memory, IntWork                       17.480 kB
  Max allocated memory, Overlap                      388.436 kB
  Max allocated memory, ODitem                        13.632 kB
  Max allocated memory, LStensor                      19.683 kB
  Max allocated memory, FMM                            0.000 Byte
  Max allocated memory, XC                             0.000 Byte
  Max allocated memory, Lvec_data                      0.000 Byte
  Max allocated memory, Lattice_cell                   0.000 Byte
*=*=*=*=*=*=*=*=*=*=*=*=*=*=*=*=*=*=*=*=*=*=*=*=*=*=*=*

  Allocated MPI memory a cross all slaves:          0 byte  - Should be zero - otherwise a leakage is present
  This is a non MPI calculation so naturally no memory is allocated on slaves!
 >>>  CPU Time used in LSDALTON is   0.87 seconds
 >>> wall Time used in LSDALTON is   0.87 seconds

End simulation
     Date and time (Linux)  : Sat Oct 11 10:17:43 2014
     Host name              : spongebob                               
