 THIS IS A DEBUG BUILD
  
     ******************************************************************    
     **********  LSDALTON - An electronic structure program  **********    
     ******************************************************************    
  
  
      This is output from LSDALTON 2014.0
  
  
      IF RESULTS OBTAINED WITH THIS CODE ARE PUBLISHED,
      THE FOLLOWING PAPER SHOULD BE CITED:
      
      K. Aidas, C. Angeli, K. L. Bak, V. Bakken, R. Bast,
      L. Boman, O. Christiansen, R. Cimiraglia, S. Coriani,
      P. Dahle, E. K. Dalskov, U. Ekstroem, T. Enevoldsen,
      J. J. Eriksen, P. Ettenhuber, B. Fernandez,
      L. Ferrighi, H. Fliegl, L. Frediani, K. Hald,
      A. Halkier, C. Haettig, H. Heiberg,
      T. Helgaker, A. C. Hennum, H. Hettema,
      E. Hjertenaes, S. Hoest, I.-M. Hoeyvik,
      M. F. Iozzi, B. Jansik, H. J. Aa. Jensen,
      D. Jonsson, P. Joergensen, J. Kauczor,
      S. Kirpekar, T. Kjaergaard, W. Klopper,
      S. Knecht, R. Kobayashi, H. Koch, J. Kongsted,
      A. Krapp, K. Kristensen, A. Ligabue,
      O. B. Lutnaes, J. I. Melo, K. V. Mikkelsen, R. H. Myhre,
      C. Neiss, C. B. Nielsen, P. Norman,
      J. Olsen, J. M. H. Olsen, A. Osted,
      M. J. Packer, F. Pawlowski, T. B. Pedersen,
      P. F. Provasi, S. Reine, Z. Rinkevicius,
      T. A. Ruden, K. Ruud, V. Rybkin,
      P. Salek, C. C. M. Samson, A. Sanchez de Meras,
      T. Saue, S. P. A. Sauer, B. Schimmelpfennig,
      K. Sneskov, A. H. Steindal, K. O. Sylvester-Hvid,
      P. R. Taylor, A. M. Teale, E. I. Tellgren,
      D. P. Tew, A. J. Thorvaldsen, L. Thoegersen,
      O. Vahtras, M. A. Watson, D. J. D. Wilson,
      M. Ziolkowski, and H. AAgren,
      "The Dalton quantum chemistry program system",
      WIREs Comput. Mol. Sci. (doi: 10.1002/wcms.1172)
  
  
                                                
      LSDALTON authors in alphabetical order (main contribution(s) in parenthesis)
      ----------------------------------------------------------------------------
      Vebjoern Bakken,         University of Oslo,        Norway    (geometry optimizer)
      Radovan Bast,            KTH Stockholm,             Sweden    (CMake, Testing)
      Sonia Coriani,           University of Trieste,     Italy     (response)
      Patrick Ettenhuber,      Aarhus University,         Denmark   (CCSD)
      Trygve Helgaker,         University of Oslo,        Norway    (supervision)
      Stinne Hoest,            Aarhus University,         Denmark   (SCF optimization)
      Ida-Marie Hoeyvik,       Aarhus University,         Denmark   (orbital localization, SCF optimization)
      Robert Izsak,            University of Oslo,        Norway    (ADMM)
      Branislav Jansik,        Aarhus University,         Denmark   (trilevel, orbital localization)
      Poul Joergensen,         Aarhus University,         Denmark   (supervision)
      Joanna Kauczor,          Aarhus University,         Denmark   (response solver)
      Thomas Kjaergaard,       Aarhus University,         Denmark   (response, integrals)
      Andreas Krapp,           University of Oslo,        Norway    (FMM, dispersion-corrected DFT)
      Kasper Kristensen,       Aarhus University,         Denmark   (response, DEC)
      Patrick Merlot,          University of Oslo,        Norway    (ADMM)
      Cecilie Nygaard,         Aarhus University,         Denmark   (SOEO)
      Jeppe Olsen,             Aarhus University,         Denmark   (supervision)
      Simen Reine,             University of Oslo,        Norway    (integrals, geometry optimizer)
      Vladimir Rybkin,         University of Oslo,        Norway    (geometry optimizer, dynamics)
      Pawel Salek,             KTH Stockholm,             Sweden    (FMM, DFT functionals)
      Andrew M. Teale,         University of Nottingham   England   (E-coefficients)
      Erik Tellgren,           University of Oslo,        Norway    (density fitting, E-coefficients)
      Andreas J. Thorvaldsen,  University of Tromsoe,     Norway    (response)
      Lea Thoegersen,          Aarhus University,         Denmark   (SCF optimization)
      Mark Watson,             University of Oslo,        Norway    (FMM)
      Marcin Ziolkowski,       Aarhus University,         Denmark   (DEC)
  
  
     NOTE:
      
     This is an experimental code for the evaluation of molecular
     energies and properties using various electronic structure models.
     The authors accept no responsibility for the performance of the code or
     for the correctness of the results.
      
     The code (in whole or part) is provided under a licence and
     is not to be reproduced for further distribution without
     the written permission of the authors or their representatives.
      
     See the home page "http://daltonprogram.org"
     for further information.
  
  
 Who compiled             | roberto
 Host                     | spongebob
 System                   | Linux-3.13.0-37-generic
 CMake generator          | Unix Makefiles
 Processor                | x86_64
 64-bit integers          | OFF
 MPI                      | OFF
 Fortran compiler         | /usr/bin/gfortran
 Fortran compiler version | GNU Fortran (Ubuntu 4.8.2-19ubuntu1) 4.8.2
 C compiler               | /usr/bin/gcc
 C compiler version       | gcc (Ubuntu 4.8.2-19ubuntu1) 4.8.2
 C++ compiler             | /usr/bin/g++
 C++ compiler version     | g++ (Ubuntu 4.8.2-19ubuntu1) 4.8.2
 BLAS                     | /usr/lib/atlas-base/libf77blas.so;/usr/lib/atlas-b
                          | ase/libcblas.so;/usr/lib/atlas-base/libatlas.so
 LAPACK                   | /usr/lib/atlas-base/libatlas.so;/usr/lib/atlas-bas
                          | e/atlas/liblapack.so
 Static linking           | OFF
 Last Git revision        | 967fbdf146e6b3911b985624f5376c9d161cb05f
 Git branch               | pcm
 Configuration time       | 2014-10-11 09:46:40.025096


       Input processing for the Polarizable Continuum Model module
       -----------------------------------------------------------

  ===== Polarizable Continuum Model calculation set-up =====
 * Polarizable Continuum Model using PCMSolver external module:
   1: Converged potentials and charges at tesserae representative points written on file.
   2: Separate potentials and apparent charges in nuclear and electronic.
   3: Do not print potentials and charges.


 * PCMSolver, an API for the Polarizable Continuum Model electrostatic problem. Version 1.0.0
   Main authors: R. Di Remigio, L. Frediani, K. Mozgawa
    With contributions from:
     R. Bast            (CMake framework)
     U. Ekstroem        (automatic differentiation library)
     H. Harbrecht       (wavelet cavity and solvers libraries)
     J. Juselius        (input parsing library and CMake framework)
     C. S. Pomelli      (TsLess cavity library)
     M. Randrianarivony (wavelet cavity library)
     V. Weijo           (wavelet libraries and cavity visualization scripts)
   Theory: - J. Tomasi, B. Mennucci and R. Cammi:
            "Quantum Mechanical Continuum Solvation Models", Chem. Rev., 105 (2005) 2999
   PCMSolver is distributed under the terms of the GNU Lesser General Public License.


Start simulation
     Date and time (Linux)  : Sat Oct 11 10:21:38 2014
     Host name              : spongebob                               
                      
 -----------------------------------------
          PRINTING THE MOLECULE.INP FILE 
 -----------------------------------------
                      
  BASIS                                   
  STO-3G                                  
  Methane                                 
  using the STO-3G basis                  
  Atomtypes=2 Nosymmetry                                      
  Charge=6.0 Atoms=1                                          
  C      .000000000   .000000000  .000000000                  
  Charge=1.0 Atoms=4                                          
  H1     .629889144   .629889144  .629889144                  
  H2    -.629889144  -.629889144  .629889144                  
  H3     .629889144  -.629889144 -.629889144                  
  H4    -.629889144   .629889144 -.629889144                  
                      
 -----------------------------------------
          PRINTING THE LSDALTON.INP FILE 
 -----------------------------------------
                      
  **GENERAL                                                                                           
  **WAVE FUNCTIONS                                                                                    
  .DFT                                                                                                
   LDA                                                                                                
  *DENSOPT                                                                                            
  .RH                                                                                                 
  .DIIS                                                                                               
  **PCM                                                                                               
  .SEPARATE                                                                                           
  *END OF INPUT                                                                                       
  
  MOLPRINT IS SET TO       0


                    Cartesian Coordinates Linsca (au)
                    ---------------------------------

   Total number of coordinates: 15
   Written in atomic units    
 
   1   C        x      0.0000000000
   2            y      0.0000000000
   3            z      0.0000000000
 
   4   H1       x      0.6298891440
   5            y      0.6298891440
   6            z      0.6298891440
 
   7   H2       x     -0.6298891440
   8            y     -0.6298891440
   9            z      0.6298891440
 
  10   H3       x      0.6298891440
  11            y     -0.6298891440
  12            z     -0.6298891440
 
  13   H4       x     -0.6298891440
  14            y      0.6298891440
  15            z     -0.6298891440
 

WARNING: Number of short HX and YX bond lengths:    4    0
WARNING: If not intentional, maybe your coordinates were in Angstrom,
WARNING: but "Angstrom" was not specified in .mol file
 
 BASISSETLIBRARY  : REGULAR  
   
BASISSETLIBRARY
 Number of Basisset           1
 BASISSET:  STO-3G                                            
  CHARGES:    6.0000    1.0000
                      
   
  CALLING BUILD BASIS WITH DEFAULT REGULAR   BASIS
   
 OPENING FILE/home/roberto/Workspace/dalton/build/basis/STO-3G
                      
THE MOLECULE
 --------------------------------------------------------------------
 Molecular Charge                    :    0.0000
    Regular basisfunctions             :        9
    Valence basisfunctions             :        0
    Primitive Regular basisfunctions   :       27
    Primitive Valence basisfunctions   :        0
 --------------------------------------------------------------------
                      
                      
 --------------------------------------------------------------------
  atom  charge  Atomicbasis    Phantom   nPrimREG  nContREG
 --------------------------------------------------------------------
     1   6.000  STO-3G          F             15           5
     2   1.000  STO-3G          F              3           1
     3   1.000  STO-3G          F              3           1
     4   1.000  STO-3G          F              3           1
     5   1.000  STO-3G          F              3           1
                      
 The cartesian centers in Atomic units. 
  ATOM  NAME  ISOTOPE            X                 Y                 Z     
     1  C           1        0.00000000        0.00000000        0.00000000
     2  H1          1        0.62988914        0.62988914        0.62988914
     3  H2          1       -0.62988914       -0.62988914        0.62988914
     4  H3          1        0.62988914       -0.62988914       -0.62988914
     5  H4          1       -0.62988914        0.62988914       -0.62988914
                      
                      
Atoms and basis sets
  Total number of atoms        :      5
  THE  REGULAR   is on R =   1
---------------------------------------------------------------------
  atom label  charge basisset                prim     cont   basis
---------------------------------------------------------------------
      1 C      6.000 STO-3G                    15        5 [6s3p|2s1p]                                  
      2 H1     1.000 STO-3G                     3        1 [3s|1s]                                      
      3 H2     1.000 STO-3G                     3        1 [3s|1s]                                      
      4 H3     1.000 STO-3G                     3        1 [3s|1s]                                      
      5 H4     1.000 STO-3G                     3        1 [3s|1s]                                      
---------------------------------------------------------------------
total         10                               27        9
---------------------------------------------------------------------
                      
 Configuration:
 ==============
    This is a Single core calculation. (no OpenMP)
    This is a serial calculation (no MPI)
 
     This is a DFT calculation of type: LDA
   
  The Exchange-Correlation Grid specifications:
  Radial Quadrature : Treutler-Ahlrichs M4-T2 scheme
                      (J. Chem. Phys. (1995) 102, 346).
                      Implies also that the angular integration quality becomes Z-dependant
  Space partitioning: Stratmann-Scuseria-Frisch partitioning scheme
                      Chem. Phys. Lett. (1996) vol. 213 page 257,
                      Combined with a blockwise handling of grid points
                      J. Chem. Phys. (2004) vol 121, page 2915.
                      Useful for large molecules.

  We use grid pruning according to Mol. Phys. (1993) vol 78 page 997

     DFT LSint Radial integration threshold:   0.5012D-13
     DFT LSint integration order range     :   [  5:  35]
     Hardness of the partioning function   :   3
     DFT LSint screening thresholds        :   0.10D-08   0.20D-09   0.20D-11
     Threshold for number of electrons     :   0.10D-02
     The Exact Exchange Factor             : 0.0000D+00

Density subspace min. method    : DIIS                    
Density optimization : Diagonalization                    

 Maximum size of Fock/density queue in averaging:           7

Convergence threshold for gradient:   0.10E-03
 
We perform the calculation in the Grand Canonical basis
(see PCCP 2009, 11, 5805-5813)
To use the standard input basis use .NOGCBASIS
 
Since the input basis set is a segmented contracted basis we
perform the integral evaluation in the more efficient
standard input basis and then transform to the Grand 
Canonical basis, which is general contracted.
You can force the integral evaluation in Grand 
Canonical basis by using the keyword
.NOGCINTEGRALTRANSFORM
 
    The Overall Screening threshold is set to              :  1.0000E-08
    The Screening threshold used for Coulomb               :  1.0000E-10
    The Screening threshold used for Exchange              :  1.0000E-08
    The Screening threshold used for One-electron operators:  1.0000E-15
 The SCF Convergence Criteria is applied to the gradnorm in AO basis

 End of configuration!

Matrix type: mtype_dense
 
 A set of atomic calculations are performed in order to construct
 the Grand Canonical Basis set (see PCCP 11, 5805-5813 (2009))
 as well as JCTC 5, 1027 (2009)
 This is done in order to use the TRILEVEL starting guess and 
 perform orbital localization
 This is Level 1 of the TRILEVEL starting guess and is performed per default.
 The use of the Grand Canonical Basis can be deactivated using .NOGCBASIS
 under the **GENERAL section. This is NOT recommended if you do TRILEVEL 
 or orbital localization.
 

 Level 1 atomic calculation on STO-3G Charge   6
 ================================================
 The Coulomb energy contribution    18.756008883565364     
 The Exchange energy contribution   -0.0000000000000000     
 The Fock energy contribution   -18.756008883565364     
Total Number of grid points:       14524

  Max allocated memory, Grid                    1.049 MB

  KS electrons/energy:    6.00000000000799   -4.93017164785216 rel.err: 0.13E-11
*******************************************************************************************###
 it        E(HF)            dE(HF)         exit      alpha RHshift   RHinfo  AO gradient     ###
*******************************************************************************************###
  1    -36.8994357250    0.00000000000    0.00      0.00000    0.00    0.0000000    1.36E-14  ###

 Level 1 atomic calculation on STO-3G Charge   1
 ================================================
 The Coulomb energy contribution   0.38730296535677067     
 The Exchange energy contribution   -0.0000000000000000     
 The Fock energy contribution  -0.38730296535677067     
Total Number of grid points:       10026

  Max allocated memory, Grid                  753.473 kB

  KS electrons/energy:    1.00000000000014   -0.30925489496708 rel.err: 0.14E-12
*******************************************************************************************###
 it        E(HF)            dE(HF)         exit      alpha RHshift   RHinfo  AO gradient     ###
*******************************************************************************************###
  1     -0.3885337843    0.00000000000    0.00      0.00000    0.00    0.0000000    0.00E+00  ###
Matrix type: mtype_dense


~~~~~~~~~~ PCMSolver ~~~~~~~~~~
Using CODATA 2010 set of constants.
Input parsing done API-side
========== Cavity 
Cavity type: GePol
Average area = 1.07132 AU^2
Probe radius = 2.61727 AU
Number of spheres = 5 [initial = 5; added = 0]
Number of finite elements = 200
========== Solver 
Solver Type: IEFPCM, isotropic
PCM matrix hermitivitized
============ Medium 
Medium initialized from solvent built-in data.
Solvent name:          Water
Static  permittivity = 78.39
Optical permittivity = 1.776
Solvent radius =       1.385
.... Inside 
Green's function type: vacuum
.... Outside 
Green's function type: uniform dielectric
Permittivity = 78.39


 PCMSolver interface correctly initialized

 First density: Atoms in molecule guess

 The Coulomb energy contribution    38.764600681077312     
 The Exchange energy contribution    0.0000000000000000     
 The Fock energy contribution   -38.764600681077312     
Total Number of grid points:       54628

  Max allocated memory, Grid                    2.787 MB

  KS electrons/energy:   10.00005243300349   -7.14256691194505 rel.err: 0.52E-05
Polarization energy components
   U_ee =   -25.57967706865257 , U_en =    25.59087359749524 , U_ne =    25.59087359749525 , U_nn =   -25.60207811684259

  Iteration 0 energy:  -39.222659341148194     

Max no. of matrices allocated in Level 2 / get_initial_dens:          9
 Preparing to do S^1/2 decomposition...
Matrix S     has nnz=        61 sparsity:     75.309 %
Matrix AO D  has nnz=        63 sparsity:     77.778 %
  Relative convergence threshold for solver:   1.0000000000000000E-002
  SCF Convergence criteria for gradient norm:   9.9999997473787516E-005
** Get Fock matrix number   1
 The Coulomb energy contribution    39.028562504843734     
 The Exchange energy contribution    0.0000000000000000     
 The Fock energy contribution   -39.028562504843727     
  KS electrons/energy:   10.00005347974361   -7.14805859839486 rel.err: 0.53E-05
Polarization energy components
   U_ee =   -25.58503411666705 , U_en =    25.59350479429424 , U_ne =    25.59350479429425 , U_nn =   -25.60207811684259

*******************************************************************************************###
 it        E(HF)            dE(HF)         exit      alpha RHshift   RHinfo  AO gradient     ###
*******************************************************************************************###
  1    -37.1018807249    0.00000000000    0.00      0.00000    0.00    0.0000000    3.03E-02  ###
** Make average of the last F and D matrices
** Get new density 
No. of matmuls in get_density:     1
 >>>  CPU Time used in SCF iteration is   0.15 seconds
 >>> wall Time used in SCF iteration is   0.16 seconds
** Get Fock matrix number   2
 The Coulomb energy contribution    38.972029253819677     
 The Exchange energy contribution    0.0000000000000000     
 The Fock energy contribution   -38.972029253819684     
  KS electrons/energy:   10.00005307105016   -7.14267645918282 rel.err: 0.53E-05
Polarization energy components
   U_ee =   -25.58471896679442 , U_en =    25.59335725204768 , U_ne =    25.59335725204768 , U_nn =   -25.60207811684259

  2    -37.1021274050   -0.00024668007    0.00      0.00000    0.00    0.0000000    6.06E-03  ###
** Make average of the last F and D matrices
** Get new density 
No. of matmuls in get_density:     1
 >>>  CPU Time used in SCF iteration is   0.18 seconds
 >>> wall Time used in SCF iteration is   0.18 seconds
** Get Fock matrix number   3
 The Coulomb energy contribution    38.981608249120434     
 The Exchange energy contribution    0.0000000000000000     
 The Fock energy contribution   -38.981608249120413     
  KS electrons/energy:   10.00005314009840   -7.14359867647652 rel.err: 0.53E-05
Polarization energy components
   U_ee =   -25.58477089685205 , U_en =    25.59338160181449 , U_ne =    25.59338160181448 , U_nn =   -25.60207811684259

  3    -37.1021378433   -0.00001043827   -1.00      0.00000    0.00    0.0000000    2.04E-05  ###
SCF converged in      3 iterations
 >>>  CPU Time used in **ITER is   0.50 seconds
 >>> wall Time used in **ITER is   0.50 seconds

Total no. of matmuls in SCF optimization:         76

 Number of occupied orbitals:           5
 Number of virtual orbitals:           4

 Number of occupied orbital energies to be found:           1
 Number of virtual orbital energies to be found:           1


Calculation of HOMO-LUMO gap
============================

Calculation of occupied orbital energies converged in     2 iterations!

Calculation of virtual orbital energies converged in     1 iterations!

    E(LUMO):                         1.858898 au
   -E(HOMO):                        -0.923575 au
   ------------------------------
    HOMO-LUMO Gap (iteratively):     2.782473 au


********************************************************
 it       dE(HF)          exit   RHshift    RHinfo 
********************************************************
  1    0.00000000000    0.0000    0.0000    0.0000000
  2   -0.00024668007    0.0000    0.0000    0.0000000
  3   -0.00001043827   -1.0000    0.0000    0.0000000

======================================================================
                   LINSCF ITERATIONS:
  It.nr.               Energy                 AO Gradient norm
======================================================================
    1           -37.10188072493745181646      0.302802074462266D-01
    2           -37.10212740501035000307      0.606368917890196D-02
    3           -37.10213784328365704823      0.203737261293537D-04

      SCF converged !!!! 
         >>> Final results from LSDALTON <<<


      Final DFT energy:                      -37.102137843284
      PCM polarization energy:                -0.000042905033
      Nuclear repulsion:                      25.365934555796
      Electronic energy:                     -62.468029494047

 >>>  CPU Time used in *SCF is   0.58 seconds
 >>> wall Time used in *SCF is   0.58 seconds

Total no. of matmuls used:                        84
Total no. of Fock/KS matrix evaluations:           4
Max no. of matrices allocated in Level 3:         20
 PCMSolver interface correctly finalized
*=*=*=*=*=*=*=*=*=*=*=*=*=*=*=*=*=*=*=*=*=*=*=*=*=*=*=*
                  Memory statistics          
*=*=*=*=*=*=*=*=*=*=*=*=*=*=*=*=*=*=*=*=*=*=*=*=*=*=*=*
  Allocated memory (TOTAL):                     0 byte  - Should be zero - otherwise a leakage is present
  Allocated memory (type(matrix)):              0 byte  - Should be zero - otherwise a leakage is present
  Allocated memory (real):                      0 byte  - Should be zero - otherwise a leakage is present
  Allocated memory (MPI):                       0 byte  - Should be zero - otherwise a leakage is present
  Allocated memory (complex):                   0 byte  - Should be zero - otherwise a leakage is present
  Allocated memory (integer):                   0 byte  - Should be zero - otherwise a leakage is present
  Allocated memory (logical):                   0 byte  - Should be zero - otherwise a leakage is present
  Allocated memory (character):                 0 byte  - Should be zero - otherwise a leakage is present
  Allocated memory (AOBATCH):                   0 byte  - Should be zero - otherwise a leakage is present
  Allocated memory (ODBATCH):                   0 byte  - Should be zero - otherwise a leakage is present
  Allocated memory (LSAOTENSOR):                0 byte  - Should be zero - otherwise a leakage is present
  Allocated memory (SLSAOTENSOR):               0 byte  - Should be zero - otherwise a leakage is present
  Allocated memory (GLOBALLSAOTENSOR):          0 byte  - Should be zero - otherwise a leakage is present
  Allocated memory (ATOMTYPEITEM):              0 byte  - Should be zero - otherwise a leakage is present
  Allocated memory (ATOMITEM):                  0 byte  - Should be zero - otherwise a leakage is present
  Allocated memory (LSMATRIX):                  0 byte  - Should be zero - otherwise a leakage is present
  Allocated memory (DECORBITAL):                0 byte  - Should be zero - otherwise a leakage is present
  Allocated memory (DECFRAG):                   0 byte  - Should be zero - otherwise a leakage is present
  Allocated memory (overlapType):               0 byte  - Should be zero - otherwise a leakage is present
  Allocated memory (BATCHTOORB):                0 byte  - Should be zero - otherwise a leakage is present
  Allocated memory (DECAOBATCHINFO):            0 byte  - Should be zero - otherwise a leakage is present
  Allocated memory (MYPOINTER):                 0 byte  - Should be zero - otherwise a leakage is present
  Allocated memory (ARRAY2):                    0 byte  - Should be zero - otherwise a leakage is present
  Allocated memory (ARRAY4):                    0 byte  - Should be zero - otherwise a leakage is present
  Allocated memory (ARRAY):                     0 byte  - Should be zero - otherwise a leakage is present
  Allocated memory (PNOSpaceInfo):              0 byte  - Should be zero - otherwise a leakage is present
  Allocated memory (MP2DENS):                   0 byte  - Should be zero - otherwise a leakage is present
  Allocated memory (TRACEBACK):                 0 byte  - Should be zero - otherwise a leakage is present
  Allocated memory (MP2GRAD):                   0 byte  - Should be zero - otherwise a leakage is present
  Allocated memory (type(lvec_data)):           0 byte  - Should be zero - otherwise a leakage is present
  Allocated memory (type(lattice_cell)):        0 byte  - Should be zero - otherwise a leakage is present
*=*=*=*=*=*=*=*=*=*=*=*=*=*=*=*=*=*=*=*=*=*=*=*=*=*=*=*
                  Additional Memory information          
*=*=*=*=*=*=*=*=*=*=*=*=*=*=*=*=*=*=*=*=*=*=*=*=*=*=*=*
  Allocated memory (linkshell):               0 byte  - Should be zero - otherwise a leakage is present
  Allocated memory (integrand):               0 byte  - Should be zero - otherwise a leakage is present
  Allocated memory (integralitem):            0 byte  - Should be zero - otherwise a leakage is present
  Allocated memory (intwork):                 0 byte  - Should be zero - otherwise a leakage is present
  Allocated memory (overlap):                 0 byte  - Should be zero - otherwise a leakage is present
  Allocated memory (ODitem):                  0 byte  - Should be zero - otherwise a leakage is present
  Allocated memory (lstensor):                0 byte  - Should be zero - otherwise a leakage is present
  Allocated memory (FMM   ):                  0 byte  - Should be zero - otherwise a leakage is present
  Allocated memory (XC    ):                  0 byte  - Should be zero - otherwise a leakage is present
  Max allocated memory, TOTAL                         68.357 MB
  Max allocated memory, type(matrix)                  12.968 kB
  Max allocated memory, real(realk)                    1.911 MB
  Max allocated memory, MPI                            0.000 Byte
  Max allocated memory, complex(complexk)              0.000 Byte
  Max allocated memory, integer                      386.104 kB
  Max allocated memory, logical                      419.152 kB
  Max allocated memory, character                      4.800 kB
  Max allocated memory, AOBATCH                      111.888 kB
  Max allocated memory, DECORBITAL                     0.000 Byte
  Max allocated memory, DECFRAG                        0.000 Byte
  Max allocated memory, BATCHTOORB                     0.000 Byte
  Max allocated memory, DECAOBATCHINFO                 0.000 Byte
  Max allocated memory, MYPOINTER                      0.000 Byte
  Max allocated memory, ARRAY2                         0.000 Byte
  Max allocated memory, ARRAY4                         0.000 Byte
  Max allocated memory, ARRAY                         65.600 MB
  Max allocated memory, PNOSpaceInfo                   0.000 Byte
  Max allocated memory, MP2DENS                        0.000 Byte
  Max allocated memory, TRACEBACK                      0.000 Byte
  Max allocated memory, MP2GRAD                        0.000 Byte
  Max allocated memory, ODBATCH                       20.768 kB
  Max allocated memory, LSAOTENSOR                    68.400 kB
  Max allocated memory, SLSAOTENSOR                  120.520 kB
  Max allocated memory, GLOBALLSAOTENSOR               0.000 Byte
  Max allocated memory, ATOMTYPEITEM                 153.056 kB
  Max allocated memory, ATOMITEM                      53.760 kB
  Max allocated memory, LSMATRIX                       1.624 kB
  Max allocated memory, OverlapT                     454.400 kB
  Max allocated memory, linkshell                      0.000 Byte
  Max allocated memory, integrand                     64.512 kB
  Max allocated memory, integralitem                 829.440 kB
  Max allocated memory, IntWork                       25.720 kB
  Max allocated memory, Overlap                      388.288 kB
  Max allocated memory, ODitem                        15.104 kB
  Max allocated memory, LStensor                      23.993 kB
  Max allocated memory, FMM                            0.000 Byte
  Max allocated memory, XC                             0.000 Byte
  Max allocated memory, Lvec_data                      0.000 Byte
  Max allocated memory, Lattice_cell                   0.000 Byte
*=*=*=*=*=*=*=*=*=*=*=*=*=*=*=*=*=*=*=*=*=*=*=*=*=*=*=*

  Allocated MPI memory a cross all slaves:          0 byte  - Should be zero - otherwise a leakage is present
  This is a non MPI calculation so naturally no memory is allocated on slaves!
 >>>  CPU Time used in LSDALTON is   1.84 seconds
 >>> wall Time used in LSDALTON is   1.84 seconds

End simulation
     Date and time (Linux)  : Sat Oct 11 10:21:39 2014
     Host name              : spongebob                               
