

     ************************************************************************
     *************** Dalton - An Electronic Structure Program ***************
     ************************************************************************

    This is output from DALTON (Release Dalton2013 patch 0)
   ----------------------------------------------------------------------------
    NOTE:
     
    Dalton is an experimental code for the evaluation of molecular
    properties using (MC)SCF, DFT, CI, and CC wave functions.
    The authors accept no responsibility for the performance of
    the code or for the correctness of the results.
     
    The code (in whole or part) is provided under a licence and
    is not to be reproduced for further distribution without
    the written permission of the authors or their representatives.
     
    See the home page "http://daltonprogram.org" for further information.
     
    If results obtained with this code are published,
    the appropriate citations would be both of:
     
       K. Aidas, C. Angeli, K. L. Bak, V. Bakken, R. Bast,
       L. Boman, O. Christiansen, R. Cimiraglia, S. Coriani,
       P. Dahle, E. K. Dalskov, U. Ekstroem, T. Enevoldsen,
       J. J. Eriksen, P. Ettenhuber, B. Fernandez, L. Ferrighi,
       H. Fliegl, L. Frediani, K. Hald, A. Halkier, C. Haettig,
       H. Heiberg, T. Helgaker, A. C. Hennum, H. Hettema,
       E. Hjertenaes, S. Hoest, I.-M. Hoeyvik, M. F. Iozzi,
       B. Jansik, H. J. Aa. Jensen, D. Jonsson, P. Joergensen,
       J. Kauczor, S. Kirpekar, T. Kjaergaard, W. Klopper,
       S. Knecht, R. Kobayashi, H. Koch, J. Kongsted, A. Krapp,
       K. Kristensen, A. Ligabue, O. B. Lutnaes, J. I. Melo,
       K. V. Mikkelsen, R. H. Myhre, C. Neiss, C. B. Nielsen,
       P. Norman, J. Olsen, J. M. H. Olsen, A. Osted,
       M. J. Packer, F. Pawlowski, T. B. Pedersen, P. F. Provasi,
       S. Reine, Z. Rinkevicius, T. A. Ruden, K. Ruud, V. Rybkin,
       P. Salek, C. C. M. Samson, A. Sanchez de Meras, T. Saue,
       S. P. A. Sauer, B. Schimmelpfennig, K. Sneskov,
       A. H. Steindal, K. O. Sylvester-Hvid, P. R. Taylor,
       A. M. Teale, E. I. Tellgren, D. P. Tew, A. J. Thorvaldsen,
       L. Thoegersen, O. Vahtras, M. A. Watson, D. J. D. Wilson,
       M. Ziolkowski and H. Agren.
       The Dalton quantum chemistry program system.
       WIREs Comput. Mol. Sci. 2013. doi: 10.1002/wcms.1172
    
    and
    
       Dalton, a Molecular Electronic Structure Program,
       Release DALTON2013.0 (2013), see http://daltonprogram.org
   ----------------------------------------------------------------------------

    Authors in alphabetical order (major contribution(s) in parenthesis):

  Kestutis Aidas,           Vilnius University,           Lithuania   (QM/MM)
  Celestino Angeli,         University of Ferrara,        Italy       (NEVPT2)
  Keld L. Bak,              UNI-C,                        Denmark     (AOSOPPA, non-adiabatic coupling, magnetic properties)
  Vebjoern Bakken,          University of Oslo,           Norway      (DALTON; geometry optimizer, symmetry detection)
  Radovan Bast,             KTH Stockholm                 Sweden      (DALTON installation and execution frameworks)
  Linus Boman,              NTNU,                         Norway      (Cholesky decomposition and subsystems)
  Ove Christiansen,         Aarhus University,            Denmark     (CC module)
  Renzo Cimiraglia,         University of Ferrara,        Italy       (NEVPT2)
  Sonia Coriani,            University of Trieste,        Italy       (CC module, MCD in RESPONS)
  Paal Dahle,               University of Oslo,           Norway      (Parallelization)
  Erik K. Dalskov,          UNI-C,                        Denmark     (SOPPA)
  Thomas Enevoldsen,        Univ. of Southern Denmark,    Denmark     (SOPPA)
  Janus J. Eriksen,         Aarhus University,            Denmark     (PE-MP2/SOPPA, TDA)
  Berta Fernandez,          U. of Santiago de Compostela, Spain       (doublet spin, ESR in RESPONS)
  Lara Ferrighi,            Aarhus University,            Denmark     (PCM Cubic response)
  Heike Fliegl,             University of Oslo,           Norway      (CCSD(R12))
  Luca Frediani,            UiT The Arctic U. of Norway,  Norway      (PCM)
  Bin Gao,                  UiT The Arctic U. of Norway,  Norway      (Gen1Int library)
  Christof Haettig,         Ruhr-University Bochum,       Germany     (CC module)
  Kasper Hald,              Aarhus University,            Denmark     (CC module)
  Asger Halkier,            Aarhus University,            Denmark     (CC module)
  Hanne Heiberg,            University of Oslo,           Norway      (geometry analysis, selected one-electron integrals)
  Trygve Helgaker,          University of Oslo,           Norway      (DALTON; ABACUS, ERI, DFT modules, London, and much more)
  Alf Christian Hennum,     University of Oslo,           Norway      (Parity violation)
  Hinne Hettema,            University of Auckland,       New Zealand (quadratic response in RESPONS; SIRIUS supersymmetry)
  Eirik Hjertenaes,         NTNU,                         Norway      (Cholesky decomposition)
  Maria Francesca Iozzi,    University of Oslo,           Norway      (RPA)
  Brano Jansik              Technical Univ. of Ostrava    Czech Rep.  (DFT cubic response)
  Hans Joergen Aa. Jensen,  Univ. of Southern Denmark,    Denmark     (DALTON; SIRIUS, RESPONS, ABACUS modules, London, and much more)
  Dan Jonsson,              UiT The Arctic U. of Norway,  Norway      (cubic response in RESPONS module)
  Poul Joergensen,          Aarhus University,            Denmark     (RESPONS, ABACUS, and CC modules)
  Joanna Kauczor,           Linkoeping University,        Sweden      (Complex polarization propagator (CPP) module)
  Sheela Kirpekar,          Univ. of Southern Denmark,    Denmark     (Mass-velocity & Darwin integrals)
  Wim Klopper,              KIT Karlsruhe,                Germany     (R12 code in CC, SIRIUS, and ABACUS modules)
  Stefan Knecht,            ETH Zurich,                   Switzerland (Parallel CI and MCSCF)
  Rika Kobayashi,           Australian National Univ.,    Australia   (DIIS in CC, London in MCSCF)
  Henrik Koch,              NTNU,                         Norway      (CC module, Cholesky decomposition)
  Jacob Kongsted,           Univ. of Southern Denmark,    Denmark     (Polarizable embedding, QM/MM)
  Andrea Ligabue,           University of Modena,         Italy       (CTOCD, AOSOPPA)
  Ola B. Lutnaes,           University of Oslo,           Norway      (DFT Hessian)
  Juan I. Melo,             University of Buenos Aires,   Argentina   (LRESC, Relativistic Effects on NMR Shieldings)
  Kurt V. Mikkelsen,        University of Copenhagen,     Denmark     (MC-SCRF and QM/MM)
  Rolf H. Myhre,            NTNU,                         Norway      (Cholesky, subsystems and ECC2)
  Christian Neiss,          Univ. Erlangen-Nuernberg,     Germany     (CCSD(R12))
  Christian B. Nielsen,     University of Copenhagen,     Denmark     (QM/MM)
  Patrick Norman,           Linkoeping University,        Sweden      (Cubic response and complex response in RESPONS)
  Jeppe Olsen,              Aarhus University,            Denmark     (SIRIUS CI/density modules)
  Jogvan Magnus H. Olsen,   Univ. of Southern Denmark,    Denmark     (Polarizable embedding, PE library, QM/MM)
  Anders Osted,             Copenhagen University,        Denmark     (QM/MM)
  Martin J. Packer,         University of Sheffield,      UK          (SOPPA)
  Filip Pawlowski,          Kazimierz Wielki University   Poland      (CC3)
  Thomas B. Pedersen,       University of Oslo,           Norway      (Cholesky decomposition)
  Patricio F. Provasi,      University of Northeastern,   Argentina   (Analysis of coupling constants in localized orbitals)
  Zilvinas Rinkevicius,     KTH Stockholm,                Sweden      (open-shell DFT, ESR)
  Elias Rudberg,            KTH Stockholm,                Sweden      (DFT grid and basis info)
  Torgeir A. Ruden,         University of Oslo,           Norway      (Numerical derivatives in ABACUS)
  Kenneth Ruud,             UiT The Arctic U. of Norway,  Norway      (DALTON; ABACUS magnetic properties and  much more)
  Pawel Salek,              KTH Stockholm,                Sweden      (DALTON; DFT code)
  Claire C. M. Samson       University of Karlsruhe       Germany     (Boys localization, r12 integrals in ERI)
  Alfredo Sanchez de Meras, University of Valencia,       Spain       (CC module, Cholesky decomposition)
  Trond Saue,               Paul Sabatier University,     France      (direct Fock matrix construction)
  Stephan P. A. Sauer,      University of Copenhagen,     Denmark     (SOPPA(CCSD), SOPPA prop., AOSOPPA, vibrational g-factors)
  Bernd Schimmelpfennig,    Forschungszentrum Karlsruhe,  Germany     (AMFI module)
  Kristian Sneskov,         Aarhus University,            Denmark     (QM/MM, PE-CC)
  Arnfinn H. Steindal,      UiT The Arctic U. of Norway,  Norway      (parallel QM/MM)
  K. O. Sylvester-Hvid,     University of Copenhagen,     Denmark     (MC-SCRF)
  Peter R. Taylor,          VLSCI/Univ. of Melbourne,     Australia   (Symmetry handling ABACUS, integral transformation)
  Andrew M. Teale,          University of Nottingham,     England     (DFT-AC, DFT-D)
  David P. Tew,             University of Bristol,        England     (CCSD(R12))
  Olav Vahtras,             KTH Stockholm,                Sweden      (triplet response, spin-orbit, ESR, TDDFT, open-shell DFT)
  David J. Wilson,          La Trobe University,          Australia   (DFT Hessian and DFT magnetizabilities)
  Hans Agren,               KTH Stockholm,                Sweden      (SIRIUS module, RESPONS, MC-SCRF solvation model)
 --------------------------------------------------------------------------------

     Date and time (Linux)  : Sun Sep  8 20:38:31 2013
     Host name              : lpqlx131.ups-tlse.fr                    

 * Work memory size             :    64000000 =  488.28 megabytes.

 * Directories for basis set searches:
   1) /home/bast/DALTON-2013.0-Source/build/test_dft_camb3lyp
   2) /home/bast/DALTON-2013.0-Source/build/basis


Compilation information
-----------------------

 Who compiled             | bast
 Host                     | lpqlx131.ups-tlse.fr
 System                   | Linux-3.8.5-201.fc18.x86_64
 CMake generator          | Unix Makefiles
 Processor                | x86_64
 64-bit integers          | OFF
 MPI                      | OFF
 Fortran compiler         | /usr/bin/gfortran
 Fortran compiler version | GNU Fortran (GCC) 4.7.2 20121109 (Red Hat 4.7.2-8)
 C compiler               | /usr/bin/gcc
 C compiler version       | gcc (GCC) 4.7.2 20121109 (Red Hat 4.7.2-8)
 C++ compiler             | /usr/bin/g++
 C++ compiler version     | g++ (GCC) 4.7.2 20121109 (Red Hat 4.7.2-8)
 Static linking           | OFF
 Last Git revision        | f34203295a86316e27f9e7b44f9b6769c4a046c0
 Configuration time       | 2013-09-08 20:31:27.952056


   Content of the .dal input file
 ----------------------------------

**DALTON                                          
.RUN PROPERTIES                                   
.DIRECT                                           
**INTEGRALS                                       
.DIPLEN                                           
**WAVE FUNCTIONS                                  
.DFT                                              
 CAMB3LYP                                         
*HAMILTIONAN                                      
.FIELD                                            
0.0001                                            
YDIPLEN                                           
**END OF                                          
                                                  


   Content of the .mol file
 ----------------------------

BASIS                                                                          
aug-cc-pVTZ                                                                    
Hydrogen atom                                                                  
=============                                                                  
    1   2  X  Z                                                                
Charge=1. Atoms=1                                                              
H     0 0 0                                                                    
                                                                               


       *******************************************************************
       *********** Output from DALTON general input processing ***********
       *******************************************************************

 --------------------------------------------------------------------------------
   Overall default print level:    0
   Print level for DALTON.STAT:    1

    AO-direct calculation (in sections where implemented)
    HERMIT 1- and 2-electron integral sections will be executed
    "Old" integral transformation used (limited to max 255 basis functions)
    Wave function sections will be executed (SIRIUS module)
    Static molecular property section will be executed (ABACUS module)
 --------------------------------------------------------------------------------


   ****************************************************************************
   *************** Output of molecule and basis set information ***************
   ****************************************************************************


    The two title cards from your ".mol" input:
    ------------------------------------------------------------------------
 1: Hydrogen atom                                                           
 2: =============                                                           
    ------------------------------------------------------------------------

  Atomic type no.    1
  --------------------
  Nuclear charge:   1.00000
  Number of symmetry independent centers:    1
  Number of basis sets to read;    2
  Basis set file used for this atomic type with Z =   1 :
     "/home/bast/DALTON-2013.0-Source/build/basis/aug-cc-pVTZ"


                         SYMGRP: Point group information
                         -------------------------------

Point group: C2v

   * The point group was generated by:

      Reflection in the yz-plane
      Reflection in the xy-plane

   * Group multiplication table

        |  E   C2y  Oxy  Oyz
   -----+--------------------
     E  |  E   C2y  Oxy  Oyz
    C2y | C2y   E   Oyz  Oxy
    Oxy | Oxy  Oyz   E   C2y
    Oyz | Oyz  Oxy  C2y   E 

   * Character table

        |  E   C2y  Oxy  Oyz
   -----+--------------------
    A1  |   1    1    1    1
    B2  |   1   -1    1   -1
    B1  |   1   -1   -1    1
    A2  |   1    1   -1   -1

   * Direct product table

        | A1   B2   B1   A2 
   -----+--------------------
    A1  | A1   B2   B1   A2 
    B2  | B2   A1   A2   B1 
    B1  | B1   A2   A1   B2 
    A2  | A2   B1   B2   A1 


                                 Isotopic Masses
                                 ---------------

                           H           1.007825

                       Total mass:     1.007825 amu
                       Natural abundance:  99.985 %

 Center-of-mass coordinates (a.u.):    0.000000    0.000000    0.000000


  Atoms and basis sets
  --------------------

  Number of atom types :    1
  Total number of atoms:    1

  Basis set used is "aug-cc-pVTZ" from the basis set library.

  label    atoms   charge   prim   cont     basis
  ----------------------------------------------------------------------
  H           1    1.0000    25    23      [6s3p2d|4s3p2d]                                    
  ----------------------------------------------------------------------
  total:      1    1.0000    25    23
  ----------------------------------------------------------------------
  Spherical harmonic basis used.

  Threshold for neglecting AO integrals:  1.00D-12


  Cartesian Coordinates (a.u.)
  ----------------------------

  Total number of coordinates:    3
  H       :     1  x   0.0000000000    2  y   0.0000000000    3  z   0.0000000000


  Symmetry Coordinates
  --------------------

  Number of coordinates in each symmetry:     1    1    1    0

  Symmetry  A1  ( 1)

    1   H     y    2

  Symmetry  B2  ( 2)

    2   H     x    1

  Symmetry  B1  ( 3)

    3   H     z    3


@ This is an atomic calculation.


  Symmetry Orbitals
  -----------------

  Number of orbitals in each symmetry:          11    5    5    2


  Symmetry  A1 ( 1)

    1     H        1s         1
    2     H        1s         2
    3     H        1s         3
    4     H        1s         4
    5     H        2py        6
    6     H        2py        9
    7     H        2py       12
    8     H        3d0       16
    9     H        3d2+      18
   10     H        3d0       21
   11     H        3d2+      23


  Symmetry  B2 ( 2)

   12     H        2px        5
   13     H        2px        8
   14     H        2px       11
   15     H        3d2-      14
   16     H        3d2-      19


  Symmetry  B1 ( 3)

   17     H        2pz        7
   18     H        2pz       10
   19     H        2pz       13
   20     H        3d1-      15
   21     H        3d1-      20


  Symmetry  A2 ( 4)

   22     H        3d1+      17
   23     H        3d1+      22

  Symmetries of electric field:  B2 (2)  A1 (1)  B1 (3)

  Symmetries of magnetic field:  B1 (3)  A2 (4)  B2 (2)


                     .---------------------------------------.
                     | Starting in Integral Section (HERMIT) |
                     `---------------------------------------'



    *************************************************************************
    ****************** Output from HERMIT input processing ******************
    *************************************************************************


 Default print level:        1

 * Nuclear model: Point charge

 Calculation of one-electron Hamiltonian integrals.

 The following one-electron property integrals are calculated as requested:
          - overlap integrals
          - dipole length integrals

 Center of mass  (bohr):      0.000000000000      0.000000000000      0.000000000000
 Operator center (bohr):      0.000000000000      0.000000000000      0.000000000000
 Gauge origin    (bohr):      0.000000000000      0.000000000000      0.000000000000
 Dipole origin   (bohr):      0.000000000000      0.000000000000      0.000000000000


     ************************************************************************
     ************************** Output from HERINT **************************
     ************************************************************************

 >>>> Total CPU  time used in HERMIT:   0.01 seconds
 >>>> Total wall time used in HERMIT:   0.00 seconds


                        .----------------------------------.
                        | End of Integral Section (HERMIT) |
                        `----------------------------------'



                   .--------------------------------------------.
                   | Starting in Wave Function Section (SIRIUS) |
                   `--------------------------------------------'


 *** Output from Huckel module :

     Using EWMO model:          T
     Using EHT  model:          F
     Number of Huckel orbitals each symmetry:    1    0    0    0

 EWMO - Energy Weighted Maximum Overlap - is a Huckel type method,
        which normally is better than Extended Huckel Theory.
 Reference: Linderberg and Ohrn, Propagators in Quantum Chemistry (Wiley, 1973)

 Huckel EWMO eigenvalues for symmetry :  1
           -0.500000

 **********************************************************************
 *SIRIUS* a direct, restricted step, second order MCSCF program       *
 **********************************************************************

 
     Date and time (Linux)  : Sun Sep  8 20:38:31 2013
     Host name              : lpqlx131.ups-tlse.fr                    

 Title lines from ".mol" input file:
     Hydrogen atom                                                           
     =============                                                           

 Print level on unit LUPRI =   2 is   0
 Print level on unit LUW4  =   2 is   5

@    Restricted, one open shell Kohn-Sham DFT calculation.
 Fock matrices are calculated directly without use of integrals on disk.

@  The molecule is placed in a static field.
@  Field strength (a.u.)          Field operator
@  ---------------------------------------------
@      1.00000000E-04                  YDIPLEN 
@  ---------------------------------------------

 Initial molecular orbitals are obtained according to
 ".MOSTART EWMO  " input option

     Wave function specification
     ============================
@    For the wave function of type :      >>> KS-DFT <<<
@    Number of closed shell electrons           0
@    Number of electrons in active shells       1
@    Total charge of the molecule               0

@    Spin multiplicity and 2 M_S                2         1
     Total number of symmetries                 4
@    Reference state symmetry                   1
 
     This is a DFT calculation of type: Camb3lyp
 CAM-B3LYP w/ alpha=0.190 beta=0.460 mu=0.330 VwnWeight=0.190 LypWeight=0.810

     Orbital specifications
     ======================
     Abelian symmetry species          All |    1    2    3    4
                                       --- |  ---  ---  ---  ---
     Total number of orbitals           23 |   11    5    5    2
     Number of basis functions          23 |   11    5    5    2

      ** Automatic occupation of RKS orbitals **

      -- Initial occupation of symmetries is determined from extended Huckel guess.           
      -- Initial occupation of symmetries is :
@    Occupied SCF orbitals               0 |    0    0    0    0

@    plus one open shell SCF orbital of symmetry   1

     Maximum number of Fock   iterations      0
     Maximum number of DIIS   iterations     60
     Maximum number of QC-SCF iterations     60
     Threshold for SCF convergence     1.00D-05
 
     This is a DFT calculation of type: Camb3lyp
 CAM-B3LYP w/ alpha=0.190 beta=0.460 mu=0.330 VwnWeight=0.190 LypWeight=0.810


 >>>>> DIIS optimization of Hartree-Fock <<<<<

 C1-DIIS algorithm; max error vectors =   10

 Automatic occupation of symmetries with   1 electrons.
 "sym." is the symmetry of the one open shell orbital in table below.

 Iter     Total energy    Error norm  Delta(E)  Sym.  Closed shell occupation
 -----------------------------------------------------------------------------
   1  Screening settings (-IFTHRS, DIFDEN)   -6    F
@  1 -0.494494802300       1.41D-01  -4.94D-01   1     0   0   0   0
      Virial theorem: -V/T =      1.842769
@      MULPOP H       0.00; 
 -----------------------------------------------------------------------------
   2  Screening settings (-IFTHRS, DIFDEN)   -8    F
@  2 -0.498762512788       1.79D-02  -4.27D-03   1     0   0   0   0
      Virial theorem: -V/T =      2.029486
@      MULPOP H      -0.00; 
 -----------------------------------------------------------------------------
   3  Screening settings (-IFTHRS, DIFDEN)   -8    F
@  3 -0.498896877052       5.05D-03  -1.34D-04   1     0   0   0   0
      Virial theorem: -V/T =      2.012092
@      MULPOP H      -0.00; 
 -----------------------------------------------------------------------------
   4  Screening settings (-IFTHRS, DIFDEN)   -9    F
@  4 -0.498914636601       6.40D-04  -1.78D-05   1     0   0   0   0
      Virial theorem: -V/T =      2.017345
@      MULPOP H       0.00; 
 -----------------------------------------------------------------------------
   5  Screening settings (-IFTHRS, DIFDEN)  -10    F
@  5 -0.498914920743       8.13D-06  -2.84D-07   1     0   0   0   0

@ *** DIIS converged in   5 iterations !
@     Converged SCF energy, gradient:     -0.498914920743    8.13D-06
    - total time used in SIRFCK :              0.00 seconds


 *** SCF orbital energy analysis ***

 Orbital energy analysis for an open-shell system.
 Orbital energies are not well-defined for open-shell systems
   here is used block diagonalization of the FD=FC+FV Fock matrix.
 NOTE that Koopmans' theorem is not fulfilled for this case.

 Only the five lowest virtual orbital energies printed in each symmetry.

 Number of electrons :    0
 Orbital occupations :    0    0    0    0

 Sym       Kohn-Sham orbital energies

  1     -0.18790127     0.04974570     0.17488787     0.43062402     0.74562574
         0.74562577

  2      0.17488776     0.74562576     0.92692971     3.69629272     3.89500964


  3      0.17488776     0.74562576     0.92692971     3.69629272     3.89500964


  4      0.74562574     3.69629271

    E(LUMO) :     0.04974570 au (symmetry 1)
  - E(HOMO) :     0.00000000 au (symmetry 0)
  ------------------------------------------
    gap     :     0.04974570 au

and E(SOMO) :    -0.18790127 au (symmetry 1)

 INFO: E(LUMO) - E(HOMO) small or negative.

 NOTE: MOLECULAR ORBITALS ARE NOT CANONICAL HARTREE-FOCK ORBITALS

 Largest off-diagonal Fock matrix element is  5.79D-02

 >>> Writing SIRIFC interface file <<<

 >>>> CPU and wall time for SCF :       1.012       1.018


                       .-----------------------------------.
                       | >>> Final results from SIRIUS <<< |
                       `-----------------------------------'


@    Spin multiplicity:           2
@    Spatial symmetry:            1
@    Total charge of molecule:    0

 The molecule is placed in a static field.
 Field strength (a.u.)          Field operator
 ---------------------          --------------
    1.00000000E-04                  YDIPLEN 


@    Final DFT energy:             -0.498914920743                 
@    Nuclear repulsion:             0.000000000000
@    Electronic energy:            -0.498914920743

@    Final gradient norm:           0.000008128721

 
     Date and time (Linux)  : Sun Sep  8 20:38:32 2013
     Host name              : lpqlx131.ups-tlse.fr                    

 (Only coefficients >0.0100 are printed.)

 Molecular orbitals for symmetry species  1
 ------------------------------------------

    Orbital         1        2        3
   1 H   :1s     1.0332  -0.2891   0.0000
   2 H   :1s    -0.0512   0.1261   0.0007
   3 H   :1s     0.0039  -0.6147  -0.0015
   4 H   :1s     0.0258   1.3633   0.0017
   5 H   :2py   -0.0000  -0.0001   0.0292
   6 H   :2py   -0.0000   0.0002  -0.0848
   7 H   :2py   -0.0002  -0.0011   1.0437

 Molecular orbitals for symmetry species  2
 ------------------------------------------

    Orbital         1        2
   1 H   :2px    0.0292   0.0000
   2 H   :2px   -0.0848  -0.0001
   3 H   :2px    1.0437   0.0002
   4 H   :3d2-   0.0000  -0.0661
   5 H   :3d2-  -0.0002   1.0264

 Molecular orbitals for symmetry species  3
 ------------------------------------------

    Orbital         1        2
   1 H   :2pz    0.0292   0.0000
   2 H   :2pz   -0.0848  -0.0001
   3 H   :2pz    1.0437   0.0002
   4 H   :3d1-   0.0000  -0.0661
   5 H   :3d1-  -0.0002   1.0264

 Molecular orbitals for symmetry species  4
 ------------------------------------------

    Orbital         1        2
   1 H   :3d1+  -0.0661  -1.1034
   2 H   :3d1+   1.0264   0.4103



 >>>> Total CPU  time used in SIRIUS :      1.01 seconds
 >>>> Total wall time used in SIRIUS :      1.02 seconds

 
     Date and time (Linux)  : Sun Sep  8 20:38:32 2013
     Host name              : lpqlx131.ups-tlse.fr                    


                     .---------------------------------------.
                     | End of Wave Function Section (SIRIUS) |
                     `---------------------------------------'


 Center of mass dipole origin  :    0.000000    0.000000    0.000000

 Center of mass gauge origin   :    0.000000    0.000000    0.000000


                 .------------------------------------------------.
                 | Starting in Static Property Section (ABACUS) - |
                 `------------------------------------------------'


 
     Date and time (Linux)  : Sun Sep  8 20:38:32 2013
     Host name              : lpqlx131.ups-tlse.fr                    


   ***************************************************************************
   ************************ FINAL RESULTS from ABACUS ************************
   ***************************************************************************


 
     Date and time (Linux)  : Sun Sep  8 20:38:32 2013
     Host name              : lpqlx131.ups-tlse.fr                    


                             Molecular geometry (au)
                             -----------------------

 H          0.0000000000            0.0000000000            0.0000000000





                        Molecular wave function and energy
                        ----------------------------------

     Spin multiplicity  2     State number       1     Total charge       0

     Total energy         -0.4989149207 au (Hartrees)
                           -13.57616560 eV
                             -1309.9009 kJ/mol


                             Relativistic corrections
                             ------------------------

     Darwin correction:                          0.0000243830 au
     Mass-velocity correction:                  -0.0000315707 au

     Total relativistic correction:             -0.0000071877 au (0.0014%)
     Non-relativistic + relativistic energy:    -0.4989221084 au




                                  Dipole moment
                                  -------------

                 au               Debye          C m (/(10**-30)
              0.000516           0.001311           0.004374


                             Dipole moment components
                             ------------------------

                 au               Debye          C m (/(10**-30)

      y      0.00051596         0.00131143         0.00437445


   Units:   1 a.u. =   2.54175 Debye 
            1 a.u. =   8.47835 (10**-30) C m (SI)




 CPU time statistics for ABACUS
 ------------------------------




 >>>> Total CPU  time used in ABACUS:   0.00 seconds
 >>>> Total wall time used in ABACUS:   0.00 seconds


                   .-------------------------------------------.
                   | End of Static Property Section (ABACUS) - |
                   `-------------------------------------------'

 >>>> Total CPU  time used in DALTON:   1.03 seconds
 >>>> Total wall time used in DALTON:   1.03 seconds

 
     Date and time (Linux)  : Sun Sep  8 20:38:32 2013
     Host name              : lpqlx131.ups-tlse.fr                    
