

     ************************************************************************
     *************** Dalton - An Electronic Structure Program ***************
     ************************************************************************

    This is output from DALTON 2014.0
   ----------------------------------------------------------------------------
    NOTE:
     
    Dalton is an experimental code for the evaluation of molecular
    properties using (MC)SCF, DFT, CI, and CC wave functions.
    The authors accept no responsibility for the performance of
    the code or for the correctness of the results.
     
    The code (in whole or part) is provided under a licence and
    is not to be reproduced for further distribution without
    the written permission of the authors or their representatives.
     
    See the home page "http://daltonprogram.org" for further information.
     
    If results obtained with this code are published,
    the appropriate citations would be both of:
     
       K. Aidas, C. Angeli, K. L. Bak, V. Bakken, R. Bast,
       L. Boman, O. Christiansen, R. Cimiraglia, S. Coriani,
       J. Cukras, P. Dahle, E. K. Dalskov, U. Ekstroem,
       T. Enevoldsen, J. J. Eriksen, P. Ettenhuber, B. Fernandez,
       L. Ferrighi, H. Fliegl, L. Frediani, K. Hald, A. Halkier,
       C. Haettig, H. Heiberg, T. Helgaker, A. C. Hennum,
       H. Hettema, E. Hjertenaes, S. Hoest, I.-M. Hoeyvik,
       M. F. Iozzi, B. Jansik, H. J. Aa. Jensen, D. Jonsson,
       P. Joergensen, M. Kaminski, J. Kauczor, S. Kirpekar,
       T. Kjaergaard, W. Klopper, S. Knecht, R. Kobayashi, H. Koch,
       J. Kongsted, A. Krapp, K. Kristensen, A. Ligabue,
       O. B. Lutnaes, J. I. Melo, K. V. Mikkelsen, R. H. Myhre,
       C. Neiss, C. B. Nielsen, P. Norman, J. Olsen,
       J. M. H. Olsen, A. Osted, M. J. Packer, F. Pawlowski,
       T. B. Pedersen, P. F. Provasi, S. Reine, Z. Rinkevicius,
       T. A. Ruden, K. Ruud, V. Rybkin, P. Salek, C. C. M. Samson,
       A. Sanchez de Meras, T. Saue, S. P. A. Sauer,
       B. Schimmelpfennig, K. Sneskov, A. H. Steindal,
       K. O. Sylvester-Hvid, P. R. Taylor, A. M. Teale,
       E. I. Tellgren, D. P. Tew, A. J. Thorvaldsen, L. Thoegersen,
       O. Vahtras, M. A. Watson, D. J. D. Wilson, M. Ziolkowski
       and H. Agren,
       "The Dalton quantum chemistry program system",
       WIREs Comput. Mol. Sci. 2013. (doi: 10.1002/wcms.1172)
    
    and
    
       Dalton, a Molecular Electronic Structure Program,
       Release DALTON2014.0 (2014), see http://daltonprogram.org
   ----------------------------------------------------------------------------

    Authors in alphabetical order (major contribution(s) in parenthesis):

  Kestutis Aidas,           Vilnius University,           Lithuania   (QM/MM)
  Celestino Angeli,         University of Ferrara,        Italy       (NEVPT2)
  Keld L. Bak,              UNI-C,                        Denmark     (AOSOPPA, non-adiabatic coupling, magnetic properties)
  Vebjoern Bakken,          University of Oslo,           Norway      (DALTON; geometry optimizer, symmetry detection)
  Radovan Bast,             KTH Stockholm,                Sweden      (DALTON installation and execution frameworks)
  Pablo Baudin,             University of Valencia,       Spain       (Cholesky excitation energies)
  Linus Boman,              NTNU,                         Norway      (Cholesky decomposition and subsystems)
  Ove Christiansen,         Aarhus University,            Denmark     (CC module)
  Renzo Cimiraglia,         University of Ferrara,        Italy       (NEVPT2)
  Sonia Coriani,            University of Trieste,        Italy       (CC module, MCD in RESPONS)
  Janusz Cukras,            University of Trieste,        Italy       (MChD in RESPONS)
  Paal Dahle,               University of Oslo,           Norway      (Parallelization)
  Erik K. Dalskov,          UNI-C,                        Denmark     (SOPPA)
  Thomas Enevoldsen,        Univ. of Southern Denmark,    Denmark     (SOPPA)
  Janus J. Eriksen,         Aarhus University,            Denmark     (Polarizable embedding model, TDA)
  Berta Fernandez,          U. of Santiago de Compostela, Spain       (doublet spin, ESR in RESPONS)
  Lara Ferrighi,            Aarhus University,            Denmark     (PCM Cubic response)
  Heike Fliegl,             University of Oslo,           Norway      (CCSD(R12))
  Luca Frediani,            UiT The Arctic U. of Norway,  Norway      (PCM)
  Bin Gao,                  UiT The Arctic U. of Norway,  Norway      (Gen1Int library)
  Christof Haettig,         Ruhr-University Bochum,       Germany     (CC module)
  Kasper Hald,              Aarhus University,            Denmark     (CC module)
  Asger Halkier,            Aarhus University,            Denmark     (CC module)
  Erik D. Hedegaard,        Univ. of Southern Denmark,    Denmark     (Polarizable embedding model, QM/MM)
  Hanne Heiberg,            University of Oslo,           Norway      (geometry analysis, selected one-electron integrals)
  Trygve Helgaker,          University of Oslo,           Norway      (DALTON; ABACUS, ERI, DFT modules, London, and much more)
  Alf Christian Hennum,     University of Oslo,           Norway      (Parity violation)
  Hinne Hettema,            University of Auckland,       New Zealand (quadratic response in RESPONS; SIRIUS supersymmetry)
  Eirik Hjertenaes,         NTNU,                         Norway      (Cholesky decomposition)
  Maria Francesca Iozzi,    University of Oslo,           Norway      (RPA)
  Brano Jansik              Technical Univ. of Ostrava    Czech Rep.  (DFT cubic response)
  Hans Joergen Aa. Jensen,  Univ. of Southern Denmark,    Denmark     (DALTON; SIRIUS, RESPONS, ABACUS modules, London, and much more)
  Dan Jonsson,              UiT The Arctic U. of Norway,  Norway      (cubic response in RESPONS module)
  Poul Joergensen,          Aarhus University,            Denmark     (RESPONS, ABACUS, and CC modules)
  Maciej Kaminski,          University of Warsaw,         Poland      (CPPh in RESPONS)
  Joanna Kauczor,           Linkoeping University,        Sweden      (Complex polarization propagator (CPP) module)
  Sheela Kirpekar,          Univ. of Southern Denmark,    Denmark     (Mass-velocity & Darwin integrals)
  Wim Klopper,              KIT Karlsruhe,                Germany     (R12 code in CC, SIRIUS, and ABACUS modules)
  Stefan Knecht,            ETH Zurich,                   Switzerland (Parallel CI and MCSCF)
  Rika Kobayashi,           Australian National Univ.,    Australia   (DIIS in CC, London in MCSCF)
  Henrik Koch,              NTNU,                         Norway      (CC module, Cholesky decomposition)
  Jacob Kongsted,           Univ. of Southern Denmark,    Denmark     (Polarizable embedding model, QM/MM)
  Andrea Ligabue,           University of Modena,         Italy       (CTOCD, AOSOPPA)
  Nanna H. List             Univ. of Southern Denmark,    Denmark     (Polarizable embedding model)
  Ola B. Lutnaes,           University of Oslo,           Norway      (DFT Hessian)
  Juan I. Melo,             University of Buenos Aires,   Argentina   (LRESC, Relativistic Effects on NMR Shieldings)
  Kurt V. Mikkelsen,        University of Copenhagen,     Denmark     (MC-SCRF and QM/MM)
  Rolf H. Myhre,            NTNU,                         Norway      (Cholesky, subsystems and ECC2)
  Christian Neiss,          Univ. Erlangen-Nuernberg,     Germany     (CCSD(R12))
  Christian B. Nielsen,     University of Copenhagen,     Denmark     (QM/MM)
  Patrick Norman,           Linkoeping University,        Sweden      (Cubic response and complex response in RESPONS)
  Jeppe Olsen,              Aarhus University,            Denmark     (SIRIUS CI/density modules)
  Jogvan Magnus H. Olsen,   Univ. of Southern Denmark,    Denmark     (Polarizable embedding model, QM/MM)
  Anders Osted,             Copenhagen University,        Denmark     (QM/MM)
  Martin J. Packer,         University of Sheffield,      UK          (SOPPA)
  Filip Pawlowski,          Kazimierz Wielki University,  Poland      (CC3)
  Morten N. Pedersen,       Univ. of Southern Denmark,    Denmark     (Polarizable embedding model)
  Thomas B. Pedersen,       University of Oslo,           Norway      (Cholesky decomposition)
  Patricio F. Provasi,      University of Northeastern,   Argentina   (Analysis of coupling constants in localized orbitals)
  Zilvinas Rinkevicius,     KTH Stockholm,                Sweden      (open-shell DFT, ESR)
  Elias Rudberg,            KTH Stockholm,                Sweden      (DFT grid and basis info)
  Torgeir A. Ruden,         University of Oslo,           Norway      (Numerical derivatives in ABACUS)
  Kenneth Ruud,             UiT The Arctic U. of Norway,  Norway      (DALTON; ABACUS magnetic properties and much more)
  Pawel Salek,              KTH Stockholm,                Sweden      (DALTON; DFT code)
  Claire C. M. Samson       University of Karlsruhe       Germany     (Boys localization, r12 integrals in ERI)
  Alfredo Sanchez de Meras, University of Valencia,       Spain       (CC module, Cholesky decomposition)
  Trond Saue,               Paul Sabatier University,     France      (direct Fock matrix construction)
  Stephan P. A. Sauer,      University of Copenhagen,     Denmark     (SOPPA(CCSD), SOPPA prop., AOSOPPA, vibrational g-factors)
  Bernd Schimmelpfennig,    Forschungszentrum Karlsruhe,  Germany     (AMFI module)
  Kristian Sneskov,         Aarhus University,            Denmark     (Polarizable embedding model, QM/MM)
  Arnfinn H. Steindal,      UiT The Arctic U. of Norway,  Norway      (parallel QM/MM, Polarizable embedding model)
  Casper Steinmann,         Univ. of Southern Denmark,    Denmark     (QFIT, Polarizable embedding model)
  K. O. Sylvester-Hvid,     University of Copenhagen,     Denmark     (MC-SCRF)
  Peter R. Taylor,          VLSCI/Univ. of Melbourne,     Australia   (Symmetry handling ABACUS, integral transformation)
  Andrew M. Teale,          University of Nottingham,     England     (DFT-AC, DFT-D)
  David P. Tew,             University of Bristol,        England     (CCSD(R12))
  Olav Vahtras,             KTH Stockholm,                Sweden      (triplet response, spin-orbit, ESR, TDDFT, open-shell DFT)
  David J. Wilson,          La Trobe University,          Australia   (DFT Hessian and DFT magnetizabilities)
  Hans Agren,               KTH Stockholm,                Sweden      (SIRIUS module, RESPONS, MC-SCRF solvation model)
 --------------------------------------------------------------------------------

     Date and time (Linux)  : Tue Dec  2 11:23:40 2014
     Host name              : spongebob                               

 * Work memory size             :    64000000 =  488.28 megabytes.

 * Directories for basis set searches:
   1) /home/roberto/Workspace/dalton/DALTON/test/extpcm
   2) /home/roberto/Workspace/dalton/build/basis


Compilation information
-----------------------

 Who compiled             | roberto
 Host                     | spongebob
 System                   | Linux-3.13.0-40-generic
 CMake generator          | Unix Makefiles
 Processor                | x86_64
 64-bit integers          | OFF
 MPI                      | OFF
 Fortran compiler         | /usr/bin/gfortran
 Fortran compiler version | GNU Fortran (Ubuntu 4.8.2-19ubuntu1) 4.8.2
 C compiler               | /usr/bin/gcc
 C compiler version       | gcc (Ubuntu 4.8.2-19ubuntu1) 4.8.2
 C++ compiler             | /usr/bin/g++
 C++ compiler version     | g++ (Ubuntu 4.8.2-19ubuntu1) 4.8.2
 BLAS                     | /usr/lib/atlas-base/libf77blas.so;/usr/lib/atlas-b
                          | ase/libcblas.so;/usr/lib/atlas-base/libatlas.so
 LAPACK                   | /usr/lib/atlas-base/libatlas.so;/usr/lib/atlas-bas
                          | e/atlas/liblapack.so
 Static linking           | OFF
 Last Git revision        | e580596fcf095ceccfdb878b9a6b601d02fa4da4
 Git branch               | pcm
 Configuration time       | 2014-12-02 10:38:55.972731


   Content of the .dal input file
 ----------------------------------

**DALTON INPUT                                    
.RUN WAVE                                         
.EXTPCM                                           
*EXTPCM                                           
.OLDINT                                           
.SEPARATE                                         
**WAVE FUNCTIONS                                  
.HF
**END OF DALTON INPUT                             


   Content of the .mol file
 ----------------------------

BASIS                                                                          
3-21G                                                                          
Water R(OH) = 0.95Aa , <HOH = 109 deg.                                         
Distance in Aangstroms                                                         
Atomtypes=2 Nosymmetry                                                         
Charge=8.0 Atoms=1                                                             
O      0.00000   0.00000   0.00000                                             
Charge=1.0 Atoms=2                                                             
H1     0.55168   0.77340   0.00000                                             
H2     0.55168  -0.77340   0.00000                                             


       *******************************************************************
       *********** Output from DALTON general input processing ***********
       *******************************************************************

 --------------------------------------------------------------------------------
   Overall default print level:    0
   Print level for DALTON.STAT:    1

    HERMIT 1- and 2-electron integral sections will be executed
    "Old" integral transformation used (limited to max 255 basis functions)
    Wave function sections will be executed (SIRIUS module)
 --------------------------------------------------------------------------------
  ===== Polarizable Continuum Model calculation set-up =====
 * Polarizable Continuum Model using PCMSolver external module:
   1: Converged potentials and charges at tesserae representative points written on file.
   2: Use point-by-point charge-attraction integrals evaluation subroutines.
   3: Separate potentials and apparent charges in nuclear and electronic.
   4: Do not print potentials and charges.


 * PCMSolver, an API for the Polarizable Continuum Model electrostatic problem. Version 1.0.0
   Main authors: R. Di Remigio, L. Frediani, K. Mozgawa
    With contributions from:
     R. Bast            (CMake framework)
     U. Ekstroem        (automatic differentiation library)
     H. Harbrecht       (wavelet cavity and solvers libraries)
     J. Juselius        (input parsing library and CMake framework)
     C. S. Pomelli      (TsLess cavity library)
     M. Randrianarivony (wavelet cavity library)
     V. Weijo           (wavelet libraries and cavity visualization scripts)
   Theory: - J. Tomasi, B. Mennucci and R. Cammi:
            "Quantum Mechanical Continuum Solvation Models", Chem. Rev., 105 (2005) 2999
   PCMSolver is distributed under the terms of the GNU Lesser General Public License.



   ****************************************************************************
   *************** Output of molecule and basis set information ***************
   ****************************************************************************


    The two title cards from your ".mol" input:
    ------------------------------------------------------------------------
 1: Water R(OH) = 0.95Aa , <HOH = 109 deg.                                  
 2: Distance in Aangstroms                                                  
    ------------------------------------------------------------------------

  Atomic type no.    1
  --------------------
  Nuclear charge:   8.00000
  Number of symmetry independent centers:    1
  Number of basis sets to read;    2
  Basis set file used for this atomic type with Z =   8 :
     "/home/roberto/Workspace/dalton/build/basis/3-21G"

  Info about the basis set file: your basis has no documentation.
  Basis set: 3-21G                                                                           

  Atomic type no.    2
  --------------------
  Nuclear charge:   1.00000
  Number of symmetry independent centers:    2
  Number of basis sets to read;    2
  Basis set file used for this atomic type with Z =   1 :
     "/home/roberto/Workspace/dalton/build/basis/3-21G"

  Info about the basis set file: your basis has no documentation.
  Basis set: 3-21G                                                                           


                         SYMGRP: Point group information
                         -------------------------------

@    Point group: C1 


                                 Isotopic Masses
                                 ---------------

                           O          15.994915
                           H1          1.007825
                           H2          1.007825

                       Total mass:    18.010565 amu
                       Natural abundance:  99.730 %

 Center-of-mass coordinates (a.u.):    0.061741    0.000000    0.000000


  Atoms and basis sets
  --------------------

  Number of atom types :    2
  Total number of atoms:    3

  Basis set used is "3-21G" from the basis set library.

  label    atoms   charge   prim   cont     basis
  ----------------------------------------------------------------------
  O           1    8.0000    15     9      [6s3p|3s2p]                                        
  H2          2    1.0000     3     2      [3s|2s]                                            
  ----------------------------------------------------------------------
  total:      3   10.0000    21    13
  ----------------------------------------------------------------------

  Threshold for neglecting AO integrals:  1.00D-12


  Cartesian Coordinates (a.u.)
  ----------------------------

  Total number of coordinates:    9
  O       :     1  x   0.0000000000    2  y   0.0000000000    3  z   0.0000000000
  H1      :     4  x   0.5516800000    5  y   0.7734000000    6  z   0.0000000000
  H2      :     7  x   0.5516800000    8  y  -0.7734000000    9  z   0.0000000000


   Interatomic separations (in Angstrom):
   --------------------------------------

            O           H1          H2    
            ------      ------      ------
 O     :    0.000000
 H1    :    0.502718    0.000000
 H2    :    0.502718    0.818531    0.000000


  Max    interatomic separation is    0.8185 Angstrom (    1.5468 Bohr)
  between atoms    3 and    2, "H2    " and "H1    ".

  Min HX interatomic separation is    0.5027 Angstrom (    0.9500 Bohr)

@ WARNING: Number of short HX and YX bond lengths:    2    0
@ WARNING: If not intentional, maybe your coordinates were in Angstrom,
@ WARNING: but "Angstrom" was not specified in .mol file


  Bond distances (Angstrom):
  --------------------------

                  atom 1     atom 2       distance
                  ------     ------       --------
  bond distance:  H1         O            0.502718
  bond distance:  H2         O            0.502718
  bond distance:  H2         H1           0.818531


  Bond angles (degrees):
  ----------------------

                  atom 1     atom 2     atom 3         angle
                  ------     ------     ------         -----
  bond angle:     H1         O          H2           108.998
  bond angle:     O          H1         H2            35.501
  bond angle:     O          H2         H1            35.501




 Principal moments of inertia (u*A**2) and principal axes
 --------------------------------------------------------

   IA       0.152562          0.000000    1.000000    0.000000
   IB       0.337618          1.000000    0.000000    0.000000
   IC       0.490180          0.000000    0.000000    1.000000


 Rotational constants
 --------------------

@    The molecule is planar.

               A                   B                   C

        3312613.2088        1496895.4656        1031006.7051 MHz
          110.496883           49.931058           34.390682 cm-1


@  Nuclear repulsion energy :   17.488616348415 Hartree


~~~~~~~~~~ PCMSolver ~~~~~~~~~~
Using CODATA 2010 set of constants.
Input parsing done API-side
========== Cavity 
Cavity type: GePol
Average area = 1.07132 AU^2
Probe radius = 2.61727 AU
Number of spheres = 3 [initial = 3; added = 0]
Number of finite elements = 164
========== Solver 
Solver Type: IEFPCM, isotropic
PCM matrix hermitivitized
============ Medium 
Medium initialized from solvent built-in data.
Solvent name:          Water
Static  permittivity = 78.39
Optical permittivity = 1.776
Solvent radius =       1.385
.... Inside 
Green's function type: vacuum
.... Outside 
Green's function type: uniform dielectric
Permittivity = 78.39


 PCMSolver interface correctly initialized


                     .---------------------------------------.
                     | Starting in Integral Section (HERMIT) |
                     `---------------------------------------'



 ***************************************************************************************
 ****************** Output from **INTEGRALS input processing (HERMIT) ******************
 ***************************************************************************************


 - Using defaults, no **INTEGRALS input found

 Default print level:        1

 * Nuclear model: Point charge

 Calculation of one- and two-electron Hamiltonian integrals.

 Center of mass  (bohr):      0.061741194238      0.000000000000      0.000000000000
 Operator center (bohr):      0.000000000000      0.000000000000      0.000000000000
 Gauge origin    (bohr):      0.000000000000      0.000000000000      0.000000000000
 Dipole origin   (bohr):      0.000000000000      0.000000000000      0.000000000000


     ************************************************************************
     ************************** Output from HERINT **************************
     ************************************************************************


 Threshold for neglecting two-electron integrals:  1.00D-12
 HERMIT - Number of two-electron integrals written:        2260 ( 54.0% )
 HERMIT - Megabytes written:                              0.027

 >>>> Total CPU  time used in HERMIT:   0.02 seconds
 >>>> Total wall time used in HERMIT:   0.02 seconds


                        .----------------------------------.
                        | End of Integral Section (HERMIT) |
                        `----------------------------------'



                   .--------------------------------------------.
                   | Starting in Wave Function Section (SIRIUS) |
                   `--------------------------------------------'


 *** Output from Huckel module :

     Using EWMO model:          T
     Using EHT  model:          F
     Number of Huckel orbitals each symmetry:    7

 EWMO - Energy Weighted Maximum Overlap - is a Huckel type method,
        which normally is better than Extended Huckel Theory.
 Reference: Linderberg and Ohrn, Propagators in Quantum Chemistry (Wiley, 1973)

 Huckel EWMO eigenvalues for symmetry :  1
          -20.705062      -1.945824      -0.739359      -0.648877      -0.616200
           -0.087290      -0.037290

 **********************************************************************
 *SIRIUS* a direct, restricted step, second order MCSCF program       *
 **********************************************************************

 
     Date and time (Linux)  : Tue Dec  2 11:23:41 2014
     Host name              : spongebob                               

 Title lines from ".mol" input file:
     Water R(OH) = 0.95Aa , <HOH = 109 deg.                                  
     Distance in Aangstroms                                                  

 Print level on unit LUPRI =   2 is   0
 Print level on unit LUW4  =   2 is   5

@    Restricted, closed shell Hartree-Fock calculation.

 Initial molecular orbitals are obtained according to
 ".MOSTART EWMO  " input option

     Wave function specification
     ============================
@    Wave function type        >>> HF <<<
@    Number of closed shell electrons          10
@    Number of electrons in active shells       0
@    Total charge of the molecule               0

@    Spin multiplicity and 2 M_S                1         0
@    Total number of symmetries                 1 (point group: C1 )
@    Reference state symmetry                   1 (irrep name : A  )

     Orbital specifications
     ======================
     Abelian symmetry species          All |    1
                                           |  A  
                                       --- |  ---
@    Occupied SCF orbitals               5 |    5
     Secondary orbitals                  8 |    8
     Total number of orbitals           13 |   13
     Number of basis functions          13 |   13

     Optimization information
     ========================
@    Number of configurations                 1
@    Number of orbital rotations             40
     ------------------------------------------
@    Total number of variables               41

     Maximum number of Fock   iterations      0
     Maximum number of DIIS   iterations     60
     Maximum number of QC-SCF iterations     60
     Threshold for SCF convergence     1.00D-05


 ***********************************************
 ***** DIIS acceleration of SCF iterations *****
 ***********************************************

 C1-DIIS algorithm; max error vectors =    8

 Iter      Total energy       Solvation energy    Error norm    Delta(E)
 -----------------------------------------------------------------------------
     (Precalculated two-electron integrals are transformed to P-supermatrix elements.
      Threshold for discarding integrals :  1.00D-12 )
Polarization energy components
   U_ee =   -28.44673557657982 , U_en =    28.46090030065160 , U_ne =    28.46090030065160 , U_nn =   -28.48519470523508

@  1  -73.4562265615     -5.064840255848E-03    3.33890D+00   -7.35D+01
      Virial theorem: -V/T =      1.953739
@      MULPOP O      -0.49; H1      0.25; H2      0.25; 
 -----------------------------------------------------------------------------
Polarization energy components
   U_ee =   -28.46851170992061 , U_en =    28.46937785925170 , U_ne =    28.46937785925170 , U_nn =   -28.48519470523508

@  2  -74.0273125221     -7.475348326146E-03    1.02246D+00   -5.71D-01
      Virial theorem: -V/T =      1.914441
@      MULPOP O      -0.28; H1      0.14; H2      0.14; 
 -----------------------------------------------------------------------------
Polarization energy components
   U_ee =   -28.46861006695521 , U_en =    28.46873241315856 , U_ne =    28.46873241315855 , U_nn =   -28.48519470523508

@  3  -74.0657878616     -8.169972936592E-03    2.72245D-01   -3.85D-02
      Virial theorem: -V/T =      1.932380
@      MULPOP O      -0.16; H1      0.08; H2      0.08; 
 -----------------------------------------------------------------------------
Polarization energy components
   U_ee =   -28.46945403768978 , U_en =    28.46862118841893 , U_ne =    28.46862118841892 , U_nn =   -28.48519470523508

@  4  -74.0690680626     -8.703183043508E-03    3.88371D-02   -3.28D-03
      Virial theorem: -V/T =      1.928580
@      MULPOP O      -0.19; H1      0.09; H2      0.09; 
 -----------------------------------------------------------------------------
Polarization energy components
   U_ee =   -28.46963541453227 , U_en =    28.46849568932694 , U_ne =    28.46849568932694 , U_nn =   -28.48519470523508

@  5  -74.0692044288     -8.919370556734E-03    5.09699D-03   -1.36D-04
      Virial theorem: -V/T =      1.928356
@      MULPOP O      -0.19; H1      0.10; H2      0.10; 
 -----------------------------------------------------------------------------
Polarization energy components
   U_ee =   -28.46964787363491 , U_en =    28.46846777946556 , U_ne =    28.46846777946556 , U_nn =   -28.48519470523508

@  6  -74.0692076480     -8.953509969434E-03    5.18090D-04   -3.22D-06
      Virial theorem: -V/T =      1.928386
@      MULPOP O      -0.19; H1      0.10; H2      0.10; 
 -----------------------------------------------------------------------------
Polarization energy components
   U_ee =   -28.46964606341332 , U_en =    28.46846487587996 , U_ne =    28.46846487587996 , U_nn =   -28.48519470523508

@  7  -74.0692076866     -8.955508444242E-03    5.43726D-05   -3.86D-08
      Virial theorem: -V/T =      1.928388
@      MULPOP O      -0.19; H1      0.10; H2      0.10; 
 -----------------------------------------------------------------------------
Polarization energy components
   U_ee =   -28.46964564978258 , U_en =    28.46846453477922 , U_ne =    28.46846453477922 , U_nn =   -28.48519470523508

@  8  -74.0692076869     -8.955642729614E-03    2.49430D-06   -3.46D-10

@ *** DIIS converged in   8 iterations !
@     Converged SCF energy, gradient:    -74.069207686915    2.49D-06
    - total time used in SIRFCK :              0.00 seconds


 *** SCF orbital energy analysis ***

 Only the five lowest virtual orbital energies printed in each symmetry.

 Number of electrons :   10
 Orbital occupations :    5

 Sym       Hartree-Fock orbital energies

1 A     -20.39348018    -1.69657324    -1.03519195    -0.61177302    -0.54082068
          0.36741621     0.44765726     1.54165733     1.54268517     1.74495943

    E(LUMO) :     0.36741621 au (symmetry 1)
  - E(HOMO) :    -0.54082068 au (symmetry 1)
  ------------------------------------------
    gap     :     0.90823689 au

 >>> Writing SIRIFC interface file

 >>>> CPU and wall time for SCF :       1.643       1.656


                       .-----------------------------------.
                       | >>> Final results from SIRIUS <<< |
                       `-----------------------------------'


@    Spin multiplicity:           1
@    Spatial symmetry:            1 ( irrep  A   in C1  )
@    Total charge of molecule:    0

     SOLVATION MODEL: polarizable continuum model (PCM),

       Solvation energy:          -0.008955642730

@    Final HF energy:             -74.069207686915                 
@    Nuclear repulsion:            17.488616348415
@    Electronic energy:           -91.548868392600

@    Final gradient norm:           0.000002494297

 
     Date and time (Linux)  : Tue Dec  2 11:23:42 2014
     Host name              : spongebob                               

 (Only coefficients >0.0100 are printed.)

 Molecular orbitals for symmetry species 1  (A  )
 ------------------------------------------------

    Orbital         1        2        3        4        5        6        7
   1 O   :1s    -0.9826   0.2472   0.0000   0.0860  -0.0000   0.1174   0.0000
   2 O   :1s    -0.1040  -0.2314  -0.0000  -0.0748   0.0000  -0.0251  -0.0000
   3 O   :1s     0.0387  -0.3278   0.0000  -0.4263  -0.0000  -1.5597  -0.0000
   4 O   :2px   -0.0078  -0.1976   0.0000   0.4979   0.0000  -0.0585  -0.0000
   5 O   :2py   -0.0000  -0.0000   0.5121   0.0000   0.0000  -0.0000   0.1975
   6 O   :2pz    0.0000  -0.0000  -0.0000   0.0000  -0.5415   0.0000   0.0000
   7 O   :2px    0.0016  -0.0042   0.0000   0.4925   0.0000  -0.1496  -0.0000
   8 O   :2py   -0.0000  -0.0000   0.1633   0.0000   0.0000  -0.0000   0.7586
   9 O   :2pz    0.0000  -0.0000  -0.0000   0.0000  -0.6129   0.0000   0.0000
  10 H1  :1s     0.0079  -0.2889   0.3549   0.1015  -0.0000  -0.0205   0.0432
  11 H1  :1s    -0.0110  -0.0085   0.1335  -0.0341  -0.0000   1.0595  -2.3648
  12 H2  :1s     0.0079  -0.2889  -0.3549   0.1015   0.0000  -0.0205  -0.0432
  13 H2  :1s    -0.0110  -0.0085  -0.1335  -0.0341   0.0000   1.0595   2.3648



 >>>> Total CPU  time used in SIRIUS :      1.65 seconds
 >>>> Total wall time used in SIRIUS :      1.66 seconds

 
     Date and time (Linux)  : Tue Dec  2 11:23:42 2014
     Host name              : spongebob                               

 NOTE:    1 warnings have been issued.
 Check output, result, and error files for "WARNING".

Dumping surface functions to .npy files


PCMSolver interface correctly finalized



                     .---------------------------------------.
                     | End of Wave Function Section (SIRIUS) |
                     `---------------------------------------'

 >>>> Total CPU  time used in DALTON:   2.46 seconds
 >>>> Total wall time used in DALTON:   2.47 seconds

 
     Date and time (Linux)  : Tue Dec  2 11:23:42 2014
     Host name              : spongebob                               
