

     ************************************************************************
     *************** Dalton - An Electronic Structure Program ***************
     ************************************************************************

    This is output from DALTON 2014.0
   ----------------------------------------------------------------------------
    NOTE:
     
    Dalton is an experimental code for the evaluation of molecular
    properties using (MC)SCF, DFT, CI, and CC wave functions.
    The authors accept no responsibility for the performance of
    the code or for the correctness of the results.
     
    The code (in whole or part) is provided under a licence and
    is not to be reproduced for further distribution without
    the written permission of the authors or their representatives.
     
    See the home page "http://daltonprogram.org" for further information.
     
    If results obtained with this code are published,
    the appropriate citations would be both of:
     
       K. Aidas, C. Angeli, K. L. Bak, V. Bakken, R. Bast,
       L. Boman, O. Christiansen, R. Cimiraglia, S. Coriani,
       J. Cukras, P. Dahle, E. K. Dalskov, U. Ekstroem,
       T. Enevoldsen, J. J. Eriksen, P. Ettenhuber, B. Fernandez,
       L. Ferrighi, H. Fliegl, L. Frediani, K. Hald, A. Halkier,
       C. Haettig, H. Heiberg, T. Helgaker, A. C. Hennum,
       H. Hettema, E. Hjertenaes, S. Hoest, I.-M. Hoeyvik,
       M. F. Iozzi, B. Jansik, H. J. Aa. Jensen, D. Jonsson,
       P. Joergensen, M. Kaminski, J. Kauczor, S. Kirpekar,
       T. Kjaergaard, W. Klopper, S. Knecht, R. Kobayashi, H. Koch,
       J. Kongsted, A. Krapp, K. Kristensen, A. Ligabue,
       O. B. Lutnaes, J. I. Melo, K. V. Mikkelsen, R. H. Myhre,
       C. Neiss, C. B. Nielsen, P. Norman, J. Olsen,
       J. M. H. Olsen, A. Osted, M. J. Packer, F. Pawlowski,
       T. B. Pedersen, P. F. Provasi, S. Reine, Z. Rinkevicius,
       T. A. Ruden, K. Ruud, V. Rybkin, P. Salek, C. C. M. Samson,
       A. Sanchez de Meras, T. Saue, S. P. A. Sauer,
       B. Schimmelpfennig, K. Sneskov, A. H. Steindal,
       K. O. Sylvester-Hvid, P. R. Taylor, A. M. Teale,
       E. I. Tellgren, D. P. Tew, A. J. Thorvaldsen, L. Thoegersen,
       O. Vahtras, M. A. Watson, D. J. D. Wilson, M. Ziolkowski
       and H. Agren,
       "The Dalton quantum chemistry program system",
       WIREs Comput. Mol. Sci. 2013. (doi: 10.1002/wcms.1172)
    
    and
    
       Dalton, a Molecular Electronic Structure Program,
       Release DALTON2014.0 (2014), see http://daltonprogram.org
   ----------------------------------------------------------------------------

    Authors in alphabetical order (major contribution(s) in parenthesis):

  Kestutis Aidas,           Vilnius University,           Lithuania   (QM/MM)
  Celestino Angeli,         University of Ferrara,        Italy       (NEVPT2)
  Keld L. Bak,              UNI-C,                        Denmark     (AOSOPPA, non-adiabatic coupling, magnetic properties)
  Vebjoern Bakken,          University of Oslo,           Norway      (DALTON; geometry optimizer, symmetry detection)
  Radovan Bast,             KTH Stockholm,                Sweden      (DALTON installation and execution frameworks)
  Pablo Baudin,             University of Valencia,       Spain       (Cholesky excitation energies)
  Linus Boman,              NTNU,                         Norway      (Cholesky decomposition and subsystems)
  Ove Christiansen,         Aarhus University,            Denmark     (CC module)
  Renzo Cimiraglia,         University of Ferrara,        Italy       (NEVPT2)
  Sonia Coriani,            University of Trieste,        Italy       (CC module, MCD in RESPONS)
  Janusz Cukras,            University of Trieste,        Italy       (MChD in RESPONS)
  Paal Dahle,               University of Oslo,           Norway      (Parallelization)
  Erik K. Dalskov,          UNI-C,                        Denmark     (SOPPA)
  Thomas Enevoldsen,        Univ. of Southern Denmark,    Denmark     (SOPPA)
  Janus J. Eriksen,         Aarhus University,            Denmark     (Polarizable embedding model, TDA)
  Berta Fernandez,          U. of Santiago de Compostela, Spain       (doublet spin, ESR in RESPONS)
  Lara Ferrighi,            Aarhus University,            Denmark     (PCM Cubic response)
  Heike Fliegl,             University of Oslo,           Norway      (CCSD(R12))
  Luca Frediani,            UiT The Arctic U. of Norway,  Norway      (PCM)
  Bin Gao,                  UiT The Arctic U. of Norway,  Norway      (Gen1Int library)
  Christof Haettig,         Ruhr-University Bochum,       Germany     (CC module)
  Kasper Hald,              Aarhus University,            Denmark     (CC module)
  Asger Halkier,            Aarhus University,            Denmark     (CC module)
  Erik D. Hedegaard,        Univ. of Southern Denmark,    Denmark     (Polarizable embedding model, QM/MM)
  Hanne Heiberg,            University of Oslo,           Norway      (geometry analysis, selected one-electron integrals)
  Trygve Helgaker,          University of Oslo,           Norway      (DALTON; ABACUS, ERI, DFT modules, London, and much more)
  Alf Christian Hennum,     University of Oslo,           Norway      (Parity violation)
  Hinne Hettema,            University of Auckland,       New Zealand (quadratic response in RESPONS; SIRIUS supersymmetry)
  Eirik Hjertenaes,         NTNU,                         Norway      (Cholesky decomposition)
  Maria Francesca Iozzi,    University of Oslo,           Norway      (RPA)
  Brano Jansik              Technical Univ. of Ostrava    Czech Rep.  (DFT cubic response)
  Hans Joergen Aa. Jensen,  Univ. of Southern Denmark,    Denmark     (DALTON; SIRIUS, RESPONS, ABACUS modules, London, and much more)
  Dan Jonsson,              UiT The Arctic U. of Norway,  Norway      (cubic response in RESPONS module)
  Poul Joergensen,          Aarhus University,            Denmark     (RESPONS, ABACUS, and CC modules)
  Maciej Kaminski,          University of Warsaw,         Poland      (CPPh in RESPONS)
  Joanna Kauczor,           Linkoeping University,        Sweden      (Complex polarization propagator (CPP) module)
  Sheela Kirpekar,          Univ. of Southern Denmark,    Denmark     (Mass-velocity & Darwin integrals)
  Wim Klopper,              KIT Karlsruhe,                Germany     (R12 code in CC, SIRIUS, and ABACUS modules)
  Stefan Knecht,            ETH Zurich,                   Switzerland (Parallel CI and MCSCF)
  Rika Kobayashi,           Australian National Univ.,    Australia   (DIIS in CC, London in MCSCF)
  Henrik Koch,              NTNU,                         Norway      (CC module, Cholesky decomposition)
  Jacob Kongsted,           Univ. of Southern Denmark,    Denmark     (Polarizable embedding model, QM/MM)
  Andrea Ligabue,           University of Modena,         Italy       (CTOCD, AOSOPPA)
  Nanna H. List             Univ. of Southern Denmark,    Denmark     (Polarizable embedding model)
  Ola B. Lutnaes,           University of Oslo,           Norway      (DFT Hessian)
  Juan I. Melo,             University of Buenos Aires,   Argentina   (LRESC, Relativistic Effects on NMR Shieldings)
  Kurt V. Mikkelsen,        University of Copenhagen,     Denmark     (MC-SCRF and QM/MM)
  Rolf H. Myhre,            NTNU,                         Norway      (Cholesky, subsystems and ECC2)
  Christian Neiss,          Univ. Erlangen-Nuernberg,     Germany     (CCSD(R12))
  Christian B. Nielsen,     University of Copenhagen,     Denmark     (QM/MM)
  Patrick Norman,           Linkoeping University,        Sweden      (Cubic response and complex response in RESPONS)
  Jeppe Olsen,              Aarhus University,            Denmark     (SIRIUS CI/density modules)
  Jogvan Magnus H. Olsen,   Univ. of Southern Denmark,    Denmark     (Polarizable embedding model, QM/MM)
  Anders Osted,             Copenhagen University,        Denmark     (QM/MM)
  Martin J. Packer,         University of Sheffield,      UK          (SOPPA)
  Filip Pawlowski,          Kazimierz Wielki University,  Poland      (CC3)
  Morten N. Pedersen,       Univ. of Southern Denmark,    Denmark     (Polarizable embedding model)
  Thomas B. Pedersen,       University of Oslo,           Norway      (Cholesky decomposition)
  Patricio F. Provasi,      University of Northeastern,   Argentina   (Analysis of coupling constants in localized orbitals)
  Zilvinas Rinkevicius,     KTH Stockholm,                Sweden      (open-shell DFT, ESR)
  Elias Rudberg,            KTH Stockholm,                Sweden      (DFT grid and basis info)
  Torgeir A. Ruden,         University of Oslo,           Norway      (Numerical derivatives in ABACUS)
  Kenneth Ruud,             UiT The Arctic U. of Norway,  Norway      (DALTON; ABACUS magnetic properties and much more)
  Pawel Salek,              KTH Stockholm,                Sweden      (DALTON; DFT code)
  Claire C. M. Samson       University of Karlsruhe       Germany     (Boys localization, r12 integrals in ERI)
  Alfredo Sanchez de Meras, University of Valencia,       Spain       (CC module, Cholesky decomposition)
  Trond Saue,               Paul Sabatier University,     France      (direct Fock matrix construction)
  Stephan P. A. Sauer,      University of Copenhagen,     Denmark     (SOPPA(CCSD), SOPPA prop., AOSOPPA, vibrational g-factors)
  Bernd Schimmelpfennig,    Forschungszentrum Karlsruhe,  Germany     (AMFI module)
  Kristian Sneskov,         Aarhus University,            Denmark     (Polarizable embedding model, QM/MM)
  Arnfinn H. Steindal,      UiT The Arctic U. of Norway,  Norway      (parallel QM/MM, Polarizable embedding model)
  Casper Steinmann,         Univ. of Southern Denmark,    Denmark     (QFIT, Polarizable embedding model)
  K. O. Sylvester-Hvid,     University of Copenhagen,     Denmark     (MC-SCRF)
  Peter R. Taylor,          VLSCI/Univ. of Melbourne,     Australia   (Symmetry handling ABACUS, integral transformation)
  Andrew M. Teale,          University of Nottingham,     England     (DFT-AC, DFT-D)
  David P. Tew,             University of Bristol,        England     (CCSD(R12))
  Olav Vahtras,             KTH Stockholm,                Sweden      (triplet response, spin-orbit, ESR, TDDFT, open-shell DFT)
  David J. Wilson,          La Trobe University,          Australia   (DFT Hessian and DFT magnetizabilities)
  Hans Agren,               KTH Stockholm,                Sweden      (SIRIUS module, RESPONS, MC-SCRF solvation model)
 --------------------------------------------------------------------------------

     Date and time (Linux)  : Tue Dec  2 11:22:22 2014
     Host name              : spongebob                               

 * Work memory size             :    64000000 =  488.28 megabytes.

 * Directories for basis set searches:
   1) /home/roberto/Workspace/dalton/DALTON/test/extpcm
   2) /home/roberto/Workspace/dalton/build/basis


Compilation information
-----------------------

 Who compiled             | roberto
 Host                     | spongebob
 System                   | Linux-3.13.0-40-generic
 CMake generator          | Unix Makefiles
 Processor                | x86_64
 64-bit integers          | OFF
 MPI                      | OFF
 Fortran compiler         | /usr/bin/gfortran
 Fortran compiler version | GNU Fortran (Ubuntu 4.8.2-19ubuntu1) 4.8.2
 C compiler               | /usr/bin/gcc
 C compiler version       | gcc (Ubuntu 4.8.2-19ubuntu1) 4.8.2
 C++ compiler             | /usr/bin/g++
 C++ compiler version     | g++ (Ubuntu 4.8.2-19ubuntu1) 4.8.2
 BLAS                     | /usr/lib/atlas-base/libf77blas.so;/usr/lib/atlas-b
                          | ase/libcblas.so;/usr/lib/atlas-base/libatlas.so
 LAPACK                   | /usr/lib/atlas-base/libatlas.so;/usr/lib/atlas-bas
                          | e/atlas/liblapack.so
 Static linking           | OFF
 Last Git revision        | e580596fcf095ceccfdb878b9a6b601d02fa4da4
 Git branch               | pcm
 Configuration time       | 2014-12-02 10:38:55.972731


   Content of the .dal input file
 ----------------------------------

**DALTON INPUT                                    
.RUN WAVE                                         
.EXTPCM                                           
*EXTPCM                                           
.OLDINT                                           
**WAVE FUNCTIONS                                  
.HF
**END OF DALTON INPUT                             


   Content of the .mol file
 ----------------------------

BASIS                                                                          
3-21G                                                                          
Water R(OH) = 0.95Aa , <HOH = 109 deg.                                         
Symmetry is automatically detected Distance in Aangstroms                      
Atomtypes=2                                                                    
Charge=8.0 Atoms=1                                                             
O      0.00000   0.00000   0.00000                                             
Charge=1.0 Atoms=2                                                             
H_a    0.55168   0.77340   0.00000                                             
H_b    0.55168  -0.77340   0.00000                                             


       *******************************************************************
       *********** Output from DALTON general input processing ***********
       *******************************************************************

 --------------------------------------------------------------------------------
   Overall default print level:    0
   Print level for DALTON.STAT:    1

    HERMIT 1- and 2-electron integral sections will be executed
    "Old" integral transformation used (limited to max 255 basis functions)
    Wave function sections will be executed (SIRIUS module)
 --------------------------------------------------------------------------------
  ===== Polarizable Continuum Model calculation set-up =====
 * Polarizable Continuum Model using PCMSolver external module:
   1: Converged potentials and charges at tesserae representative points written on file.
   2: Use point-by-point charge-attraction integrals evaluation subroutines.
   3: Use total potentials and apparent charges.
   4: Do not print potentials and charges.


 * PCMSolver, an API for the Polarizable Continuum Model electrostatic problem. Version 1.0.0
   Main authors: R. Di Remigio, L. Frediani, K. Mozgawa
    With contributions from:
     R. Bast            (CMake framework)
     U. Ekstroem        (automatic differentiation library)
     H. Harbrecht       (wavelet cavity and solvers libraries)
     J. Juselius        (input parsing library and CMake framework)
     C. S. Pomelli      (TsLess cavity library)
     M. Randrianarivony (wavelet cavity library)
     V. Weijo           (wavelet libraries and cavity visualization scripts)
   Theory: - J. Tomasi, B. Mennucci and R. Cammi:
            "Quantum Mechanical Continuum Solvation Models", Chem. Rev., 105 (2005) 2999
   PCMSolver is distributed under the terms of the GNU Lesser General Public License.



   ****************************************************************************
   *************** Output of molecule and basis set information ***************
   ****************************************************************************


    The two title cards from your ".mol" input:
    ------------------------------------------------------------------------
 1: Water R(OH) = 0.95Aa , <HOH = 109 deg.                                  
 2: Symmetry is automatically detected Distance in Aangstroms               
    ------------------------------------------------------------------------

  Atomic type no.    1
  --------------------
  Nuclear charge:   8.00000
  Number of symmetry independent centers:    1
  Number of basis sets to read;    2
  Basis set file used for this atomic type with Z =   8 :
     "/home/roberto/Workspace/dalton/build/basis/3-21G"

  Info about the basis set file: your basis has no documentation.
  Basis set: 3-21G                                                                           

  Atomic type no.    2
  --------------------
  Nuclear charge:   1.00000
  Number of symmetry independent centers:    2
  Number of basis sets to read;    2
  Basis set file used for this atomic type with Z =   1 :
     "/home/roberto/Workspace/dalton/build/basis/3-21G"

  Info about the basis set file: your basis has no documentation.
  Basis set: 3-21G                                                                           


                      SYMADD: Requested addition of symmetry
                      --------------------------------------

 Symmetry test threshold:  5.00E-06

@   The molecule is centered at center of mass and rotated
@   so principal axes of inertia are along coordinate axes.

 Symmetry class found: C(2v)          

 Symmetry Independent Centres             
 ----------------------------
       8 :      0.00000000     0.00000000    -0.06174119  Isotope  1
       1 :      0.00000000     0.77340000     0.48993881  Isotope  1

 The following elements were found:   X  Y     


                         SYMGRP: Point group information
                         -------------------------------

@    Full point group is: C(2v)          
@    Represented as:      C2v

@  * The irrep name for each symmetry:    1: A1     2: B1     3: B2     4: A2 

   * The point group was generated by:

      Reflection in the yz-plane
      Reflection in the xz-plane

   * Group multiplication table

        |  E   C2z  Oxz  Oyz
   -----+--------------------
     E  |  E   C2z  Oxz  Oyz
    C2z | C2z   E   Oyz  Oxz
    Oxz | Oxz  Oyz   E   C2z
    Oyz | Oyz  Oxz  C2z   E 

   * Character table

        |  E   C2z  Oxz  Oyz
   -----+--------------------
    A1  |   1    1    1    1
    B1  |   1   -1    1   -1
    B2  |   1   -1   -1    1
    A2  |   1    1   -1   -1

   * Direct product table

        | A1   B1   B2   A2 
   -----+--------------------
    A1  | A1   B1   B2   A2 
    B1  | B1   A1   A2   B2 
    B2  | B2   A2   A1   B1 
    A2  | A2   B2   B1   A1 


                                 Isotopic Masses
                                 ---------------

                           O          15.994915
                           H_b _1      1.007825
                           H_b _2      1.007825

                       Total mass:    18.010565 amu
                       Natural abundance:  99.730 %

 Center-of-mass coordinates (a.u.):    0.000000    0.000000    0.000000


  Atoms and basis sets
  --------------------

  Number of atom types :    2
  Total number of atoms:    3

  Basis set used is "3-21G" from the basis set library.

  label    atoms   charge   prim   cont     basis
  ----------------------------------------------------------------------
  O           1    8.0000    15     9      [6s3p|3s2p]                                        
  H_          2    1.0000     3     2      [3s|2s]                                            
  ----------------------------------------------------------------------
  total:      3   10.0000    21    13
  ----------------------------------------------------------------------

  Threshold for neglecting AO integrals:  1.00D-12


  Cartesian Coordinates (a.u.)
  ----------------------------

  Total number of coordinates:    9
  O       :     1  x   0.0000000000    2  y   0.0000000000    3  z  -0.0617411942
  H_b / 1 :     4  x   0.0000000000    5  y   0.7734000000    6  z   0.4899388058
  H_b / 2 :     7  x   0.0000000000    8  y  -0.7734000000    9  z   0.4899388058


  Symmetry Coordinates
  --------------------

  Number of coordinates in each symmetry:     3    2    3    1

  Symmetry  A1  ( 1)

    1   O     z    3
    2   H_b   y    [  5  -    8 ]/2
    3   H_b   z    [  6  +    9 ]/2

  Symmetry  B1  ( 2)

    4   O     x    1
    5   H_b   x    [  4  +    7 ]/2

  Symmetry  B2  ( 3)

    6   O     y    2
    7   H_b   y    [  5  +    8 ]/2
    8   H_b   z    [  6  -    9 ]/2

  Symmetry  A2  ( 4)

    9   H_b   x    [  4  -    7 ]/2


   Interatomic separations (in Angstrom):
   --------------------------------------

            O           H_b _1      H_b _2
            ------      ------      ------
 O     :    0.000000
 H_b _1:    0.502718    0.000000
 H_b _2:    0.502718    0.818531    0.000000


  Max    interatomic separation is    0.8185 Angstrom (    1.5468 Bohr)
  between atoms    3 and    2, "H_b _2" and "H_b _1".

  Min HX interatomic separation is    0.5027 Angstrom (    0.9500 Bohr)

@ WARNING: Number of short HX and YX bond lengths:    2    0
@ WARNING: If not intentional, maybe your coordinates were in Angstrom,
@ WARNING: but "Angstrom" was not specified in .mol file


  Bond distances (Angstrom):
  --------------------------

                  atom 1     atom 2       distance
                  ------     ------       --------
  bond distance:  H_b _1     O            0.502718
  bond distance:  H_b _2     O            0.502718
  bond distance:  H_b _2     H_b _1       0.818531


  Bond angles (degrees):
  ----------------------

                  atom 1     atom 2     atom 3         angle
                  ------     ------     ------         -----
  bond angle:     H_b _1     O          H_b _2       108.998
  bond angle:     O          H_b _1     H_b _2        35.501
  bond angle:     O          H_b _2     H_b _1        35.501




 Principal moments of inertia (u*A**2) and principal axes
 --------------------------------------------------------

   IA       0.152562          0.000000    1.000000    0.000000
   IB       0.337618          0.000000    0.000000    1.000000
   IC       0.490180          1.000000    0.000000    0.000000


 Rotational constants
 --------------------

@    The molecule is planar.

               A                   B                   C

        3312613.2088        1496895.4656        1031006.7051 MHz
          110.496883           49.931058           34.390682 cm-1


@  Nuclear repulsion energy :   17.488616348415 Hartree


~~~~~~~~~~ PCMSolver ~~~~~~~~~~
Using CODATA 2010 set of constants.
Input parsing done API-side
========== Cavity 
Cavity type: GePol
Average area = 1.07132 AU^2
Probe radius = 2.61727 AU
Number of spheres = 3 [initial = 3; added = 0]
Number of finite elements = 164
Number of irreducible finite elements = 41
========== Solver 
Solver Type: IEFPCM, isotropic
PCM matrix hermitivitized
============ Medium 
Medium initialized from solvent built-in data.
Solvent name:          Water
Static  permittivity = 78.39
Optical permittivity = 1.776
Solvent radius =       1.385
.... Inside 
Green's function type: vacuum
.... Outside 
Green's function type: uniform dielectric
Permittivity = 78.39


 PCMSolver interface correctly initialized


  Symmetry Orbitals
  -----------------

  Number of orbitals in each symmetry:           7    2    4    0


  Symmetry  A1 ( 1)

    1     O        1s         1
    2     O        1s         2
    3     O        1s         3
    4     O        2pz        6
    5     O        2pz        9
    6     H_b      1s        10 +   11
    7     H_b      1s        12 +   13


  Symmetry  B1 ( 2)

    8     O        2px        4
    9     O        2px        7


  Symmetry  B2 ( 3)

   10     O        2py        5
   11     O        2py        8
   12     H_b      1s        10 -   11
   13     H_b      1s        12 -   13


  No orbitals in symmetry  A2 ( 4)

  Symmetries of electric field:  B1 (2)  B2 (3)  A1 (1)

  Symmetries of magnetic field:  B2 (3)  B1 (2)  A2 (4)


                     .---------------------------------------.
                     | Starting in Integral Section (HERMIT) |
                     `---------------------------------------'



 ***************************************************************************************
 ****************** Output from **INTEGRALS input processing (HERMIT) ******************
 ***************************************************************************************


 - Using defaults, no **INTEGRALS input found

 Default print level:        1

 * Nuclear model: Point charge

 Calculation of one- and two-electron Hamiltonian integrals.

 Center of mass  (bohr):      0.000000000000      0.000000000000      0.000000000000
 Operator center (bohr):      0.000000000000      0.000000000000      0.000000000000
 Gauge origin    (bohr):      0.000000000000      0.000000000000      0.000000000000
 Dipole origin   (bohr):      0.000000000000      0.000000000000      0.000000000000


     ************************************************************************
     ************************** Output from HERINT **************************
     ************************************************************************


 Threshold for neglecting two-electron integrals:  1.00D-12
 HERMIT - Number of two-electron integrals written:        1270 ( 30.3% )
 HERMIT - Megabytes written:                              0.021

 >>>> Total CPU  time used in HERMIT:   0.01 seconds
 >>>> Total wall time used in HERMIT:   0.01 seconds


                        .----------------------------------.
                        | End of Integral Section (HERMIT) |
                        `----------------------------------'



                   .--------------------------------------------.
                   | Starting in Wave Function Section (SIRIUS) |
                   `--------------------------------------------'


 *** Output from Huckel module :

     Using EWMO model:          F
     Using EHT  model:          T
     Number of Huckel orbitals each symmetry:    4    1    2    0

 Huckel EHT eigenvalues for symmetry :  1
          -20.826698      -1.727824      -0.639212      -0.108429

 Huckel EHT eigenvalues for symmetry :  2
           -0.616200

 Huckel EHT eigenvalues for symmetry :  3
           -0.704501      -0.157036

 **********************************************************************
 *SIRIUS* a direct, restricted step, second order MCSCF program       *
 **********************************************************************

 
     Date and time (Linux)  : Tue Dec  2 11:22:22 2014
     Host name              : spongebob                               

 Title lines from ".mol" input file:
     Water R(OH) = 0.95Aa , <HOH = 109 deg.                                  
     Symmetry is automatically detected Distance in Aangstroms               

 Print level on unit LUPRI =   2 is   0
 Print level on unit LUW4  =   2 is   5

@    Restricted, closed shell Hartree-Fock calculation.

 Initial molecular orbitals are obtained according to
 ".MOSTART EHT   " input option

     Wave function specification
     ============================
@    Wave function type        >>> HF <<<
@    Number of closed shell electrons          10
@    Number of electrons in active shells       0
@    Total charge of the molecule               0

@    Spin multiplicity and 2 M_S                1         0
@    Total number of symmetries                 4 (point group: C2v)
@    Reference state symmetry                   1 (irrep name : A1 )

     Orbital specifications
     ======================
     Abelian symmetry species          All |    1    2    3    4
                                           |  A1   B1   B2   A2 
                                       --- |  ---  ---  ---  ---
     Total number of orbitals           13 |    7    2    4    0
     Number of basis functions          13 |    7    2    4    0

      ** Automatic occupation of RHF orbitals **

      -- Initial occupation of symmetries is determined from extended Huckel guess.           
      -- Initial occupation of symmetries is :
@    Occupied SCF orbitals               5 |    3    1    1    0

     Maximum number of Fock   iterations      0
     Maximum number of DIIS   iterations     60
     Maximum number of QC-SCF iterations     60
     Threshold for SCF convergence     1.00D-05


 ***********************************************
 ***** DIIS acceleration of SCF iterations *****
 ***********************************************

 C1-DIIS algorithm; max error vectors =    8

 Automatic occupation of symmetries with  10 electrons.

 Iter     Total energy      Solvation energy  Error norm  Delta(E)    SCF occupation
 -----------------------------------------------------------------------------
     (Precalculated two-electron integrals are transformed to P-supermatrix elements.
      Threshold for discarding integrals :  1.00D-12 )
@  1  -73.3958386111     -5.125047306588E-03   4.14D+00  -7.34D+01     3   1   1   0
      Virial theorem: -V/T =      1.948819
@      MULPOP O      -0.36; H_b _1  0.18; H_b _2  0.18; 
 -----------------------------------------------------------------------------
@  2  -74.0250817791     -7.586690641348E-03   1.06D+00  -6.29D-01     3   1   1   0
      Virial theorem: -V/T =      1.913768
@      MULPOP O      -0.27; H_b _1  0.13; H_b _2  0.13; 
 -----------------------------------------------------------------------------
@  3  -74.0653322743     -8.269887783095E-03   3.11D-01  -4.03D-02     3   1   1   0
      Virial theorem: -V/T =      1.933214
@      MULPOP O      -0.15; H_b _1  0.08; H_b _2  0.08; 
 -----------------------------------------------------------------------------
@  4  -74.0690550733     -8.707559005736E-03   4.13D-02  -3.72D-03     3   1   1   0
      Virial theorem: -V/T =      1.928481
@      MULPOP O      -0.19; H_b _1  0.09; H_b _2  0.09; 
 -----------------------------------------------------------------------------
@  5  -74.0692049832     -8.922040734293E-03   4.90D-03  -1.50D-04     3   1   1   0
      Virial theorem: -V/T =      1.928372
@      MULPOP O      -0.19; H_b _1  0.10; H_b _2  0.10; 
 -----------------------------------------------------------------------------
@  6  -74.0692076562     -8.953491803562E-03   4.52D-04  -2.67D-06     3   1   1   0
      Virial theorem: -V/T =      1.928387
@      MULPOP O      -0.19; H_b _1  0.10; H_b _2  0.10; 
 -----------------------------------------------------------------------------
@  7  -74.0692076865     -8.955493190308E-03   5.56D-05  -3.03D-08     3   1   1   0
      Virial theorem: -V/T =      1.928388
@      MULPOP O      -0.19; H_b _1  0.10; H_b _2  0.10; 
 -----------------------------------------------------------------------------
@  8  -74.0692076869     -8.955620388042E-03   7.87D-06  -3.88D-10     3   1   1   0

@ *** DIIS converged in   8 iterations !
@     Converged SCF energy, gradient:    -74.069207686909    7.87D-06
    - total time used in SIRFCK :              0.00 seconds


 *** SCF orbital energy analysis ***

 Only the five lowest virtual orbital energies printed in each symmetry.

 Number of electrons :   10
 Orbital occupations :    3    1    1    0

 Sym       Hartree-Fock orbital energies

1 A1    -20.39348056    -1.69657327    -0.61177305     0.36741622     1.54268522
          2.50607254     3.51708513

2 B1     -0.54082070     1.74495940

3 B2     -1.03519217     0.44765724     1.54165731     2.62134365

    E(LUMO) :     0.36741622 au (symmetry 1)
  - E(HOMO) :    -0.54082070 au (symmetry 2)
  ------------------------------------------
    gap     :     0.90823692 au

 >>> Writing SIRIFC interface file

 >>>> CPU and wall time for SCF :       0.213       0.213


                       .-----------------------------------.
                       | >>> Final results from SIRIUS <<< |
                       `-----------------------------------'


@    Spin multiplicity:           1
@    Spatial symmetry:            1 ( irrep  A1  in C2v )
@    Total charge of molecule:    0

     SOLVATION MODEL: polarizable continuum model (PCM),

       Solvation energy:          -0.008955620388

@    Final HF energy:             -74.069207686909                 
@    Nuclear repulsion:            17.488616348415
@    Electronic energy:           -91.548868414936

@    Final gradient norm:           0.000007872486

 
     Date and time (Linux)  : Tue Dec  2 11:22:23 2014
     Host name              : spongebob                               

 (Only coefficients >0.0100 are printed.)

 Molecular orbitals for symmetry species 1  (A1 )
 ------------------------------------------------

    Orbital         1        2        3        4        5
   1 O   :1s     0.9826  -0.2472   0.0860   0.1174  -0.0383
   2 O   :1s     0.1040   0.2314  -0.0748  -0.0251  -0.0394
   3 O   :1s    -0.0387   0.3278  -0.4263  -1.5597   1.9565
   4 O   :2pz    0.0078   0.1976   0.4979  -0.0585  -0.6851
   5 O   :2pz   -0.0016   0.0042   0.4925  -0.1496   1.4900
   6 H_b :1s    -0.0079   0.2889   0.1015  -0.0205  -0.7608
   7 H_b :1s     0.0110   0.0085  -0.0341   1.0595  -0.4894

 Molecular orbitals for symmetry species 2  (B1 )
 ------------------------------------------------

    Orbital         1        2
   1 O   :2px    0.5415  -1.0188
   2 O   :2px    0.6129   0.9775

 Molecular orbitals for symmetry species 3  (B2 )
 ------------------------------------------------

    Orbital         1        2        3
   1 O   :2py    0.5121  -0.1975  -0.2466
   2 O   :2py    0.1633  -0.7586   2.2588
   3 H_b :1s     0.3549  -0.0432  -1.0557
   4 H_b :1s     0.1335   2.3648  -1.4125



 >>>> Total CPU  time used in SIRIUS :      0.22 seconds
 >>>> Total wall time used in SIRIUS :      0.22 seconds

 
     Date and time (Linux)  : Tue Dec  2 11:22:23 2014
     Host name              : spongebob                               

 NOTE:    1 warnings have been issued.
 Check output, result, and error files for "WARNING".

Dumping surface functions to .npy files


PCMSolver interface correctly finalized



                     .---------------------------------------.
                     | End of Wave Function Section (SIRIUS) |
                     `---------------------------------------'

 >>>> Total CPU  time used in DALTON:   0.96 seconds
 >>>> Total wall time used in DALTON:   0.96 seconds

 
     Date and time (Linux)  : Tue Dec  2 11:22:23 2014
     Host name              : spongebob                               
