 THIS IS A DEBUG BUILD
  
     ******************************************************************    
     **********  LSDALTON - An electronic structure program  **********    
     ******************************************************************    
  
  
      This is output from LSDALTON 2016.alpha
  
  
      IF RESULTS OBTAINED WITH THIS CODE ARE PUBLISHED,
      THE FOLLOWING PAPER SHOULD BE CITED:
      
      K. Aidas, C. Angeli, K. L. Bak, V. Bakken, R. Bast,
      L. Boman, O. Christiansen, R. Cimiraglia, S. Coriani,
      P. Dahle, E. K. Dalskov, U. Ekstroem, T. Enevoldsen,
      J. J. Eriksen, P. Ettenhuber, B. Fernandez,
      L. Ferrighi, H. Fliegl, L. Frediani, K. Hald,
      A. Halkier, C. Haettig, H. Heiberg,
      T. Helgaker, A. C. Hennum, H. Hettema,
      E. Hjertenaes, S. Hoest, I.-M. Hoeyvik,
      M. F. Iozzi, B. Jansik, H. J. Aa. Jensen,
      D. Jonsson, P. Joergensen, J. Kauczor,
      S. Kirpekar, T. Kjaergaard, W. Klopper,
      S. Knecht, R. Kobayashi, H. Koch, J. Kongsted,
      A. Krapp, K. Kristensen, A. Ligabue,
      O. B. Lutnaes, J. I. Melo, K. V. Mikkelsen, R. H. Myhre,
      C. Neiss, C. B. Nielsen, P. Norman,
      J. Olsen, J. M. H. Olsen, A. Osted,
      M. J. Packer, F. Pawlowski, T. B. Pedersen,
      P. F. Provasi, S. Reine, Z. Rinkevicius,
      T. A. Ruden, K. Ruud, V. Rybkin,
      P. Salek, C. C. M. Samson, A. Sanchez de Meras,
      T. Saue, S. P. A. Sauer, B. Schimmelpfennig,
      K. Sneskov, A. H. Steindal, K. O. Sylvester-Hvid,
      P. R. Taylor, A. M. Teale, E. I. Tellgren,
      D. P. Tew, A. J. Thorvaldsen, L. Thoegersen,
      O. Vahtras, M. A. Watson, D. J. D. Wilson,
      M. Ziolkowski, and H. AAgren,
      "The Dalton quantum chemistry program system",
      WIREs Comput. Mol. Sci. (doi: 10.1002/wcms.1172)
  
  
                                                
      LSDALTON authors in alphabetical order (main contribution(s) in parenthesis)
      ----------------------------------------------------------------------------
      Vebjoern Bakken,         University of Oslo,        Norway    (geometry optimizer)
      Radovan Bast,            KTH Stockholm,             Sweden    (CMake, Testing)
      Sonia Coriani,           University of Trieste,     Italy     (response)
      Patrick Ettenhuber,      Aarhus University,         Denmark   (CCSD)
      Trygve Helgaker,         University of Oslo,        Norway    (supervision)
      Stinne Hoest,            Aarhus University,         Denmark   (SCF optimization)
      Ida-Marie Hoeyvik,       Aarhus University,         Denmark   (orbital localization, SCF optimization)
      Robert Izsak,            University of Oslo,        Norway    (ADMM)
      Branislav Jansik,        Aarhus University,         Denmark   (trilevel, orbital localization)
      Poul Joergensen,         Aarhus University,         Denmark   (supervision)
      Joanna Kauczor,          Aarhus University,         Denmark   (response solver)
      Thomas Kjaergaard,       Aarhus University,         Denmark   (response, integrals)
      Andreas Krapp,           University of Oslo,        Norway    (FMM, dispersion-corrected DFT)
      Kasper Kristensen,       Aarhus University,         Denmark   (response, DEC)
      Patrick Merlot,          University of Oslo,        Norway    (ADMM)
      Cecilie Nygaard,         Aarhus University,         Denmark   (SOEO)
      Jeppe Olsen,             Aarhus University,         Denmark   (supervision)
      Simen Reine,             University of Oslo,        Norway    (integrals, geometry optimizer)
      Vladimir Rybkin,         University of Oslo,        Norway    (geometry optimizer, dynamics)
      Pawel Salek,             KTH Stockholm,             Sweden    (FMM, DFT functionals)
      Andrew M. Teale,         University of Nottingham   England   (E-coefficients)
      Erik Tellgren,           University of Oslo,        Norway    (density fitting, E-coefficients)
      Andreas J. Thorvaldsen,  University of Tromsoe,     Norway    (response)
      Lea Thoegersen,          Aarhus University,         Denmark   (SCF optimization)
      Mark Watson,             University of Oslo,        Norway    (FMM)
      Marcin Ziolkowski,       Aarhus University,         Denmark   (DEC)
  
  
     NOTE:
      
     This is an experimental code for the evaluation of molecular
     energies and properties using various electronic structure models.
     The authors accept no responsibility for the performance of the code or
     for the correctness of the results.
      
     The code (in whole or part) is provided under a licence and
     is not to be reproduced for further distribution without
     the written permission of the authors or their representatives.
      
     See the home page "http://daltonprogram.org"
     for further information.
  
  
 Who compiled             | simensr
 Host                     | 1x-193-157-196-10.uio.no
 System                   | Darwin-14.0.0
 CMake generator          | Unix Makefiles
 Processor                | x86_64
 64-bit integers          | OFF
 MPI                      | OFF
 Fortran compiler         | /usr/local/bin/gfortran
 Fortran compiler version | GNU Fortran (GCC) 5.0.0 20141012 (experimental)
 C compiler               | /usr/local/bin/gcc
 C compiler version       | gcc (GCC) 5.0.0 20141012 (experimental)
 C++ compiler             | /usr/local/bin/g++
 C++ compiler version     | g++ (GCC) 5.0.0 20141012 (experimental)
 BLAS                     | /usr/lib/libblas.dylib
 LAPACK                   | /usr/lib/liblapack.dylib
 Static linking           | OFF
 Last Git revision        | 6bec1043f6d46eaeeb5efc488132381797df3000
 Git branch               | master
 Configuration time       | 2015-02-27 19:07:25.785734
 The Functional chosen is a GGA type functional
 The Functional chosen contains an exact exchange contribution
 with the weight:  0.20000000000000001     

Start simulation
     Date and time (Linux)  : Fri Feb 27 19:07:48 2015
     Host name              : Simens-MacBook-Pro.local                
                      
 -----------------------------------------
          PRINTING THE MOLECULE.INP FILE 
 -----------------------------------------
                      
  BASIS                                   
  cc-pVTZdenfit                           
  H2 toy geometry                         
  Test segmented basis set format         
  Atomtypes=1 Charge=0 Nosymmetry Angstrom                    
  Charge=1.0 Atoms=2                                          
  H     0.0000000000   0.0000000000   0.0000000000            
  He    0.0000000000   0.0000000000   1.0218840000            
                      
 -----------------------------------------
          PRINTING THE LSDALTON.INP FILE 
 -----------------------------------------
                      
  **WAVE FUNCTIONS                                                                                    
  .DFT                                                                                                
  B3LYP                                                                                               
  *DENSOPT                                                                                            
  .RH                                                                                                 
  .DIIS                                                                                               
  **INFO                                                                                              
  .DEBUG_MPI_MEM                                                                                      
  *END OF INPUT                                                                                       
  
  MOLPRINT IS SET TO       0
  Coordinates are entered in Angstroms and converted to atomic units.
  Conversion factor : 1 bohr = 0.52917721 A


                    Cartesian Coordinates Linsca (au)
                    ---------------------------------

   Total number of coordinates:  6
   Written in atomic units    
 
   1   H        x      0.0000000000
   2            y      0.0000000000
   3            z      0.0000000000
 
   4   He       x      0.0000000000
   5            y      0.0000000000
   6            z      1.9310809006
 
WARNING:  No bonds - no atom pairs are within normal bonding distances
WARNING:  maybe coordinates were in Bohr, but program were told they were in Angstrom ?
 
 BASISSETLIBRARY  : REGULAR  
   
BASISSETLIBRARY
 Number of Basisset           1
 BASISSET:  cc-pVTZdenfit                                     
  CHARGES:    1.0000
                      
   
  CALLING BUILD BASIS WITH DEFAULT REGULAR   BASIS
   
 OPENING FILE/Users/simensr/Dalton/2014/build-debug/basis/cc-pVTZdenfit
 PRINT MOLECULE AND BASIS IN FULL INPUT
                      
THE MOLECULE
 --------------------------------------------------------------------
 Molecular Charge                    :    0.0000
    Regular basisfunctions             :       60
    Valence basisfunctions             :        0
    Primitive Regular basisfunctions   :       60
    Primitive Valence basisfunctions   :        0
 --------------------------------------------------------------------
                      
                      
 --------------------------------------------------------------------
  atom  charge  Atomicbasis    Phantom   nPrimREG  nContREG
 --------------------------------------------------------------------
     1   1.000  cc-pVTZdenfi    F             30          30
     2   1.000  cc-pVTZdenfi    F             30          30
                      
 The cartesian centers in Atomic units. 
  ATOM  NAME  ISOTOPE            X                 Y                 Z     
     1  H           1        0.00000000        0.00000000        0.00000000
     2  He          1        0.00000000        0.00000000        1.93108090
                      
                      
Atoms and basis sets
  Total number of atoms        :      2
  THE  REGULAR   is on R =   1
---------------------------------------------------------------------
  atom label  charge basisset                prim     cont   basis
---------------------------------------------------------------------
      1 H      1.000 cc-pVTZdenfit             30       30 [4s3p2d1f|4s3p2d1f]                          
      2 He     1.000 cc-pVTZdenfit             30       30 [4s3p2d1f|4s3p2d1f]                          
---------------------------------------------------------------------
total          2                               60       60
---------------------------------------------------------------------
                      
 Configuration:
 ==============
    This is a Single core calculation. (no OpenMP)
    This is a serial calculation (no MPI)
 The Functional chosen is a GGA type functional
 The Functional chosen contains a exact exchange contribution
 with the weight:  0.20000000000000001     
   
  The Exchange-Correlation Grid specifications:
  Radial Quadrature : Treutler-Ahlrichs M4-T2 scheme
                      (J. Chem. Phys. (1995) 102, 346).
                      Implies also that the angular integration quality becomes Z-dependant
  Space partitioning: Stratmann-Scuseria-Frisch partitioning scheme
                      Chem. Phys. Lett. (1996) vol. 213 page 257,
                      Combined with a blockwise handling of grid points
                      J. Chem. Phys. (2004) vol 121, page 2915.
                      Useful for large molecules.

  We use grid pruning according to Mol. Phys. (1993) vol 78 page 997

     DFT LSint Radial integration threshold:   0.5012D-13
     DFT LSint integration order range     :   [  5:  35]
     Hardness of the partioning function   :   3
     DFT LSint screening thresholds        :   0.10D-08   0.20D-09   0.20D-11
     Threshold for number of electrons     :   0.10D-02
     The Exact Exchange Factor             : 0.2000D+00

Density subspace min. method    : DIIS                    
Density optimization : Diagonalization                    

 Maximum size of Fock/density queue in averaging:           7

Convergence threshold for gradient:   0.10E-03
 We have detected a Dunnings Basis set so we deactivate the
 use of the Grand Canonical basis, which is normally default.
 The use of Grand Canonical basis can be enforced using the FORCEGCBASIS keyword
We perform the calculation in the standard input basis
 
    The Overall Screening threshold is set to              :  1.0000E-08
    The Screening threshold used for Coulomb               :  1.0000E-10
    The Screening threshold used for Exchange              :  1.0000E-08
    The Screening threshold used for One-electron operators:  1.0000E-15
 The SCF Convergence Criteria is applied to the gradnorm in AO basis

 End of configuration!


 First density: Atoms in molecule guess

 The Coulomb energy contribution    4.0012755211614142     
 The Exchange energy contribution   0.34834308261666802     
 The Fock energy contribution   -3.6529324385447461     
Total Number of grid points:       20052

  Max allocated memory, Grid                    1.195 MB

  KS electrons/energy:    1.99999674868162   -2.24356082531608 rel.err:-0.16E-05
  Iteration 0 energy:   19.629644678327068     

Max no. of matrices allocated in Level 2 / get_initial_dens:          9
 Preparing to do S^1/2 decomposition...
Matrix S     has nnz=       524 sparsity:     14.556 %
Matrix AO D  has nnz=       399 sparsity:     11.111 %
  Relative convergence threshold for solver:   1.0000000000000000E-002
  SCF Convergence criteria for gradient norm:   9.9999997473787516E-005
** Get Fock matrix number   1
 The Coulomb energy contribution    1.1192418178361976     
 The Exchange energy contribution   0.11192418178368195     
 The Fock energy contribution   -1.0073176360525153     
  KS electrons/energy:    2.00000022299065   -0.48787627273903 rel.err: 0.11E-06
*******************************************************************************************###
 it        E(HF)            dE(HF)         exit      alpha RHshift   RHinfo  AO gradient     ###
*******************************************************************************************###
  1     -1.0905117408    0.00000000000    0.00      0.00000    0.00    0.0000000    2.50E+00  ###
** Make average of the last F and D matrices
** Get new density 
No. of matmuls in get_density:     1
 >>>  CPU Time used in SCF iteration is   2.35 seconds
 >>> wall Time used in SCF iteration is   2.35 seconds
** Get Fock matrix number   2
 The Coulomb energy contribution    1.2305729844136866     
 The Exchange energy contribution   0.12305729843916700     
 The Fock energy contribution   -1.1075156859745197     
  KS electrons/energy:    1.99999984872013   -0.53730526872378 rel.err:-0.76E-07
  2     -1.1186455519   -0.02813381114    0.00      0.00000    0.00    0.0000000    2.18E-01  ###
** Make average of the last F and D matrices
** Get new density 
No. of matmuls in get_density:     1
 >>>  CPU Time used in SCF iteration is   2.36 seconds
 >>> wall Time used in SCF iteration is   2.36 seconds
** Get Fock matrix number   3
 The Coulomb energy contribution    1.2191386782851550     
 The Exchange energy contribution   0.12191386782629937     
 The Fock energy contribution   -1.0972248104588556     
  KS electrons/energy:    1.99999986993866   -0.53275753699583 rel.err:-0.65E-07
  3     -1.1188875596   -0.00024200766   -1.00      0.00000    0.00    0.0000000    1.54E-02  ###
** Make average of the last F and D matrices
** Get new density 
No. of matmuls in get_density:     1
 >>>  CPU Time used in SCF iteration is   2.35 seconds
 >>> wall Time used in SCF iteration is   2.35 seconds
** Get Fock matrix number   4
 The Coulomb energy contribution    1.2200318182527596     
 The Exchange energy contribution   0.12200318182304483     
 The Fock energy contribution   -1.0980286364297147     
  KS electrons/energy:    1.99999986765384   -0.53313993305410 rel.err:-0.66E-07
  4     -1.1188891555   -0.00000159587   -1.00      0.00000    0.00    0.0000000    1.65E-04  ###
** Make average of the last F and D matrices
** Get new density 
No. of matmuls in get_density:     1
 >>>  CPU Time used in SCF iteration is   2.35 seconds
 >>> wall Time used in SCF iteration is   2.35 seconds
** Get Fock matrix number   5
 The Coulomb energy contribution    1.2200264512083729     
 The Exchange energy contribution   0.12200264511860623     
 The Fock energy contribution   -1.0980238060897662     
  KS electrons/energy:    1.99999986767402   -0.53313745420325 rel.err:-0.66E-07
  5     -1.1188891556   -0.00000000009   -1.00      0.00000    0.00    0.0000000    7.06E-06  ###
SCF converged in      5 iterations
 >>>  CPU Time used in **ITER is  11.74 seconds
 >>> wall Time used in **ITER is  11.75 seconds

Total no. of matmuls in SCF optimization:         24

 Number of occupied orbitals:           1
 Number of virtual orbitals:          59

 Number of occupied orbital energies to be found:           1
 Number of virtual orbital energies to be found:           1


Calculation of HOMO-LUMO gap
============================

Calculation of occupied orbital energies converged in     1 iterations!

Calculation of virtual orbital energies converged in     7 iterations!

    E(LUMO):                         0.087515 au
   -E(HOMO):                        -0.343865 au
   ------------------------------
    HOMO-LUMO Gap (iteratively):     0.431380 au


********************************************************
 it       dE(HF)          exit   RHshift    RHinfo 
********************************************************
  1    0.00000000000    0.0000    0.0000    0.0000000
  2   -0.02813381114    0.0000    0.0000    0.0000000
  3   -0.00024200766   -1.0000    0.0000    0.0000000
  4   -0.00000159587   -1.0000    0.0000    0.0000000
  5   -0.00000000009   -1.0000    0.0000    0.0000000

======================================================================
                   LINSCF ITERATIONS:
  It.nr.               Energy                 AO Gradient norm
======================================================================
    1            -1.09051174081274604433      0.249768268563676D+01
    2            -1.11864555194834358609      0.217850762011492D+00
    3            -1.11888755960359098651      0.153958389664190D-01
    4            -1.11888915547573253306      0.165496467322961D-03
    5            -1.11888915556512213989      0.706218322260031D-05

      SCF converged !!!! 
         >>> Final results from LSDALTON <<<


      Final DFT energy:                       -1.118889155565
      Nuclear repulsion:                       0.517844694995
      Electronic energy:                      -1.636733850560

 >>>  CPU Time used in *SCF is  11.95 seconds
 >>> wall Time used in *SCF is  11.97 seconds

Total no. of matmuls used:                        32
Total no. of Fock/KS matrix evaluations:           6
Max no. of matrices allocated in Level 3:         27
*=*=*=*=*=*=*=*=*=*=*=*=*=*=*=*=*=*=*=*=*=*=*=*=*=*=*=*
                  Memory statistics          
*=*=*=*=*=*=*=*=*=*=*=*=*=*=*=*=*=*=*=*=*=*=*=*=*=*=*=*
  Allocated memory (TOTAL):                     0 byte  - Should be zero - otherwise a leakage is present
  Allocated memory (type(matrix)):              0 byte  - Should be zero - otherwise a leakage is present
  Allocated memory (real):                      0 byte  - Should be zero - otherwise a leakage is present
  Allocated memory (MPI):                       0 byte  - Should be zero - otherwise a leakage is present
  Allocated memory (complex):                   0 byte  - Should be zero - otherwise a leakage is present
  Allocated memory (integer):                   0 byte  - Should be zero - otherwise a leakage is present
  Allocated memory (logical):                   0 byte  - Should be zero - otherwise a leakage is present
  Allocated memory (character):                 0 byte  - Should be zero - otherwise a leakage is present
  Allocated memory (AOBATCH):                   0 byte  - Should be zero - otherwise a leakage is present
  Allocated memory (ODBATCH):                   0 byte  - Should be zero - otherwise a leakage is present
  Allocated memory (LSAOTENSOR):                0 byte  - Should be zero - otherwise a leakage is present
  Allocated memory (SLSAOTENSOR):               0 byte  - Should be zero - otherwise a leakage is present
  Allocated memory (GLOBALLSAOTENSOR):          0 byte  - Should be zero - otherwise a leakage is present
  Allocated memory (ATOMTYPEITEM):              0 byte  - Should be zero - otherwise a leakage is present
  Allocated memory (ATOMITEM):                  0 byte  - Should be zero - otherwise a leakage is present
  Allocated memory (LSMATRIX):                  0 byte  - Should be zero - otherwise a leakage is present
  Allocated memory (DECORBITAL):                0 byte  - Should be zero - otherwise a leakage is present
  Allocated memory (DECFRAG):                   0 byte  - Should be zero - otherwise a leakage is present
  Allocated memory (overlapType):               0 byte  - Should be zero - otherwise a leakage is present
  Allocated memory (BATCHTOORB):                0 byte  - Should be zero - otherwise a leakage is present
  Allocated memory (DECAOBATCHINFO):            0 byte  - Should be zero - otherwise a leakage is present
  Allocated memory (MYPOINTER):                 0 byte  - Should be zero - otherwise a leakage is present
  Allocated memory (fragmentAOS):               0 byte  - Should be zero - otherwise a leakage is present
  Allocated memory (ARRAY2):                    0 byte  - Should be zero - otherwise a leakage is present
  Allocated memory (ARRAY4):                    0 byte  - Should be zero - otherwise a leakage is present
  Allocated memory (ARRAY):                     0 byte  - Should be zero - otherwise a leakage is present
  Allocated memory (PNOSpaceInfo):              0 byte  - Should be zero - otherwise a leakage is present
  Allocated memory (MP2DENS):                   0 byte  - Should be zero - otherwise a leakage is present
  Allocated memory (TRACEBACK):                 0 byte  - Should be zero - otherwise a leakage is present
  Allocated memory (MP2GRAD):                   0 byte  - Should be zero - otherwise a leakage is present
  Allocated memory (type(lvec_data)):           0 byte  - Should be zero - otherwise a leakage is present
  Allocated memory (type(lattice_cell)):        0 byte  - Should be zero - otherwise a leakage is present
*=*=*=*=*=*=*=*=*=*=*=*=*=*=*=*=*=*=*=*=*=*=*=*=*=*=*=*
                  Additional Memory information          
*=*=*=*=*=*=*=*=*=*=*=*=*=*=*=*=*=*=*=*=*=*=*=*=*=*=*=*
  Allocated memory (linkshell):               0 byte  - Should be zero - otherwise a leakage is present
  Allocated memory (integrand):               0 byte  - Should be zero - otherwise a leakage is present
  Allocated memory (integralitem):            0 byte  - Should be zero - otherwise a leakage is present
  Allocated memory (intwork):                 0 byte  - Should be zero - otherwise a leakage is present
  Allocated memory (overlap):                 0 byte  - Should be zero - otherwise a leakage is present
  Allocated memory (ODitem):                  0 byte  - Should be zero - otherwise a leakage is present
  Allocated memory (lstensor):                0 byte  - Should be zero - otherwise a leakage is present
  Allocated memory (FMM   ):                  0 byte  - Should be zero - otherwise a leakage is present
  Allocated memory (XC    ):                  0 byte  - Should be zero - otherwise a leakage is present
  Max allocated memory, TOTAL                         68.723 MB
  Max allocated memory, type(matrix)                 777.984 kB
  Max allocated memory, real(realk)                    1.408 MB
  Max allocated memory, MPI                            0.000 Byte
  Max allocated memory, complex(complexk)              0.000 Byte
  Max allocated memory, integer                      141.964 kB
  Max allocated memory, logical                      280.848 kB
  Max allocated memory, character                      4.960 kB
  Max allocated memory, AOBATCH                       15.120 kB
  Max allocated memory, DECORBITAL                     0.000 Byte
  Max allocated memory, DECFRAG                        0.000 Byte
  Max allocated memory, BATCHTOORB                     0.000 Byte
  Max allocated memory, DECAOBATCHINFO                 0.000 Byte
  Max allocated memory, MYPOINTER                      0.000 Byte
  Max allocated memory, fragmentAOS                    0.000 Byte
  Max allocated memory, ARRAY2                         0.000 Byte
  Max allocated memory, ARRAY4                         0.000 Byte
  Max allocated memory, ARRAY                         66.400 MB
  Max allocated memory, PNOSpaceInfo                   0.000 Byte
  Max allocated memory, MP2DENS                        0.000 Byte
  Max allocated memory, TRACEBACK                      0.000 Byte
  Max allocated memory, MP2GRAD                        0.000 Byte
  Max allocated memory, ODBATCH                       36.960 kB
  Max allocated memory, LSAOTENSOR                     2.432 kB
  Max allocated memory, SLSAOTENSOR                    2.576 kB
  Max allocated memory, GLOBALLSAOTENSOR               0.000 Byte
  Max allocated memory, ATOMTYPEITEM                  38.264 kB
  Max allocated memory, ATOMITEM                       1.088 kB
  Max allocated memory, LSMATRIX                       1.736 kB
  Max allocated memory, OverlapT                     554.368 kB
  Max allocated memory, linkshell                      9.840 kB
  Max allocated memory, integrand                      7.168 kB
  Max allocated memory, integralitem                 430.080 kB
  Max allocated memory, IntWork                      216.448 kB
  Max allocated memory, Overlap                      473.432 kB
  Max allocated memory, ODitem                        26.880 kB
  Max allocated memory, LStensor                      68.912 kB
  Max allocated memory, FMM                            0.000 Byte
  Max allocated memory, XC                             0.000 Byte
  Max allocated memory, Lvec_data                      0.000 Byte
  Max allocated memory, Lattice_cell                   0.000 Byte
*=*=*=*=*=*=*=*=*=*=*=*=*=*=*=*=*=*=*=*=*=*=*=*=*=*=*=*

  Allocated MPI memory a cross all slaves:          0 byte  - Should be zero - otherwise a leakage is present
  This is a non MPI calculation so naturally no memory is allocated on slaves!
 >>>  CPU Time used in LSDALTON is  12.65 seconds
 >>> wall Time used in LSDALTON is  12.72 seconds

End simulation
     Date and time (Linux)  : Fri Feb 27 19:08:00 2015
     Host name              : Simens-MacBook-Pro.local                
