

     ************************************************************************
     *************** Dalton - An Electronic Structure Program ***************
     ************************************************************************

    This is output from DALTON release Dalton2019.alpha (2019)
         ( Web site: http://daltonprogram.org )

   ----------------------------------------------------------------------------

    NOTE:
     
    Dalton is an experimental code for the evaluation of molecular
    properties using (MC)SCF, DFT, CI, and CC wave functions.
    The authors accept no responsibility for the performance of
    the code or for the correctness of the results.
     
    The code (in whole or part) is provided under a licence and
    is not to be reproduced for further distribution without
    the written permission of the authors or their representatives.
     
    See the home page "http://daltonprogram.org" for further information.
     
    If results obtained with this code are published,
    the appropriate citations would be both of:
     
       K. Aidas, C. Angeli, K. L. Bak, V. Bakken, R. Bast,
       L. Boman, O. Christiansen, R. Cimiraglia, S. Coriani,
       P. Dahle, E. K. Dalskov, U. Ekstroem,
       T. Enevoldsen, J. J. Eriksen, P. Ettenhuber, B. Fernandez,
       L. Ferrighi, H. Fliegl, L. Frediani, K. Hald, A. Halkier,
       C. Haettig, H. Heiberg, T. Helgaker, A. C. Hennum,
       H. Hettema, E. Hjertenaes, S. Hoest, I.-M. Hoeyvik,
       M. F. Iozzi, B. Jansik, H. J. Aa. Jensen, D. Jonsson,
       P. Joergensen, J. Kauczor, S. Kirpekar,
       T. Kjaergaard, W. Klopper, S. Knecht, R. Kobayashi, H. Koch,
       J. Kongsted, A. Krapp, K. Kristensen, A. Ligabue,
       O. B. Lutnaes, J. I. Melo, K. V. Mikkelsen, R. H. Myhre,
       C. Neiss, C. B. Nielsen, P. Norman, J. Olsen,
       J. M. H. Olsen, A. Osted, M. J. Packer, F. Pawlowski,
       T. B. Pedersen, P. F. Provasi, S. Reine, Z. Rinkevicius,
       T. A. Ruden, K. Ruud, V. Rybkin, P. Salek, C. C. M. Samson,
       A. Sanchez de Meras, T. Saue, S. P. A. Sauer,
       B. Schimmelpfennig, K. Sneskov, A. H. Steindal,
       K. O. Sylvester-Hvid, P. R. Taylor, A. M. Teale,
       E. I. Tellgren, D. P. Tew, A. J. Thorvaldsen, L. Thoegersen,
       O. Vahtras, M. A. Watson, D. J. D. Wilson, M. Ziolkowski
       and H. Agren,
       "The Dalton quantum chemistry program system",
       WIREs Comput. Mol. Sci. 2014, 4:269â€“284 (doi: 10.1002/wcms.1172)
     
    and
     
       Dalton, a molecular electronic structure program,
       Release Dalton2019.alpha (2019), see http://daltonprogram.org
   ----------------------------------------------------------------------------

    Authors in alphabetical order (major contribution(s) in parenthesis):

  Kestutis Aidas,           Vilnius University,           Lithuania   (QM/MM)
  Celestino Angeli,         University of Ferrara,        Italy       (NEVPT2)
  Keld L. Bak,              UNI-C,                        Denmark     (AOSOPPA, non-adiabatic coupling, magnetic properties)
  Vebjoern Bakken,          University of Oslo,           Norway      (DALTON; geometry optimizer, symmetry detection)
  Radovan Bast,             UiT The Arctic U. of Norway,  Norway      (DALTON installation and execution frameworks)
  Pablo Baudin,             University of Valencia,       Spain       (Cholesky excitation energies)
  Linus Boman,              NTNU,                         Norway      (Cholesky decomposition and subsystems)
  Ove Christiansen,         Aarhus University,            Denmark     (CC module)
  Renzo Cimiraglia,         University of Ferrara,        Italy       (NEVPT2)
  Sonia Coriani,            Technical Univ. of Denmark,   Denmark     (CC module, MCD in RESPONS)
  Janusz Cukras,            University of Trieste,        Italy       (MChD in RESPONS)
  Paal Dahle,               University of Oslo,           Norway      (Parallelization)
  Erik K. Dalskov,          UNI-C,                        Denmark     (SOPPA)
  Thomas Enevoldsen,        Univ. of Southern Denmark,    Denmark     (SOPPA)
  Janus J. Eriksen,         Aarhus University,            Denmark     (Polarizable embedding model, TDA)
  Rasmus Faber,             University of Copenhagen,     Denmark     (Vib.avg. NMR with SOPPA, parallel AO-SOPPA)
  Tobias Fahleson,          KTH Stockholm,                Sweden      (Damped cubic response)
  Berta Fernandez,          U. of Santiago de Compostela, Spain       (doublet spin, ESR in RESPONS)
  Lara Ferrighi,            Aarhus University,            Denmark     (PCM Cubic response)
  Heike Fliegl,             University of Oslo,           Norway      (CCSD(R12))
  Luca Frediani,            UiT The Arctic U. of Norway,  Norway      (PCM)
  Bin Gao,                  UiT The Arctic U. of Norway,  Norway      (Gen1Int library)
  Christof Haettig,         Ruhr-University Bochum,       Germany     (CC module)
  Kasper Hald,              Aarhus University,            Denmark     (CC module)
  Asger Halkier,            Aarhus University,            Denmark     (CC module)
  Frederik Beyer Hansen,    University of Copenhagen,     Denmark     (Parallel AO-SOPPA)
  Erik D. Hedegaard,        Univ. of Southern Denmark,    Denmark     (Polarizable embedding model, QM/MM)
  Hanne Heiberg,            University of Oslo,           Norway      (geometry analysis, selected one-electron integrals)
  Trygve Helgaker,          University of Oslo,           Norway      (DALTON; ABACUS, ERI, DFT modules, London, and much more)
  Alf Christian Hennum,     University of Oslo,           Norway      (Parity violation)
  Hinne Hettema,            University of Auckland,       New Zealand (quadratic response in RESPONS; SIRIUS supersymmetry)
  Eirik Hjertenaes,         NTNU,                         Norway      (Cholesky decomposition)
  Pi A. B. Haase,           University of Copenhagen,     Denmark     (Triplet AO-SOPPA)
  Maria Francesca Iozzi,    University of Oslo,           Norway      (RPA)
  Christoph Jacob           TU Braunschweig               Germany     (Frozen density embedding model)
  Brano Jansik              Technical Univ. of Ostrava    Czech Rep.  (DFT cubic response)
  Hans Joergen Aa. Jensen,  Univ. of Southern Denmark,    Denmark     (DALTON; SIRIUS, RESPONS, ABACUS modules, London, and much more)
  Dan Jonsson,              UiT The Arctic U. of Norway,  Norway      (cubic response in RESPONS module)
  Poul Joergensen,          Aarhus University,            Denmark     (RESPONS, ABACUS, and CC modules)
  Maciej Kaminski,          University of Warsaw,         Poland      (CPPh in RESPONS)
  Joanna Kauczor,           Linkoeping University,        Sweden      (Complex polarization propagator (CPP) module)
  Sheela Kirpekar,          Univ. of Southern Denmark,    Denmark     (Mass-velocity & Darwin integrals)
  Wim Klopper,              KIT Karlsruhe,                Germany     (R12 code in CC, SIRIUS, and ABACUS modules)
  Stefan Knecht,            ETH Zurich,                   Switzerland (Parallel CI and MCSCF)
  Rika Kobayashi,           Australian National Univ.,    Australia   (DIIS in CC, London in MCSCF)
  Henrik Koch,              NTNU,                         Norway      (CC module, Cholesky decomposition)
  Jacob Kongsted,           Univ. of Southern Denmark,    Denmark     (Polarizable embedding model, QM/MM)
  Andrea Ligabue,           University of Modena,         Italy       (CTOCD, AOSOPPA)
  Nanna H. List             Univ. of Southern Denmark,    Denmark     (Polarizable embedding model)
  Ola B. Lutnaes,           University of Oslo,           Norway      (DFT Hessian)
  Juan I. Melo,             University of Buenos Aires,   Argentina   (LRESC, Relativistic Effects on NMR Shieldings)
  Kurt V. Mikkelsen,        University of Copenhagen,     Denmark     (MC-SCRF and QM/MM)
  Rolf H. Myhre,            NTNU,                         Norway      (Subsystems and CC3)
  Christian Neiss,          Univ. Erlangen-Nuernberg,     Germany     (CCSD(R12))
  Christian B. Nielsen,     University of Copenhagen,     Denmark     (QM/MM)
  Patrick Norman,           KTH Stockholm,                Sweden      (Cubic response and complex frequency response in RESPONS)
  Jeppe Olsen,              Aarhus University,            Denmark     (SIRIUS CI/density modules)
  Jogvan Magnus H. Olsen,   Univ. of Southern Denmark,    Denmark     (Polarizable embedding model, QM/MM)
  Anders Osted,             Copenhagen University,        Denmark     (QM/MM)
  Martin J. Packer,         University of Sheffield,      UK          (SOPPA)
  Filip Pawlowski,          Kazimierz Wielki University,  Poland      (CC3)
  Morten N. Pedersen,       Univ. of Southern Denmark,    Denmark     (Polarizable embedding model)
  Thomas B. Pedersen,       University of Oslo,           Norway      (Cholesky decomposition)
  Patricio F. Provasi,      University of Northeastern,   Argentina   (Analysis of coupling constants in localized orbitals)
  Zilvinas Rinkevicius,     KTH Stockholm,                Sweden      (open-shell DFT, ESR)
  Elias Rudberg,            KTH Stockholm,                Sweden      (DFT grid and basis info)
  Torgeir A. Ruden,         University of Oslo,           Norway      (Numerical derivatives in ABACUS)
  Kenneth Ruud,             UiT The Arctic U. of Norway,  Norway      (DALTON; ABACUS magnetic properties and much more)
  Pawel Salek,              KTH Stockholm,                Sweden      (DALTON; DFT code)
  Claire C. M. Samson       University of Karlsruhe       Germany     (Boys localization, r12 integrals in ERI)
  Alfredo Sanchez de Meras, University of Valencia,       Spain       (CC module, Cholesky decomposition)
  Trond Saue,               Paul Sabatier University,     France      (direct Fock matrix construction)
  Stephan P. A. Sauer,      University of Copenhagen,     Denmark     (SOPPA(CCSD), SOPPA prop., AOSOPPA, vibrational g-factors)
  Andre S. P. Gomes,        CNRS/Universite de Lille,     France      (Frozen density embedding model)
  Bernd Schimmelpfennig,    Forschungszentrum Karlsruhe,  Germany     (AMFI module)
  Kristian Sneskov,         Aarhus University,            Denmark     (Polarizable embedding model, QM/MM)
  Arnfinn H. Steindal,      UiT The Arctic U. of Norway,  Norway      (parallel QM/MM, Polarizable embedding model)
  Casper Steinmann,         Univ. of Southern Denmark,    Denmark     (QFIT, Polarizable embedding model)
  K. O. Sylvester-Hvid,     University of Copenhagen,     Denmark     (MC-SCRF)
  Peter R. Taylor,          VLSCI/Univ. of Melbourne,     Australia   (Symmetry handling ABACUS, integral transformation)
  Andrew M. Teale,          University of Nottingham,     England     (DFT-AC, DFT-D)
  David P. Tew,             University of Bristol,        England     (CCSD(R12))
  Olav Vahtras,             KTH Stockholm,                Sweden      (triplet response, spin-orbit, ESR, TDDFT, open-shell DFT)
  Lucas Visscher,           Vrije Universiteit Amsterdam, Netherlands (Frozen density embedding model)
  David J. Wilson,          La Trobe University,          Australia   (DFT Hessian and DFT magnetizabilities)
  Hans Agren,               KTH Stockholm,                Sweden      (SIRIUS module, RESPONS, MC-SCRF solvation model)
 --------------------------------------------------------------------------------

     Date and time (Linux)  : Tue Aug  6 15:41:37 2019
     Host name              : adm-110765.pc.sdu.dk                    

 * Work memory size             :    64000000 =  488.28 megabytes.

 * Directories for basis set searches:
   1) /home/hjj/progs/gitDalton_hjaaj-srdft/build_srdft_intelmpi/test/rsp_hf_srLDA_x_mu_zero_fermi_nosymm
   2) /home/hjj/progs/gitDalton_hjaaj-srdft/build_srdft_intelmpi/basis


Compilation information
-----------------------

 Who compiled             | hjj
 Host                     | adm-110765.pc.sdu.dk
 System                   | Linux-4.15.0-39-generic
 CMake generator          | Unix Makefiles
 Processor                | x86_64
 64-bit integers          | OFF
 MPI                      | ON
 Fortran compiler         | /opt/intel/compilers_and_libraries_2019.1.144/linu
                          | x/mpi/intel64/bin/mpif90
 Fortran compiler version | GNU Fortran (Ubuntu 8.3.0-6ubuntu1~18.04.1) 8.3.0
 C compiler               | /opt/intel/compilers_and_libraries_2019.1.144/linu
                          | x/mpi/intel64/bin/mpicc
 C compiler version       | gcc (Ubuntu 7.4.0-1ubuntu1~18.04.1) 7.4.0
 C++ compiler             | /opt/intel/compilers_and_libraries_2019.1.144/linu
                          | x/mpi/intel64/bin/mpicxx
 C++ compiler version     | unknown
 BLAS                     | /opt/intel/compilers_and_libraries_2019.1.144/linu
                          | x/mkl/lib/intel64/libmkl_gf_lp64.so;/opt/intel/com
                          | pilers_and_libraries_2019.1.144/linux/mkl/lib/inte
                          | l64/libmkl_sequential.so;/opt/intel/compilers_and_
                          | libraries_2019.1.144/linux/mkl/lib/intel64/libmkl_
                          | core.so;/usr/lib/x86_64-linux-gnu/libpthread.so;/u
                          | sr/lib/x86_64-linux-gnu/libm.so
 LAPACK                   | /opt/intel/compilers_and_libraries_2019.1.144/linu
                          | x/mkl/lib/intel64/libmkl_lapack95_lp64.a;/opt/inte
                          | l/compilers_and_libraries_2019.1.144/linux/mkl/lib
                          | /intel64/libmkl_gf_lp64.so
 Static linking           | OFF
 Last Git revision        | f8892fe83769bcd863e671505911584565206414
 Git branch               | hjaaj-srdft
 Configuration time       | 2019-08-06 15:30:35.442168

 * Sequential calculation.


   Content of the .dal input file
 ----------------------------------

**DALTON INPUT
.RUN RESPONSE
.DIRECT
**INTEGRALS
.FC
*TWOINT
.DOSRINTEGRALS
.ERF
 0.00001
**WAVE FUNCTIONS
.HFSRDFT
.SRFUN
 SRXLDA NULL
*SCF INPUT
.MAX ERRORVECTORS
 2
**RESPONSE
*LINEAR
.FERMI
.TRIPLET
**END OF DALTON INPUT


   Content of the .mol file
 ----------------------------

BASIS
3-21G
TOP
KEK
Atomtypes=1 Angstrom Nosymmetry
Charge=1.0 Atoms=2
H 0.0 0.0 0.0
H 1.2 0.0 0.0


       *******************************************************************
       *********** Output from DALTON general input processing ***********
       *******************************************************************

 --------------------------------------------------------------------------------
   Overall default print level:    0
   Print level for DALTON.STAT:    1

    AO-direct calculation (in sections where implemented)
    HERMIT 1- and 2-electron integral sections will be executed
    "Old" integral transformation used (limited to max 255 basis functions)
    Wave function sections will be executed (SIRIUS module)
    Dynamic molecular response properties section will be executed (RESPONSE module)
 --------------------------------------------------------------------------------


   ****************************************************************************
   *************** Output of molecule and basis set information ***************
   ****************************************************************************


    The two title cards from your ".mol" input:
    ------------------------------------------------------------------------
 1: TOP                                                                     
 2: KEK                                                                     
    ------------------------------------------------------------------------

  Coordinates are entered in Angstrom and converted to atomic units.
          - Conversion factor : 1 bohr = 0.52917721 A

  Atomic type no.    1
  --------------------
  Nuclear charge:   1.00000
  Number of symmetry independent centers:    2
  Number of basis sets to read;    2
  Basis set file used for this atomic type with Z =   1 :
     "/home/hjj/progs/gitDalton_hjaaj-srdft/build_srdft_intelmpi/basis/3-21G"

  Info about the basis set file: your basis has no documentation.
  Basis set: 3-21G                                                                           


                         SYMGRP: Point group information
                         -------------------------------

@    Point group: C1 


                                 Isotopic Masses
                                 ---------------

                           H           1.007825
                           H           1.007825

                       Total mass:     2.015650 amu
                       Natural abundance:  99.970 %

 Center-of-mass coordinates (a.u.):    1.133836    0.000000    0.000000
 Center-of-mass coordinates (Angs):    0.600000    0.000000    0.000000


  Atoms and basis sets
  --------------------

  Number of atom types :    1
  Total number of atoms:    2

  Basis set used is "3-21G" from the basis set library.

  label    atoms   charge   prim   cont     basis
  ----------------------------------------------------------------------
  H           2    1.0000     3     2      [3s|2s]                                            
  ----------------------------------------------------------------------
  total:      2    2.0000     6     4
  ----------------------------------------------------------------------

  Threshold for neglecting AO integrals:  1.00D-12


  Cartesian Coordinates (a.u.)
  ----------------------------

  Total number of coordinates:    6
  H       :     1  x   0.0000000000    2  y   0.0000000000    3  z   0.0000000000
  H       :     4  x   2.2676713500    5  y   0.0000000000    6  z   0.0000000000


   Interatomic separations (in Angstrom):
   --------------------------------------

            H           H     
            ------      ------
 H     :    0.000000
 H     :    1.200000    0.000000


  Max    interatomic separation is    1.2000 Angstrom (    2.2677 Bohr)
  between atoms    2 and    1, "H     " and "H     ".

  Min HX interatomic separation is    1.2000 Angstrom (    2.2677 Bohr)


  Bond distances (Angstrom):
  --------------------------

                  atom 1     atom 2       distance
                  ------     ------       --------




 Principal moments of inertia (u*A**2) and principal axes
 --------------------------------------------------------

   IA       0.000000          1.000000    0.000000    0.000000
   IB       0.725634          0.000000    1.000000    0.000000
   IC       0.725634          0.000000    0.000000    1.000000


 Rotational constants
 --------------------

@    The molecule is linear.

               B =       696465.44 MHz     (   23.231587 cm-1)


@  Nuclear repulsion energy :    0.440981009000 Hartree


                     .---------------------------------------.
                     | Starting in Integral Section (HERMIT) |
                     `---------------------------------------'



 ***************************************************************************************
 ****************** Output from **INTEGRALS input processing (HERMIT) ******************
 ***************************************************************************************



    *************************************************************************
    ****************** Output from HERMIT input processing ******************
    *************************************************************************


 Default print level:        1

 Calculation of one-electron Hamiltonian integrals.

 The following one-electron property integrals are calculated as requested:
          - overlap integrals
          - Fermi contact integrals
            (Dirac delta function integrals)

 Center of mass  (bohr):      1.133835674996      0.000000000000      0.000000000000
 Operator center (bohr):      0.000000000000      0.000000000000      0.000000000000
 Gauge origin    (bohr):      0.000000000000      0.000000000000      0.000000000000
 Dipole origin   (bohr):      0.000000000000      0.000000000000      0.000000000000

 Integrals for all indirect spin-spin coupling and/or shielding tensors are calculated.


  Set-up from HR2INP:
  -------------------

 Print level in TWOINT:    1

 DFT-hybrid : Using a Erf type two-elec. operator
              with the coupling parameter :    0.00001
 * Direct calculation of Fock matrices in AO-basis.
 * Program controlled screening thresholds used for this.
 * Separate density screening of Coulomb integral batches
 * Separate density screening of exchange integral batches


     ************************************************************************
     ************************** Output from HERINT **************************
     ************************************************************************



                      Nuclear contribution to dipole moments
                      --------------------------------------

                 au               Debye          C m (/(10**-30)

      x      2.26767135         5.76384528        19.22611836
      y      0.00000000         0.00000000         0.00000000
      z      0.00000000         0.00000000         0.00000000


  Total CPU  time used in HERMIT:   0.00 seconds
  Total wall time used in HERMIT:   0.00 seconds


                        .----------------------------------.
                        | End of Integral Section (HERMIT) |
                        `----------------------------------'



                   .--------------------------------------------.
                   | Starting in Wave Function Section (SIRIUS) |
                   `--------------------------------------------'


 *** Output from Huckel module :

     Using EWMO model:          T
     Using EHT  model:          F
     Number of Huckel orbitals each symmetry:    2

 EWMO - Energy Weighted Maximum Overlap - is a Huckel type method,
        which normally is better than Extended Huckel Theory.
 Reference: Linderberg and Ohrn, Propagators in Quantum Chemistry (Wiley, 1973)

 Huckel EWMO eigenvalues for symmetry :  1
           -0.738080      -0.261920

 **********************************************************************
 *SIRIUS* a direct, restricted step, second order MCSCF program       *
 **********************************************************************

 
     Date and time (Linux)  : Tue Aug  6 15:41:37 2019
     Host name              : adm-110765.pc.sdu.dk                    

 Title lines from ".mol" input file:
     TOP                                                                     
     KEK                                                                     

 Print level on unit LUPRI =   2 is   0
 Print level on unit LUW4  =   2 is   5

@    Restricted, closed shell HF-srDFT hybrid calculation.

@    Time-dependent HF-srDFT calculation (response properties).
 Fock matrices are calculated directly without use of integrals on disk.

 Initial molecular orbitals are obtained according to
 ".MOSTART EWMO  " input option

     Wave function specification
     ============================
@    Wave function type        --- HF-srDFT ---
@    Number of closed shell electrons           2
@    Number of electrons in active shells       0
@    Total charge of the molecule               0

@    Spin multiplicity and 2 M_S                1         0
@    Total number of symmetries                 1 (point group: C1 )
@    Reference state symmetry                   1 (irrep name : A  )

@    This is a lrWFT-srDFT calculation using the 
@      SRXLDA     short range exchange functional
@      NULL       short range correlation functional

@    sr-DFT and exact sr-HF exchange weights:    1.000000    0.000000

     Orbital specifications
     ======================
@    Abelian symmetry species          All |    1
@                                          |  A  
                                       --- |  ---
@    Occupied SCF orbitals               1 |    1
@    Secondary orbitals                  3 |    3
@    Total number of orbitals            4 |    4
@    Number of basis functions           4 |    4

     Optimization information
     ========================
@    Number of configurations                 1
@    Number of orbital rotations              3
     ------------------------------------------
@    Total number of variables                4

     Maximum number of Fock   iterations      0
     Maximum number of DIIS   iterations     60
     Maximum number of QC-SCF iterations     60
     Threshold for SCF convergence     1.00D-05


 ***********************************************
 ***** DIIS acceleration of SCF iterations *****
 ***********************************************

 C1-DIIS algorithm; max error vectors =    2

 Iter      Total energy        Error norm    Delta(E)  DIIS dim.
 -----------------------------------------------------------------------------

***  INFO  GETGAB: GABSRXXX not found on AOPROPER. Regenerating.
** Atom H   
* Grid spacing
 Value chosen:  0.142
 AH =    10.894356000000000     
 RADERR =    1.0000000000000000E-013
* Inner grid point: 2.64923E-05
* Outer point:
 Value chosen:     9.278
 Constant c: 1.73693E-04
 Number of points:    77
H     1   18514      77     434
** Atom H   
* Grid spacing
 Value chosen:  0.142
 AH =    10.894356000000000     
 RADERR =    1.0000000000000000E-013
* Inner grid point: 2.64923E-05
* Outer point:
 Value chosen:     9.278
 Constant c: 1.73693E-04
 Number of points:    77
H     1   18514      77     434

   Number of grid points in quadrature:     37028 (100.0%)


   Ex-sr + Ec-sr                         -0.4760981895
 + EJsr = sr Coulomb energy               1.0796630926
 = Total E(srDFT)                         0.6035649031

   1  Screening settings (-IFTHRS, JTDIIS, DIFDEN, times)   -5    1    F  3.23D-02  3.20D-02
@  1   -0.987127196289        7.94190D-02   -9.87D-01    1
      Virial theorem: -V/T =      2.124890
@    MULPOP   H      -0.00; H       0.00; 
   1  Level shift: doubly occupied orbital energies shifted by -2.00D-01
 -----------------------------------------------------------------------------

   Ex-sr + Ec-sr                         -0.4694402679
 + EJsr = sr Coulomb energy               1.0670244453
 = Total E(srDFT)                         0.5975841774

   2  Screening settings (-IFTHRS, JTDIIS, DIFDEN, times)   -7    2    F  3.03D-02  3.10D-02
@  2   -0.987705286650        3.73575D-03   -5.78D-04    2
      Virial theorem: -V/T =      2.170074
@    MULPOP   H      -0.00; H       0.00; 
   2  Level shift: doubly occupied orbital energies shifted by -5.00D-02
 -----------------------------------------------------------------------------

   Ex-sr + Ec-sr                         -0.4691288087
 + EJsr = sr Coulomb energy               1.0664314441
 = Total E(srDFT)                         0.5973026353

   3  Screening settings (-IFTHRS, JTDIIS, DIFDEN, times)   -8    3    F  3.13D-02  3.10D-02
@  3   -0.987706592249        1.52852D-04   -1.31D-06    2
      Virial theorem: -V/T =      2.172229
@    MULPOP   H      -0.00; H       0.00; 
   3  Level shift: doubly occupied orbital energies shifted by -1.25D-02
 -----------------------------------------------------------------------------

   Ex-sr + Ec-sr                         -0.4691156663
 + EJsr = sr Coulomb energy               1.0664064180
 = Total E(srDFT)                         0.5972907517

   4  Screening settings (-IFTHRS, JTDIIS, DIFDEN, times)   -9    4    F  3.14D-02  3.20D-02
@  4   -0.987706594438        1.58158D-06   -2.19D-09    2

@ *** DIIS converged in   4 iterations !
@     Converged SCF energy, gradient:     -0.987706594438    1.58D-06
    - total time used in SIRFCK :              0.00 seconds


 *** SCF orbital energy analysis ***

 Number of electrons :    2
 Orbital occupations :    1

 Sym       Hartree-Fock orbital energies

1 A      -0.25932278     0.00970442     0.94173963     0.96863796

    E(LUMO) :     0.00970442 au (symmetry 1)
  - E(HOMO) :    -0.25932278 au (symmetry 1)
  ------------------------------------------
    gap     :     0.26902719 au

 --- Writing SIRIFC interface file

 CPU and wall time for SCF :       0.126       0.126


                       .-----------------------------------.
                       | --- Final results from SIRIUS --- |
                       `-----------------------------------'


@    Spin multiplicity:           1
@    Spatial symmetry:            1 ( irrep  A   in C1  )
@    Total charge of molecule:    0

@    Final HF-SRDFT energy:        -0.987706594438
@    Nuclear repulsion:             0.440981009000
@    Electronic energy:            -1.428687603438

@    Final gradient norm:           0.000001581580

 
     Date and time (Linux)  : Tue Aug  6 15:41:37 2019
     Host name              : adm-110765.pc.sdu.dk                    

File label for MO orbitals:   6Aug19   FOCKDIIS

 (Only coefficients > 0.0100 are printed.)

 Molecular orbitals for symmetry species 1  (A  )
 ------------------------------------------------

    Orbital         1        2        3        4
   1 H   :1s     0.2316  -0.2148   0.9204   0.9088
   2 H   :1s     0.4036  -0.9232  -0.6696  -1.1099
   3 H   :1s     0.2316   0.2148   0.9204  -0.9088
   4 H   :1s     0.4036   0.9232  -0.6696   1.1099

  Total CPU  time used in SIRIUS :   0.13 seconds
  Total wall time used in SIRIUS :   0.13 seconds

 
     Date and time (Linux)  : Tue Aug  6 15:41:37 2019
     Host name              : adm-110765.pc.sdu.dk                    


                     .---------------------------------------.
                     | End of Wave Function Section (SIRIUS) |
                     `---------------------------------------'



                 .------------------------------------------------.
                 | Starting in Dynamic Property Section (RESPONS) |
                 `------------------------------------------------'


 ----------------------------------------------------------------------------------------
  RESPONSE  -  an MCSCF, MC-srDFT, DFT, SOPPA and SOPPA-srDFT response property program
 ----------------------------------------------------------------------------------------


 -------- OUTPUT FROM RESPONSE INPUT PROCESSING --------




 Linear Response calculation
 ---------------------------

 Print level                                    : IPRLR  =   2
 Maximum number of iterations                   : MAXITL =  60
 Threshold for relative convergence             : THCLR  = 1.000D-03
 Maximum iterations in optimal orbital algorithm: MAXITO =   5

  1 B-frequencies  0.000000D+00

    2 second order properties calculated with symmetry no.    1 and labels:

          FC H 001
          FC H 002


   SCF energy         :       -0.987706594438107
 -- inactive part     :       -1.428687603438107
 -- nuclear repulsion :        0.440981009000000


                      *************************************
                      *** HF-srDFT response calculation ***
                      *************************************

 ----------------------------------------------------------------
 ----- Linear response calculation
 ----- Symmetry of excitation/property operator(s)    1  ( A  )
 ----------------------------------------------------------------

 Number of excitations of this symmetry            0
 Number of response properties of this symmetry    2
 Number of C6/C8 properties of this symmetry       0


 Perturbation symmetry.     KSYMOP:           1
 Perturbation spin symmetry.TRPLET:           T
 Orbital variables.         KZWOPT:           3
 Configuration variables.   KZCONF:           0
 Total number of variables. KZVAR :           3


 RSPLR -- linear response calculation for symmetry 1  ( A  )
 RSPLR -- operator label : FC H 001
 RSPLR -- operator spin  :   0
 RSPLR -- frequencies    :     0.000000



 ---  SOLVING SETS OF LINEAR EQUATIONS FOR LINEAR RESPONSE PROPERTIES ---

 Operator symmetry = 1  ( A  ); triplet =   T


 ** RSPCTL MICROITERATION NUMBER    1

       No.  Residual tot.,    conf., and orb.    Bnorm      Frequency 
      ----------------------------------------------------------------
         1    3.14821D+00  0.00D+00  3.15D+00  9.86D+00    0.00000D+00

 ** RSPCTL MICROITERATION NUMBER    2

       No.  Residual tot.,    conf., and orb.    Bnorm      Frequency 
      ----------------------------------------------------------------
         1    2.57775D-01  0.00D+00  2.58D-01  1.85D+01    0.00000D+00

 ** RSPCTL MICROITERATION NUMBER    3

       No.  Residual tot.,    conf., and orb.    Bnorm      Frequency 
      ----------------------------------------------------------------
         1    4.38132D-14  0.00D+00  4.38D-14  1.85D+01    0.00000D+00

 *** THE REQUESTED    1 SOLUTION VECTORS CONVERGED

 Convergence of RSP solution vectors, threshold = 1.00D-03
 ---------------------------------------------------------------
 (dimension of paired reduced space:    6)
 RSP solution vector no.    1; norm of residual   2.36D-15

 *** RSPCTL MICROITERATIONS CONVERGED


 RSPLR -- linear response calculation for symmetry 1  ( A  )
 RSPLR -- operator label : FC H 002
 RSPLR -- operator spin  :   0
 RSPLR -- frequencies    :     0.000000



 ---  SOLVING SETS OF LINEAR EQUATIONS FOR LINEAR RESPONSE PROPERTIES ---

 Operator symmetry = 1  ( A  ); triplet =   T


 ** RSPCTL MICROITERATION NUMBER    1

       No.  Residual tot.,    conf., and orb.    Bnorm      Frequency 
      ----------------------------------------------------------------
         1    3.14821D+00  0.00D+00  3.15D+00  9.86D+00    0.00000D+00

 ** RSPCTL MICROITERATION NUMBER    2

       No.  Residual tot.,    conf., and orb.    Bnorm      Frequency 
      ----------------------------------------------------------------
         1    2.57775D-01  0.00D+00  2.58D-01  1.85D+01    0.00000D+00

 ** RSPCTL MICROITERATION NUMBER    3

       No.  Residual tot.,    conf., and orb.    Bnorm      Frequency 
      ----------------------------------------------------------------
         1    4.86992D-14  0.00D+00  4.87D-14  1.85D+01    0.00000D+00

 *** THE REQUESTED    1 SOLUTION VECTORS CONVERGED

 Convergence of RSP solution vectors, threshold = 1.00D-03
 ---------------------------------------------------------------
 (dimension of paired reduced space:    6)
 RSP solution vector no.    1; norm of residual   2.63D-15

 *** RSPCTL MICROITERATIONS CONVERGED


           Final output of second order properties from linear response
           ------------------------------------------------------------


@ Spin symmetry of operators: triplet

 Note that minus the linear response function: - << A; B >>(omega) is printed.
 The results are of quadratic accuracy using Sellers formula.

@ FREQUENCY INDEPENDENT SECOND ORDER PROPERTIES

@ -<< FC H 001 ; FC H 001 >> =  8.529834963507E+01
@ -<< FC H 001 ; FC H 002 >> = -5.418070506817E+01
@ -<< FC H 002 ; FC H 002 >> =  8.529834979333E+01


 Time used in linear response calculation is      0.27 CPU seconds for symmetry 1

  Total CPU  time used in RESPONSE:   0.27 seconds
  Total wall time used in RESPONSE:   0.27 seconds


                   .-------------------------------------------.
                   | End of Dynamic Property Section (RESPONS) |
                   `-------------------------------------------'

  Total CPU  time used in DALTON:   0.40 seconds
  Total wall time used in DALTON:   0.40 seconds

 
     Date and time (Linux)  : Tue Aug  6 15:41:37 2019
     Host name              : adm-110765.pc.sdu.dk                    
