

     ************************************************************************
     *************** Dalton - An Electronic Structure Program ***************
     ************************************************************************

    This is output from DALTON 2016.alpha
   ----------------------------------------------------------------------------
    NOTE:
     
    Dalton is an experimental code for the evaluation of molecular
    properties using (MC)SCF, DFT, CI, and CC wave functions.
    The authors accept no responsibility for the performance of
    the code or for the correctness of the results.
     
    The code (in whole or part) is provided under a licence and
    is not to be reproduced for further distribution without
    the written permission of the authors or their representatives.
     
    See the home page "http://daltonprogram.org" for further information.
     
    If results obtained with this code are published,
    the appropriate citations would be both of:
     
       K. Aidas, C. Angeli, K. L. Bak, V. Bakken, R. Bast,
       L. Boman, O. Christiansen, R. Cimiraglia, S. Coriani,
       J. Cukras, P. Dahle, E. K. Dalskov, U. Ekstroem,
       T. Enevoldsen, J. J. Eriksen, P. Ettenhuber, B. Fernandez,
       L. Ferrighi, H. Fliegl, L. Frediani, K. Hald, A. Halkier,
       C. Haettig, H. Heiberg, T. Helgaker, A. C. Hennum,
       H. Hettema, E. Hjertenaes, S. Hoest, I.-M. Hoeyvik,
       M. F. Iozzi, B. Jansik, H. J. Aa. Jensen, D. Jonsson,
       P. Joergensen, M. Kaminski, J. Kauczor, S. Kirpekar,
       T. Kjaergaard, W. Klopper, S. Knecht, R. Kobayashi, H. Koch,
       J. Kongsted, A. Krapp, K. Kristensen, A. Ligabue,
       O. B. Lutnaes, J. I. Melo, K. V. Mikkelsen, R. H. Myhre,
       C. Neiss, C. B. Nielsen, P. Norman, J. Olsen,
       J. M. H. Olsen, A. Osted, M. J. Packer, F. Pawlowski,
       T. B. Pedersen, P. F. Provasi, S. Reine, Z. Rinkevicius,
       T. A. Ruden, K. Ruud, V. Rybkin, P. Salek, C. C. M. Samson,
       A. Sanchez de Meras, T. Saue, S. P. A. Sauer,
       B. Schimmelpfennig, K. Sneskov, A. H. Steindal,
       K. O. Sylvester-Hvid, P. R. Taylor, A. M. Teale,
       E. I. Tellgren, D. P. Tew, A. J. Thorvaldsen, L. Thoegersen,
       O. Vahtras, M. A. Watson, D. J. D. Wilson, M. Ziolkowski
       and H. Agren,
       "The Dalton quantum chemistry program system",
       WIREs Comput. Mol. Sci. 2013. (doi: 10.1002/wcms.1172)
    
    and
    
       Dalton, a Molecular Electronic Structure Program,
       Release Dalton2016.alpha (2015), see http://daltonprogram.org
   ----------------------------------------------------------------------------

    Authors in alphabetical order (major contribution(s) in parenthesis):

  Kestutis Aidas,           Vilnius University,           Lithuania   (QM/MM)
  Celestino Angeli,         University of Ferrara,        Italy       (NEVPT2)
  Keld L. Bak,              UNI-C,                        Denmark     (AOSOPPA, non-adiabatic coupling, magnetic properties)
  Vebjoern Bakken,          University of Oslo,           Norway      (DALTON; geometry optimizer, symmetry detection)
  Radovan Bast,             KTH Stockholm,                Sweden      (DALTON installation and execution frameworks)
  Pablo Baudin,             University of Valencia,       Spain       (Cholesky excitation energies)
  Linus Boman,              NTNU,                         Norway      (Cholesky decomposition and subsystems)
  Ove Christiansen,         Aarhus University,            Denmark     (CC module)
  Renzo Cimiraglia,         University of Ferrara,        Italy       (NEVPT2)
  Sonia Coriani,            University of Trieste,        Italy       (CC module, MCD in RESPONS)
  Janusz Cukras,            University of Trieste,        Italy       (MChD in RESPONS)
  Paal Dahle,               University of Oslo,           Norway      (Parallelization)
  Erik K. Dalskov,          UNI-C,                        Denmark     (SOPPA)
  Thomas Enevoldsen,        Univ. of Southern Denmark,    Denmark     (SOPPA)
  Janus J. Eriksen,         Aarhus University,            Denmark     (Polarizable embedding model, TDA)
  Berta Fernandez,          U. of Santiago de Compostela, Spain       (doublet spin, ESR in RESPONS)
  Lara Ferrighi,            Aarhus University,            Denmark     (PCM Cubic response)
  Heike Fliegl,             University of Oslo,           Norway      (CCSD(R12))
  Luca Frediani,            UiT The Arctic U. of Norway,  Norway      (PCM)
  Bin Gao,                  UiT The Arctic U. of Norway,  Norway      (Gen1Int library)
  Christof Haettig,         Ruhr-University Bochum,       Germany     (CC module)
  Kasper Hald,              Aarhus University,            Denmark     (CC module)
  Asger Halkier,            Aarhus University,            Denmark     (CC module)
  Erik D. Hedegaard,        Univ. of Southern Denmark,    Denmark     (Polarizable embedding model, QM/MM)
  Hanne Heiberg,            University of Oslo,           Norway      (geometry analysis, selected one-electron integrals)
  Trygve Helgaker,          University of Oslo,           Norway      (DALTON; ABACUS, ERI, DFT modules, London, and much more)
  Alf Christian Hennum,     University of Oslo,           Norway      (Parity violation)
  Hinne Hettema,            University of Auckland,       New Zealand (quadratic response in RESPONS; SIRIUS supersymmetry)
  Eirik Hjertenaes,         NTNU,                         Norway      (Cholesky decomposition)
  Maria Francesca Iozzi,    University of Oslo,           Norway      (RPA)
  Brano Jansik              Technical Univ. of Ostrava    Czech Rep.  (DFT cubic response)
  Hans Joergen Aa. Jensen,  Univ. of Southern Denmark,    Denmark     (DALTON; SIRIUS, RESPONS, ABACUS modules, London, and much more)
  Dan Jonsson,              UiT The Arctic U. of Norway,  Norway      (cubic response in RESPONS module)
  Poul Joergensen,          Aarhus University,            Denmark     (RESPONS, ABACUS, and CC modules)
  Maciej Kaminski,          University of Warsaw,         Poland      (CPPh in RESPONS)
  Joanna Kauczor,           Linkoeping University,        Sweden      (Complex polarization propagator (CPP) module)
  Sheela Kirpekar,          Univ. of Southern Denmark,    Denmark     (Mass-velocity & Darwin integrals)
  Wim Klopper,              KIT Karlsruhe,                Germany     (R12 code in CC, SIRIUS, and ABACUS modules)
  Stefan Knecht,            ETH Zurich,                   Switzerland (Parallel CI and MCSCF)
  Rika Kobayashi,           Australian National Univ.,    Australia   (DIIS in CC, London in MCSCF)
  Henrik Koch,              NTNU,                         Norway      (CC module, Cholesky decomposition)
  Jacob Kongsted,           Univ. of Southern Denmark,    Denmark     (Polarizable embedding model, QM/MM)
  Andrea Ligabue,           University of Modena,         Italy       (CTOCD, AOSOPPA)
  Nanna H. List             Univ. of Southern Denmark,    Denmark     (Polarizable embedding model)
  Ola B. Lutnaes,           University of Oslo,           Norway      (DFT Hessian)
  Juan I. Melo,             University of Buenos Aires,   Argentina   (LRESC, Relativistic Effects on NMR Shieldings)
  Kurt V. Mikkelsen,        University of Copenhagen,     Denmark     (MC-SCRF and QM/MM)
  Rolf H. Myhre,            NTNU,                         Norway      (Cholesky, subsystems and ECC2)
  Christian Neiss,          Univ. Erlangen-Nuernberg,     Germany     (CCSD(R12))
  Christian B. Nielsen,     University of Copenhagen,     Denmark     (QM/MM)
  Patrick Norman,           Linkoeping University,        Sweden      (Cubic response and complex response in RESPONS)
  Jeppe Olsen,              Aarhus University,            Denmark     (SIRIUS CI/density modules)
  Jogvan Magnus H. Olsen,   Univ. of Southern Denmark,    Denmark     (Polarizable embedding model, QM/MM)
  Anders Osted,             Copenhagen University,        Denmark     (QM/MM)
  Martin J. Packer,         University of Sheffield,      UK          (SOPPA)
  Filip Pawlowski,          Kazimierz Wielki University,  Poland      (CC3)
  Morten N. Pedersen,       Univ. of Southern Denmark,    Denmark     (Polarizable embedding model)
  Thomas B. Pedersen,       University of Oslo,           Norway      (Cholesky decomposition)
  Patricio F. Provasi,      University of Northeastern,   Argentina   (Analysis of coupling constants in localized orbitals)
  Zilvinas Rinkevicius,     KTH Stockholm,                Sweden      (open-shell DFT, ESR)
  Elias Rudberg,            KTH Stockholm,                Sweden      (DFT grid and basis info)
  Torgeir A. Ruden,         University of Oslo,           Norway      (Numerical derivatives in ABACUS)
  Kenneth Ruud,             UiT The Arctic U. of Norway,  Norway      (DALTON; ABACUS magnetic properties and much more)
  Pawel Salek,              KTH Stockholm,                Sweden      (DALTON; DFT code)
  Claire C. M. Samson       University of Karlsruhe       Germany     (Boys localization, r12 integrals in ERI)
  Alfredo Sanchez de Meras, University of Valencia,       Spain       (CC module, Cholesky decomposition)
  Trond Saue,               Paul Sabatier University,     France      (direct Fock matrix construction)
  Stephan P. A. Sauer,      University of Copenhagen,     Denmark     (SOPPA(CCSD), SOPPA prop., AOSOPPA, vibrational g-factors)
  Bernd Schimmelpfennig,    Forschungszentrum Karlsruhe,  Germany     (AMFI module)
  Kristian Sneskov,         Aarhus University,            Denmark     (Polarizable embedding model, QM/MM)
  Arnfinn H. Steindal,      UiT The Arctic U. of Norway,  Norway      (parallel QM/MM, Polarizable embedding model)
  Casper Steinmann,         Univ. of Southern Denmark,    Denmark     (QFIT, Polarizable embedding model)
  K. O. Sylvester-Hvid,     University of Copenhagen,     Denmark     (MC-SCRF)
  Peter R. Taylor,          VLSCI/Univ. of Melbourne,     Australia   (Symmetry handling ABACUS, integral transformation)
  Andrew M. Teale,          University of Nottingham,     England     (DFT-AC, DFT-D)
  David P. Tew,             University of Bristol,        England     (CCSD(R12))
  Olav Vahtras,             KTH Stockholm,                Sweden      (triplet response, spin-orbit, ESR, TDDFT, open-shell DFT)
  David J. Wilson,          La Trobe University,          Australia   (DFT Hessian and DFT magnetizabilities)
  Hans Agren,               KTH Stockholm,                Sweden      (SIRIUS module, RESPONS, MC-SCRF solvation model)
 --------------------------------------------------------------------------------

     Date and time (Linux)  : Wed Mar 18 20:13:46 2015
     Host name              : donkey                                  

 * Work memory size             :    64000000 =  488.28 megabytes.

 * Directories for basis set searches:
   1) /home/bast/devel/dalton/xcint/DALTON/test/xcint_energy
   2) /home/bast/devel/dalton/xcint/build/basis


Compilation information
-----------------------

 Who compiled             | bast
 Host                     | donkey
 System                   | Linux-3.13.0-46-generic
 CMake generator          | Unix Makefiles
 Processor                | x86_64
 64-bit integers          | OFF
 MPI                      | OFF
 Fortran compiler         | /usr/bin/gfortran
 Fortran compiler version | GNU Fortran (Ubuntu 4.8.2-19ubuntu1) 4.8.2
 C compiler               | /usr/bin/gcc
 C compiler version       | gcc (Ubuntu 4.8.2-19ubuntu1) 4.8.2
 C++ compiler             | /usr/bin/g++
 C++ compiler version     | g++ (Ubuntu 4.8.2-19ubuntu1) 4.8.2
 BLAS                     | /opt/intel/mkl/lib/intel64/libmkl_gf_lp64.so;/opt/
                          | intel/mkl/lib/intel64/libmkl_sequential.so;/opt/in
                          | tel/mkl/lib/intel64/libmkl_core.so;/usr/lib/x86_64
                          | -linux-gnu/libpthread.so;/usr/lib/x86_64-linux-gnu
                          | /libm.so
 LAPACK                   | /opt/intel/mkl/lib/intel64/libmkl_lapack95_lp64.a;
                          | /opt/intel/mkl/lib/intel64/libmkl_gf_lp64.so
 Static linking           | OFF
 Last Git revision        | b05a2512aacd77df5b94d07d41103e9d7115a638
 Git branch               | radovan/xcint-interface
 Configuration time       | 2015-03-18 20:13:06.219854


   Content of the .dal input file
 ----------------------------------

**DALTON INPUT                                    
.RUN WAVE                                         
.DIRECT                                           
**WAVE FUNCTIONS                                  
.DFT                                              
 LDA                                              
*END OF DALTON INPUT                              


   Content of the .mol file
 ----------------------------

BASIS                                                                          
cc-pVDZ                                                                        
                                                                               
                                                                               
Atomtypes=2 Nosymmetry                                                         
Charge=8.0 Atoms=1                                                             
O      0.00000   0.00000   0.00000                                             
Charge=1.0 Atoms=2                                                             
H1     0.55168   0.77340   0.00000                                             
H2     0.55168  -0.77340   0.00000                                             


       *******************************************************************
       *********** Output from DALTON general input processing ***********
       *******************************************************************

 --------------------------------------------------------------------------------
   Overall default print level:    0
   Print level for DALTON.STAT:    1

    AO-direct calculation (in sections where implemented)
    HERMIT 1- and 2-electron integral sections will be executed
    "Old" integral transformation used (limited to max 255 basis functions)
    Wave function sections will be executed (SIRIUS module)
 --------------------------------------------------------------------------------


   ****************************************************************************
   *************** Output of molecule and basis set information ***************
   ****************************************************************************


    The two title cards from your ".mol" input:
    ------------------------------------------------------------------------
 1:                                                                         
 2:                                                                         
    ------------------------------------------------------------------------

  Atomic type no.    1
  --------------------
  Nuclear charge:   8.00000
  Number of symmetry independent centers:    1
  Number of basis sets to read;    2
  Basis set file used for this atomic type with Z =   8 :
     "/home/bast/devel/dalton/xcint/build/basis/cc-pVDZ"

  Atomic type no.    2
  --------------------
  Nuclear charge:   1.00000
  Number of symmetry independent centers:    2
  Number of basis sets to read;    2
  Basis set file used for this atomic type with Z =   1 :
     "/home/bast/devel/dalton/xcint/build/basis/cc-pVDZ"


                         SYMGRP: Point group information
                         -------------------------------

@    Point group: C1 


                                 Isotopic Masses
                                 ---------------

                           O          15.994915
                           H1          1.007825
                           H2          1.007825

                       Total mass:    18.010565 amu
                       Natural abundance:  99.730 %

 Center-of-mass coordinates (a.u.):    0.061741    0.000000    0.000000


  Atoms and basis sets
  --------------------

  Number of atom types :    2
  Total number of atoms:    3

  Basis set used is "cc-pVDZ" from the basis set library.

  label    atoms   charge   prim   cont     basis
  ----------------------------------------------------------------------
  O           1    8.0000    26    14      [9s4p1d|3s2p1d]                                    
  H2          2    1.0000     7     5      [4s1p|2s1p]                                        
  ----------------------------------------------------------------------
  total:      3   10.0000    40    24
  ----------------------------------------------------------------------
  Spherical harmonic basis used.

  Threshold for neglecting AO integrals:  1.00D-12


  Cartesian Coordinates (a.u.)
  ----------------------------

  Total number of coordinates:    9
  O       :     1  x   0.0000000000    2  y   0.0000000000    3  z   0.0000000000
  H1      :     4  x   0.5516800000    5  y   0.7734000000    6  z   0.0000000000
  H2      :     7  x   0.5516800000    8  y  -0.7734000000    9  z   0.0000000000


   Interatomic separations (in Angstrom):
   --------------------------------------

            O           H1          H2    
            ------      ------      ------
 O     :    0.000000
 H1    :    0.502718    0.000000
 H2    :    0.502718    0.818531    0.000000


  Max    interatomic separation is    0.8185 Angstrom (    1.5468 Bohr)
  between atoms    3 and    2, "H2    " and "H1    ".

  Min HX interatomic separation is    0.5027 Angstrom (    0.9500 Bohr)

@ WARNING: Number of short HX and YX bond lengths:    2    0
@ WARNING: If not intentional, maybe your coordinates were in Angstrom,
@ WARNING: but "Angstrom" was not specified in .mol file


  Bond distances (Angstrom):
  --------------------------

                  atom 1     atom 2       distance
                  ------     ------       --------
  bond distance:  H1         O            0.502718
  bond distance:  H2         O            0.502718
  bond distance:  H2         H1           0.818531


  Bond angles (degrees):
  ----------------------

                  atom 1     atom 2     atom 3         angle
                  ------     ------     ------         -----
  bond angle:     H1         O          H2           108.998
  bond angle:     O          H1         H2            35.501
  bond angle:     O          H2         H1            35.501




 Principal moments of inertia (u*A**2) and principal axes
 --------------------------------------------------------

   IA       0.152562          0.000000    1.000000    0.000000
   IB       0.337618          1.000000    0.000000    0.000000
   IC       0.490180          0.000000    0.000000    1.000000


 Rotational constants
 --------------------

@    The molecule is planar.

               A                   B                   C

        3312613.2088        1496895.4656        1031006.7051 MHz
          110.496883           49.931058           34.390682 cm-1


@  Nuclear repulsion energy :   17.488616348415 Hartree


                     .---------------------------------------.
                     | Starting in Integral Section (HERMIT) |
                     `---------------------------------------'



 ***************************************************************************************
 ****************** Output from **INTEGRALS input processing (HERMIT) ******************
 ***************************************************************************************


 - Using defaults, no **INTEGRALS input found

 Default print level:        1

 * Nuclear model: Point charge

 Calculation of one-electron Hamiltonian integrals.

 Center of mass  (bohr):      0.061741194238      0.000000000000      0.000000000000
 Operator center (bohr):      0.000000000000      0.000000000000      0.000000000000
 Gauge origin    (bohr):      0.000000000000      0.000000000000      0.000000000000
 Dipole origin   (bohr):      0.000000000000      0.000000000000      0.000000000000


     ************************************************************************
     ************************** Output from HERINT **************************
     ************************************************************************

 >>>> Total CPU  time used in HERMIT:   0.02 seconds
 >>>> Total wall time used in HERMIT:   0.02 seconds


                        .----------------------------------.
                        | End of Integral Section (HERMIT) |
                        `----------------------------------'



                   .--------------------------------------------.
                   | Starting in Wave Function Section (SIRIUS) |
                   `--------------------------------------------'


 *** Output from Huckel module :

     Using EWMO model:          T
     Using EHT  model:          F
     Number of Huckel orbitals each symmetry:    7

 EWMO - Energy Weighted Maximum Overlap - is a Huckel type method,
        which normally is better than Extended Huckel Theory.
 Reference: Linderberg and Ohrn, Propagators in Quantum Chemistry (Wiley, 1973)

 Huckel EWMO eigenvalues for symmetry :  1
          -20.705062      -1.945824      -0.739359      -0.648877      -0.616200
           -0.087290      -0.037290

 **********************************************************************
 *SIRIUS* a direct, restricted step, second order MCSCF program       *
 **********************************************************************

 
     Date and time (Linux)  : Wed Mar 18 20:13:46 2015
     Host name              : donkey                                  

 Title lines from ".mol" input file:
                                                                             
                                                                             

 Print level on unit LUPRI =   2 is   0
 Print level on unit LUW4  =   2 is   5

@    Restricted, closed shell Kohn-Sham DFT calculation.
 Fock matrices are calculated directly without use of integrals on disk.

 Initial molecular orbitals are obtained according to
 ".MOSTART EWMO  " input option

     Wave function specification
     ============================
@    Wave function type        >>> KS-DFT <<<
@    Number of closed shell electrons          10
@    Number of electrons in active shells       0
@    Total charge of the molecule               0

@    Spin multiplicity and 2 M_S                1         0
@    Total number of symmetries                 1 (point group: C1 )
@    Reference state symmetry                   1 (irrep name : A  )
 
     This is a DFT calculation of type: LDA

     Orbital specifications
     ======================
@    Abelian symmetry species          All |    1
@                                          |  A  
                                       --- |  ---
@    Occupied SCF orbitals               5 |    5
@    Secondary orbitals                 19 |   19
@    Total number of orbitals           24 |   24
@    Number of basis functions          24 |   24

     Optimization information
     ========================
@    Number of configurations                 1
@    Number of orbital rotations             95
     ------------------------------------------
@    Total number of variables               96

     Maximum number of Fock   iterations      0
     Maximum number of DIIS   iterations     60
     Maximum number of QC-SCF iterations     60
     Threshold for SCF convergence     1.00D-05
 
     This is a DFT calculation of type: LDA


 ***********************************************
 ***** DIIS acceleration of SCF iterations *****
 ***********************************************

 C1-DIIS algorithm; max error vectors =    8

 Iter      Total energy        Error norm    Delta(E)  DIIS dim.
 -----------------------------------------------------------------------------
   1  Screening settings (-IFTHRS, JTDIIS, DIFDEN, times)   -6    1    F  3.65D-02  3.60D-02
      K-S energy, electrons, error :     -9.003597848071   9.9999998587   -1.41D-07
@  1    -73.6765107196        3.61099D+00   -7.37D+01    1
      Virial theorem: -V/T =      1.951994
@      MULPOP O      -0.73; H1      0.36; H2      0.36; 
 -----------------------------------------------------------------------------
   2  Screening settings (-IFTHRS, JTDIIS, DIFDEN, times)   -7    2    F  2.91D-02  2.90D-02
      K-S energy, electrons, error :     -9.926594140155   9.9999998541   -1.46D-07
@  2    -74.0971101900        2.22478D+00   -4.21D-01    2
      Virial theorem: -V/T =      1.887186
@      MULPOP O       0.19; H1     -0.10; H2     -0.10; 
 -----------------------------------------------------------------------------
   3  Screening settings (-IFTHRS, JTDIIS, DIFDEN, times)   -7    3    F  2.88D-02  2.90D-02
      K-S energy, electrons, error :     -9.370466475972   9.9999998476   -1.52D-07
@  3    -74.2763384850        6.79503D-01   -1.79D-01    3
      Virial theorem: -V/T =      1.936020
@      MULPOP O       0.35; H1     -0.17; H2     -0.17; 
 -----------------------------------------------------------------------------
   4  Screening settings (-IFTHRS, JTDIIS, DIFDEN, times)   -7    4    F  2.88D-02  2.90D-02
      K-S energy, electrons, error :     -9.512972343321   9.9999998498   -1.50D-07
@  4    -74.2917917803        1.29450D-01   -1.55D-02    4
      Virial theorem: -V/T =      1.923592
@      MULPOP O       0.19; H1     -0.10; H2     -0.10; 
 -----------------------------------------------------------------------------
   5  Screening settings (-IFTHRS, JTDIIS, DIFDEN, times)   -8    5    F  2.89D-02  2.90D-02
      K-S energy, electrons, error :     -9.491020223851   9.9999998496   -1.50D-07
@  5    -74.2924117435        4.46139D-03   -6.20D-04    5
      Virial theorem: -V/T =      1.925482
@      MULPOP O       0.21; H1     -0.11; H2     -0.11; 
 -----------------------------------------------------------------------------
   6  Screening settings (-IFTHRS, JTDIIS, DIFDEN, times)  -10    6    F  2.89D-02  2.80D-02
      K-S energy, electrons, error :     -9.491529273631   9.9999998496   -1.50D-07
@  6    -74.2924124130        3.60424D-04   -6.70D-07    6
      Virial theorem: -V/T =      1.925435
@      MULPOP O       0.21; H1     -0.11; H2     -0.11; 
 -----------------------------------------------------------------------------
   7  Screening settings (-IFTHRS, JTDIIS, DIFDEN, times)  -10    7    F  2.88D-02  2.90D-02
      K-S energy, electrons, error :     -9.491601825138   9.9999998496   -1.50D-07
@  7    -74.2924124181        3.82798D-06   -5.11D-09    7

@ *** DIIS converged in   7 iterations !
@     Converged SCF energy, gradient:    -74.292412418111    3.83D-06
    - total time used in SIRFCK :              0.00 seconds


 *** SCF orbital energy analysis ***

 Number of electrons :   10
 Orbital occupations :    5

 Sym       Kohn-Sham orbital energies

1 A     -18.55358843    -1.17409215    -0.69277105    -0.34685171    -0.28855550
          0.10475185     0.17418232     0.70636600     0.73899874     0.84776969
          1.11983707     1.15781732     1.27187646     1.34789832     1.75261336
          1.77338397     2.19194253     3.08503128     3.12158134     3.19692271
          3.44689181     3.50109384     5.46020299     6.92159573

    E(LUMO) :     0.10475185 au (symmetry 1)
  - E(HOMO) :    -0.28855550 au (symmetry 1)
  ------------------------------------------
    gap     :     0.39330735 au

 NOTE: MOLECULAR ORBITALS ARE NOT CANONICAL HARTREE-FOCK ORBITALS

 Largest off-diagonal Fock matrix element is  5.36D-02

 >>> Writing SIRIFC interface file

 >>>> CPU and wall time for SCF :       2.547       2.550


                       .-----------------------------------.
                       | >>> Final results from SIRIUS <<< |
                       `-----------------------------------'


@    Spin multiplicity:           1
@    Spatial symmetry:            1 ( irrep  A   in C1  )
@    Total charge of molecule:    0

@    Final DFT energy:            -74.292412418111                 
@    Nuclear repulsion:            17.488616348415
@    Electronic energy:           -91.781028766526

@    Final gradient norm:           0.000003827977

 
     Date and time (Linux)  : Wed Mar 18 20:13:49 2015
     Host name              : donkey                                  

File label for MO orbitals:  18Mar15   FOCKDIIS

 (Only coefficients >0.0100 are printed.)

 Molecular orbitals for symmetry species 1  (A  )
 ------------------------------------------------

    Orbital         1        2        3        4        5        6        7
   1 O   :1s    -1.0126   0.0648  -0.0000   0.0070  -0.0000   0.0102   0.0000
   2 O   :1s    -0.0574  -0.7456  -0.0000  -0.3261  -0.0000  -0.3226   0.0000
   3 O   :1s     0.0270   0.5418   0.0000  -0.2395   0.0000  -0.8010  -0.0000
   4 O   :2px   -0.0122  -0.3411  -0.0000   0.8831  -0.0000  -0.0913   0.0000
   5 O   :2py   -0.0000  -0.0000   0.9223   0.0000   0.0000   0.0000  -0.3499
   6 O   :2pz   -0.0000   0.0000   0.0000  -0.0000  -0.9591   0.0000   0.0000
   7 O   :2px    0.0030   0.2337   0.0000  -0.0701  -0.0000   0.0695  -0.0000
   8 O   :2py    0.0000   0.0000  -0.3822  -0.0000  -0.0000  -0.0000  -0.3350
   9 O   :2pz   -0.0000   0.0000   0.0000  -0.0000  -0.0151   0.0000   0.0000
  10 O   :3d2-  -0.0000  -0.0000   0.0611   0.0000   0.0000   0.0000  -0.0278
  12 O   :3d0    0.0026   0.0225   0.0000  -0.0176   0.0000   0.0132  -0.0000
  13 O   :3d1+  -0.0000   0.0000   0.0000  -0.0000  -0.0382   0.0000   0.0000
  14 O   :3d2+   0.0018  -0.0044  -0.0000   0.0390  -0.0000   0.0114  -0.0000
  15 H1  :1s     0.0264  -0.6683   0.6829   0.2238   0.0000  -0.0630  -0.0618
  16 H1  :1s    -0.0150   0.3034  -0.2299  -0.1475  -0.0000   0.8830   2.5624
  17 H1  :2px   -0.0029   0.0219  -0.0207   0.0087  -0.0000  -0.0073  -0.0100
  18 H1  :2py   -0.0034   0.0283  -0.0255  -0.0065  -0.0000  -0.0042   0.0413
  19 H1  :2pz    0.0000  -0.0000  -0.0000   0.0000  -0.0200  -0.0000  -0.0000
  20 H2  :1s     0.0264  -0.6683  -0.6829   0.2238  -0.0000  -0.0630   0.0618
  21 H2  :1s    -0.0150   0.3034   0.2299  -0.1475  -0.0000   0.8830  -2.5624
  22 H2  :2px   -0.0029   0.0219   0.0207   0.0087   0.0000  -0.0073   0.0100
  23 H2  :2py    0.0034  -0.0283  -0.0255   0.0065  -0.0000   0.0042   0.0413
  24 H2  :2pz    0.0000  -0.0000  -0.0000   0.0000  -0.0200  -0.0000  -0.0000

    Orbital         8        9       10       11       12       13       14
   1 O   :1s    -0.0571   0.0000  -0.0000  -0.0000   0.1594   0.0009  -0.0000
   2 O   :1s    -0.0678   0.0000  -0.0000  -0.0000   0.5188  -0.9197  -0.0000
   3 O   :1s     1.3380  -0.0000   0.0000   0.0000  -2.5911   2.8483   0.0000
   4 O   :2px   -0.8967   0.0000  -0.0000   0.0000   0.1740   0.0317  -0.0000
   5 O   :2py   -0.0000  -0.0000   0.4201  -0.8340   0.0000  -0.0000  -0.0000
   6 O   :2pz   -0.0000  -0.9769  -0.0000   0.0000   0.0000   0.0000   0.0000
   7 O   :2px    1.9356   0.0000   0.0000   0.0000  -0.3151  -0.1658   0.0000
   8 O   :2py    0.0000   0.0000  -2.5764   1.0940  -0.0000   0.0000   0.0000
   9 O   :2pz   -0.0000   1.7621  -0.0000   0.0000   0.0000   0.0000   0.0000
  10 O   :3d2-  -0.0000  -0.0000  -0.0400   0.0192   0.0000  -0.0000  -0.0000
  11 O   :3d1-   0.0000   0.0000  -0.0000  -0.0000  -0.0000  -0.0000   0.0147
  12 O   :3d0   -0.0223  -0.0000   0.0000  -0.0000   0.0023  -0.0589   0.0000
  13 O   :3d1+  -0.0000   0.0534  -0.0000   0.0000   0.0000   0.0000   0.0000
  14 O   :3d2+   0.0531   0.0000  -0.0000   0.0000   0.0634  -0.0723  -0.0000
  15 H1  :1s    -0.8100  -0.0000   1.6113   0.4760   1.8480  -0.3667   0.0000
  16 H1  :1s     0.0884   0.0000   0.9863  -1.6456  -0.7031  -0.4503  -0.0000
  17 H1  :2px   -0.2045   0.0000   0.1527   0.5317  -0.4282   0.4968  -0.0000
  18 H1  :2py    0.0938   0.0000   0.2933   0.3113   0.4801   0.4304  -0.0000
  19 H1  :2pz    0.0000  -0.3251   0.0000  -0.0000  -0.0000  -0.0000   0.9176
  20 H2  :1s    -0.8100   0.0000  -1.6113  -0.4760   1.8480  -0.3667  -0.0000
  21 H2  :1s     0.0884   0.0000  -0.9863   1.6456  -0.7031  -0.4503   0.0000
  22 H2  :2px   -0.2045  -0.0000  -0.1527  -0.5317  -0.4282   0.4968   0.0000
  23 H2  :2py   -0.0938   0.0000   0.2933   0.3113  -0.4801  -0.4304   0.0000
  24 H2  :2pz    0.0000  -0.3251   0.0000  -0.0000  -0.0000  -0.0000  -0.9176

    Orbital        15
   1 O   :1s     0.5879
   2 O   :1s     2.1319
   3 O   :1s    -3.8628
   4 O   :2px   -1.0704
   7 O   :2px   -0.3904
  12 O   :3d0   -0.2785
  14 O   :3d2+   0.0241
  15 H1  :1s     1.5079
  16 H1  :1s    -0.4363
  17 H1  :2px    0.6534
  20 H2  :1s     1.5079
  21 H2  :1s    -0.4363
  22 H2  :2px    0.6534



 >>>> Total CPU  time used in SIRIUS :      2.56 seconds
 >>>> Total wall time used in SIRIUS :      2.56 seconds

 
     Date and time (Linux)  : Wed Mar 18 20:13:49 2015
     Host name              : donkey                                  

 NOTE:    1 warnings have been issued.
 Check output, result, and error files for "WARNING".


                     .---------------------------------------.
                     | End of Wave Function Section (SIRIUS) |
                     `---------------------------------------'

 >>>> Total CPU  time used in DALTON:   2.59 seconds
 >>>> Total wall time used in DALTON:   2.59 seconds

 
     Date and time (Linux)  : Wed Mar 18 20:13:49 2015
     Host name              : donkey                                  
