

     ************************************************************************
     *************** Dalton - An Electronic Structure Program ***************
     ************************************************************************

    This is output from DALTON (Release Dalton2013 patch 0)
   ----------------------------------------------------------------------------
    NOTE:
     
    Dalton is an experimental code for the evaluation of molecular
    properties using (MC)SCF, DFT, CI, and CC wave functions.
    The authors accept no responsibility for the performance of
    the code or for the correctness of the results.
     
    The code (in whole or part) is provided under a licence and
    is not to be reproduced for further distribution without
    the written permission of the authors or their representatives.
     
    See the home page "http://daltonprogram.org" for further information.
     
    If results obtained with this code are published,
    the appropriate citations would be both of:
     
       K. Aidas, C. Angeli, K. L. Bak, V. Bakken, R. Bast,
       L. Boman, O. Christiansen, R. Cimiraglia, S. Coriani,
       P. Dahle, E. K. Dalskov, U. Ekstroem, T. Enevoldsen,
       J. J. Eriksen, P. Ettenhuber, B. Fernandez, L. Ferrighi,
       H. Fliegl, L. Frediani, K. Hald, A. Halkier, C. Haettig,
       H. Heiberg, T. Helgaker, A. C. Hennum, H. Hettema,
       E. Hjertenaes, S. Hoest, I.-M. Hoeyvik, M. F. Iozzi,
       B. Jansik, H. J. Aa. Jensen, D. Jonsson, P. Joergensen,
       J. Kauczor, S. Kirpekar, T. Kjaergaard, W. Klopper,
       S. Knecht, R. Kobayashi, H. Koch, J. Kongsted, A. Krapp,
       K. Kristensen, A. Ligabue, O. B. Lutnaes, J. I. Melo,
       K. V. Mikkelsen, R. H. Myhre, C. Neiss, C. B. Nielsen,
       P. Norman, J. Olsen, J. M. H. Olsen, A. Osted,
       M. J. Packer, F. Pawlowski, T. B. Pedersen, P. F. Provasi,
       S. Reine, Z. Rinkevicius, T. A. Ruden, K. Ruud, V. Rybkin,
       P. Salek, C. C. M. Samson, A. Sanchez de Meras, T. Saue,
       S. P. A. Sauer, B. Schimmelpfennig, K. Sneskov,
       A. H. Steindal, K. O. Sylvester-Hvid, P. R. Taylor,
       A. M. Teale, E. I. Tellgren, D. P. Tew, A. J. Thorvaldsen,
       L. Thoegersen, O. Vahtras, M. A. Watson, D. J. D. Wilson,
       M. Ziolkowski and H. Agren.
       The Dalton quantum chemistry program system.
       WIREs Comput. Mol. Sci. 2013. doi: 10.1002/wcms.1172
    
    and
    
       Dalton, a Molecular Electronic Structure Program,
       Release DALTON2013.0 (2013), see http://daltonprogram.org
   ----------------------------------------------------------------------------

    Authors in alphabetical order (major contribution(s) in parenthesis):

  Kestutis Aidas,           Vilnius University,           Lithuania   (QM/MM)
  Celestino Angeli,         University of Ferrara,        Italy       (NEVPT2)
  Keld L. Bak,              UNI-C,                        Denmark     (AOSOPPA, non-adiabatic coupling, magnetic properties)
  Vebjoern Bakken,          University of Oslo,           Norway      (DALTON; geometry optimizer, symmetry detection)
  Radovan Bast,             KTH Stockholm                 Sweden      (DALTON installation and execution frameworks)
  Linus Boman,              NTNU,                         Norway      (Cholesky decomposition and subsystems)
  Ove Christiansen,         Aarhus University,            Denmark     (CC module)
  Renzo Cimiraglia,         University of Ferrara,        Italy       (NEVPT2)
  Sonia Coriani,            University of Trieste,        Italy       (CC module, MCD in RESPONS)
  Paal Dahle,               University of Oslo,           Norway      (Parallelization)
  Erik K. Dalskov,          UNI-C,                        Denmark     (SOPPA)
  Thomas Enevoldsen,        Univ. of Southern Denmark,    Denmark     (SOPPA)
  Janus J. Eriksen,         Aarhus University,            Denmark     (PE-MP2/SOPPA, TDA)
  Berta Fernandez,          U. of Santiago de Compostela, Spain       (doublet spin, ESR in RESPONS)
  Lara Ferrighi,            Aarhus University,            Denmark     (PCM Cubic response)
  Heike Fliegl,             University of Oslo,           Norway      (CCSD(R12))
  Luca Frediani,            UiT The Arctic U. of Norway,  Norway      (PCM)
  Bin Gao,                  UiT The Arctic U. of Norway,  Norway      (Gen1Int library)
  Christof Haettig,         Ruhr-University Bochum,       Germany     (CC module)
  Kasper Hald,              Aarhus University,            Denmark     (CC module)
  Asger Halkier,            Aarhus University,            Denmark     (CC module)
  Hanne Heiberg,            University of Oslo,           Norway      (geometry analysis, selected one-electron integrals)
  Trygve Helgaker,          University of Oslo,           Norway      (DALTON; ABACUS, ERI, DFT modules, London, and much more)
  Alf Christian Hennum,     University of Oslo,           Norway      (Parity violation)
  Hinne Hettema,            University of Auckland,       New Zealand (quadratic response in RESPONS; SIRIUS supersymmetry)
  Eirik Hjertenaes,         NTNU,                         Norway      (Cholesky decomposition)
  Maria Francesca Iozzi,    University of Oslo,           Norway      (RPA)
  Brano Jansik              Technical Univ. of Ostrava    Czech Rep.  (DFT cubic response)
  Hans Joergen Aa. Jensen,  Univ. of Southern Denmark,    Denmark     (DALTON; SIRIUS, RESPONS, ABACUS modules, London, and much more)
  Dan Jonsson,              UiT The Arctic U. of Norway,  Norway      (cubic response in RESPONS module)
  Poul Joergensen,          Aarhus University,            Denmark     (RESPONS, ABACUS, and CC modules)
  Joanna Kauczor,           Linkoeping University,        Sweden      (Complex polarization propagator (CPP) module)
  Sheela Kirpekar,          Univ. of Southern Denmark,    Denmark     (Mass-velocity & Darwin integrals)
  Wim Klopper,              KIT Karlsruhe,                Germany     (R12 code in CC, SIRIUS, and ABACUS modules)
  Stefan Knecht,            ETH Zurich,                   Switzerland (Parallel CI and MCSCF)
  Rika Kobayashi,           Australian National Univ.,    Australia   (DIIS in CC, London in MCSCF)
  Henrik Koch,              NTNU,                         Norway      (CC module, Cholesky decomposition)
  Jacob Kongsted,           Univ. of Southern Denmark,    Denmark     (Polarizable embedding, QM/MM)
  Andrea Ligabue,           University of Modena,         Italy       (CTOCD, AOSOPPA)
  Ola B. Lutnaes,           University of Oslo,           Norway      (DFT Hessian)
  Juan I. Melo,             University of Buenos Aires,   Argentina   (LRESC, Relativistic Effects on NMR Shieldings)
  Kurt V. Mikkelsen,        University of Copenhagen,     Denmark     (MC-SCRF and QM/MM)
  Rolf H. Myhre,            NTNU,                         Norway      (Cholesky, subsystems and ECC2)
  Christian Neiss,          Univ. Erlangen-Nuernberg,     Germany     (CCSD(R12))
  Christian B. Nielsen,     University of Copenhagen,     Denmark     (QM/MM)
  Patrick Norman,           Linkoeping University,        Sweden      (Cubic response and complex response in RESPONS)
  Jeppe Olsen,              Aarhus University,            Denmark     (SIRIUS CI/density modules)
  Jogvan Magnus H. Olsen,   Univ. of Southern Denmark,    Denmark     (Polarizable embedding, PE library, QM/MM)
  Anders Osted,             Copenhagen University,        Denmark     (QM/MM)
  Martin J. Packer,         University of Sheffield,      UK          (SOPPA)
  Filip Pawlowski,          Kazimierz Wielki University   Poland      (CC3)
  Thomas B. Pedersen,       University of Oslo,           Norway      (Cholesky decomposition)
  Patricio F. Provasi,      University of Northeastern,   Argentina   (Analysis of coupling constants in localized orbitals)
  Zilvinas Rinkevicius,     KTH Stockholm,                Sweden      (open-shell DFT, ESR)
  Elias Rudberg,            KTH Stockholm,                Sweden      (DFT grid and basis info)
  Torgeir A. Ruden,         University of Oslo,           Norway      (Numerical derivatives in ABACUS)
  Kenneth Ruud,             UiT The Arctic U. of Norway,  Norway      (DALTON; ABACUS magnetic properties and  much more)
  Pawel Salek,              KTH Stockholm,                Sweden      (DALTON; DFT code)
  Claire C. M. Samson       University of Karlsruhe       Germany     (Boys localization, r12 integrals in ERI)
  Alfredo Sanchez de Meras, University of Valencia,       Spain       (CC module, Cholesky decomposition)
  Trond Saue,               Paul Sabatier University,     France      (direct Fock matrix construction)
  Stephan P. A. Sauer,      University of Copenhagen,     Denmark     (SOPPA(CCSD), SOPPA prop., AOSOPPA, vibrational g-factors)
  Bernd Schimmelpfennig,    Forschungszentrum Karlsruhe,  Germany     (AMFI module)
  Kristian Sneskov,         Aarhus University,            Denmark     (QM/MM, PE-CC)
  Arnfinn H. Steindal,      UiT The Arctic U. of Norway,  Norway      (parallel QM/MM)
  K. O. Sylvester-Hvid,     University of Copenhagen,     Denmark     (MC-SCRF)
  Peter R. Taylor,          VLSCI/Univ. of Melbourne,     Australia   (Symmetry handling ABACUS, integral transformation)
  Andrew M. Teale,          University of Nottingham,     England     (DFT-AC, DFT-D)
  David P. Tew,             University of Bristol,        England     (CCSD(R12))
  Olav Vahtras,             KTH Stockholm,                Sweden      (triplet response, spin-orbit, ESR, TDDFT, open-shell DFT)
  David J. Wilson,          La Trobe University,          Australia   (DFT Hessian and DFT magnetizabilities)
  Hans Agren,               KTH Stockholm,                Sweden      (SIRIUS module, RESPONS, MC-SCRF solvation model)
 --------------------------------------------------------------------------------

     Date and time (Linux)  : Sun Sep  8 20:53:06 2013
     Host name              : lpqlx131.ups-tlse.fr                    

 * Work memory size             :    64000000 =  488.28 megabytes.

 * Directories for basis set searches:
   1) /home/bast/DALTON-2013.0-Source/build/test_dft_blyp_nosym
   2) /home/bast/DALTON-2013.0-Source/build/basis


Compilation information
-----------------------

 Who compiled             | bast
 Host                     | lpqlx131.ups-tlse.fr
 System                   | Linux-3.8.5-201.fc18.x86_64
 CMake generator          | Unix Makefiles
 Processor                | x86_64
 64-bit integers          | OFF
 MPI                      | OFF
 Fortran compiler         | /usr/bin/gfortran
 Fortran compiler version | GNU Fortran (GCC) 4.7.2 20121109 (Red Hat 4.7.2-8)
 C compiler               | /usr/bin/gcc
 C compiler version       | gcc (GCC) 4.7.2 20121109 (Red Hat 4.7.2-8)
 C++ compiler             | /usr/bin/g++
 C++ compiler version     | g++ (GCC) 4.7.2 20121109 (Red Hat 4.7.2-8)
 Static linking           | OFF
 Last Git revision        | f34203295a86316e27f9e7b44f9b6769c4a046c0
 Configuration time       | 2013-09-08 20:31:27.952056


   Content of the .dal input file
 ----------------------------------

                                                  
**DALTON INPUT                                    
.RUN WAVE                                         
**WAVE FUNCTIONS                                  
.DFT                                              
 BLYP                                             
**END OF DALTON INPUT                             
                                                  


   Content of the .mol file
 ----------------------------

BASIS                                                                          
aug-cc-pVDZ                                                                    
HCN                                                                            
aug-cc-pVDZ basis                                                              
    3    0                                                                     
        1.    1                                                                
H   0.3   0.0    -1.0                                                          
        7.    1                                                                
N   0.3   0.0     1.5                                                          
        6.    1                                                                
0   0.0   0.0     0.0                                                          
                                                                               


       *******************************************************************
       *********** Output from DALTON general input processing ***********
       *******************************************************************

 --------------------------------------------------------------------------------
   Overall default print level:    0
   Print level for DALTON.STAT:    1

    HERMIT 1- and 2-electron integral sections will be executed
    "Old" integral transformation used (limited to max 255 basis functions)
    Wave function sections will be executed (SIRIUS module)
 --------------------------------------------------------------------------------


   ****************************************************************************
   *************** Output of molecule and basis set information ***************
   ****************************************************************************


    The two title cards from your ".mol" input:
    ------------------------------------------------------------------------
 1: HCN                                                                     
 2: aug-cc-pVDZ basis                                                       
    ------------------------------------------------------------------------

  Atomic type no.    1
  --------------------
  Nuclear charge:   1.00000
  Number of symmetry independent centers:    1
  Number of basis sets to read;    2
  Basis set file used for this atomic type with Z =   1 :
     "/home/bast/DALTON-2013.0-Source/build/basis/aug-cc-pVDZ"

  Atomic type no.    2
  --------------------
  Nuclear charge:   7.00000
  Number of symmetry independent centers:    1
  Number of basis sets to read;    2
  Basis set file used for this atomic type with Z =   7 :
     "/home/bast/DALTON-2013.0-Source/build/basis/aug-cc-pVDZ"

  Atomic type no.    3
  --------------------
  Nuclear charge:   6.00000
  Number of symmetry independent centers:    1
  Number of basis sets to read;    2
  Basis set file used for this atomic type with Z =   6 :
     "/home/bast/DALTON-2013.0-Source/build/basis/aug-cc-pVDZ"


                         SYMGRP: Point group information
                         -------------------------------

Point group: C1 


                                 Isotopic Masses
                                 ---------------

                           H           1.007825
                           N          14.003074
                           0          12.000000

                       Total mass:    27.010899 amu
                       Natural abundance:  98.519 %

 Center-of-mass coordinates (a.u.):    0.166720    0.000000    0.740323


  Atoms and basis sets
  --------------------

  Number of atom types :    3
  Total number of atoms:    3

  Basis set used is "aug-cc-pVDZ" from the basis set library.

  label    atoms   charge   prim   cont     basis
  ----------------------------------------------------------------------
  H           1    1.0000    11     9      [5s2p|3s2p]                                        
  N           1    7.0000    35    23      [10s5p2d|4s3p2d]                                   
  0           1    6.0000    35    23      [10s5p2d|4s3p2d]                                   
  ----------------------------------------------------------------------
  total:      3   14.0000    81    55
  ----------------------------------------------------------------------
  Spherical harmonic basis used.

  Threshold for neglecting AO integrals:  1.00D-12


  Cartesian Coordinates (a.u.)
  ----------------------------

  Total number of coordinates:    9
  H       :     1  x   0.3000000000    2  y   0.0000000000    3  z  -1.0000000000
  N       :     4  x   0.3000000000    5  y   0.0000000000    6  z   1.5000000000
  0       :     7  x   0.0000000000    8  y   0.0000000000    9  z   0.0000000000


   Interatomic separations (in Angstrom):
   --------------------------------------

            H           N           0     
            ------      ------      ------
 H     :    0.000000
 N     :    1.322943    0.000000
 0     :    0.552477    0.809485    0.000000


  Max    interatomic separation is    1.3229 Angstrom (    2.5000 Bohr)
  between atoms    2 and    1, "N     " and "H     ".

  Min HX interatomic separation is    0.5525 Angstrom (    1.0440 Bohr)

  Min YX interatomic separation is    0.8095 Angstrom (    1.5297 Bohr)

WARNING: Number of short HX and YX bond lengths:    1    1
WARNING: If not intentional, maybe your coordinates were in Angstrom,
WARNING: but "Angstrom" was not specified in .mol file


  Bond distances (Angstrom):
  --------------------------

                  atom 1     atom 2       distance
                  ------     ------       --------
  bond distance:  0          H            0.552477
  bond distance:  0          N            0.809485


  Bond angles (degrees):
  ----------------------

                  atom 1     atom 2     atom 3         angle
                  ------     ------     ------         -----
  bond angle:     H          0          N            151.991




 Principal moments of inertia (u*A**2) and principal axes
 --------------------------------------------------------

   IA       0.054514          0.150425    0.000000    0.988621
   IB       5.073048          0.988621    0.000000   -0.150425
   IC       5.127562          0.000000    1.000000    0.000000


 Rotational constants
 --------------------

 The molecule is planar.

               A                   B                   C

        9270612.1001          99620.3831          98561.2610 MHz
          309.234334            3.322978            3.287650 cm-1


@  Nuclear repulsion energy :   36.003216630673 Hartree


                     .---------------------------------------.
                     | Starting in Integral Section (HERMIT) |
                     `---------------------------------------'



    *************************************************************************
    ****************** Output from HERMIT input processing ******************
    *************************************************************************



     ************************************************************************
     ************************** Output from HERINT **************************
     ************************************************************************


 Threshold for neglecting two-electron integrals:  1.00D-12
 Number of two-electron integrals written:      557132 ( 47.0% )
 Megabytes written:                              6.382

 >>>  Time used in TWOINT     is   0.22 seconds
 >>>> Total CPU  time used in HERMIT:   0.25 seconds
 >>>> Total wall time used in HERMIT:   0.25 seconds


                        .----------------------------------.
                        | End of Integral Section (HERMIT) |
                        `----------------------------------'



                   .--------------------------------------------.
                   | Starting in Wave Function Section (SIRIUS) |
                   `--------------------------------------------'


 *** Output from Huckel module :

     Using EWMO model:          T
     Using EHT  model:          F
     Number of Huckel orbitals each symmetry:   11

 EWMO - Energy Weighted Maximum Overlap - is a Huckel type method,
        which normally is better than Extended Huckel Theory.
 Reference: Linderberg and Ohrn, Propagators in Quantum Chemistry (Wiley, 1973)

 Huckel EWMO eigenvalues for symmetry :  1
          -15.691734     -11.407880      -1.656435      -0.892708      -0.726429
           -0.724826      -0.393802      -0.195654      -0.189171      -0.032495
           -0.016266

 **********************************************************************
 *SIRIUS* a direct, restricted step, second order MCSCF program       *
 **********************************************************************

 
     Date and time (Linux)  : Sun Sep  8 20:53:07 2013
     Host name              : lpqlx131.ups-tlse.fr                    

 Title lines from ".mol" input file:
     HCN                                                                     
     aug-cc-pVDZ basis                                                       

 Print level on unit LUPRI =   2 is   0
 Print level on unit LUW4  =   2 is   5

@    Restricted, closed shell Kohn-Sham DFT calculation.

 Initial molecular orbitals are obtained according to
 ".MOSTART EWMO  " input option

     Wave function specification
     ============================
@    For the wave function of type :      >>> KS-DFT <<<
@    Number of closed shell electrons          14
@    Number of electrons in active shells       0
@    Total charge of the molecule               0

@    Spin multiplicity and 2 M_S                1         0
     Total number of symmetries                 1
@    Reference state symmetry                   1
 
     This is a DFT calculation of type: BLYP
 Weighted mixed functional:
                       LYP:    1.00000
                     Becke:    1.00000
                    Slater:    1.00000

     Orbital specifications
     ======================
     Abelian symmetry species          All |    1
                                       --- |  ---
@    Occupied SCF orbitals               7 |    7
     Secondary orbitals                 48 |   48
     Total number of orbitals           55 |   55
     Number of basis functions          55 |   55

     Optimization information
     ========================
@    Number of configurations                 1
@    Number of orbital rotations            336
     ------------------------------------------
@    Total number of variables              337

     Maximum number of Fock   iterations      0
     Maximum number of DIIS   iterations     60
     Maximum number of QC-SCF iterations     60
     Threshold for SCF convergence     1.00D-05
 
     This is a DFT calculation of type: BLYP
 Weighted mixed functional:
                       LYP:    1.00000
                     Becke:    1.00000
                    Slater:    1.00000


 >>>>> DIIS optimization of Hartree-Fock <<<<<

 C1-DIIS algorithm; max error vectors =   10

 Iter      Total energy        Error norm    Delta(E)  DIIS dim.
 -----------------------------------------------------------------------------
      K-S energy, electrons, error :    -12.695758292293  13.9999999612   -3.88D-08
@  1    -91.2774998715        3.92458D+00   -9.13D+01    1
      Virial theorem: -V/T =      1.968224
@      MULPOP H      -0.04; N      -0.64; 0       0.68; 
 -----------------------------------------------------------------------------
      K-S energy, electrons, error :    -13.880979559804  13.9999999755   -2.45D-08
@  2    -91.6441646405        2.98586D+00   -3.67D-01    2
      Virial theorem: -V/T =      1.903083
@      MULPOP H      -1.92; N       1.12; 0       0.79; 
 -----------------------------------------------------------------------------
      K-S energy, electrons, error :    -13.467136444433  13.9999999723   -2.77D-08
@  3    -92.0748871094        9.16514D-01   -4.31D-01    3
      Virial theorem: -V/T =      1.934511
@      MULPOP H      -1.28; N      -0.21; 0       1.49; 
 -----------------------------------------------------------------------------
      K-S energy, electrons, error :    -13.293919874285  13.9999999711   -2.89D-08
@  4    -92.1004162703        5.30388D-01   -2.55D-02    4
      Virial theorem: -V/T =      1.944921
@      MULPOP H      -1.25; N       0.36; 0       0.89; 
 -----------------------------------------------------------------------------
      K-S energy, electrons, error :    -13.379025718792  13.9999999716   -2.84D-08
@  5    -92.1144695674        2.23863D-02   -1.41D-02    5
      Virial theorem: -V/T =      1.939906
@      MULPOP H      -1.23; N       0.16; 0       1.07; 
 -----------------------------------------------------------------------------
      K-S energy, electrons, error :    -13.373995669868  13.9999999715   -2.85D-08
@  6    -92.1144999893        1.98338D-03   -3.04D-05    6
      Virial theorem: -V/T =      1.940198
@      MULPOP H      -1.24; N       0.16; 0       1.07; 
 -----------------------------------------------------------------------------
      K-S energy, electrons, error :    -13.374137216249  13.9999999715   -2.85D-08
@  7    -92.1145002351        2.94915D-04   -2.46D-07    7
      Virial theorem: -V/T =      1.940189
@      MULPOP H      -1.24; N       0.16; 0       1.07; 
 -----------------------------------------------------------------------------
      K-S energy, electrons, error :    -13.374162000786  13.9999999715   -2.85D-08
@  8    -92.1145002398        8.23738D-05   -4.71D-09    8
      Virial theorem: -V/T =      1.940188
@      MULPOP H      -1.24; N       0.16; 0       1.07; 
 -----------------------------------------------------------------------------
      K-S energy, electrons, error :    -13.374167686632  13.9999999715   -2.85D-08
@  9    -92.1145002402        3.04550D-06   -3.99D-10    9

@ *** DIIS converged in   9 iterations !
@     Converged SCF energy, gradient:    -92.114500240219    3.05D-06
    - total time used in SIRFCK :              0.00 seconds


 *** SCF orbital energy analysis ***

 Only the five lowest virtual orbital energies printed in each symmetry.

 Number of electrons :   14
 Orbital occupations :    7

 Sym       Kohn-Sham orbital energies

  1    -13.99119604    -9.94534356    -0.91767830    -0.66752231    -0.44198894
        -0.43152429    -0.29766502    -0.00667137     0.03117418     0.03458891
         0.04221832     0.07340800

    E(LUMO) :    -0.00667137 au (symmetry 1)
  - E(HOMO) :    -0.29766502 au (symmetry 1)
  ------------------------------------------
    gap     :     0.29099365 au

 >>> Writing SIRIFC interface file <<<

 >>>> CPU and wall time for SCF :      10.894      11.416


                       .-----------------------------------.
                       | >>> Final results from SIRIUS <<< |
                       `-----------------------------------'


@    Spin multiplicity:           1
@    Spatial symmetry:            1
@    Total charge of molecule:    0

@    Final DFT energy:            -92.114500240219                 
@    Nuclear repulsion:            36.003216630673
@    Electronic energy:          -128.117716870891

@    Final gradient norm:           0.000003045497

 
     Date and time (Linux)  : Sun Sep  8 20:53:18 2013
     Host name              : lpqlx131.ups-tlse.fr                    

 (Only coefficients >0.0100 are printed.)

 Molecular orbitals for symmetry species  1
 ------------------------------------------

    Orbital         3        4        5        6        7        8        9
   1 H   :1s    -0.2535   1.0692  -0.0000  -0.1917  -0.0865   0.2554   0.1368
   2 H   :1s     1.1518   0.9197   0.0000  -0.5808   1.0013  -1.0066  -0.5986
   3 H   :1s     0.1401   0.3165   0.0000  -0.0891   0.1823  -2.5257   0.7231
   4 H   :2px    0.0092  -0.0404   0.0000  -0.0082   0.0054  -0.0041   0.0191
   5 H   :2py   -0.0000   0.0000   0.0185   0.0000   0.0000  -0.0000   0.0000
   6 H   :2pz    0.0035   0.0230  -0.0000  -0.0051   0.0063   0.0160   0.0030
   7 H   :2px    0.0280   0.0230  -0.0000   0.0406   0.0359   0.1064  -0.1355
   8 H   :2py   -0.0000   0.0000  -0.0741   0.0000   0.0000  -0.0000   0.0000
   9 H   :2pz    0.3505   0.1334   0.0000  -0.1780   0.3020  -0.1044  -0.3680
  10 N   :1s     0.0389   0.0582  -0.0000  -0.0022  -0.0108   0.0111  -0.0030
  11 N   :1s    -0.7816  -0.0788  -0.0000   0.0770   0.3667   0.1365   0.0146
  12 N   :1s     0.3724   0.5329   0.0000  -0.1247   0.3734  -0.0074   0.2823
  13 N   :1s     0.3944   0.5836   0.0000  -0.1350   0.6840  -0.8581   1.0234
  14 N   :2px    0.0851   0.1793  -0.0000   0.6707   0.1734  -0.1016  -0.3452
  15 N   :2py   -0.0000  -0.0000  -0.7300  -0.0000  -0.0000  -0.0000  -0.0000
  16 N   :2pz    0.4115   0.0774  -0.0000  -0.1942   0.8311   0.0712   0.0528
  17 N   :2px    0.0184  -0.1958   0.0000  -0.2452  -0.0089  -0.0390  -0.0752
  18 N   :2py    0.0000   0.0000   0.2656  -0.0000  -0.0000  -0.0000   0.0000
  19 N   :2pz   -0.5126  -0.2399  -0.0000   0.1954  -0.4468   0.0632   0.0657
  20 N   :2px    0.0164  -0.0328   0.0000  -0.0343   0.0159  -0.1235  -0.7575
  21 N   :2py    0.0000  -0.0000   0.0325   0.0000  -0.0000  -0.0000   0.0000
  22 N   :2pz   -0.1107  -0.0794  -0.0000   0.0346  -0.0824   0.3673  -0.0686
  23 N   :3d2-  -0.0000  -0.0000   0.0141  -0.0000   0.0000   0.0000  -0.0000
  24 N   :3d1-  -0.0000   0.0000   0.0522   0.0000  -0.0000   0.0000  -0.0000
  25 N   :3d0   -0.0235  -0.0251   0.0000   0.0228  -0.0308  -0.0021  -0.0024
  26 N   :3d1+  -0.0173  -0.0138   0.0000  -0.0418  -0.0171   0.0009   0.0078
  27 N   :3d2+  -0.0027  -0.0048   0.0000  -0.0118  -0.0023  -0.0002   0.0032
  29 N   :3d1-  -0.0000  -0.0000  -0.0440   0.0000  -0.0000   0.0000  -0.0000
  30 N   :3d0    0.1072   0.0215   0.0000  -0.0445   0.0800  -0.0217  -0.0240
  31 N   :3d1+   0.0115   0.0367   0.0000   0.0340   0.0110   0.0013   0.0115
  32 N   :3d2+  -0.0043   0.0112  -0.0000   0.0085  -0.0011   0.0048  -0.0017
  33 0   :1s     0.0971  -0.0995   0.0000   0.0256   0.0413  -0.0193  -0.0036
  34 0   :1s    -0.6026   0.2374   0.0000  -0.1328  -0.2949   0.0885  -0.0320
  35 0   :1s    -0.9955  -1.9030  -0.0000   0.7282  -1.1119   0.7461   0.2851
  36 0   :1s    -0.5264  -1.0218  -0.0000   0.2596  -0.7070   2.6221  -1.6542
  37 0   :2px   -0.1180   0.2055  -0.0000   0.7090  -0.0609   0.0688   0.0547
  38 0   :2py    0.0000  -0.0000  -0.7333  -0.0000  -0.0000  -0.0000   0.0000
  39 0   :2pz   -0.4544  -0.7381   0.0000   0.1380  -0.3253  -0.1173   0.0368
  40 0   :2px   -0.1568  -0.2175  -0.0000  -0.0371  -0.1603   0.0557   0.3743
  41 0   :2py   -0.0000  -0.0000   0.1683   0.0000  -0.0000   0.0000  -0.0000
  42 0   :2pz    0.3571   0.4318  -0.0000  -0.1449   0.2657  -0.0504  -0.1844
  43 0   :2px   -0.0466  -0.0429  -0.0000   0.0429  -0.0526   0.2967   1.3950
  44 0   :2py   -0.0000   0.0000  -0.0215  -0.0000  -0.0000   0.0000  -0.0000
  45 0   :2pz    0.0279   0.0422   0.0000  -0.0217   0.0083  -0.2388  -0.2869
  46 0   :3d2-   0.0000  -0.0000  -0.0152   0.0000  -0.0000   0.0000  -0.0000
  48 0   :3d0    0.0217  -0.0564   0.0000  -0.0137   0.0271   0.0045   0.0064
  49 0   :3d1+  -0.0217  -0.0275   0.0000   0.0040  -0.0110  -0.0103  -0.0185
  50 0   :3d2+  -0.0040   0.0093   0.0000   0.0137  -0.0019   0.0003  -0.0067
  52 0   :3d1-  -0.0000   0.0000  -0.0706   0.0000   0.0000  -0.0000   0.0000
  53 0   :3d0    0.1868  -0.0918   0.0000  -0.0665   0.1485   0.0063  -0.1807
  54 0   :3d1+  -0.0072   0.0844  -0.0000   0.0515   0.0091   0.0237  -0.0711
  55 0   :3d2+  -0.0138  -0.0090  -0.0000   0.0104  -0.0131  -0.0067   0.0261



 >>>> Total CPU  time used in SIRIUS :     10.91 seconds
 >>>> Total wall time used in SIRIUS :     11.43 seconds

 
     Date and time (Linux)  : Sun Sep  8 20:53:18 2013
     Host name              : lpqlx131.ups-tlse.fr                    


                     .---------------------------------------.
                     | End of Wave Function Section (SIRIUS) |
                     `---------------------------------------'

 >>>> Total CPU  time used in DALTON:  11.17 seconds
 >>>> Total wall time used in DALTON:  11.70 seconds

 
     Date and time (Linux)  : Sun Sep  8 20:53:18 2013
     Host name              : lpqlx131.ups-tlse.fr                    
