

     ************************************************************************
     *************** Dalton - An Electronic Structure Program ***************
     ************************************************************************

    This is output from DALTON (Release Dalton2013 patch 0)
   ----------------------------------------------------------------------------
    NOTE:
     
    Dalton is an experimental code for the evaluation of molecular
    properties using (MC)SCF, DFT, CI, and CC wave functions.
    The authors accept no responsibility for the performance of
    the code or for the correctness of the results.
     
    The code (in whole or part) is provided under a licence and
    is not to be reproduced for further distribution without
    the written permission of the authors or their representatives.
     
    See the home page "http://daltonprogram.org" for further information.
     
    If results obtained with this code are published,
    the appropriate citations would be both of:
     
       K. Aidas, C. Angeli, K. L. Bak, V. Bakken, R. Bast,
       L. Boman, O. Christiansen, R. Cimiraglia, S. Coriani,
       P. Dahle, E. K. Dalskov, U. Ekstroem, T. Enevoldsen,
       J. J. Eriksen, P. Ettenhuber, B. Fernandez, L. Ferrighi,
       H. Fliegl, L. Frediani, K. Hald, A. Halkier, C. Haettig,
       H. Heiberg, T. Helgaker, A. C. Hennum, H. Hettema,
       E. Hjertenaes, S. Hoest, I.-M. Hoeyvik, M. F. Iozzi,
       B. Jansik, H. J. Aa. Jensen, D. Jonsson, P. Joergensen,
       J. Kauczor, S. Kirpekar, T. Kjaergaard, W. Klopper,
       S. Knecht, R. Kobayashi, H. Koch, J. Kongsted, A. Krapp,
       K. Kristensen, A. Ligabue, O. B. Lutnaes, J. I. Melo,
       K. V. Mikkelsen, R. H. Myhre, C. Neiss, C. B. Nielsen,
       P. Norman, J. Olsen, J. M. H. Olsen, A. Osted,
       M. J. Packer, F. Pawlowski, T. B. Pedersen, P. F. Provasi,
       S. Reine, Z. Rinkevicius, T. A. Ruden, K. Ruud, V. Rybkin,
       P. Salek, C. C. M. Samson, A. Sanchez de Meras, T. Saue,
       S. P. A. Sauer, B. Schimmelpfennig, K. Sneskov,
       A. H. Steindal, K. O. Sylvester-Hvid, P. R. Taylor,
       A. M. Teale, E. I. Tellgren, D. P. Tew, A. J. Thorvaldsen,
       L. Thoegersen, O. Vahtras, M. A. Watson, D. J. D. Wilson,
       M. Ziolkowski and H. Agren.
       The Dalton quantum chemistry program system.
       WIREs Comput. Mol. Sci. 2013. doi: 10.1002/wcms.1172
    
    and
    
       Dalton, a Molecular Electronic Structure Program,
       Release DALTON2013.0 (2013), see http://daltonprogram.org
   ----------------------------------------------------------------------------

    Authors in alphabetical order (major contribution(s) in parenthesis):

  Kestutis Aidas,           Vilnius University,           Lithuania   (QM/MM)
  Celestino Angeli,         University of Ferrara,        Italy       (NEVPT2)
  Keld L. Bak,              UNI-C,                        Denmark     (AOSOPPA, non-adiabatic coupling, magnetic properties)
  Vebjoern Bakken,          University of Oslo,           Norway      (DALTON; geometry optimizer, symmetry detection)
  Radovan Bast,             KTH Stockholm                 Sweden      (DALTON installation and execution frameworks)
  Linus Boman,              NTNU,                         Norway      (Cholesky decomposition and subsystems)
  Ove Christiansen,         Aarhus University,            Denmark     (CC module)
  Renzo Cimiraglia,         University of Ferrara,        Italy       (NEVPT2)
  Sonia Coriani,            University of Trieste,        Italy       (CC module, MCD in RESPONS)
  Paal Dahle,               University of Oslo,           Norway      (Parallelization)
  Erik K. Dalskov,          UNI-C,                        Denmark     (SOPPA)
  Thomas Enevoldsen,        Univ. of Southern Denmark,    Denmark     (SOPPA)
  Janus J. Eriksen,         Aarhus University,            Denmark     (PE-MP2/SOPPA, TDA)
  Berta Fernandez,          U. of Santiago de Compostela, Spain       (doublet spin, ESR in RESPONS)
  Lara Ferrighi,            Aarhus University,            Denmark     (PCM Cubic response)
  Heike Fliegl,             University of Oslo,           Norway      (CCSD(R12))
  Luca Frediani,            UiT The Arctic U. of Norway,  Norway      (PCM)
  Bin Gao,                  UiT The Arctic U. of Norway,  Norway      (Gen1Int library)
  Christof Haettig,         Ruhr-University Bochum,       Germany     (CC module)
  Kasper Hald,              Aarhus University,            Denmark     (CC module)
  Asger Halkier,            Aarhus University,            Denmark     (CC module)
  Hanne Heiberg,            University of Oslo,           Norway      (geometry analysis, selected one-electron integrals)
  Trygve Helgaker,          University of Oslo,           Norway      (DALTON; ABACUS, ERI, DFT modules, London, and much more)
  Alf Christian Hennum,     University of Oslo,           Norway      (Parity violation)
  Hinne Hettema,            University of Auckland,       New Zealand (quadratic response in RESPONS; SIRIUS supersymmetry)
  Eirik Hjertenaes,         NTNU,                         Norway      (Cholesky decomposition)
  Maria Francesca Iozzi,    University of Oslo,           Norway      (RPA)
  Brano Jansik              Technical Univ. of Ostrava    Czech Rep.  (DFT cubic response)
  Hans Joergen Aa. Jensen,  Univ. of Southern Denmark,    Denmark     (DALTON; SIRIUS, RESPONS, ABACUS modules, London, and much more)
  Dan Jonsson,              UiT The Arctic U. of Norway,  Norway      (cubic response in RESPONS module)
  Poul Joergensen,          Aarhus University,            Denmark     (RESPONS, ABACUS, and CC modules)
  Joanna Kauczor,           Linkoeping University,        Sweden      (Complex polarization propagator (CPP) module)
  Sheela Kirpekar,          Univ. of Southern Denmark,    Denmark     (Mass-velocity & Darwin integrals)
  Wim Klopper,              KIT Karlsruhe,                Germany     (R12 code in CC, SIRIUS, and ABACUS modules)
  Stefan Knecht,            ETH Zurich,                   Switzerland (Parallel CI and MCSCF)
  Rika Kobayashi,           Australian National Univ.,    Australia   (DIIS in CC, London in MCSCF)
  Henrik Koch,              NTNU,                         Norway      (CC module, Cholesky decomposition)
  Jacob Kongsted,           Univ. of Southern Denmark,    Denmark     (Polarizable embedding, QM/MM)
  Andrea Ligabue,           University of Modena,         Italy       (CTOCD, AOSOPPA)
  Ola B. Lutnaes,           University of Oslo,           Norway      (DFT Hessian)
  Juan I. Melo,             University of Buenos Aires,   Argentina   (LRESC, Relativistic Effects on NMR Shieldings)
  Kurt V. Mikkelsen,        University of Copenhagen,     Denmark     (MC-SCRF and QM/MM)
  Rolf H. Myhre,            NTNU,                         Norway      (Cholesky, subsystems and ECC2)
  Christian Neiss,          Univ. Erlangen-Nuernberg,     Germany     (CCSD(R12))
  Christian B. Nielsen,     University of Copenhagen,     Denmark     (QM/MM)
  Patrick Norman,           Linkoeping University,        Sweden      (Cubic response and complex response in RESPONS)
  Jeppe Olsen,              Aarhus University,            Denmark     (SIRIUS CI/density modules)
  Jogvan Magnus H. Olsen,   Univ. of Southern Denmark,    Denmark     (Polarizable embedding, PE library, QM/MM)
  Anders Osted,             Copenhagen University,        Denmark     (QM/MM)
  Martin J. Packer,         University of Sheffield,      UK          (SOPPA)
  Filip Pawlowski,          Kazimierz Wielki University   Poland      (CC3)
  Thomas B. Pedersen,       University of Oslo,           Norway      (Cholesky decomposition)
  Patricio F. Provasi,      University of Northeastern,   Argentina   (Analysis of coupling constants in localized orbitals)
  Zilvinas Rinkevicius,     KTH Stockholm,                Sweden      (open-shell DFT, ESR)
  Elias Rudberg,            KTH Stockholm,                Sweden      (DFT grid and basis info)
  Torgeir A. Ruden,         University of Oslo,           Norway      (Numerical derivatives in ABACUS)
  Kenneth Ruud,             UiT The Arctic U. of Norway,  Norway      (DALTON; ABACUS magnetic properties and  much more)
  Pawel Salek,              KTH Stockholm,                Sweden      (DALTON; DFT code)
  Claire C. M. Samson       University of Karlsruhe       Germany     (Boys localization, r12 integrals in ERI)
  Alfredo Sanchez de Meras, University of Valencia,       Spain       (CC module, Cholesky decomposition)
  Trond Saue,               Paul Sabatier University,     France      (direct Fock matrix construction)
  Stephan P. A. Sauer,      University of Copenhagen,     Denmark     (SOPPA(CCSD), SOPPA prop., AOSOPPA, vibrational g-factors)
  Bernd Schimmelpfennig,    Forschungszentrum Karlsruhe,  Germany     (AMFI module)
  Kristian Sneskov,         Aarhus University,            Denmark     (QM/MM, PE-CC)
  Arnfinn H. Steindal,      UiT The Arctic U. of Norway,  Norway      (parallel QM/MM)
  K. O. Sylvester-Hvid,     University of Copenhagen,     Denmark     (MC-SCRF)
  Peter R. Taylor,          VLSCI/Univ. of Melbourne,     Australia   (Symmetry handling ABACUS, integral transformation)
  Andrew M. Teale,          University of Nottingham,     England     (DFT-AC, DFT-D)
  David P. Tew,             University of Bristol,        England     (CCSD(R12))
  Olav Vahtras,             KTH Stockholm,                Sweden      (triplet response, spin-orbit, ESR, TDDFT, open-shell DFT)
  David J. Wilson,          La Trobe University,          Australia   (DFT Hessian and DFT magnetizabilities)
  Hans Agren,               KTH Stockholm,                Sweden      (SIRIUS module, RESPONS, MC-SCRF solvation model)
 --------------------------------------------------------------------------------

     Date and time (Linux)  : Sun Sep  8 20:39:38 2013
     Host name              : lpqlx131.ups-tlse.fr                    

 * Work memory size             :    64000000 =  488.28 megabytes.

 * Directories for basis set searches:
   1) /home/bast/DALTON-2013.0-Source/build/test_rsp_g_b3lypx
   2) /home/bast/DALTON-2013.0-Source/build/basis


Compilation information
-----------------------

 Who compiled             | bast
 Host                     | lpqlx131.ups-tlse.fr
 System                   | Linux-3.8.5-201.fc18.x86_64
 CMake generator          | Unix Makefiles
 Processor                | x86_64
 64-bit integers          | OFF
 MPI                      | OFF
 Fortran compiler         | /usr/bin/gfortran
 Fortran compiler version | GNU Fortran (GCC) 4.7.2 20121109 (Red Hat 4.7.2-8)
 C compiler               | /usr/bin/gcc
 C compiler version       | gcc (GCC) 4.7.2 20121109 (Red Hat 4.7.2-8)
 C++ compiler             | /usr/bin/g++
 C++ compiler version     | g++ (GCC) 4.7.2 20121109 (Red Hat 4.7.2-8)
 Static linking           | OFF
 Last Git revision        | f34203295a86316e27f9e7b44f9b6769c4a046c0
 Configuration time       | 2013-09-08 20:31:27.952056


   Content of the .dal input file
 ----------------------------------

**DALTON INPUT                                    
.RUN RESPONSE                                     
**INTEGRAL                                        
.ANGMOM                                           
.SPIN-ORBIT                                       
.DIPLEN                                           
**WAVE FUNCTIONS                                  
.DFT                                              
B3LYP                                             
.RESTART                                          
*SCF INPUT                                        
.THRESHOLD                                        
1e-12                                             
*HAMILT                                           
.FIELD                                            
 -.5e-3                                           
XDIPLEN                                           
**RESPONSE                                        
*LINEAR                                           
.THCLR                                            
 1E-9                                             
.PROPRT                                           
XANGMOM                                           
.PROPRT                                           
X1SPNORB                                          
**END OF DALTON INPUT                             


   Content of the .mol file
 ----------------------------

ATOMBASIS                                                                      
STO-3G                                                                         
------                                                                         
    2   1 Z                                                                    
        6.    1 Basis=STO-3G                                                   
C1      0.0006122714    0.0000000000    0.0000000000                           
        1.    2 Basis=STO-3G                                                   
H1      1.5162556382   -1.3708721537    0.0000000000                           
H2     -0.7584339548    0.6854360769    1.7695110698                           
                                                                               


       *******************************************************************
       *********** Output from DALTON general input processing ***********
       *******************************************************************

 --------------------------------------------------------------------------------
   Overall default print level:    0
   Print level for DALTON.STAT:    1

    HERMIT 1- and 2-electron integral sections will be executed
    "Old" integral transformation used (limited to max 255 basis functions)
    Wave function sections will be executed (SIRIUS module)
    Dynamic molecular response properties section will be executed (RESPONSE module)
 --------------------------------------------------------------------------------


   ****************************************************************************
   *************** Output of molecule and basis set information ***************
   ****************************************************************************


    The two title cards from your ".mol" input:
    ------------------------------------------------------------------------
 1: STO-3G                                                                  
 2: ------                                                                  
    ------------------------------------------------------------------------

  Atomic type no.    1
  --------------------
  Nuclear charge:   6.00000
  Number of symmetry independent centers:    1
  Number of basis sets to read;    2
  The basis set is "STO-3G" from the basis set library.
  Basis set file used for this atomic type with Z =   6 :
     "/home/bast/DALTON-2013.0-Source/build/basis/STO-3G"

  Atomic type no.    2
  --------------------
  Nuclear charge:   1.00000
  Number of symmetry independent centers:    2
  Number of basis sets to read;    2
  The basis set is "STO-3G" from the basis set library.
  Basis set file used for this atomic type with Z =   1 :
     "/home/bast/DALTON-2013.0-Source/build/basis/STO-3G"


                         SYMGRP: Point group information
                         -------------------------------

Point group: Cs 

   * The point group was generated by:

      Reflection in the xy-plane

   * Group multiplication table

        |  E   Oxy
   -----+----------
     E  |  E   Oxy
    Oxy | Oxy   E 

   * Character table

        |  E   Oxy
   -----+----------
    A'  |   1    1
    A"  |   1   -1

   * Direct product table

        | A'   A" 
   -----+----------
    A'  | A'   A" 
    A"  | A"   A' 


                                 Isotopic Masses
                                 ---------------

                           C1         12.000000
                           H1          1.007825
                           H2  _1      1.007825
                           H2  _2      1.007825

                       Total mass:    15.023475 amu
                       Natural abundance:  98.856 %

 Center-of-mass coordinates (a.u.):    0.000448    0.000000    0.000000


  Atoms and basis sets
  --------------------

  Number of atom types :    2
  Total number of atoms:    4

  label    atoms   charge   prim   cont     basis
  ----------------------------------------------------------------------
  C1          1    6.0000    15     5      [6s3p|2s1p]                                        
  H2          3    1.0000     3     1      [3s|1s]                                            
  ----------------------------------------------------------------------
  total:      4    9.0000    24     8
  ----------------------------------------------------------------------

  Threshold for neglecting AO integrals:  1.00D-12


  Cartesian Coordinates (a.u.)
  ----------------------------

  Total number of coordinates:   12
  C1      :     1  x   0.0006122714    2  y   0.0000000000    3  z   0.0000000000
  H1      :     4  x   1.5162556382    5  y  -1.3708721537    6  z   0.0000000000
  H2  / 1 :     7  x  -0.7584339548    8  y   0.6854360769    9  z   1.7695110698
  H2  / 2 :    10  x  -0.7584339548   11  y   0.6854360769   12  z  -1.7695110698


  Symmetry Coordinates
  --------------------

  Number of coordinates in each symmetry:     7    5

  Symmetry  A'  ( 1)

    1   C1    x    1
    2   C1    y    2
    3   H1    x    4
    4   H1    y    5
    5   H2    x    [  7  +   10 ]/2
    6   H2    y    [  8  +   11 ]/2
    7   H2    z    [  9  -   12 ]/2

  Symmetry  A"  ( 2)

    8   C1    z    3
    9   H1    z    6
   10   H2    x    [  7  -   10 ]/2
   11   H2    y    [  8  -   11 ]/2
   12   H2    z    [  9  +   12 ]/2


   Interatomic separations (in Angstrom):
   --------------------------------------

            C1          H1          H2  _1      H2  _2
            ------      ------      ------      ------
 C1    :    0.000000
 H1    :    1.081448    0.000000
 H2  _1:    1.081536    1.873451    0.000000
 H2  _2:    1.081536    1.873451    1.872770    0.000000


  Max    interatomic separation is    1.8735 Angstrom (    3.5403 Bohr)
  between atoms    3 and    2, "H2  _1" and "H1    ".

  Min HX interatomic separation is    1.0814 Angstrom (    2.0436 Bohr)


  Bond distances (Angstrom):
  --------------------------

                  atom 1     atom 2       distance
                  ------     ------       --------
  bond distance:  H1         C1           1.081448
  bond distance:  H2  _1     C1           1.081536
  bond distance:  H2  _2     C1           1.081536


  Bond angles (degrees):
  ----------------------

                  atom 1     atom 2     atom 3         angle
                  ------     ------     ------         -----
  bond angle:     H1         C1         H2  _1       120.027
  bond angle:     H1         C1         H2  _2       120.027
  bond angle:     H2  _1     C1         H2  _2       119.947




 Principal moments of inertia (u*A**2) and principal axes
 --------------------------------------------------------

   IA       1.767356          0.741819   -0.670600    0.000000
   IB       1.769070          0.000000    0.000000    1.000000
   IC       3.536425          0.670600    0.741819    0.000000


 Rotational constants
 --------------------

 The molecule is planar.

               A                   B                   C

         285952.0345         285675.0021         142906.7420 MHz
            9.538333            9.529092            4.766856 cm-1


@  Nuclear repulsion energy :    9.654822539961 Hartree


  Symmetry Orbitals
  -----------------

  Number of orbitals in each symmetry:           6    2


  Symmetry  A' ( 1)

    1     C1       1s         1
    2     C1       1s         2
    3     C1       2px        3
    4     C1       2py        4
    5     H1       1s         6
    6     H2       1s         7 +    8


  Symmetry  A" ( 2)

    7     C1       2pz        5
    8     H2       1s         7 -    8

  Symmetries of electric field:  A' (1)  A' (1)  A" (2)

  Symmetries of magnetic field:  A" (2)  A" (2)  A' (1)


                     .---------------------------------------.
                     | Starting in Integral Section (HERMIT) |
                     `---------------------------------------'



    *************************************************************************
    ****************** Output from HERMIT input processing ******************
    *************************************************************************


 Default print level:        1

 * Nuclear model: Point charge

 Calculation of one- and two-electron Hamiltonian integrals.

 The following one-electron property integrals are calculated as requested:
          - overlap integrals
          - dipole length integrals
          - spatial spin-orbit integrals
          - electronic angular momentum around the origin

 Center of mass  (bohr):      0.000447978539      0.000000000007      0.000000000000
 Operator center (bohr):      0.000000000000      0.000000000000      0.000000000000
 Gauge origin    (bohr):      0.000000000000      0.000000000000      0.000000000000
 Dipole origin   (bohr):      0.000000000000      0.000000000000      0.000000000000


     ************************************************************************
     ************************** Output from HERINT **************************
     ************************************************************************


 Threshold for neglecting two-electron integrals:  1.00D-12
 Number of two-electron integrals written:         335 ( 50.3% )
 Megabytes written:                              0.007


   Two-electron spin-orbit integrals
   =================================
   Spin-orbit 2-electron CPU  time      0. seconds
   Spin-orbit 2-electron wall time      0. seconds
 >>>> Total CPU  time used in HERMIT:   0.01 seconds
 >>>> Total wall time used in HERMIT:   0.01 seconds


                        .----------------------------------.
                        | End of Integral Section (HERMIT) |
                        `----------------------------------'



                   .--------------------------------------------.
                   | Starting in Wave Function Section (SIRIUS) |
                   `--------------------------------------------'


 **********************************************************************
 *SIRIUS* a direct, restricted step, second order MCSCF program       *
 **********************************************************************

 
     Date and time (Linux)  : Sun Sep  8 20:39:38 2013
     Host name              : lpqlx131.ups-tlse.fr                    

 Title lines from ".mol" input file:
     STO-3G                                                                  
     ------                                                                  

 Print level on unit LUPRI =   2 is   0
 Print level on unit LUW4  =   2 is   5

@    Restricted, one open shell Kohn-Sham DFT calculation.

@    Time-dependent Kohn-Sham DFT calculation (TD-DFT).

@  The molecule is placed in a static field.
@  Field strength (a.u.)          Field operator
@  ---------------------------------------------
@     -5.00000000E-04                  XDIPLEN 
@  ---------------------------------------------

 Initial molecular orbitals are obtained according to
 ".MOSTART NEWORB" input option

     Wave function specification
     ============================
@    For the wave function of type :      >>> KS-DFT <<<
@    Number of closed shell electrons           8
@    Number of electrons in active shells       1
@    Total charge of the molecule               0

@    Spin multiplicity and 2 M_S                2         1
     Total number of symmetries                 2
@    Reference state symmetry                   1
 
     This is a DFT calculation of type: B3LYP
 Weighted mixed functional:
               HF exchange:    0.20000
                       VWN:    0.19000
                       LYP:    0.81000
                     Becke:    0.72000
                    Slater:    0.80000

     Orbital specifications
     ======================
     Abelian symmetry species          All |    1    2
                                       --- |  ---  ---
     Total number of orbitals            8 |    6    2
     Number of basis functions           8 |    6    2

      ** Automatic occupation of RKS orbitals **

      -- Initial occupation of symmetries is determined from SIRIUS restart file (SIRIUS.RST).
      -- Initial occupation of symmetries is :
@    Occupied SCF orbitals               4 |    3    1

@    plus one open shell SCF orbital of symmetry   1

     Maximum number of Fock   iterations      0
     Maximum number of DIIS   iterations     60
     Maximum number of QC-SCF iterations     60
     Threshold for SCF convergence     1.00D-12

     This is a restarted calculation.
 
     This is a DFT calculation of type: B3LYP
 Weighted mixed functional:
               HF exchange:    0.20000
                       VWN:    0.19000
                       LYP:    0.81000
                     Becke:    0.72000
                    Slater:    0.80000


 >>>>> DIIS optimization of Hartree-Fock <<<<<

 C1-DIIS algorithm; max error vectors =   10

 Automatic occupation of symmetries with   9 electrons.
 "sym." is the symmetry of the one open shell orbital in table below.

 Iter     Total energy    Error norm  Delta(E)  Sym.  Closed shell occupation
 -----------------------------------------------------------------------------
@  1  -39.3102133931       3.75D-03  -3.93D+01   1     3   1
      Virial theorem: -V/T =      1.995317
@      MULPOP C1     -0.72; H1      0.07; H2  _1  0.32; H2  _2  0.32; 
 -----------------------------------------------------------------------------
@  2  -39.3102152774       8.37D-04  -1.88D-06   1     3   1
      Virial theorem: -V/T =      1.995327
@      MULPOP C1     -0.72; H1      0.07; H2  _1  0.32; H2  _2  0.32; 
 -----------------------------------------------------------------------------
@  3  -39.3102154051       8.05D-05  -1.28D-07   1     3   1
      Virial theorem: -V/T =      1.995325
@      MULPOP C1     -0.72; H1      0.07; H2  _1  0.32; H2  _2  0.32; 
 -----------------------------------------------------------------------------
@  4  -39.3102154072       9.95D-06  -2.01D-09   1     3   1
      Virial theorem: -V/T =      1.995325
@      MULPOP C1     -0.72; H1      0.07; H2  _1  0.32; H2  _2  0.32; 
 -----------------------------------------------------------------------------
@  5  -39.3102154072       1.17D-06  -4.99D-11   1     3   1
      Virial theorem: -V/T =      1.995325
@      MULPOP C1     -0.72; H1      0.07; H2  _1  0.32; H2  _2  0.32; 
 -----------------------------------------------------------------------------
@  6  -39.3102154072       5.12D-08  -4.83D-13   1     3   1
      Virial theorem: -V/T =      1.995325
@      MULPOP C1     -0.72; H1      0.07; H2  _1  0.32; H2  _2  0.32; 
 -----------------------------------------------------------------------------
@  7  -39.3102154072       2.50D-08  -7.11D-14   1     3   1
      Virial theorem: -V/T =      1.995325
@      MULPOP C1     -0.72; H1      0.07; H2  _1  0.32; H2  _2  0.32; 
 -----------------------------------------------------------------------------
@  8  -39.3102154072       2.38D-10   4.26D-14   1     3   1
      Virial theorem: -V/T =      1.995325
@      MULPOP C1     -0.72; H1      0.07; H2  _1  0.32; H2  _2  0.32; 
 -----------------------------------------------------------------------------
@  9  -39.3102154072       1.65D-12   2.84D-14   1     3   1
      Virial theorem: -V/T =      1.995325
@      MULPOP C1     -0.72; H1      0.07; H2  _1  0.32; H2  _2  0.32; 
 -----------------------------------------------------------------------------
@ 10  -39.3102154072       3.22D-13   1.42D-14   1     3   1

@ *** DIIS converged in  10 iterations !
@     Converged SCF energy, gradient:    -39.310215407207    3.22D-13
    - total time used in SIRFCK :              0.00 seconds


 *** SCF orbital energy analysis ***

 Orbital energy analysis for an open-shell system.
 Orbital energies are not well-defined for open-shell systems
   here is used block diagonalization of the FD=FC+FV Fock matrix.
 NOTE that Koopmans' theorem is not fulfilled for this case.

 Only the five lowest virtual orbital energies printed in each symmetry.

 Number of electrons :    8
 Orbital occupations :    3    1

 Sym       Kohn-Sham orbital energies

  1     -9.95791843    -0.61664066    -0.37045937    -0.04639686     0.42298735
         0.51735587

  2     -0.37004642     0.51717325

    E(LUMO) :     0.42298735 au (symmetry 1)
  - E(HOMO) :    -0.37004642 au (symmetry 2)
  ------------------------------------------
    gap     :     0.79303377 au

and E(SOMO) :    -0.04639686 au (symmetry 1)

 >>> Writing SIRIFC interface file <<<

 >>>> CPU and wall time for SCF :       2.628       2.645


                       .-----------------------------------.
                       | >>> Final results from SIRIUS <<< |
                       `-----------------------------------'


@    Spin multiplicity:           2
@    Spatial symmetry:            1
@    Total charge of molecule:    0

 The molecule is placed in a static field.
 Field strength (a.u.)          Field operator
 ---------------------          --------------
   -5.00000000E-04                  XDIPLEN 


@    Final DFT energy:            -39.310215407207                 
@    Nuclear repulsion:             9.654822539961
@    Electronic energy:           -48.965037947168

@    Final gradient norm:           0.000000000000

 
     Date and time (Linux)  : Sun Sep  8 20:39:41 2013
     Host name              : lpqlx131.ups-tlse.fr                    

 (Only coefficients >0.0100 are printed.)

 Molecular orbitals for symmetry species  1
 ------------------------------------------

    Orbital         1        2        3        4        5        6
   1 C1  :1s     0.9909  -0.2266   0.0003  -0.0000   0.2340  -0.0010
   2 C1  :1s     0.0419   0.6517  -0.0011   0.0004  -1.4426   0.0064
   3 C1  :2px   -0.0000   0.0006   0.4112   0.6706  -0.0033  -0.8549
   4 C1  :2py   -0.0000  -0.0002  -0.3717   0.7418   0.0039   0.7729
   5 H1  :1s    -0.0091   0.2213   0.4909  -0.0003   0.7553   1.0144
   6 H2  :1s    -0.0091   0.2203  -0.2456  -0.0003   0.7486  -0.5123

 Molecular orbitals for symmetry species  2
 ------------------------------------------

    Orbital         1        2
   1 C1  :2pz    0.5550   1.1518
   2 H2  :1s     0.4248  -0.8815



 >>>> Total CPU  time used in SIRIUS :      2.63 seconds
 >>>> Total wall time used in SIRIUS :      2.65 seconds

 
     Date and time (Linux)  : Sun Sep  8 20:39:41 2013
     Host name              : lpqlx131.ups-tlse.fr                    


                     .---------------------------------------.
                     | End of Wave Function Section (SIRIUS) |
                     `---------------------------------------'



                 .------------------------------------------------.
                 | Starting in Dynamic Property Section (RESPONS) |
                 `------------------------------------------------'


 ------------------------------------------------------------------------------
  RESPONSE  -  an MCSCF, MC-srDFT, DFT, and SOPPA response property program
 ------------------------------------------------------------------------------


 <<<<<<<<<< OUTPUT FROM RESPONSE INPUT PROCESSING >>>>>>>>>>




 Linear Response calculation
 ---------------------------

 Print level                                    : IPRLR  =   2
 Maximum number of iterations                   : MAXITL =  60
 Threshold for relative convergence             : THCLR  = 1.000D-09
 Maximum iterations in optimal orbital algorithm: MAXITO =   5

  1 B-frequencies  0.000000D+00

    2 second order properties calculated with symmetry no.    2 and labels:

          XANGMOM 
          X1SPNORB

 Integral transformation: Total CPU and WALL times (sec)       0.000       0.001


 open shell SCF energy:      -39.310215407206726
 -- inactive part     :      -48.931396317752132
 --   active part     :       -0.033641629415492
 -- nuclear repulsion :        9.654822539960900


                    ******************************************
                    *** High-spin DFT response calculation ***
                    ******************************************



 >>>>>>>>>> Linear response calculation
 >>>>>>>>>> Symmetry of excitation/property operator(s)    2

 Number of excitations of this symmetry            0
 Number of response properties of this symmetry    2
 Number of C6/C8 properties of this symmetry       0


 Perturbation symmetry.     KSYMOP:       2
 Perturbation spin symmetry.TRPLET:       F
 Orbital variables.         KZWOPT:       7
 Configuration variables.   KZCONF:       0
 Total number of variables. KZVAR :       7


 RSPLR -- linear response calculation for symmetry  2
 RSPLR -- operator label : XANGMOM 
 RSPLR -- operator spin  :   0
 RSPLR -- frequencies :   0.000000
 FREQ 2    0.0000000000000000     

 INFO: Converged vectors from previous calculation are used as starting vectors for property
          XANGMOM            



 <<<  SOLVING SETS OF LINEAR EQUATIONS FOR LINEAR RESPONSE PROPERTIES >>>

 Operator symmetry =  2; triplet =   F


 INFO: Converged vectors from previous calculation are used as starting vectors for property
          XANGMOM            

 *** THE REQUESTED    1 SOLUTION VECTORS CONVERGED

 Convergence of RSP solution vectors, threshold = 1.00D-09
 ---------------------------------------------------------------
 (dimension of paired reduced space:   12)
 RSP solution vector no.    1; norm of residual   8.15D-12

 *** RSPCTL MICROITERATIONS CONVERGED


 RSPLR -- linear response calculation for symmetry  2
 RSPLR -- operator label : X1SPNORB
 RSPLR -- operator spin  :   0
 RSPLR -- frequencies :   0.000000
 FREQ 2    0.0000000000000000     

 INFO: Converged vectors from previous calculation are used as starting vectors for property
          X1SPNORB           



 <<<  SOLVING SETS OF LINEAR EQUATIONS FOR LINEAR RESPONSE PROPERTIES >>>

 Operator symmetry =  2; triplet =   F


 INFO: Converged vectors from previous calculation are used as starting vectors for property
          X1SPNORB           

 *** THE REQUESTED    1 SOLUTION VECTORS CONVERGED

 Convergence of RSP solution vectors, threshold = 1.00D-09
 ---------------------------------------------------------------
 (dimension of paired reduced space:   10)
 RSP solution vector no.    1; norm of residual   4.46D-11

 *** RSPCTL MICROITERATIONS CONVERGED


           Final output of second order properties from linear response
           ------------------------------------------------------------


@ Spin symmetry of operators: singlet

 Note that minus the linear response function: - << A; B >>(omega) is printed.
 The results are of quadratic accuracy using Sellers formula.

@ FREQUENCY INDEPENDENT SECOND ORDER PROPERTIES

@ -<< XANGMOM  ; XANGMOM  >> =  4.036559302404D+00
@ -<< XANGMOM  ; X1SPNORB >> =  1.504356166154D-04
@ -<< X1SPNORB ; X1SPNORB >> =  5.201797648999D-08


 Time used in linear response calculation is      2.48 CPU seconds for symmetry 2

 >>>> Total CPU  time used in RESPONSE:   2.48 seconds
 >>>> Total wall time used in RESPONSE:   2.50 seconds


                   .-------------------------------------------.
                   | End of Dynamic Property Section (RESPONS) |
                   `-------------------------------------------'

 >>>> Total CPU  time used in DALTON:   5.13 seconds
 >>>> Total wall time used in DALTON:   5.16 seconds

 
     Date and time (Linux)  : Sun Sep  8 20:39:43 2013
     Host name              : lpqlx131.ups-tlse.fr                    
