DIRAC launched (pam script) by a.b at Thu Sep  9 11:13:16 CEST 2010
in : Dirac/test/fde_static-vemb_dipole
===========================================================================================
Size of all static allocations (pam script) :  MB
DIRAC master    (b) allocating 80000000 words (610 MB) of memory
 ******************************************************************************
 *                                                                            *
 *                                O U T P U T                                 *
 *                                   from                                     *
 *                                                                            *
 *                   @@@@@    @@   @@@@@     @@@@     @@@@@                   *
 *                   @@  @@        @@  @@   @@  @@   @@                       *
 *                   @@  @@   @@   @@@@@    @@@@@@   @@                       *
 *                   @@  @@   @@   @@ @@    @@  @@   @@                       *
 *                   @@@@@    @@   @@  @@   @@  @@    @@@@@                   *
 *                                                                            *
 *                                                                            *
 %}ZS)S?$=$)]S?$%%>SS$%S$ZZ6cHHMHHHHHHHHMHHM&MHbHH6$L/:<S///</:|/:|:/::!:.::--:
 $?S$$%$$$$?%?$(SSS$SSSHMMMMMMMMMMMMMMMMMM6H&6S&SH&&k?6$r~::://///::::::.:::-::
 (%?)Z??$$$(S%$>$)S6HMMMMMMMMMMMMMMMMMMMMMMR6M]&&$6HR$&6(i::::::|i|:::::::-:-::
 $S?$$)$?$%?))?S/]#MMMMMMMMMMMMMMMMMMMMMMMMMMHM1HRH9R&$$$|):?:/://|:/::/:/.::.:
 SS$%%?$%((S)?Z[6MMMMMMMMMMMMMMMMMMMMMMMMMMMMMMMMM&HF$$&/)S?<~::!!:::::::/:-:|.
 SS%%%%S$%%%$$MMMMMMMMMMMMMMMMMMMMMMMMMMMMMMMMMMMHHHHHHM>?/S/:/:::`:/://:/::-::
 ?$SSSS?%SS$)MMMMMMMMMMMMMMMMMMMMMMMMMMMMMMMMMMMMMMMMMMM/4?:S:/:::/:::/:/:::.::
 S$(S?S$%(?$HMMMMMMMMMMMMMMMMM#&7RH99MMMMMMMMMMMMMMMMMMHHHd$/:::::/::::::-//.:.
 (?SS(%)S&HMMMMMMMMMMMMMMMMM#S|///???$9HHMMMMMMMMMDSZ&1S/?</>?~:///::|/!:/-:-:.
 $S?%?<H(MMMMMMMMMMMMMMMMR?`. :.:`::<>:``?/*?##*)$:/>       `((%://::/:::::/::/
 S$($$)HdMMMMMMMMMMMMMMMP: . `   `  `    `      `-            `Z<:>?::/:::::|:i
 c%%%&HMMMMMMMMMMMMMMMM6:                                      `$%)>%%</>!:::::
 S?%/MMMMMMMMMMMMMMMMMMH-                                        /ZSS>?:?~:;/::
 $SZ?MMMMMMMMMMMMMMMMMH?.                                        \"&((/?//?|:::
 $%$%&MMMMMMMMMMMMMMMMM:.                                          ?%/S:</::/::
 ($?}&HMMMMMMMMMMMMMMMM>:                                          $%%<?/i:|i::
 Z$($&MMMMMMMMMMMMMMMMHk(:.  . -                                   .S/\?\?/!:/:
 (??$<HMMMMMMMMMMMMMMMFk|:   -.-.                                  :%/%/(:/:ii|
 SZ(S?]MMMMMMMMMMMMMMHS?:- -  ::.:                                  |/S:</::?||
 $%)$$(MMMMMMMMMMMMMMR):`:. :.:::`,,/bcokb/_                       :S?%?|~:/:/:
 %$$%$)[[?$?MMMMMMMMMM: :.:-.::::$7?<&7&MMMMMMM#/           _ .. ..:</?:(:/::::
 $$$?Z?HHH~|/MMMMMMMMM/`.-.:.:/:%%%%?dHMMMMMMMMMMH?,-   .,bMMMM6//./i~/~:<:::/:
 $($S$M//::S?ZHMMMMMH/:.`:::.:/%S/&MMHMMMMMMMMRM&><   ,HMMMMMMMF  :::?:///:|:::
 )[$S$S($|_i:#>::*H&?/::.::/:\"://:?>>`:&HMHSMMMM$:`-   MMHMMMMHHT .)i/?////::/
 $$[$$>$}:dHH&$$--?S::-:.:::--/-:``./::>%Zi?)&/?`:.`   `H?$T*\" `  /%?>%:)://ii|
 $&=&/ZS}$RF<:?/-.|%r/:::/:/:`.-.-..|::S//!`\"``          >??:    `SS<S:)!/////|
 Z&]>b[Z(Z?&%:::../S$$:>:::i`.`. `-.`  `                         ,>%%%:>/>/!|:/
 $$&/F&1$c$?>:>?/,>?$$ZS/::/:-: ...                              |S?S)S?<~:::::
 &$&$&$k&>>|?<:<?((/$[/?)i~/:/. - -                              S?:%%%?/:::/::
 =[/Z[[Fp[MMH$>?Z&S$$$/$S///||..-           -.-                  /((S$:%<:///:/
 $&>1MHHMMMM6M9MMMM$Z$}$S%/:::.`.            .:/,,,dcb>/:.       ((SSSS%:)!//i|
 MMMMMMMMMMMR&&RRRHR&&($(?:|i::-             .:%&S&$[&H&``     ../>%;/?>??:<::>
 MMMMMMMMMMMMS/}S$&&H&[$SS//:::.:.   . . .v</Jq1&&D]&M&<,      :/::/?%%)S>?://:
 MMMMMMMMMMMM?}$/$$kMM&&$(%/?//:..`.  .|//1d/`://?*/*/\"` `     .:/(SS$%(S%)):%
 MMMMMMMMMMMM(}$$>&&MMHR#$S%%:?::.:|-.`:;&&b/D/$p=qpv//b/~`   :/~~%%??$=$)Z$S+;
 MMMMMMMMMMMM[|S$$Z1]MMMMD[$?$:>)/::: :/?:``???bD&{b<<-`     .,:/)|SS(}Z/$$?/<S
 MMMMMMMMMMMM||$)&7k&MMMMH9]$$??Z%|!/:i::`  `` .             SS?SS?Z/]1$/&$c/$S
 MMMMMMMMMMMM| -?>[&]HMMMMMMMH1[/7SS(?:/..-` ::/Sc,/_,     _<$?SS%$S/&c&&$&>//<
 MMMMMMMMMMMMR  `$&&&HMM9MMMMMMM&&c$%%:/:/:.:.:/\?\?/\    _MMHk/7S/]dq&1S<&&></
 MMMMMMMMMMMMM?  :&96MHMMMMMMMMMMMHHk[S%(<<:// `         ,MMMMMMM&/Z6H]DkH]1$&&
 MMMMMMMMMMMMMD    99H9HMMMMMMMMMMMMMMMb&%$<:i.:....    .MMMMMMMMM6HHHRH&H&H1SF
 MMMMMMMMMMMMMM|   `?HMMMMMMMMMMMMMMMMMMMHk6k&>$&Z$/?_.bHMMMMMMMMMMM&6HRM9H6]Zk
 MMMMMMMMMMMMMMM/    `TMMMMMMMMMMMMMMMMMMMMMMMMMMMMMMMMMMMMMMMMMMMMMMHMH6RH&R6&
 MMMMMMMMMMMMMMMM    -|?HMMMMMMMMMMMMMMMMMMMMMMMMMMMMMMMMMMMMMMMMMMMMMFHH6HMD&&
 MMMMMMMMMMMMMMMMk  ..:~?9MMMMMMMMMMMMM#`:MMMMMMMMMMMMMMMMMMMMMMMMMMMMM9MHkR6&F
 MMMMMMMMMMMMMMMMM/  .-!:%$ZHMMMMMMMMMR` dMMMMMMMMMMMMMMMMMMMMMMMMMMMMM9MRMHH9&
 MMMMMMMMMMMMMMMMMML,:.-|::/?&&MMMMMM` .MMMMMMMMMMMMMMMMMMMMMMMMMMMMMMMMHRMH&&6
 MMMMMMMMMMMMMMMMMMMc%>/:::i<:SMMMMMMHdMMMMMMMMMMMMMMMMMMMMMMMMMMMMMMMMHHM&969k
 MMMMMMMMMMMMMMMMMMMMSS/$$/(|HMMMMMMMMMMMMMMMMMMMMMMMMMMMMMMMMMMMMMMMMMMMHH&HH&
 MMMMMMMMMMMMMMMMMMMM6S/?/MMMMMMMMMMMMMMMMMMMMMMMMMMMMMMMMMMMMMMMMMMMMMR96H1DR1
 MMMMMMMMMMMMMMMMMMMMM&$MHMMMMMMMMMMMMMMMMMMMMMMMMMMMMMMMMMMMMMMMMMMMMMHMH691&&
 MMMMMMMMMMMMMMMMMMMMMMMMMMMMMMMMMMMMMMMMMMMMMMMMMMMMMMMMMMMMMMMMMMMMMMMMH&R&9Z
 MMMMMMMMMMMMMMMMMMMMMMMMMRHMMMMMMMMMMMMMMMMMMMMMMMMMMMMMMMMMMMMMMMMMMMMH&96][6
 MMMMMMMMMMMMMMMMMMMMMMMMp?:MMMMMMMMMMMMMMMMMMMMMMMMMMMMMMMMMMMMMMMMMMM96HH1][F
 MMMMMMMMMMMMMMMMMMMMMMMM> -HMMMMMMMMMMMMMMMMMMMMMMMMMMMMMMMMMMMMMMMMMMMH&1k&$&
 ******************************************************************************
 *                                                                            *
 *         =======================================================            *
 *                     Program for Atomic and Molecular                       *
 *          Direct Iterative Relativistic Allelectron Calculations            *
 *         =======================================================            *
 *                                                                            *
 *                        VERSION 08.00  17 September 2008                    *
 *                                                                            *
 ******************************************************************************
 *                                                                            *
 *    Written by:                                                             *
 *                                                                            *
 *    Lucas Visscher           VU University Amsterdam           Netherlands  *
 *    Hans Joergen Aa. Jensen  University of Southern Denmark    Denmark      *
 *    Trond Saue               CNRS/ULP Strasbourg               France       *
 *                                                                            *
 *    with new contributions to DIRAC08 from:                                 *
 *                                                                            *
 *    Radovan Bast             University of Tromsoe             Norway       *
 *    Sebastien Dubillard      CNRS/ULP Strasbourg               France       *
 *    Kenneth G. Dyall         Schrodinger, Inc., Portland       USA          *
 *    Ulf Ekstrom              VU University Amsterdam           Netherlands  *
 *    Ephraim Eliav            University of Tel Aviv            Israel       *
 *    Timo Fleig               Universit√© P. Sabatier, Toulouse  France       *
 *    Andre S. P. Gomes        VU University Amsterdam           Netherlands  *
 *    Trygve U. Helgaker       University of Oslo                Norway       *
 *    Johan Henriksson         Linkoeping University             Sweden       *
 *    Miroslav Ilias           University of Zilina              Slovakia     *
 *    Christoph R. Jacob       ETH Zurich                        Switzerland  *
 *    Stefan Knecht            University of Duesseldorf         Germany      *
 *    Patrick Norman           Linkoeping University             Sweden       *
 *    Jeppe Olsen              Aarhus University                 Denmark      *
 *    Markus Pernpointner      University of Heidelberg          Germany      *
 *    Kenneth Ruud             University of Tromsoe             Norway       *
 *    Pawel Salek              Stockholm Inst. of Technology     Sweden       *
 *    Jetze Sikkema            VU University Amsterdam           Netherlands  *
 *                                                                            *
 *    For the complete list of contributors to the DIRAC code see our         *
 *    website http://dirac.chem.sdu.dk                                        *
 *                                                                            *
 *    This is an experimental code. The authors accept no responsibility      *
 *    for the performance of the code or for the correctness of the results.  *
 *                                                                            *
 *    The code (in whole or part) is not to be reproduced for further         *
 *    distribution without the written permission of the authors or           *
 *    their representatives.                                                  *
 *                                                                            *
 *    If results obtained with this code are published, an                    *
 *    appropriate citation would be:                                          *
 *                                                                            *
 *    DIRAC, a relativistic ab initio electronic structure program,           *
 *    Release DIRAC08 (2008),                                                 *
 *    written by L. Visscher, H. J. Aa. Jensen, and T. Saue,                  *
 *    with new contributions from R. Bast, S. Dubillard, K. G. Dyall,         *
 *    U. Ekstrom, E. Eliav, T. Fleig, A. S. P. Gomes, T. U. Helgaker,         *
 *    J. Henriksson, M. Ilias, Ch. R. Jacob, S. Knecht, P. Norman,            *
 *    J. Olsen, M. Pernpointner, K. Ruud, P. Salek, and J. Sikkema            *
 *    (see http://dirac.chem.sdu.dk).                                         *
 *                                                                            *
 ******************************************************************************
 Version           : Dirac 8.0 (patchlevel 0) 
 Hostname          : b
 Operating system  : Darwin 10.4.0
 Machine           : i386
 Run               : Parallel
 Last compilation  : 16:49:23 Sep  3 2010 (by a.b:Dirac)
 FORTRAN compiler  : /opt/local/lib/openmpi/bin/mpif90 -O3 -ffast-math -g -Wno=155 -fsloppy-char -fno-second-underscore -Iinclude -fmod=modules -DARCH32BIT -DVAR_G95 -DPRG_DIRAC -DSYS_LINUX -DINSTALL_WRKMEM=64000000 -DVAR_MPI -DSYS_LOCALDISKS -DVAR_MFDS -DMOD_XCFUN -DMOD_MAGNETIZ -DMOD_LONDON -DMOD_MCSCF_spinfree -DMOD_KRMC -DMOD_DNF -DMOD_ESR -DMOD_MATRIX_OPERATIONS -DMOD_ADC -DMOD_AMFI -DMOD_KRMC -DMOD_OPENRSP -DMOD_VISUAL -DMOD_IHFSCC -DMOD_XPP -DMOD_STEX -DMOD_EMB -DMOD_ERI -DMOD_UNRELEASED   
 C compiler        : /opt/local/lib/openmpi/bin/mpicc -O3 -ffast-math -g -Iinclude -D_FILE_OFFSET_BITS=64 -D_LARGEFILE_SOURCE  -D_LARGEFILE64_SOURCE -DMOD_XCFUN -DMOD_MAGNETIZ -DMOD_LONDON -DMOD_MCSCF_spinfree -DMOD_KRMC -DMOD_DNF -DMOD_ESR -DMOD_MATRIX_OPERATIONS -DMOD_ADC -DMOD_AMFI -DMOD_KRMC -DMOD_OPENRSP -DMOD_VISUAL -DMOD_IHFSCC -DMOD_XPP -DMOD_STEX -DMOD_EMB -DMOD_ERI -DMOD_UNRELEASED  -DSYS_LINUX -DINSTALL_WRKMEM=64000000 -DVAR_MPI -DSYS_LOCALDISKS -DSYS_FLAVOR=DARWIN 
 External libraries: -framework vecLib -Lxcfun/lib -lxcfun  
 Internal libraries: DIRAC_BLAS=NO  DIRAC_LAPACK=NO 
 ILP data model    : ILP32 
 SVN URL           : http://dirac.chem.sdu.dk/svnDirac/Dirac/trunk 
 SVN Revision      : 11480 

 
     Date and time (Linux)  : Thu Sep  9 11:13:16 2010
     Host name              :                                         


 *******************************************************************************
 ************************** Input read from DIRAC.INP **************************
 *******************************************************************************

**DIRAC
.TITLE
Water molecule. tests for frozen density embedding
.WAVE F
.PROPERTIES
**HAMILTONIAN
.X2COLD
.DFT
 LDA
.FDE
*FDE
.EMBPOT
vemb.grid
.PRINT
 1
**INTEGRALS
.NUCMOD
1
*READIN
.UNCONTRACTED
**WAVE FUNCTIONS
.DHF
*DHFCAL
.PRINT
2
**PROPERTIES
.DIPOLE
#.POLARIZABILITY
*END OF



    **************************************************************************
    *********** Water molecule. tests for frozen density embedding ***********
    **************************************************************************

 Jobs in this run:
   * Wave function
   * Properties


    **************************************************************************
    ************************** General DIRAC set-up **************************
    **************************************************************************

   CODATA Recommended Values of the Fundamental Physical Constants: 1998  
                Peter J. Mohr and Barry N. Taylor                         
   Journal of Physical and Chemical Reference Data, Vol. 28, No. 6, 1999  
 * The speed of light :        137.0359998
 * Running in pure two-component mode (with LL integrals only)
 * Direct evaluation of the following two-electron integrals:
   - LL-integrals
 * Spherical transformation embedded in MO-transformation
   for large components
 * Transformation to scalar RKB basis embedded in
   MO-transformation for small components
 * Thresholds for linear dependence:
   Large components:   1.00D-06
   Small components:   1.00D-08
 DFPCMO: IBEIG read in I2 format.
 * General print level   :   0


    *************************************************************************
    ****************** Output from HERMIT input processing ******************
    *************************************************************************

 Default print level:        1
 Nuclear model: Point charge.

 Two-electron integrals not calculated.


 Ordinary (field-free non-relativistic) Hamiltonian integrals not calculated.



 Changes of defaults for READIN:
 -------------------------------


 Uncontracted basis forced, irrespective of basis input file.



 Settings for FCK3 calculation:
 ------------------------------

Dynamical threshold is not (yet) implemented in DIRAC


    *************************************************************************
    ****************** Output from READIN input processing ******************
    *************************************************************************



  Title Cards
  -----------

  Water                                                                   
  sto basis, geometry as in Christophs ADF run                            

  Coordinates are entered in Angstroms and converted to atomic units.
          - Conversion factor : 1 bohr = 0.52917721 A

WARNING!!! Cartesian Gaussians must be specified
           in molecule input file.
           DIRAC proceeds with readin assuming            Cartesian Gaussians.



  Symmetry Operations
  -------------------

  Symmetry operations: 2



                          SYMGRP:Point group information
                          ------------------------------

Point group: C2v

   * The point group was generated by:

      Reflection in the yz-plane
      Reflection in the xz-plane

   * Group multiplication table

        |  E   C2z  Oxz  Oyz
   -----+--------------------
     E  |  E   C2z  Oxz  Oyz
    C2z | C2z   E   Oyz  Oxz
    Oxz | Oxz  Oyz   E   C2z
    Oyz | Oyz  Oxz  C2z   E 

   * Character table

        |  E   C2z  Oxz  Oyz
   -----+--------------------
    A1  |   1    1    1    1
    B1  |   1   -1    1   -1
    B2  |   1   -1   -1    1
    A2  |   1    1   -1   -1

   * Direct product table

        | A1   B1   B2   A2 
   -----+--------------------
    A1  | A1   B1   B2   A2 
    B1  | B1   A1   A2   B2 
    B2  | B2   A2   A1   B1 
    A2  | A2   B2   B1   A1 


                            **************************
                            *** Output from DBLGRP ***
                            **************************

   * One fermion irrep:   E1 
   * Real group. NZ = 1
   * Direct product decomposition:
          E1  x E1  : A1  + A2  + B1  + B2 


                                 Spinor structure
                                 ----------------


   * Fermion irrep no.: 1
      La  |  A1 (1)  A2 (2)  |
      Sa  |  A2 (1)  A1 (2)  |
      Lb  |  B1 (3)  B2 (4)  |
      Sb  |  B2 (3)  B1 (4)  |


                              Quaternion symmetries
                              ---------------------

    Rep  T(+)
    -----------------------------
    A1   1
    B1   j
    B2   k
    A2   i


  Atoms and basis sets
  --------------------

  Number of atom types:     2
  Total number of atoms:    3

  label    atoms   charge   prim    cont     basis   
  ----------------------------------------------------------------------
  O           1       8      30      30      L  - [12s6p|12s6p]                                                  
                              0       0      S  - No small component basis functions attached                    
  H           2       1       6       6      L  - [6s|6s]                                                        
                              0       0      S  - No small component basis functions attached                    
  ----------------------------------------------------------------------
                             42      42      L  - large components
                              0       0      S  - small components
  ----------------------------------------------------------------------
  total:      3      10      42      42

  Threshold for integrals (to be written to file):  1.00D-15

  MNF.INP input file (for the AMFI stuff) is ready.


  References for the basis sets
  -----------------------------

  Atom type   1   2
   Elements                             References                                
   --------                             ----------                                
   H - Ne :  W.J. Hehre, R.F. Stewart and J.A. Pople,                             
             J. Chem. Phys. 51, 2657 (1969).                                      
   Na - Ar:  W.J. Hehre, R. Ditchfield, R.F. Stewart and J.A. Pople,              
             J. Chem. Phys. 52, 2769 (1970).                                      
  ***********************************************************************         


  Cartesian Coordinates
  ---------------------

  Total number of coordinates:  9


   1   O        x      0.0000000000
   2            y      0.0000000000
   3            z     -0.4949660002

   4   H    1   x      0.0000000000
   5            y      1.4581650009
   6            z      0.6474510004

   7   H    2   x      0.0000000000
   8            y     -1.4581650009
   9            z      0.6474510004



  Symmetry Coordinates
  --------------------

  Number of coordinates in each symmetry:   3  2  3  1


  Symmetry 1

   1   O     z    3
   2   H     y    [ 5  -  8 ]/2
   3   H     z    [ 6  +  9 ]/2


  Symmetry 2

   4   O     x    1
   5   H     x    [ 4  +  7 ]/2


  Symmetry 3

   6   O     y    2
   7   H     y    [ 5  +  8 ]/2
   8   H     z    [ 6  -  9 ]/2


  Symmetry 4

   9   H     x    [ 4  -  7 ]/2


   Interatomic separations (in Angstroms):
   ---------------------------------------

            O           H  1        H  2

   O       0.000000
   H  1    0.980244    0.000000
   H  2    0.980244    1.543255    0.000000




  Bond distances (angstroms):
  ---------------------------

                  atom 1     atom 2                           distance
                  ------     ------                           --------
  bond distance:    H  1       O                              0.980244
  bond distance:    H  2       O                              0.980244


  Bond angles (degrees):
  ----------------------

                  atom 1     atom 2     atom 3                   angle
                  ------     ------     ------                   -----
  bond angle:       H  2       O          H  1                 103.845


  Nuclear repulsion energy :    8.980370229500


                                GETLAB: AO-labels
                                -----------------

   * Large components:    6
     1  L O     s        2  L O     px       3  L O     py       4  L O     pz       5  L H   1 s        6  L H   2 s   
   * Small components:    0



                                GETLAB: SO-labels
                                -----------------

   * Large components:    6
     1  L A1 O  s        2  L A1 O  pz       3  L A1 H  s        4  L B1 O  px       5  L B2 O  py       6  L B2 H  s   
   * Small components:    0



  Symmetry Orbitals
  -----------------

  Number of orbitals in each symmetry:           24     6    12     0
  Number of large orbitals in each symmetry:     24     6    12     0
  Number of small orbitals in each symmetry:      0     0     0     0

* Large component functions

  Symmetry  A1 ( 1)

       12 functions:    O  s   
        6 functions:    O  pz  
        6 functions:    H  s   1+2

  Symmetry  B1 ( 2)

        6 functions:    O  px  

  Symmetry  B2 ( 3)

        6 functions:    O  py  
        6 functions:    H  s   1-2


   ***************************************************************************
   *************************** Hamiltonian defined ***************************
   ***************************************************************************

* Kohn-Sham calculation using the automatic differentiation xc functional:
   (weight: functional)
  1.000000: kin_tf

  - BSS with properties !
 * Print level:    0
 * One-step Infinite-Order Two-component Hamiltonian
   Reference: 
    M. Ilias and T. Saue:
    "Implementation of an infinite-order two-component relativistic Hamiltonian 
    by a simple one-step transformation." 
    J. Chem. Phys., 126 (2007) 064102. 
 * running in 2-component modus
 * Spin-orbit corrections to the instantaneous Coulomb 
   interaction provided by the AMFI code. 
   References: 
     1) B. Schimmelpfennig, program AMFI, 
        Stockholm University, Sweden
     2) B. A. Hess, C. M. Marian, U. Wahlgren and O. Gropen
        Chem. Phys. Lett. 251, 365 (1996)
     3)  M Ilias, V Kello, L Visscher and B Schimmelpfennig
        J. Chem. Phys. Vol. 115 (2001) p.9667.
     Adding :
       some AMFI contribution (see output from EXTR_BSS_INFO below)
 * Kohn-Sham calculation using the xc functional: LDA
 * Default integral flags passed to all modules
   - LL-integrals:     1
   - LS-integrals:     0
   - SS-integrals:     0
   - GT-integrals:     0
 * Basis set:
   - uncontracted large component basis set
  
 =====================================================================================================
 Frozen Density Embedding to include enviroment effects using the fixed potential method described in:
 A.S.P. Gomes, C. R. Jacob and L. Visscher, Phys. Chem. Chem. Phys. 10 (2008) 5353‚Äì5362.
 =====================================================================================================

  Frozen Density Embedding Calculation set-up:
  --------------------------------------------

 * Print level               :     1
 * Kinetic energy functional : kin_tf              
 * FDE Potential read from file: vemb.grid                                                   
 * Fixed FDE potential will be used
===========================================================================
    Set-up for AMFI/RELSCF calculations
===========================================================================
  ...no reading under *AMFI, thus default settings
   *AMFI code print level:     0
 *RELSCF code print level:     0
 * RELSCF maximum number of iterations:   50
 * All AMFI mean-field summations are on neutral individual atoms.


   Kohn-Sham calculation set-up
   ----------------------------

 * Print level:     2
 * Numerical integration grid:
   - radial quadrature according to R. Lindh, P.-Aa. Malmqvist, and L. Gagliardi
     precision of radial quadrature set to:  0.10000E-12
   - angular quadrature using the Lebedev scheme, exact up to order L = 41
   - accepted error in integrated number of electrons:  0.10000E-02
 * DFT thresholds:
   - dfthr0 =  0.10000E-08
   - dfthri =  0.20000E-11
 * Spin density contribution in response calculations:
   - use the norm of the spin magnetization vector as a definition of the spin density (noncollinear definition)


 *******************************************************************************
 ************************** Memory required by HERMIT **************************
 *******************************************************************************

===========================================================================
 Maximum memory load for two-electron integral processing:
===========================================================================
 * LL-integrals:
   2(O    Lp)   2(O    Lp)   2(O    Lp)   2(O    Lp)              256715


    **************************************************************************
    ************************** Wave function module **************************
    **************************************************************************

 Jobs in this run (in execution order):
 * Density functional calculation (Kohn-Sham method)

 * Initial Automatic occupation based on:
   Total charge of atoms =  10
   Charge of molecule    =   0
   i.e. no. of electrons =  10
===========================================================================
 DHFINP: Set-up for Kohn-Sham calculation:
===========================================================================
 * Number of fermion irreps: 1
 * Closed shell SCF calculation with   10 electrons in
       5 orbitals in Fermion irrep 1
 * Bare nucleus screening correction used for start guess
 * General print level   :   2
 ***** TRIAL FUNCTION *****
 * Trial vectors read from file DFCOEF
 ***** CONVERGENCE CRITERIA *****
 * Convergence on norm of error vector (gradient).
   Desired convergence:1.000D-07
   Allowed convergence:1.000D-06

 ***** CONVERGENCE CONTROL *****
 * Fock matrix constructed using differential density matrix
    with optimal parameter.
 * DIIS (in MO basis)
 * DIIS will be activated when convergence reaches : 1.00D+20
   - Maximum size of B-matrix:   10
 * Damping of Fock matrix when DIIS is not activated. 
   Weight of old matrix    : 0.250
 * Maximum number of SCF iterations  :   50
 * No quadratic convergent Hartree-Fock
 * Contributions from 2-electron integrals to Fock matrix:
   LL-integrals.
 * NB!!! No e-p rotations in 2nd order optimization.
 ***** OUTPUT CONTROL *****
 * Only electron eigenvalues written out.

   PRPINP: Picture change transformation of properties activated !



   ***************************************************************************
   ***************************** Property module *****************************
   ***************************************************************************

 * Print level:  0
 * Input label:**PROPE
 * Properties calculated for the following wave functions: 
     1: DHF 
 These initial settings of center and origins might be changed later:
 * Operator center (a.u.):      0.0000000000      0.0000000000      0.0000000000
 * Gauge origin    (a.u.):      0.0000000000      0.0000000000      0.0000000000
 * Dipole origin   (a.u.):      0.0000000000      0.0000000000      0.0000000000
  ...perform the picture change transformation of the four-comp. property operators
===========================================================================
 Dipole moment
===========================================================================


 ********************************************************************************
 *************************** Input consistency checks ***************************
 ********************************************************************************



    *************************************************************************
    ************************ End of input processing ************************
    *************************************************************************


  Coordinates are entered in Angstroms and converted to atomic units.
          - Conversion factor : 1 bohr = 0.52917721 A

  MNF.INP input file (for the AMFI stuff) is ready.


                       Generating Lowdin canonical matrix:
                       -----------------------------------

   L   A1    * Deleted:          0(Proj:          0, Lindep:          0)
   L   B1    * Deleted:          0(Proj:          0, Lindep:          0)
   L   B2    * Deleted:          0(Proj:          0, Lindep:          0)
   S   A1    * Deleted:          6(Proj:          6, Lindep:          0)
   S   B1    * Deleted:          0(Proj:          0, Lindep:          0)
   S   B2    * Deleted:          0(Proj:          0, Lindep:          0)
   S   A2    * Deleted:          0(Proj:          0, Lindep:          0)


                  *** Output from the EXTR_BSS_INFO routine ***
                  ---------------------------------------------

  * Transforming the one-electron DIRAC bare nucleus operator.
  * Order of the Douglas-Kroll-Hess/BSS transformation :...infinite  !
  * Only the RKB basis (one-step method). No preliminary free-particle basis transformation according to Barysz.
  * R-equation solving applied : YR-equation 2 (Trond) 
  * spin-orbit terms are included

  * AMFI: MFSSO2 terms (spin-same orbit only) added.
  * Prepare the picture-change transformation matrixes
  * I2COFK parameter for H2c specification set to:2


                                Output from MODHAM
                                ------------------

* Applied strict kinetic balance !


                     *** Output from the RFBSSMAT routine ***
                     ----------------------------------------

  * RFBSSMAT called from routine:H2CFINAL
  * The label to be read from BSSMAT:TM2CAOFP
  * Length of the record on the file:    6552
  * BSSMAT file was already open.  No opening.
  * RFBSSMAT: TM2CAOFP record  was read from the file BSSMAT
  * BSSMAT file left open.

  H2CFINAL: TM2CAOFP read into TMAT.


                                   SCF - CYCLE
                                   -----------

* Convergence on norm of error vector (gradient).
  Desired convergence:1.000D-07
  Allowed convergence:1.000D-06

* ERGVAL - convergence in total energy
* FCKVAL - convergence in maximum change in total Fock matrix
* EVCVAL - convergence in error vector (gradient)
--------------------------------------------------------------------------------------------------------------------------------
           Energy               ERGVAL    FCKVAL    EVCVAL      Conv.acc    CPU          Integrals   Time stamp
--------------------------------------------------------------------------------------------------------------------------------
It.   1    -32.73680527762      1.00D+20  0.00D+00  0.00D+00               0.00748777s   Scr. nuclei    Thu Sep  9
It.   2    -75.00808230477      4.23D+01  2.05D+00  2.69D+00               0.81833982s   LL             Thu Sep  9
It.   3    -74.19341705110     -8.15D-01 -2.57D+00  2.54D+00   DIIS   2    0.78447247s   LL             Thu Sep  9
It.   4    -75.22961278437      1.04D+00  2.32D+00  1.24D+00   DIIS   3    0.75944090s   LL             Thu Sep  9
It.   5    -75.48660718171      2.57D-01 -6.55D-01  9.34D-02   DIIS   4    0.76605558s   LL             Thu Sep  9
It.   6    -75.48862937842      2.02D-03 -5.76D-02  4.11D-03   DIIS   5    0.76900578s   LL             Thu Sep  9
It.   7    -75.48863257445      3.20D-06  1.39D-03  4.67D-04   DIIS   6    0.76776028s   LL             Thu Sep  9
It.   8    -75.48863264049      6.60D-08  6.90D-05  1.14D-04   DIIS   7    0.76790905s   LL             Thu Sep  9
It.   9    -75.48863264296      2.48D-09  5.74D-05  9.95D-06   DIIS   8    0.77209759s   LL             Thu Sep  9
It.  10    -75.48863264298      1.61D-11  4.88D-06  1.31D-06   DIIS   9    0.76963425s   LL             Thu Sep  9
It.  11    -75.48863264298      1.99D-13  7.38D-07  1.40D-08   DIIS   9    0.75929546s   LL             Thu Sep  9
--------------------------------------------------------------------------------------------------------------------------------
* Convergence after   11 iterations.
* Average elapsed time per iteration: 
      No 2-ints    :    0.00000000s
      LL           :    0.80000000s


                                   TOTAL ENERGY
                                   ------------

   Electronic energy                        :    -84.469002872479720

   Other contributions to the total energy
   Nuclear repulsion energy                 :      8.980370229500169

   Sum of all contributions to the energy
   Total energy                             :    -75.488632642979553


                                   Eigenvalues
                                   -----------


* Fermion symmetry E1 
  * Closed shell, f = 1.0000
  -18.543722614524  ( 2)      -0.873204617107  ( 2)      -0.423885570146  ( 2)      -0.260759129483  ( 2)      -0.196999074472  ( 2)
  * Virtual eigenvalues, f = 0.0000
    0.052990168630  ( 2)       0.157286780956  ( 2)       0.333719250052  ( 2)       0.344774790303  ( 2)       0.561805890383  ( 2)
    0.583207417677  ( 2)       0.715055826742  ( 2)       0.753156641947  ( 2)       1.135029504886  ( 2)       1.156675568906  ( 2)
    2.330937635423  ( 2)       2.415493215313  ( 2)       2.487781915247  ( 2)       2.847300722400  ( 2)       3.903846971249  ( 2)
    4.063990189699  ( 2)       7.114725784484  ( 2)       7.154094794116  ( 2)       7.198782415706  ( 2)       8.167032522888  ( 2)
   14.592136799125  ( 2)      14.729823464104  ( 2)      19.531832601709  ( 2)      23.211531216513  ( 2)      23.286648603092  ( 2)
   23.339479672006  ( 2)      41.264850826494  ( 2)      71.333713110129  ( 2)      71.448836552421  ( 2)      81.802088122252  ( 2)
  113.893313254804  ( 2)     114.126811149784  ( 2)     114.177860011910  ( 2)     163.035718986513  ( 2)     328.418410573173  ( 2)
  744.234138627449  ( 2)    2627.607751312630  ( 2)
* HOMO - LUMO gap:

    E(LUMO) :     0.05299017 au (symmetry E1 )
  - E(HOMO) :    -0.19699907 au (symmetry E1 )
  ------------------------------------------
    gap     :     0.24998924 au



       *******************************************************************
       ************************* Property module *************************
       *******************************************************************



   This is output from the Dirac property module:

   HF & DFT first order properties
   Trond Saue

   First-order ESR properties
   Hans Joergen Aa. Jensen and Anette Noerager

   MP2 first order properties:
   J. N. P. van Stralen, L. Visscher, C. V. Larsen and H. J. Aa Jensen, Chem. Phys. 311 (2005) 81.

   KR-RPA second-order properties
   Hans Joergen Aa. Jensen and Trond Saue

   KR-QR third order properties
   Patrick Norman and Hans Joergen Aa. Jensen

   Molecular gradient
   Joern Thyssen

   Additional contributions from:
   Thomas Enevoldsen




             *******************************************************
             ********** Properties for DHF  wave function **********
             *******************************************************



    **************************************************************************
    *************************** Expectation values ***************************
    **************************************************************************

                                                   s0 t0
----------------------------------------------------------------------------
    Dipole length: X :     0.00000000D+00 a.u.      T   F
    Dipole length: Y :     0.00000000D+00 a.u.      T   F


                     *** Output from the RFBSSMAT routine ***
                     ----------------------------------------

  * RFBSSMAT called from routine:PRPMSAO
  * The label to be read from BSSMAT:P2C_0008
  * Length of the record on the file:    1764
  * Opening the BSSMAT file.
  * RFBSSMAT: P2C_0008 record  was read from the file BSSMAT
  * BSSMAT file left closed.
  PRPMSAO: 2comp. property record P2C_0008 was read from BSSMAT file.
    Dipole length: Z :     3.773077742037 a.u.      F   F
----------------------------------------------------------------------------
    s0 = T : Expectation value zero by point group symmetry.
    t0 = T : Expectation value zero by time reversal symmetry.
----------------------------------------------------------------------------
* Dipole moment:

          Electronic               Nuclear                  Total       
          contribution             contribution             contribution
----------------------------------------------------------------------------
x         0.00000000 Debye         0.00000000 Debye         0.00000000 Debye
y         0.00000000 Debye         0.00000000 Debye         0.00000000 Debye
z         9.59029581 Debye        -6.77337478 Debye         2.81692103 Debye
----------------------------------------------------------------------------

 1 a.u =   2.54177000 Debye

 
     Date and time (Linux)  : Thu Sep  9 11:13:29 2010
     Host name              :                                         
*****************************************************
>>>> Node 0, utime: 10, stime: 2, minflt: 169787, majflt: 0, nvcsw: 1952, nivcsw: 2749, maxrss: 694063104
>>>> Total WALL time used in DIRAC: 13s
********** E N D   of   D I R A C  output  **********
*****************************************************

