

    ******************************************************************
    ***********  DALTON - An electronic structure program  ***********
    ******************************************************************

               This is output from DALTON (Release 1.2, April 2001)

                          Principal authors:

            Trygve Helgaker,       University of Oslo,         Norway 
            Hans Joergen Jensen,   SDU - Odense University,    Denmark
            Poul Joergensen,       Aarhus University,          Denmark
            Jeppe Olsen,           Aarhus University,          Denmark
            Kenneth Ruud,          San Diego Superc. Center,   USA    
            Hans Aagren,           KTH Stockholm,              Sweden 

                          Contributors:

            Keld L. Bak,           UNI-C,                      Denmark
            Vebjoern Bakken,       University of Oslo,         Norway 
            Ove Christiansen,      University of Lund,         Sweden 
            Sonia Coriani,         University of Trieste,      Italy  
            Paal Dahle,            University of Oslo,         Norway 
            Erik K. Dalskov,       UNI-C,                      Denmark
            Thomas Enevoldsen,     SDU - Odense University,    Denmark
            Berta Fernandez,       U.of Santiago de Compostela,Spain  
            Christof Haettig,      Forschungszentrum Karlsruhe,Germany
            Kasper Hald,           Aarhus University,          Denmark
            Asger Halkier,         Aarhus University,          Denmark
            Hanne Heiberg,         University of Oslo,         Norway 
            Hinne Hettema,         University of Auckland,     NZ     
            Dan Jonsson,           San Diego Superc. Center,   USA    
            Sheela Kirpekar,       SDU - Odense University,    Denmark
            Rika Kobayashi,        Cambridge University,       England
            Henrik Koch,           SDU - Odense University,    Denmark
            Kurt V.Mikkelsen,      University of Copenhagen,   Denmark
            Patrick Norman,        University of Linkoeping,   Sweden 
            Martin J. Packer,      University of Sheffield,    UK     
            Torgeir A. Ruden,      University of Oslo,         Norway 
            Trond Saue,            University of Toulouse,     France 
            Stephan P. A. Sauer,   University of Copenhagen,   Denmark
            Bernd Schimmelpfennig, KTH Stockholm,              Sweden 
            K. O. Sylvester-Hvid,  University of Copenhagen,   Denmark
            Peter R.Taylor,        San Diego Superc. Center,   USA    
            Olav Vahtras,          PDC, Stockholm,             Sweden 
------------------------------------------------------------------------



     NOTE:
      
     This is an experimental code for the evaluation of molecular
     properties using (MC)SCF wave functions. The authors accept no
     responsibility for the performance of the code or for the
     correctness of the results.
      
     The code (in whole or part) is provided under a license and
     is not to be reproduced for further distribution without
     the written permission of the authors or their representatives.
     See licence agreement for further information.
      
     If results obtained with this code are published, an
     appropriate citation would be:
      
     T. Helgaker, H.J.Aa. Jensen, P. Joergensen, J. Olsen, K. Ruud,H. Aagren,
     K.L. Bak, V. Bakken, O. Christiansen, S. Coriani,P. Dahle, E.K. Dalskov,
     T. Enevoldsen, B. Fernandez,C. Haettig, K. Hald, A. Halkier,
     H. Heiberg, H. Hettema, D. Jonsson, S. Kirpekar, R. Kobayashi,
     H. Koch, K.V. Mikkelsen, P. Norman, M.J. Packer, T.A. Ruden, T. Saue,
     S.P.A. Sauer, B. Schimmelpfennig, K. O. Sylvester-Hvid,P.R. Taylor, and O. Vahtras:
     "Dalton release 1.2 (2001), an electronic structure program"

 
     Date and time (Linux)  : Tue Feb 13 00:54:41 2001
     Host name              : slater.uio.no                           

 <<<<<<<<<< OUTPUT FROM GENERAL INPUT PROCESSING >>>>>>>>>>


 Default print level:        0

    Integral sections will be executed
    Wave function sections will be executed
    Dynamic molecular property section will be executed
    Static molecular property section will be executed
    Starting in Integral Section -



 *************************************************************************
 ****************** Output from HERMIT input processing ******************
 *************************************************************************


 Default print level:        1

 * Nuclear model: Point charge

 Calculation of one- and two-electron Hamiltonian integrals.

 The following one-electron property integrals are calculated:
          - overlap integrals
          - dipole length integrals
          - dipole velocity integrals

 In this run  precalculated two-electron integrals are transformed
 to P-supermatrix elements.


  Changes of defaults for ONEINP:
  -------------------------------

 One-electron RLM integrals calculated.
 Maximum L quantum number:  7
 All symmetries saved on file.


 *************************************************************************
 ****************** Output from READIN input processing ******************
 *************************************************************************



  Title Cards
  -----------

  ---------------------                                                   
  ---------------------                                                   


  Symmetry Operations
  -------------------

  Symmetry operations: 2



                      SYMGRP:Point group information
                      ------------------------------

Point group: C2v

   * The point group was generated by:

      Reflection in the yz-plane
      Reflection in the xz-plane

   * Group multiplication table

        |  E   C2z  Oxz  Oyz
   -----+--------------------
     E  |  E 
    C2z | C2z   E 
    Oxz | Oxz  Oyz   E 
    Oyz | Oyz  Oxz  C2z   E 

   * Character table

        |  E   C2z  Oxz  Oyz
   -----+--------------------
    A1  |   1    1    1    1
    B1  |   1   -1    1   -1
    B2  |   1   -1   -1    1
    A2  |   1    1   -1   -1

   * Direct product table

        | A1   B1   B2   A2 
   -----+--------------------
    A1  | A1 
    B1  | B1   A1 
    B2  | B2   A2   A1 
    A2  | A2   B2   B1   A1 


  Atoms and basis sets
  --------------------

  Number of atom types:     3
  Total number of atoms:    4

  Basis set used is "6-31G" from the basis set library.

  label    atoms   charge   prim    cont     basis   
  ----------------------------------------------------------------------
  O1          1       8      22       9      [10s4p|3s2p]                                 
  C2          1       6      22       9      [10s4p|3s2p]                                 
  H3          2       1       4       2      [4s|2s]                                      
  ----------------------------------------------------------------------
  total:      4      16      52      22
  ----------------------------------------------------------------------

  Threshold for integrals:  1.00D-12


  Cartesian Coordinates
  ---------------------

  Total number of coordinates: 12


   1   O1       x      0.0000000000
   2            y      0.0000000000
   3            z     -1.1466300000

   4   C2       x      0.0000000000
   5            y      0.0000000000
   6            z      1.1493700000

   7   H3   1   x      1.7868000000
   8            y      0.0000000000
   9            z      2.2767700000

  10   H3   2   x     -1.7868000000
  11            y      0.0000000000
  12            z      2.2767700000



  Symmetry Coordinates
  --------------------

  Number of coordinates in each symmetry:   4  4  3  1


  Symmetry 1

   1   O1    z    3
   2   C2    z    6
   3   H3    x    [  7  -  10 ]/2
   4   H3    z    [  9  +  12 ]/2


  Symmetry 2

   5   O1    x    1
   6   C2    x    4
   7   H3    x    [  7  +  10 ]/2
   8   H3    z    [  9  -  12 ]/2


  Symmetry 3

   9   O1    y    2
  10   C2    y    5
  11   H3    y    [  8  +  11 ]/2


  Symmetry 4

  12   H3    y    [  8  -  11 ]/2


   Interatomic separations (in Angstroms):
   ---------------------------------------

            O1          C2          H3 1        H3 2

   O1      0.000000
   C2      1.214991    0.000000
   H3 1    2.043496    1.118016    0.000000
   H3 2    2.043496    1.118016    1.891068    0.000000




  Bond distances (angstroms):
  ---------------------------

                  atom 1     atom 2                           distance
                  ------     ------                           --------
  bond distance:    C2         O1                             1.214991
  bond distance:    H3 1       C2                             1.118016
  bond distance:    H3 2       C2                             1.118016


  Bond angles (degrees):
  ----------------------

                  atom 1     atom 2     atom 3                   angle
                  ------     ------     ------                   -----
  bond angle:       O1         C2         H3 1                 122.250
  bond angle:       O1         C2         H3 2                 122.250
  bond angle:       H3 1       C2         H3 2                 115.499


  Nuclear repulsion energy :   31.008881197620


  Symmetry Orbitals
  -----------------

  Number of orbitals in each symmetry:         12   6   4   0


  Symmetry  A1 ( 1)

    1     O1       1s         1
    2     O1       1s         2
    3     O1       1s         3
    4     O1       2pz        6
    5     O1       2pz        9
    6     C2       1s        10
    7     C2       1s        11
    8     C2       1s        12
    9     C2       2pz       15
   10     C2       2pz       18
   11     H3       1s        19  +  20
   12     H3       1s        21  +  22


  Symmetry  B1 ( 2)

   13     O1       2px        4
   14     O1       2px        7
   15     C2       2px       13
   16     C2       2px       16
   17     H3       1s        19  -  20
   18     H3       1s        21  -  22


  Symmetry  B2 ( 3)

   19     O1       2py        5
   20     O1       2py        8
   21     C2       2py       14
   22     C2       2py       17


  No orbitals in symmetry  A2 ( 4)

  Symmetries of electric field:  B1 (2)  B2 (3)  A1 (1)

  Symmetries of magnetic field:  B2 (3)  B1 (2)  A2 (4)


                             Isotopic Masses
                             ---------------

                           O1         15.994915
                           C2         12.000000
                           H3   1      1.007825
                           H3   2      1.007825

                       Total mass:    30.010565 amu
                       Natural abundance:  98.633 %


 Cavity center (center of mass):    0.000000    0.000000    0.001378


 ************************************************************************
 ************************** Output from HERINT **************************
 ************************************************************************


 >>> Time used in ONEDRV is   0.01 seconds


 >>> Time used in RLMNUC is   0.00 seconds


 >>> Time used in RLMINT is   0.05 seconds


 >>> Time used in OVERLA is   0.00 seconds


 >>> Time used in DIPLEN is   0.01 seconds


 >>> Time used in DIPVEL is   0.00 seconds


 Number of two-electron integrals written:        9823 ( 30.6% )
 Megabytes written:                              0.117



 >>> Time used in TWOINT is   0.17 seconds



 ***********************************************************************
 ************************* Output from FORMSUP *************************
 ***********************************************************************

  NOSYM :  F
 OLDSUP :  F

 Threshold for discarding integrals :  1.00D-12

 >>> Time used in FRMSUP is   0.01 seconds

 >>>> Total CPU  time used in HERMIT:   0.27 seconds
 >>>> Total wall time used in HERMIT:   1.00 seconds

- End of Integral Section
     Starting Wave Function Section -

 ************************************************************************
 *SIRIUS* a direct, restricted step, second order MCSCF program  *Apr 96*
 ************************************************************************

 
     Date and time (Linux)  : Tue Feb 13 00:54:42 2001
     Host name              : slater.uio.no                           

 Title lines from integral program:
     ---------------------                                                   
     ---------------------                                                   

 Print level on unit LUPRI =   2 is   0
 Print level on unit LUW4  =   2 is   5

     MC-SCF optimization.


     Multi-configurational response calculation.

               Type: complete active space calculation (CAS).

 Initial molecular orbitals are obtained according to
 ".MOSTART NEWORB" input option.

     SOLVATION MODEL: molecule is in a spherical cavity in a dielectric medium,
                dielectric constant =    2.005000
                      cavity radius =    5.000000
                        max l value =           7

     This is the final state in a calculation with inertial polarization.
          static dielectric constant =   13.300000

     Wave function specification
     ============================
     Number of closed shell electrons          4
     Number of electrons in active shells     12
     Number of active orbitals                12
     Total number of orbitals                 22

     Spin multiplicity                         1
     Total number of symmetries                4
     Reference state symmetry                  1

     Orbital specifications
     ======================
     Abelian symmetry species           1   2   3   4
                                       --  --  --  --
     Inactive orbitals                  2   0   0   0
     Active orbitals                    5   4   3   0
     Secondary orbitals                 5   2   1   0
     Total number of orbitals          12   6   4   0
     Number of basis functions         12   6   4   0

     Optimization information
     ========================
     Number of configurations          57232
     Number of orbital rotations          56
     ---------------------------------------
     Total number of variables         57288

     Maximum number of macro iterations      15
     Maximum number of micro iterations     360
     Threshold for gradient            1.00D-06
     Number of initial trial vectors          1
     Number of initial CI iterations         20
     Number of simultaneous trial vectors     1

     This calculation converges to the lowest state
     for the specified symmetry and spin species.

     Maximum number of NEO/NR iterations  24


        SIRIUS MCSCF optimization (SIROPT)
 ================================================



 <<<<< Output from SIRIUS CI module (CICTL) >>>>>




 (CIST1)  4 lowest diagonal elements:

 Element no. Config.no.    Active energy      Total energy

         1 :         96    -39.9705727862   -113.8041354889
         2 :        996    -39.5232201358   -113.3567828385
         3 :       1676    -39.1244182709   -112.9579809736
         4 :        342    -39.1111614188   -112.9447241214


 Convergence threshold for CI optimization :     0.00000050


 The requested root number is now converged.


 *** CI converged in 16 iterations.



 CI energies and residuals:
    1     -113.975299898147700       2.61D-07

   <<< OUTPUT FROM SIRCNO >>>    Keyword = FD+NO 


 Occupations of CAS natural orbitals:

 Symmetry  1

   1.997546358   1.981459427   1.973475051   0.028502878   0.021402666

 Symmetry  2

   1.981603403   1.972106062   0.010559137   0.029633517

 Symmetry  3

   1.929808037   0.070711399   0.003192065


 <<< MACRO ITERATION  1 >>>
 --------------------------


 >>> SOLGRD:  l  optical f(l) factor inertial f(l) factor
             === =================== ====================
              0    -0.0501246883        -0.0423565147
              1    -0.0016047904        -0.0019604270
              2    -0.0000601871        -0.0000807198
              3    -0.0000023347        -0.0000032682
              4    -0.0000000917        -0.0000001316
              5    -0.0000000036        -0.0000000053
              6    -0.0000000001        -0.0000000002
              7     0.0000000000         0.0000000000
 ERROR SOLGRD for l,m           5           1
 Symmetry :           2
 Tn(l,m) .ne. 0, but = -1.4666605854756609E-014
 ERROR SOLGRD for l,m           6           1
 Symmetry :           2
 Tn(l,m) .ne. 0, but = -5.1951980582880521E-014
 ERROR SOLGRD for l,m           6           3
 Symmetry :           2
 Tn(l,m) .ne. 0, but =  4.1010371729299084E-014
 ERROR SOLGRD for l,m           7           1
 Symmetry :           2
 Tn(l,m) .ne. 0, but =  1.3303550535935202E-013
 ERROR SOLGRD for l,m           7           3
 Symmetry :           2
 Tn(l,m) .ne. 0, but = -7.1585262254518058E-014
 ERROR SOLGRD for l,m           7           5
 Symmetry :           2
 Tn(l,m) .ne. 0, but = -2.5073604009103083E-014

 Total MCSCF energy       :     -113.979302464972900       (MACRO    1)
 - Dielec. solvation ener.:       -0.004002566826242

 Norm of total gradient   :        0.077970285441
 -    of CI gradient      :        0.030820451542
 -    of orbital gradient :        0.071620284686

 Residual norm when dim(red L) =   9
 NEO root     CSF        orbital          total
    1     0.01018370     0.00140450     0.01028010 converged

 (NEONEX) NEO vector is converged.

   <<< OUTPUT FROM SIRCNO >>>    Keyword = FD+NO 


 Occupations of CAS natural orbitals:

 Symmetry  1

   1.997177943   1.978900773   1.971944551   0.029732528   0.022880304

 Symmetry  2

   1.980069160   1.971955225   0.012140497   0.030159239

 Symmetry  3

   1.924287738   0.072894046   0.007857997


 <<< MACRO ITERATION  2 >>>
 --------------------------
 ERROR SOLGRD for l,m           5           1
 Symmetry :           2
 Tn(l,m) .ne. 0, but = -1.4666605854756609E-014
 ERROR SOLGRD for l,m           6           1
 Symmetry :           2
 Tn(l,m) .ne. 0, but = -5.1951980582880521E-014
 ERROR SOLGRD for l,m           6           3
 Symmetry :           2
 Tn(l,m) .ne. 0, but =  4.1010371729299084E-014
 ERROR SOLGRD for l,m           7           1
 Symmetry :           2
 Tn(l,m) .ne. 0, but =  1.3303550535935202E-013
 ERROR SOLGRD for l,m           7           3
 Symmetry :           2
 Tn(l,m) .ne. 0, but = -7.1585262254518058E-014
 ERROR SOLGRD for l,m           7           5
 Symmetry :           2
 Tn(l,m) .ne. 0, but = -2.5073604009103083E-014

 Total MCSCF energy       :     -113.984208493554500       (MACRO    2)
 - Dielec. solvation ener.:       -0.004048154620335

 Norm of total gradient   :        0.107658737501
 -    of CI gradient      :        0.104703911508
 -    of orbital gradient :        0.025049843820

 Residual norm when dim(red L) =   7
 NEO root     CSF        orbital          total
    1     0.01472603     0.00136638     0.01478929 converged

 (NEONEX) NEO vector is converged.

   <<< OUTPUT FROM SIRCNO >>>    Keyword = FD+NO 


 Occupations of CAS natural orbitals:

 Symmetry  1

   1.997404854   1.979621064   1.972547459   0.029126976   0.022368539

 Symmetry  2

   1.980901422   1.972625458   0.011476899   0.029368971

 Symmetry  3

   1.924013634   0.075123482   0.005421242


 <<< MACRO ITERATION  3 >>>
 --------------------------
 ERROR SOLGRD for l,m           5           1
 Symmetry :           2
 Tn(l,m) .ne. 0, but = -1.4666605854756609E-014
 ERROR SOLGRD for l,m           6           1
 Symmetry :           2
 Tn(l,m) .ne. 0, but = -5.1951980582880521E-014
 ERROR SOLGRD for l,m           6           3
 Symmetry :           2
 Tn(l,m) .ne. 0, but =  4.1010371729299084E-014
 ERROR SOLGRD for l,m           7           1
 Symmetry :           2
 Tn(l,m) .ne. 0, but =  1.3303550535935202E-013
 ERROR SOLGRD for l,m           7           3
 Symmetry :           2
 Tn(l,m) .ne. 0, but = -7.1585262254518058E-014
 ERROR SOLGRD for l,m           7           5
 Symmetry :           2
 Tn(l,m) .ne. 0, but = -2.5073604009103083E-014

 Total MCSCF energy       :     -113.986030122733500       (MACRO    3)
 - Dielec. solvation ener.:       -0.004280613014071

 Norm of total gradient   :        0.019903674834
 -    of CI gradient      :        0.019672755574
 -    of orbital gradient :        0.003023071288

 Residual norm when dim(red L) =  16
 NEO root     CSF        orbital          total
    1     0.00022743     0.00001744     0.00022810 converged

 (NEONEX) NEO vector is converged.

   <<< OUTPUT FROM SIRCNO >>>    Keyword = FD+NO 


 Occupations of CAS natural orbitals:

 Symmetry  1

   1.997451119   1.979606140   1.972615043   0.029130811   0.022328745

 Symmetry  2

   1.981007863   1.972522806   0.011388668   0.029389204

 Symmetry  3

   1.923411423   0.075940144   0.005208032


 <<< MACRO ITERATION  4 >>>
 --------------------------
 ERROR SOLGRD for l,m           5           1
 Symmetry :           2
 Tn(l,m) .ne. 0, but = -1.4666605854756609E-014
 ERROR SOLGRD for l,m           6           1
 Symmetry :           2
 Tn(l,m) .ne. 0, but = -5.1951980582880521E-014
 ERROR SOLGRD for l,m           6           3
 Symmetry :           2
 Tn(l,m) .ne. 0, but =  4.1010371729299084E-014
 ERROR SOLGRD for l,m           7           1
 Symmetry :           2
 Tn(l,m) .ne. 0, but =  1.3303550535935202E-013
 ERROR SOLGRD for l,m           7           3
 Symmetry :           2
 Tn(l,m) .ne. 0, but = -7.1585262254518058E-014
 ERROR SOLGRD for l,m           7           5
 Symmetry :           2
 Tn(l,m) .ne. 0, but = -2.5073604009103083E-014

 Total MCSCF energy       :     -113.986111974371300       (MACRO    4)
 - Dielec. solvation ener.:       -0.004389390182880

 Norm of total gradient   :        0.000962725170
 -    of CI gradient      :        0.000943574906
 -    of orbital gradient :        0.000191065827

 Residual norm when dim(red L) =  18
 NEO root     CSF        orbital          total
    1     0.00000598     0.00000259     0.00000652 converged

 (NEONEX) NEO vector is converged.

   <<< OUTPUT FROM SIRCNO >>>    Keyword = FD+NO 


 Occupations of CAS natural orbitals:

 Symmetry  1

   1.997449811   1.979619187   1.972621415   0.029125762   0.022322414

 Symmetry  2

   1.981009984   1.972523341   0.011383650   0.029389916

 Symmetry  3

   1.923429254   0.075934604   0.005190661


 <<< MACRO ITERATION  5 >>>
 --------------------------
 ERROR SOLGRD for l,m           5           1
 Symmetry :           2
 Tn(l,m) .ne. 0, but = -1.4666605854756609E-014
 ERROR SOLGRD for l,m           6           1
 Symmetry :           2
 Tn(l,m) .ne. 0, but = -5.1951980582880521E-014
 ERROR SOLGRD for l,m           6           3
 Symmetry :           2
 Tn(l,m) .ne. 0, but =  4.1010371729299084E-014
 ERROR SOLGRD for l,m           7           1
 Symmetry :           2
 Tn(l,m) .ne. 0, but =  1.3303550535935202E-013
 ERROR SOLGRD for l,m           7           3
 Symmetry :           2
 Tn(l,m) .ne. 0, but = -7.1585262254518058E-014
 ERROR SOLGRD for l,m           7           5
 Symmetry :           2
 Tn(l,m) .ne. 0, but = -2.5073604009103083E-014

 Total MCSCF energy       :     -113.986112100469300       (MACRO    5)
 - Dielec. solvation ener.:       -0.004389433373412

 Norm of total gradient   :        0.000006543075
 -    of CI gradient      :        0.000006002390
 -    of orbital gradient :        0.000002604446

 Residual norm when dim(red L) =   6
 NEO root     CSF        orbital          total
    1     0.00000088     0.00000042     0.00000098 converged

 (NEONEX) NEO vector is converged.

   <<< OUTPUT FROM SIRCNO >>>    Keyword = FD+NO 


 Occupations of CAS natural orbitals:

 Symmetry  1

   1.997449823   1.979619206   1.972621397   0.029125775   0.022322446

 Symmetry  2

   1.981010004   1.972523292   0.011383663   0.029389885

 Symmetry  3

   1.923429926   0.075933940   0.005190642


 <<< MACRO ITERATION  6 >>>
 --------------------------
 ERROR SOLGRD for l,m           5           1
 Symmetry :           2
 Tn(l,m) .ne. 0, but = -1.4666605854756609E-014
 ERROR SOLGRD for l,m           6           1
 Symmetry :           2
 Tn(l,m) .ne. 0, but = -5.1951980582880521E-014
 ERROR SOLGRD for l,m           6           3
 Symmetry :           2
 Tn(l,m) .ne. 0, but =  4.1010371729299084E-014
 ERROR SOLGRD for l,m           7           1
 Symmetry :           2
 Tn(l,m) .ne. 0, but =  1.3303550535935202E-013
 ERROR SOLGRD for l,m           7           3
 Symmetry :           2
 Tn(l,m) .ne. 0, but = -7.1585262254518058E-014
 ERROR SOLGRD for l,m           7           5
 Symmetry :           2
 Tn(l,m) .ne. 0, but = -2.5073604009103083E-014

 Total MCSCF energy       :     -113.986112100472200       (MACRO    6)
 - Dielec. solvation ener.:       -0.004389429203894

 Norm of total gradient   :        0.000000975785
 -    of CI gradient      :        0.000000879275
 -    of orbital gradient :        0.000000423121

 *** Optimization control: MCSCF converged ***
     Number of macro iterations used            6
     Number of micro iterations used           51
     Total number of CPU seconds used         0.00


 >>> SOLFCK:  l  optical f(l) factor inertial f(l) factor
             === =================== ====================
              0    -0.0501246883        -0.0423565147
              1    -0.0016047904        -0.0019604270
              2    -0.0000601871        -0.0000807198
              3    -0.0000023347        -0.0000032682
              4    -0.0000000917        -0.0000001316
              5    -0.0000000036        -0.0000000053
              6    -0.0000000001        -0.0000000002
              7     0.0000000000         0.0000000000


               >>> SIRIUS OPTIMIZATION STATISTICS <<<

 
     Date and time (Linux)  : Tue Feb 13 01:03:35 2001
     Host name              : slater.uio.no                           


  ITER ITMIC     EMCSCF           GRDNRM        RATIO      STPLNG
 ---------------------------------------------------------------------
    1    8   -113.979302464973   0.0779702854  0.000000   0.7569360128
    2    6   -113.984208493555   0.1076587375  0.530919   0.2330335911
    3   15   -113.986030122734   0.0199036748  1.021258   0.0720567869
    4   17   -113.986111974371   0.0009627252  1.002599   0.0012837438
    5    5   -113.986112100469   0.0000065431  1.000170   0.0000042586
    6    0   -113.986112100472   0.0000009758  1.000000   0.0000000000


  ITER  INDGCM  GCIMAX      GCINRM     INDGOM  GOBMAX      GOBNRM      GRDNRM
 ------------------------------------------------------------------------------
    1    996   -0.016830    0.030820     24    0.036814    0.071620    0.077970
    2   6220    0.042865    0.104704     54   -0.017280    0.025050    0.107659
    3    998    0.006078    0.019673     54    0.002213    0.003023    0.019904
    4    998   -0.000343    0.000944     54    0.000179    0.000191    0.000963
    5    222   -0.000001    0.000006     49   -0.000001    0.000003    0.000007
    6    996    0.000000    0.000001      5    0.000000    0.000000    0.000001


  ITER ITMIC NCLIN NOLIN   TIMMAC    TIMITR    TIMMIC    TIMLIN    TIMMIC/ITMIC
 ------------------------------------------------------------------------------

    1     8     6     2      0.00      0.00      2.01      0.00      0.25
    2     6     4     2      0.00      0.00      1.88      0.00      0.31
    3    15    12     3      0.00      0.00      1.88      0.00      0.13
    4    17    14     3      0.00      0.00      1.88      0.00      0.11
    5     5     4     1      0.00      0.00      1.88      0.00      0.38
    6     0     0     0      0.00      0.00      0.00      0.00


 ITER         EMY                 EACTIV              EMCSCF

    1   -104.842443900291    -40.141737195476   -113.979302464973
    2   -104.782953228269    -40.206088308285   -113.984208493555
    3   -104.752711219644    -40.237919487696   -113.986030122734
    4   -104.751012601475    -40.239591180334   -113.986111974371
    5   -104.751293118717    -40.239310746000   -113.986112100469
    6   -104.751293323652    -40.239310545237   -113.986112100472


 ITER         DEPRED              DEACT               RATIO

    1      0.000000000000      0.000000000000      0.000000000000
    2     -0.009240634722     -0.004906028582      0.530919003857
    3     -0.001783710674     -0.001821629179      1.021258214979
    4     -0.000081639454     -0.000081851638      1.002599032270
    5     -0.000000126077     -0.000000126098      1.000170218899
    6     -0.000000000004     -0.000000000003      1.000000000000


 ITER    BETA           GAMMA             STPLNG              RTRUST

    1      1.36145522  1.00000000      0.756936012812      0.700000000000
    2      0.20000000  1.00000000      0.233033591061      0.700000000000
    3      0.20000000  1.00000000      0.072056786916      0.700000000000
    4      0.20000000  1.00000000      0.001283743814      0.700000000000
    5      0.20000000  1.00000000      0.000004258579      0.700000000000
    6      0.00000000  0.00000000      0.000000000000      0.700000000000


 Reduced L root no.  1
 ITER         EVAL              EVEC(1)           EVEC(2)           EVEC(3)
 ----------------------------------------------------------------------------
    1   -0.016613058041    0.696394815519   -0.008207678320    0.715118726364
    2   -0.000142387562    0.998915673109   -0.004776281410    0.046208423385
    3   -0.000006529800    0.999896172562   -0.001354570049    0.014301294394
    4   -0.000000010086    0.999999967040   -0.000047906129    0.000250915413
    5    0.000000000000    1.000000000000   -0.000000334907    0.000000777994
    6    0.000000000000    0.000000000000    0.000000000000    0.000000000000


                    >>> FINAL RESULTS FROM SIRIUS <<<

     Spin multiplicity:           1
     Spatial symmetry:            1

     SOLVATION MODEL: molecule is in a cavity in a dielectric medium,
          dielectric constant =    2.005000
          static diel. const. =   13.300000
          cavity dimensions   =    5.000000    5.000000    5.000000
          max l value         =           7

     This is the final state in a calculation with inertial polarization.
     State number:                1

     Final MCSCF energy:         -113.986112100472
     Nuclear repulsion:            31.008881197620
     Electronic energy:          -144.990603868889
     Solvation  energy:            -0.004389429204

     Final gradient norm:           0.000000975785

 
     Date and time (Linux)  : Tue Feb 13 01:03:35 2001
     Host name              : slater.uio.no                           


 Occupancies of natural orbitals
 -------------------------------

 Symmetry  1

   2.000000000   2.000000000   1.997449823   1.979619206   1.972621397
   0.029125775   0.022322446

 Sum =          10.001138648

 Symmetry  2

   1.981010004   1.972523292   0.029389885   0.011383663

 Sum =           3.994306844

 Symmetry  3

   1.923429926   0.075933940   0.005190642

 Sum =           2.004554508

 Symmetry  4

   No occupied orbitals

  >>> NOTE THAT THE OCCUPATION NUMBERS ARE FOR ANALYSIS PURPOSE ONLY
  >>> The orbital coefficients have NOT been transformed
  >>> to ordered natural orbitals.

     Molecular orbitals for symmetry species   1

 Orbital          1        2        3        4        5        6        7
   1  O1  1s     1.0063   0.0003  -0.1715  -0.0029   0.0480  -0.0619  -0.0526
   2  O1  1s    -0.0039  -0.0008   0.5038  -0.0017  -0.1076   0.2868   0.2982
   3  O1  1s    -0.0427  -0.0009   0.5858  -0.1161  -0.0055   0.2231   0.1833
   4  O1  2pz    0.0127   0.0009  -0.1669   0.2755  -0.4518   0.6584   0.5056
   5  O1  2pz    0.0027  -0.0005  -0.1058   0.1179  -0.2335   0.0147   0.0470
   6  C2  1s     0.0007   0.9979  -0.0232  -0.1868   0.0035   0.1630  -0.0287
   7  C2  1s    -0.0001   0.0202   0.0231   0.4326  -0.0209  -0.8652   0.2582
   8  C2  1s     0.0083  -0.0131  -0.0444   0.2936   0.1485  -0.3280   0.0042
   9  C2  2pz   -0.0005  -0.0041  -0.0101   0.0045   0.4646   0.2145   0.9775
  10  C2  2pz   -0.0058  -0.0021   0.0426   0.0583   0.0517   0.0872   0.0982
  11  H3  1s    -0.0007  -0.0025   0.0104   0.1548   0.1371   0.3323  -0.3594
  12  H3  1s    -0.0006   0.0015   0.0115   0.0493   0.0974   0.2496  -0.2298

     Molecular orbitals for symmetry species   2

 Orbital          1        2        3        4
   1  O1  2px    0.5715   0.3081   0.7447  -0.5618
   2  O1  2px    0.3837   0.2873  -0.9164   0.3114
   3  C2  2px    0.2604  -0.3919   0.7086   0.7717
   4  C2  2px    0.1513  -0.1204  -0.3517   0.2227
   5  H3  1s     0.0511  -0.2636  -0.1917  -0.3798
   6  H3  1s    -0.0470  -0.2690   0.1603  -0.4524

     Molecular orbitals for symmetry species   3

 Orbital          1        2        3
   1  O1  2py   -0.4992  -0.6627   0.6840
   2  O1  2py   -0.3323  -0.1145  -0.8362
   3  C2  2py   -0.3620   0.6468   0.7378
   4  C2  2py   -0.2133   0.2575  -0.4286


 Printout of CI-coefficients larger than 0.05000 for root  1

 (this is the reference state)



  Printout of coefficients in interval  0.3162     to 1.0000    
  ==============================================================

 Coefficient of CSF no.        96 is  0.95741929    
 Occupation and spin coupling 
        1    2    3    6    7   10
        2    2    2    2    2    2


  Printout of coefficients in interval  1.0000E-01 to 0.3162    
  ==============================================================

 Coefficient of CSF no.       222 is -0.15403503    
 Occupation and spin coupling 
        1    2    3    6    7   11
        2    2    2    2    2    2


  Printout of coefficients in interval  5.0000E-02 to 1.0000E-01
  ==============================================================

 Coefficient of CSF no.       146 is -5.59778325E-02
 Occupation and spin coupling 
        1    2    3    6    9   10
        2    2    2    2    2    2

 Coefficient of CSF no.      6214 is  6.60978709E-02
 Occupation and spin coupling 
        1    2    3    7    6    9   10   11
        2    2    2    2    1   -1    1   -1

 Coefficient of CSF no.      6510 is  6.09486676E-02
 Occupation and spin coupling 
        1    2    6    7    3    4   10   11
        2    2    2    2    1   -1    1   -1

 Coefficient of CSF no.      6512 is  6.29350370E-02
 Occupation and spin coupling 
        1    2    6    7    3    5   10   11
        2    2    2    2    1   -1    1   -1


  Norm of printed CI vector ..  0.95555649E+00

   Magnitude of CI coefficients 
  ==============================

   ( Ranges are relative to norm of vector :  1.00E+00 )

  10- 1 to 10- 0         2    0.94037848E+00    0.94037848E+00
  10- 2 to 10- 1        68    0.53551573E-01    0.99393006E+00
  10- 3 to 10- 2       522    0.55746312E-02    0.99950469E+00
  10- 4 to 10- 3      3625    0.47763092E-03    0.99998232E+00
  10- 5 to 10- 4     11099    0.17268760E-04    0.99999959E+00
  10- 6 to 10- 5     20428    0.40816070E-06    0.10000000E+01
  10- 7 to 10- 6     16485    0.42694051E-08    0.10000000E+01
  10- 8 to 10- 7      4404    0.15244093E-10    0.10000000E+01
  10- 9 to 10- 8       527    0.20266908E-13    0.10000000E+01
  10-10 to 10- 9        67    0.24936568E-16    0.10000000E+01
  10-11 to 10-10         4    0.72305687E-20    0.10000000E+01
  Number of coefficients less than 10^-11 times norm is            1



 >>>> Total CPU  time used in SIRIUS :    517.13 seconds
 >>>> Total wall time used in SIRIUS :    536.00 seconds

 
     Date and time (Linux)  : Tue Feb 13 01:03:38 2001
     Host name              : slater.uio.no                           

- End of Wave Function Section


  This is output from RESPONS  -  an MCSCF and SOPPA response property program 
 ------------------------------------------------------------------------------



 <<<<<<<<<< OUTPUT FROM RESPONSE INPUT PROCESSING >>>>>>>>>>



  --- SEVERE ERROR, PROGRAM WILL BE ABORTED ---
     Date and time (Linux)  : Tue Feb 13 01:03:38 2001
     Host name              : slater.uio.no                           

 Reason: ERROR (MOLLAB) MOLECULE label not found on file

 >>>> Total CPU  time used in DALTON:  8 minutes 37 seconds
 >>>> Total wall time used in DALTON:  8 minutes 57 seconds


 QTRACE dump of internal trace stack

 ====================
      level    module
 ====================
          1    DALTON  
 ====================

 Linux has no obvious system traceback facility.
