

     ************************************************************************
     *************** Dalton - An Electronic Structure Program ***************
     ************************************************************************

    This is output from DALTON (Release Dalton2013 patch 0)
   ----------------------------------------------------------------------------
    NOTE:
     
    Dalton is an experimental code for the evaluation of molecular
    properties using (MC)SCF, DFT, CI, and CC wave functions.
    The authors accept no responsibility for the performance of
    the code or for the correctness of the results.
     
    The code (in whole or part) is provided under a licence and
    is not to be reproduced for further distribution without
    the written permission of the authors or their representatives.
     
    See the home page "http://daltonprogram.org" for further information.
     
    If results obtained with this code are published,
    the appropriate citations would be both of:
     
       K. Aidas, C. Angeli, K. L. Bak, V. Bakken, R. Bast,
       L. Boman, O. Christiansen, R. Cimiraglia, S. Coriani,
       P. Dahle, E. K. Dalskov, U. Ekstroem, T. Enevoldsen,
       J. J. Eriksen, P. Ettenhuber, B. Fernandez, L. Ferrighi,
       H. Fliegl, L. Frediani, K. Hald, A. Halkier, C. Haettig,
       H. Heiberg, T. Helgaker, A. C. Hennum, H. Hettema,
       E. Hjertenaes, S. Hoest, I.-M. Hoeyvik, M. F. Iozzi,
       B. Jansik, H. J. Aa. Jensen, D. Jonsson, P. Joergensen,
       J. Kauczor, S. Kirpekar, T. Kjaergaard, W. Klopper,
       S. Knecht, R. Kobayashi, H. Koch, J. Kongsted, A. Krapp,
       K. Kristensen, A. Ligabue, O. B. Lutnaes, J. I. Melo,
       K. V. Mikkelsen, R. H. Myhre, C. Neiss, C. B. Nielsen,
       P. Norman, J. Olsen, J. M. H. Olsen, A. Osted,
       M. J. Packer, F. Pawlowski, T. B. Pedersen, P. F. Provasi,
       S. Reine, Z. Rinkevicius, T. A. Ruden, K. Ruud, V. Rybkin,
       P. Salek, C. C. M. Samson, A. Sanchez de Meras, T. Saue,
       S. P. A. Sauer, B. Schimmelpfennig, K. Sneskov,
       A. H. Steindal, K. O. Sylvester-Hvid, P. R. Taylor,
       A. M. Teale, E. I. Tellgren, D. P. Tew, A. J. Thorvaldsen,
       L. Thoegersen, O. Vahtras, M. A. Watson, D. J. D. Wilson,
       M. Ziolkowski and H. Agren.
       The Dalton quantum chemistry program system.
       WIREs Comput. Mol. Sci. 2013. doi: 10.1002/wcms.1172
    
    and
    
       Dalton, a Molecular Electronic Structure Program,
       Release DALTON2013.0 (2013), see http://daltonprogram.org
   ----------------------------------------------------------------------------

    Authors in alphabetical order (major contribution(s) in parenthesis):

  Kestutis Aidas,           Vilnius University,           Lithuania   (QM/MM)
  Celestino Angeli,         University of Ferrara,        Italy       (NEVPT2)
  Keld L. Bak,              UNI-C,                        Denmark     (AOSOPPA, non-adiabatic coupling, magnetic properties)
  Vebjoern Bakken,          University of Oslo,           Norway      (DALTON; geometry optimizer, symmetry detection)
  Radovan Bast,             KTH Stockholm                 Sweden      (DALTON installation and execution frameworks)
  Linus Boman,              NTNU,                         Norway      (Cholesky decomposition and subsystems)
  Ove Christiansen,         Aarhus University,            Denmark     (CC module)
  Renzo Cimiraglia,         University of Ferrara,        Italy       (NEVPT2)
  Sonia Coriani,            University of Trieste,        Italy       (CC module, MCD in RESPONS)
  Paal Dahle,               University of Oslo,           Norway      (Parallelization)
  Erik K. Dalskov,          UNI-C,                        Denmark     (SOPPA)
  Thomas Enevoldsen,        Univ. of Southern Denmark,    Denmark     (SOPPA)
  Janus J. Eriksen,         Aarhus University,            Denmark     (PE-MP2/SOPPA, TDA)
  Berta Fernandez,          U. of Santiago de Compostela, Spain       (doublet spin, ESR in RESPONS)
  Lara Ferrighi,            Aarhus University,            Denmark     (PCM Cubic response)
  Heike Fliegl,             University of Oslo,           Norway      (CCSD(R12))
  Luca Frediani,            UiT The Arctic U. of Norway,  Norway      (PCM)
  Bin Gao,                  UiT The Arctic U. of Norway,  Norway      (Gen1Int library)
  Christof Haettig,         Ruhr-University Bochum,       Germany     (CC module)
  Kasper Hald,              Aarhus University,            Denmark     (CC module)
  Asger Halkier,            Aarhus University,            Denmark     (CC module)
  Hanne Heiberg,            University of Oslo,           Norway      (geometry analysis, selected one-electron integrals)
  Trygve Helgaker,          University of Oslo,           Norway      (DALTON; ABACUS, ERI, DFT modules, London, and much more)
  Alf Christian Hennum,     University of Oslo,           Norway      (Parity violation)
  Hinne Hettema,            University of Auckland,       New Zealand (quadratic response in RESPONS; SIRIUS supersymmetry)
  Eirik Hjertenaes,         NTNU,                         Norway      (Cholesky decomposition)
  Maria Francesca Iozzi,    University of Oslo,           Norway      (RPA)
  Brano Jansik              Technical Univ. of Ostrava    Czech Rep.  (DFT cubic response)
  Hans Joergen Aa. Jensen,  Univ. of Southern Denmark,    Denmark     (DALTON; SIRIUS, RESPONS, ABACUS modules, London, and much more)
  Dan Jonsson,              UiT The Arctic U. of Norway,  Norway      (cubic response in RESPONS module)
  Poul Joergensen,          Aarhus University,            Denmark     (RESPONS, ABACUS, and CC modules)
  Joanna Kauczor,           Linkoeping University,        Sweden      (Complex polarization propagator (CPP) module)
  Sheela Kirpekar,          Univ. of Southern Denmark,    Denmark     (Mass-velocity & Darwin integrals)
  Wim Klopper,              KIT Karlsruhe,                Germany     (R12 code in CC, SIRIUS, and ABACUS modules)
  Stefan Knecht,            ETH Zurich,                   Switzerland (Parallel CI and MCSCF)
  Rika Kobayashi,           Australian National Univ.,    Australia   (DIIS in CC, London in MCSCF)
  Henrik Koch,              NTNU,                         Norway      (CC module, Cholesky decomposition)
  Jacob Kongsted,           Univ. of Southern Denmark,    Denmark     (Polarizable embedding, QM/MM)
  Andrea Ligabue,           University of Modena,         Italy       (CTOCD, AOSOPPA)
  Ola B. Lutnaes,           University of Oslo,           Norway      (DFT Hessian)
  Juan I. Melo,             University of Buenos Aires,   Argentina   (LRESC, Relativistic Effects on NMR Shieldings)
  Kurt V. Mikkelsen,        University of Copenhagen,     Denmark     (MC-SCRF and QM/MM)
  Rolf H. Myhre,            NTNU,                         Norway      (Cholesky, subsystems and ECC2)
  Christian Neiss,          Univ. Erlangen-Nuernberg,     Germany     (CCSD(R12))
  Christian B. Nielsen,     University of Copenhagen,     Denmark     (QM/MM)
  Patrick Norman,           Linkoeping University,        Sweden      (Cubic response and complex response in RESPONS)
  Jeppe Olsen,              Aarhus University,            Denmark     (SIRIUS CI/density modules)
  Jogvan Magnus H. Olsen,   Univ. of Southern Denmark,    Denmark     (Polarizable embedding, PE library, QM/MM)
  Anders Osted,             Copenhagen University,        Denmark     (QM/MM)
  Martin J. Packer,         University of Sheffield,      UK          (SOPPA)
  Filip Pawlowski,          Kazimierz Wielki University   Poland      (CC3)
  Thomas B. Pedersen,       University of Oslo,           Norway      (Cholesky decomposition)
  Patricio F. Provasi,      University of Northeastern,   Argentina   (Analysis of coupling constants in localized orbitals)
  Zilvinas Rinkevicius,     KTH Stockholm,                Sweden      (open-shell DFT, ESR)
  Elias Rudberg,            KTH Stockholm,                Sweden      (DFT grid and basis info)
  Torgeir A. Ruden,         University of Oslo,           Norway      (Numerical derivatives in ABACUS)
  Kenneth Ruud,             UiT The Arctic U. of Norway,  Norway      (DALTON; ABACUS magnetic properties and  much more)
  Pawel Salek,              KTH Stockholm,                Sweden      (DALTON; DFT code)
  Claire C. M. Samson       University of Karlsruhe       Germany     (Boys localization, r12 integrals in ERI)
  Alfredo Sanchez de Meras, University of Valencia,       Spain       (CC module, Cholesky decomposition)
  Trond Saue,               Paul Sabatier University,     France      (direct Fock matrix construction)
  Stephan P. A. Sauer,      University of Copenhagen,     Denmark     (SOPPA(CCSD), SOPPA prop., AOSOPPA, vibrational g-factors)
  Bernd Schimmelpfennig,    Forschungszentrum Karlsruhe,  Germany     (AMFI module)
  Kristian Sneskov,         Aarhus University,            Denmark     (QM/MM, PE-CC)
  Arnfinn H. Steindal,      UiT The Arctic U. of Norway,  Norway      (parallel QM/MM)
  K. O. Sylvester-Hvid,     University of Copenhagen,     Denmark     (MC-SCRF)
  Peter R. Taylor,          VLSCI/Univ. of Melbourne,     Australia   (Symmetry handling ABACUS, integral transformation)
  Andrew M. Teale,          University of Nottingham,     England     (DFT-AC, DFT-D)
  David P. Tew,             University of Bristol,        England     (CCSD(R12))
  Olav Vahtras,             KTH Stockholm,                Sweden      (triplet response, spin-orbit, ESR, TDDFT, open-shell DFT)
  David J. Wilson,          La Trobe University,          Australia   (DFT Hessian and DFT magnetizabilities)
  Hans Agren,               KTH Stockholm,                Sweden      (SIRIUS module, RESPONS, MC-SCRF solvation model)
 --------------------------------------------------------------------------------

     Date and time (Linux)  : Sun Sep  8 20:38:20 2013
     Host name              : lpqlx131.ups-tlse.fr                    

 * Work memory size             :    64000000 =  488.28 megabytes.

 * Directories for basis set searches:
   1) /home/bast/DALTON-2013.0-Source/build/test_energy_restart
   2) /home/bast/DALTON-2013.0-Source/build/basis


Compilation information
-----------------------

 Who compiled             | bast
 Host                     | lpqlx131.ups-tlse.fr
 System                   | Linux-3.8.5-201.fc18.x86_64
 CMake generator          | Unix Makefiles
 Processor                | x86_64
 64-bit integers          | OFF
 MPI                      | OFF
 Fortran compiler         | /usr/bin/gfortran
 Fortran compiler version | GNU Fortran (GCC) 4.7.2 20121109 (Red Hat 4.7.2-8)
 C compiler               | /usr/bin/gcc
 C compiler version       | gcc (GCC) 4.7.2 20121109 (Red Hat 4.7.2-8)
 C++ compiler             | /usr/bin/g++
 C++ compiler version     | g++ (GCC) 4.7.2 20121109 (Red Hat 4.7.2-8)
 Static linking           | OFF
 Last Git revision        | f34203295a86316e27f9e7b44f9b6769c4a046c0
 Configuration time       | 2013-09-08 20:31:27.952056


   Content of the .dal input file
 ----------------------------------

**DALTON INPUT                                    
.RUN WAVE FUNCTION                                
**WAVE FUNCTIONS                                  
.RESTART                                          
.MCSCF                                            
*CONFIGURATION INPUT                              
.SYMMETRY                                         
 1                                                
.SPIN MUL                                         
 1                                                
.INACTIVE                                         
 1 0 0 0                                          
.ELECTRONS                                        
 8                                                
.CAS SPACE                                        
 4 2 2 0                                          
**END OF DALTON INPUT                             


   Content of the .mol file
 ----------------------------

BASIS                                                                          
cc-pVDZ                                                                        
Restarting an MCSCF wave function optimization                                 
                                                                               
    2                                                                          
        8.    1                                                                
O     0.0 -0.2249058930 0.0                                                    
        1.    2                                                                
H     1.45235 0.899623 0.0                                                     
H    -1.45235 0.899623 0.0                                                     


       *******************************************************************
       *********** Output from DALTON general input processing ***********
       *******************************************************************

 --------------------------------------------------------------------------------
   Overall default print level:    0
   Print level for DALTON.STAT:    1

    HERMIT 1- and 2-electron integral sections will be executed
    "Old" integral transformation used (limited to max 255 basis functions)
    Wave function sections will be executed (SIRIUS module)
 --------------------------------------------------------------------------------


   ****************************************************************************
   *************** Output of molecule and basis set information ***************
   ****************************************************************************


    The two title cards from your ".mol" input:
    ------------------------------------------------------------------------
 1: Restarting an MCSCF wave function optimization                          
 2:                                                                         
    ------------------------------------------------------------------------

  Atomic type no.    1
  --------------------
  Nuclear charge:   8.00000
  Number of symmetry independent centers:    1
  Number of basis sets to read;    2
  Basis set file used for this atomic type with Z =   8 :
     "/home/bast/DALTON-2013.0-Source/build/basis/cc-pVDZ"

  Atomic type no.    2
  --------------------
  Nuclear charge:   1.00000
  Number of symmetry independent centers:    2
  Number of basis sets to read;    2
  Basis set file used for this atomic type with Z =   1 :
     "/home/bast/DALTON-2013.0-Source/build/basis/cc-pVDZ"


                      SYMADD: Requested addition of symmetry
                      --------------------------------------

 Symmetry test threshold:  5.00E-06

 - molecule centered at center of mass and rotated so
   principal axes of inertia are along coordinate axes.

 Symmetry class found: C(2v)          

 Symmetry Independent Centres             
 ----------------------------
       8 :      0.00000000     0.00000000    -0.12585150  Isotope  1
       1 :      0.00000000     1.45235000     0.99867739  Isotope  1

 The following elements were found:   X  Y     


                         SYMGRP: Point group information
                         -------------------------------

Full point group is: C(2v)          
Represented as:      C2v

   * The point group was generated by:

      Reflection in the yz-plane
      Reflection in the xz-plane

   * Group multiplication table

        |  E   C2z  Oxz  Oyz
   -----+--------------------
     E  |  E   C2z  Oxz  Oyz
    C2z | C2z   E   Oyz  Oxz
    Oxz | Oxz  Oyz   E   C2z
    Oyz | Oyz  Oxz  C2z   E 

   * Character table

        |  E   C2z  Oxz  Oyz
   -----+--------------------
    A1  |   1    1    1    1
    B1  |   1   -1    1   -1
    B2  |   1   -1   -1    1
    A2  |   1    1   -1   -1

   * Direct product table

        | A1   B1   B2   A2 
   -----+--------------------
    A1  | A1   B1   B2   A2 
    B1  | B1   A1   A2   B2 
    B2  | B2   A2   A1   B1 
    A2  | A2   B2   B1   A1 


                                 Isotopic Masses
                                 ---------------

                           O          15.994915
                           H   _1      1.007825
                           H   _2      1.007825

                       Total mass:    18.010565 amu
                       Natural abundance:  99.730 %

 Center-of-mass coordinates (a.u.):    0.000000    0.000000    0.000000


  Atoms and basis sets
  --------------------

  Number of atom types :    2
  Total number of atoms:    3

  Basis set used is "cc-pVDZ" from the basis set library.

  label    atoms   charge   prim   cont     basis
  ----------------------------------------------------------------------
  O           1    8.0000    26    14      [9s4p1d|3s2p1d]                                    
  H           2    1.0000     7     5      [4s1p|2s1p]                                        
  ----------------------------------------------------------------------
  total:      3   10.0000    40    24
  ----------------------------------------------------------------------
  Spherical harmonic basis used.

  Threshold for neglecting AO integrals:  1.00D-12


  Cartesian Coordinates (a.u.)
  ----------------------------

  Total number of coordinates:    9
  O       :     1  x   0.0000000000    2  y   0.0000000000    3  z  -0.1258515023
  H   / 1 :     4  x   0.0000000000    5  y   1.4523500000    6  z   0.9986773907
  H   / 2 :     7  x   0.0000000000    8  y  -1.4523500000    9  z   0.9986773907


  Symmetry Coordinates
  --------------------

  Number of coordinates in each symmetry:     3    2    3    1

  Symmetry  A1  ( 1)

    1   O     z    3
    2   H     y    [  5  -    8 ]/2
    3   H     z    [  6  +    9 ]/2

  Symmetry  B1  ( 2)

    4   O     x    1
    5   H     x    [  4  +    7 ]/2

  Symmetry  B2  ( 3)

    6   O     y    2
    7   H     y    [  5  +    8 ]/2
    8   H     z    [  6  -    9 ]/2

  Symmetry  A2  ( 4)

    9   H     x    [  4  -    7 ]/2


   Interatomic separations (in Angstrom):
   --------------------------------------

            O           H   _1      H   _2
            ------      ------      ------
 O     :    0.000000
 H   _1:    0.972000    0.000000
 H   _2:    0.972000    1.537101    0.000000


  Max    interatomic separation is    1.5371 Angstrom (    2.9047 Bohr)
  between atoms    3 and    2, "H   _2" and "H   _1".

  Min HX interatomic separation is    0.9720 Angstrom (    1.8368 Bohr)


  Bond distances (Angstrom):
  --------------------------

                  atom 1     atom 2       distance
                  ------     ------       --------
  bond distance:  H   _1     O            0.972000
  bond distance:  H   _2     O            0.972000


  Bond angles (degrees):
  ----------------------

                  atom 1     atom 2     atom 3         angle
                  ------     ------     ------         -----
  bond angle:     H   _1     O          H   _2       104.500




 Principal moments of inertia (u*A**2) and principal axes
 --------------------------------------------------------

   IA       0.633889          0.000000    1.000000    0.000000
   IB       1.190584          0.000000    0.000000    1.000000
   IC       1.824473          1.000000    0.000000    0.000000


 Rotational constants
 --------------------

 The molecule is planar.

               A                   B                   C

         797267.3370         424479.9976         277000.0210 MHz
           26.593976           14.159129            9.239726 cm-1


@  Nuclear repulsion energy :    9.055004525638 Hartree


  Symmetry Orbitals
  -----------------

  Number of orbitals in each symmetry:          11    4    7    2


  Symmetry  A1 ( 1)

    1     O        1s         1
    2     O        1s         2
    3     O        1s         3
    4     O        2pz        6
    5     O        2pz        9
    6     O        3d0       12
    7     O        3d2+      14
    8     H        1s        15 +   16
    9     H        1s        17 +   18
   10     H        2py       21 -   22
   11     H        2pz       23 +   24


  Symmetry  B1 ( 2)

   12     O        2px        4
   13     O        2px        7
   14     O        3d1+      13
   15     H        2px       19 +   20


  Symmetry  B2 ( 3)

   16     O        2py        5
   17     O        2py        8
   18     O        3d1-      11
   19     H        1s        15 -   16
   20     H        1s        17 -   18
   21     H        2py       21 +   22
   22     H        2pz       23 -   24


  Symmetry  A2 ( 4)

   23     O        3d2-      10
   24     H        2px       19 -   20

  Symmetries of electric field:  B1 (2)  B2 (3)  A1 (1)

  Symmetries of magnetic field:  B2 (3)  B1 (2)  A2 (4)


                     .---------------------------------------.
                     | Starting in Integral Section (HERMIT) |
                     `---------------------------------------'



    *************************************************************************
    ****************** Output from HERMIT input processing ******************
    *************************************************************************



     ************************************************************************
     ************************** Output from HERINT **************************
     ************************************************************************


 Threshold for neglecting two-electron integrals:  1.00D-12
 Number of two-electron integrals written:       11412 ( 25.3% )
 Megabytes written:                              0.137

 >>>> Total CPU  time used in HERMIT:   0.02 seconds
 >>>> Total wall time used in HERMIT:   0.02 seconds


                        .----------------------------------.
                        | End of Integral Section (HERMIT) |
                        `----------------------------------'



                   .--------------------------------------------.
                   | Starting in Wave Function Section (SIRIUS) |
                   `--------------------------------------------'


 **********************************************************************
 *SIRIUS* a direct, restricted step, second order MCSCF program       *
 **********************************************************************

 
     Date and time (Linux)  : Sun Sep  8 20:38:20 2013
     Host name              : lpqlx131.ups-tlse.fr                    

 Title lines from ".mol" input file:
     Restarting an MCSCF wave function optimization                          
                                                                             

 Print level on unit LUPRI =   2 is   0
 Print level on unit LUW4  =   2 is   5

@    MC-SCF optimization.
@              Type: complete active space calculation (CAS).

 Initial molecular orbitals are obtained according to
 ".MOSTART NEWORB" input option

     Wave function specification
     ============================
@    For the wave function of type :      >>> MC-SCF <<<
@    Number of closed shell electrons           2
@    Number of electrons in active shells       8
@    Total charge of the molecule               0

@    Spin multiplicity and 2 M_S                1         0
     Total number of symmetries                 4
@    Reference state symmetry                   1

     Orbital specifications
     ======================
     Abelian symmetry species          All |    1    2    3    4
                                       --- |  ---  ---  ---  ---
@    Inactive orbitals                   1 |    1    0    0    0
@    Active orbitals                     8 |    4    2    2    0
     Secondary orbitals                 15 |    6    2    5    2
     Total number of orbitals           24 |   11    4    7    2
     Number of basis functions          24 |   11    4    7    2

     Optimization information
     ========================
@    Number of configurations               492
@    Number of orbital rotations             48
     ------------------------------------------
@    Total number of variables              540

     Maximum number of macro iterations      25
     Maximum number of micro iterations     600
     Threshold for MCSCF gradient      1.00D-05
     Number of initial trial vectors          1
     Number of initial CI iterations         20
     Number of simultaneous trial vectors     1

@    This calculation converges to the lowest state for the specified symmetry and spin species.

     Maximum number of NEO/NR iterations  24

     This is a restarted calculation.


        SIRIUS MCSCF optimization (SIROPT)
 ================================================


 (OPTST) RESTART, Old MCSCF energy:                         -76.147431590394334
                 for macro iteration no.                 2
                      BETA value:                     0.20
                      Trust radius:                0.70000
                 Predicted new MCSCF energy:                -76.147609573029271


 <<< MACRO ITERATION  3 >>>
 --------------------------

 Integral transformation: Total CPU and WALL times (sec)       0.004       0.003
     (Precalculated two-electron integrals are transformed to P-supermatrix elements.
      Threshold for discarding integrals :  1.00D-12 )

 Total MCSCF energy       :           -76.147613684025671  (MACRO    3)

 - Nuclear repulsion      :             9.055004525637894
 - Inactive energy        :           -61.283157253425308
 - Active energy          :           -23.919460956238257

 Norm of total gradient   :             0.001205015976
 -    of CI gradient      :             0.001061369467
 -    of orbital gradient :             0.000570577214
      Virial theorem: -V/T =      2.000973
@      MULPOP O      -0.30; H   _1  0.15; H   _2  0.15; 

 Residual norm when dim(red L) =  16
 NEO root     CSF        orbital          total
    1     0.00000385     0.00000738     0.00000832 converged

 (NEONEX) NEO vector is converged.

   <<< OUTPUT FROM SIRCNO >>>    Keyword = FD+NO 


 Occupations of CAS natural orbitals:

 Symmetry  1

   1.989080601   1.976436643   0.024209459   0.011251234

 Symmetry  2

   1.981380809   0.017798629

 Symmetry  3

   1.974627581   0.025215044


 <<< MACRO ITERATION  4 >>>
 --------------------------

 Integral transformation: Total CPU and WALL times (sec)       0.003       0.003

 Total MCSCF energy       :           -76.147614159011056  (MACRO    4)

 - Nuclear repulsion      :             9.055004525637894
 - Inactive energy        :           -61.283286656976919
 - Active energy          :           -23.919332027672027

 Norm of total gradient   :             0.000010628647
 -    of CI gradient      :             0.000006676926
 -    of orbital gradient :             0.000008269630
      Virial theorem: -V/T =      2.000973
@      MULPOP O      -0.30; H   _1  0.15; H   _2  0.15; 

 Residual norm when dim(red L) =   4
 NEO root     CSF        orbital          total
    1     0.00000158     0.00000250     0.00000296 converged

 (NEONEX) NEO vector is converged.

   <<< OUTPUT FROM SIRCNO >>>    Keyword = FD+NO 


 Occupations of CAS natural orbitals:

 Symmetry  1

   1.989080748   1.976436755   0.024209355   0.011251110

 Symmetry  2

   1.981380833   0.017798585

 Symmetry  3

   1.974627713   0.025214901


 <<< MACRO ITERATION  5 >>>
 --------------------------

 Integral transformation: Total CPU and WALL times (sec)       0.003       0.003

 Total MCSCF energy       :           -76.147614159021032  (MACRO    5)

 - Nuclear repulsion      :             9.055004525637894
 - Inactive energy        :           -61.283287845481553
 - Active energy          :           -23.919330839177384

 Norm of total gradient   :             0.000002959456
 -    of CI gradient      :             0.000001583556
 -    of orbital gradient :             0.000002500146
      Virial theorem: -V/T =      2.000973
@      MULPOP O      -0.30; H   _1  0.15; H   _2  0.15; 

 (SIRSTP) Close to convergence, ratio set to one.
 Energy difference; actual and predicted:   -9.97602D-12   -1.01793D-11

 (SIRSTP) Close to convergence, ratio set to one.
 Energy difference; actual and predicted:    9.80030D-01
 Close to convergence, ratio set to one.

 *** Optimization control: MCSCF converged ***
     Number of macro iterations used            5
     Number of micro iterations used           16
     Total number of CPU seconds used         0.08

 >>>> CPU and wall time for MCSCF :       0.077       0.078


                     .----------------------------------------.
                     | >>> SIRIUS OPTIMIZATION STATISTICS <<< |
                     `----------------------------------------'


 
     Date and time (Linux)  : Sun Sep  8 20:38:20 2013
     Host name              : lpqlx131.ups-tlse.fr                    


  ITER ITMIC     EMCSCF           GRDNRM        RATIO      STPLNG
 ---------------------------------------------------------------------
    3   14    -76.147613684026   0.0012050160  1.023098   0.0030844249
    4    2    -76.147614159011   0.0000106286  1.001237   0.0000090692
    5    0    -76.147614159021   0.0000029595  1.000000   0.0000000000


  ITER  INDGCM  GCIMAX      GCINRM     INDGOM  GOBMAX      GOBNRM      GRDNRM
 ------------------------------------------------------------------------------
    3    276    0.000370    0.001061     11   -0.000306    0.000571    0.001205
    4    276    0.000002    0.000007      3   -0.000005    0.000008    0.000011
    5    491   -0.000000    0.000002      3    0.000002    0.000003    0.000003


  ITER ITMIC NCLIN NOLIN   TIMMAC    TIMITR    TIMMIC    TIMLIN    TIMMIC/ITMIC
 ------------------------------------------------------------------------------

    3    14    10     5      0.05      0.00      0.05      0.04      0.00
    4     2     2     1      0.02      0.00      0.01      0.01      0.00
    5     0     0     0      0.01      0.00      0.00      0.00


 ITER         EMY                 EACTIV              EMCSCF

    3    -61.283157253425    -23.919460956238    -76.147613684026
    4    -61.283286656977    -23.919332027672    -76.147614159011
    5    -61.283287845482    -23.919330839177    -76.147614159021


 ITER         DEPRED              DEACT               RATIO

    3     -0.000177982635     -0.000182093631      1.023097738711
    4     -0.000000474399     -0.000000474985      1.001236711754
    5     -0.000000000010     -0.000000000010      1.000000000000


 ITER    BETA           GAMMA             STPLNG              RTRUST

    3      0.20000000  1.00000000      0.003084424896      0.700000000000
    4      0.20000000  1.00000000      0.000009069227      0.700000000000
    5      0.00000000  0.00000000      0.000000000000      0.700000000000


 Reduced L root no.  1
 ITER         EVAL              EVEC(1)           EVEC(2)           EVEC(3)
 ----------------------------------------------------------------------------
    3   -0.000000037952    0.999999809727   -0.000032770583   -0.000606831868
    4   -0.000000000001    0.999999999998   -0.000000201517   -0.000001800918
    5    0.000000000000    0.000000000000    0.000000000000    0.000000000000


                       .-----------------------------------.
                       | >>> Final results from SIRIUS <<< |
                       `-----------------------------------'


@    Spin multiplicity:           1
@    Spatial symmetry:            1
@    Total charge of molecule:    0
@    State number:                1

@    Final MCSCF energy:          -76.147614159021                 
@    Nuclear repulsion:             9.055004525638
@    Electronic energy:           -85.202618684659

@    Final gradient norm:           0.000002959456

 
     Date and time (Linux)  : Sun Sep  8 20:38:20 2013
     Host name              : lpqlx131.ups-tlse.fr                    

 Occupancies of natural orbitals
 -------------------------------

 Symmetry  1 -- Total occupation in this symmetry is   6.000977969

   2.000000000   1.989080748   1.976436755   0.024209355   0.011251110

 Symmetry  2 -- Total occupation in this symmetry is   1.999179418

   1.981380833   0.017798585

 Symmetry  3 -- Total occupation in this symmetry is   1.999842614

   1.974627713   0.025214901

 Symmetry  4 -- No occupied orbitals

 (Only coefficients >0.0100 are printed.)

 Molecular orbitals for symmetry species  1
 ------------------------------------------

    Orbital         1        2        3        4        5        6        7
   1 O   :1s     1.0004  -0.0070   0.0003   0.0953   0.5206   0.2039  -0.3553
   2 O   :1s     0.0013   0.9097   0.1277   0.7366   2.6204   0.7914  -1.4292
   3 O   :1s    -0.0020  -0.0270  -0.2215  -0.1477  -2.6096  -1.7142   2.3482
   4 O   :2pz    0.0039  -0.2408   0.7686   1.2797  -0.5909   0.0965  -0.1792
   5 O   :2pz   -0.0016  -0.0640  -0.0326  -0.8871   0.8987  -0.2739   0.4585
   6 O   :3d0    0.0000  -0.0067   0.0163  -0.0080   0.0263  -0.0081   0.0660
   7 O   :3d2+  -0.0001  -0.0005  -0.0060  -0.0194   0.0148   0.0657   0.0691
   8 H   :1s     0.0002   0.1400   0.4566  -0.8034  -0.2690  -0.8063  -0.8509
   9 H   :1s     0.0004  -0.0775  -0.1832   0.3045   0.1620   1.4286   0.1877
  10 H   :2py    0.0005  -0.0190  -0.0405   0.0528   0.0032  -0.1546  -0.2644
  11 H   :2pz    0.0005  -0.0216   0.0008  -0.0147   0.0536  -0.0694   0.4383

 Molecular orbitals for symmetry species  2
 ------------------------------------------

    Orbital         1        2        3        4
   1 O   :2px    0.9133  -1.4088  -0.1295   0.0002
   2 O   :2px    0.0798   1.6069   0.7858  -0.2847
   3 O   :3d1+   0.0179   0.0304  -0.1627  -1.0380
   4 H   :2px    0.0318   0.0800  -0.7588   0.3896

 Molecular orbitals for symmetry species  3
 ------------------------------------------

    Orbital         1        2        3        4
   1 O   :2py    0.7254  -1.3704   0.2200  -0.6057
   2 O   :2py   -0.1205   0.7418  -0.7014   2.0424
   3 O   :3d1-   0.0267  -0.0399  -0.0856  -0.0316
   4 H   :1s     0.5563   0.8579  -0.8580  -1.3583
   5 H   :1s    -0.1814  -0.2594   2.0953   0.1391
   6 H   :2py   -0.0203  -0.0265  -0.0963   0.1717
   7 H   :2pz   -0.0293  -0.0250  -0.1156   0.0267

 Molecular orbitals for symmetry species  4
 ------------------------------------------

    Orbital         1        2
   1 O   :3d2-  -0.1340   1.0607
   2 H   :2px   -0.6841  -0.3624

 Printout of CI-coefficients abs greater than 0.05000 for root  1
 *** NOTE: this root is the reference state ***

 Printout of coefficients in interval  3.1623E-01 to  1.0000E+00
 ===============================================================

  Coefficient of CSF no.        20 is      0.98066471    9.80664709E-01
  Orbital          1   2   5   7
  Spin coupling    2   2   2   2

 Printout of coefficients in interval  1.0000E-01 to  3.1623E-01
 ===============================================================
   ( no coefficients )

 Printout of coefficients in interval  5.0000E-02 to  1.0000E-01
 ===============================================================

  Coefficient of CSF no.        21 is     -0.06242366   -6.24236565E-02
  Orbital          1   3   5   7
  Spin coupling    2   2   2   2

  Coefficient of CSF no.        26 is     -0.05175994   -5.17599368E-02
  Orbital          1   2   6   7
  Spin coupling    2   2   2   2

  Coefficient of CSF no.        40 is     -0.06584957   -6.58495669E-02
  Orbital          1   2   5   8
  Spin coupling    2   2   2   2

  Coefficient of CSF no.       236 is     -0.06269902   -6.26990184E-02
  Orbital          1   2   5   6   7   8
  Spin coupling    2   2   1  -1   1  -1

  Coefficient of CSF no.       268 is      0.06957277    6.95727720E-02
  Orbital          1   5   2   3   7   8
  Spin coupling    2   2   1  -1   1  -1

  Coefficient of CSF no.       330 is      0.06103400    6.10339965E-02
  Orbital          1   7   2   3   5   6
  Spin coupling    2   2   1  -1   1  -1

 Norm of printed CI vector ..      0.98511193

 Magnitude of CI coefficients
 ============================
 ( Ranges are relative to norm of vector :  1.00E+00 )

  10- 1 to 10- 0         1    0.96170327E+00      0.9617032706
  10- 2 to 10- 1        31    0.36871554E-01      0.9985748246
  10- 3 to 10- 2        89    0.13778451E-02      0.9999526697
  10- 4 to 10- 3       220    0.47010157E-04      0.9999996798
  10- 5 to 10- 4       115    0.31903238E-06      0.9999999989
  10- 6 to 10- 5        35    0.11297918E-08      1.0000000000
  10- 7 to 10- 6         1    0.51079971E-12      1.0000000000
  Number of coefficients less than 10^-11 times norm is            0



 >>>> Total CPU  time used in SIRIUS :      0.08 seconds
 >>>> Total wall time used in SIRIUS :      0.08 seconds

 
     Date and time (Linux)  : Sun Sep  8 20:38:20 2013
     Host name              : lpqlx131.ups-tlse.fr                    


                     .---------------------------------------.
                     | End of Wave Function Section (SIRIUS) |
                     `---------------------------------------'

 >>>> Total CPU  time used in DALTON:   0.10 seconds
 >>>> Total wall time used in DALTON:   0.11 seconds

 
     Date and time (Linux)  : Sun Sep  8 20:38:20 2013
     Host name              : lpqlx131.ups-tlse.fr                    
