

     ************************************************************************
     *************** Dalton - An Electronic Structure Program ***************
     ************************************************************************

    This is output from DALTON (Release Dalton2013 patch 0)
   ----------------------------------------------------------------------------
    NOTE:
     
    Dalton is an experimental code for the evaluation of molecular
    properties using (MC)SCF, DFT, CI, and CC wave functions.
    The authors accept no responsibility for the performance of
    the code or for the correctness of the results.
     
    The code (in whole or part) is provided under a licence and
    is not to be reproduced for further distribution without
    the written permission of the authors or their representatives.
     
    See the home page "http://daltonprogram.org" for further information.
     
    If results obtained with this code are published,
    the appropriate citations would be both of:
     
       K. Aidas, C. Angeli, K. L. Bak, V. Bakken, R. Bast,
       L. Boman, O. Christiansen, R. Cimiraglia, S. Coriani,
       P. Dahle, E. K. Dalskov, U. Ekstroem, T. Enevoldsen,
       J. J. Eriksen, P. Ettenhuber, B. Fernandez, L. Ferrighi,
       H. Fliegl, L. Frediani, K. Hald, A. Halkier, C. Haettig,
       H. Heiberg, T. Helgaker, A. C. Hennum, H. Hettema,
       E. Hjertenaes, S. Hoest, I.-M. Hoeyvik, M. F. Iozzi,
       B. Jansik, H. J. Aa. Jensen, D. Jonsson, P. Joergensen,
       J. Kauczor, S. Kirpekar, T. Kjaergaard, W. Klopper,
       S. Knecht, R. Kobayashi, H. Koch, J. Kongsted, A. Krapp,
       K. Kristensen, A. Ligabue, O. B. Lutnaes, J. I. Melo,
       K. V. Mikkelsen, R. H. Myhre, C. Neiss, C. B. Nielsen,
       P. Norman, J. Olsen, J. M. H. Olsen, A. Osted,
       M. J. Packer, F. Pawlowski, T. B. Pedersen, P. F. Provasi,
       S. Reine, Z. Rinkevicius, T. A. Ruden, K. Ruud, V. Rybkin,
       P. Salek, C. C. M. Samson, A. Sanchez de Meras, T. Saue,
       S. P. A. Sauer, B. Schimmelpfennig, K. Sneskov,
       A. H. Steindal, K. O. Sylvester-Hvid, P. R. Taylor,
       A. M. Teale, E. I. Tellgren, D. P. Tew, A. J. Thorvaldsen,
       L. Thoegersen, O. Vahtras, M. A. Watson, D. J. D. Wilson,
       M. Ziolkowski and H. Agren.
       The Dalton quantum chemistry program system.
       WIREs Comput. Mol. Sci. 2013. doi: 10.1002/wcms.1172
    
    and
    
       Dalton, a Molecular Electronic Structure Program,
       Release DALTON2013.0 (2013), see http://daltonprogram.org
   ----------------------------------------------------------------------------

    Authors in alphabetical order (major contribution(s) in parenthesis):

  Kestutis Aidas,           Vilnius University,           Lithuania   (QM/MM)
  Celestino Angeli,         University of Ferrara,        Italy       (NEVPT2)
  Keld L. Bak,              UNI-C,                        Denmark     (AOSOPPA, non-adiabatic coupling, magnetic properties)
  Vebjoern Bakken,          University of Oslo,           Norway      (DALTON; geometry optimizer, symmetry detection)
  Radovan Bast,             KTH Stockholm                 Sweden      (DALTON installation and execution frameworks)
  Linus Boman,              NTNU,                         Norway      (Cholesky decomposition and subsystems)
  Ove Christiansen,         Aarhus University,            Denmark     (CC module)
  Renzo Cimiraglia,         University of Ferrara,        Italy       (NEVPT2)
  Sonia Coriani,            University of Trieste,        Italy       (CC module, MCD in RESPONS)
  Paal Dahle,               University of Oslo,           Norway      (Parallelization)
  Erik K. Dalskov,          UNI-C,                        Denmark     (SOPPA)
  Thomas Enevoldsen,        Univ. of Southern Denmark,    Denmark     (SOPPA)
  Janus J. Eriksen,         Aarhus University,            Denmark     (PE-MP2/SOPPA, TDA)
  Berta Fernandez,          U. of Santiago de Compostela, Spain       (doublet spin, ESR in RESPONS)
  Lara Ferrighi,            Aarhus University,            Denmark     (PCM Cubic response)
  Heike Fliegl,             University of Oslo,           Norway      (CCSD(R12))
  Luca Frediani,            UiT The Arctic U. of Norway,  Norway      (PCM)
  Bin Gao,                  UiT The Arctic U. of Norway,  Norway      (Gen1Int library)
  Christof Haettig,         Ruhr-University Bochum,       Germany     (CC module)
  Kasper Hald,              Aarhus University,            Denmark     (CC module)
  Asger Halkier,            Aarhus University,            Denmark     (CC module)
  Hanne Heiberg,            University of Oslo,           Norway      (geometry analysis, selected one-electron integrals)
  Trygve Helgaker,          University of Oslo,           Norway      (DALTON; ABACUS, ERI, DFT modules, London, and much more)
  Alf Christian Hennum,     University of Oslo,           Norway      (Parity violation)
  Hinne Hettema,            University of Auckland,       New Zealand (quadratic response in RESPONS; SIRIUS supersymmetry)
  Eirik Hjertenaes,         NTNU,                         Norway      (Cholesky decomposition)
  Maria Francesca Iozzi,    University of Oslo,           Norway      (RPA)
  Brano Jansik              Technical Univ. of Ostrava    Czech Rep.  (DFT cubic response)
  Hans Joergen Aa. Jensen,  Univ. of Southern Denmark,    Denmark     (DALTON; SIRIUS, RESPONS, ABACUS modules, London, and much more)
  Dan Jonsson,              UiT The Arctic U. of Norway,  Norway      (cubic response in RESPONS module)
  Poul Joergensen,          Aarhus University,            Denmark     (RESPONS, ABACUS, and CC modules)
  Joanna Kauczor,           Linkoeping University,        Sweden      (Complex polarization propagator (CPP) module)
  Sheela Kirpekar,          Univ. of Southern Denmark,    Denmark     (Mass-velocity & Darwin integrals)
  Wim Klopper,              KIT Karlsruhe,                Germany     (R12 code in CC, SIRIUS, and ABACUS modules)
  Stefan Knecht,            ETH Zurich,                   Switzerland (Parallel CI and MCSCF)
  Rika Kobayashi,           Australian National Univ.,    Australia   (DIIS in CC, London in MCSCF)
  Henrik Koch,              NTNU,                         Norway      (CC module, Cholesky decomposition)
  Jacob Kongsted,           Univ. of Southern Denmark,    Denmark     (Polarizable embedding, QM/MM)
  Andrea Ligabue,           University of Modena,         Italy       (CTOCD, AOSOPPA)
  Ola B. Lutnaes,           University of Oslo,           Norway      (DFT Hessian)
  Juan I. Melo,             University of Buenos Aires,   Argentina   (LRESC, Relativistic Effects on NMR Shieldings)
  Kurt V. Mikkelsen,        University of Copenhagen,     Denmark     (MC-SCRF and QM/MM)
  Rolf H. Myhre,            NTNU,                         Norway      (Cholesky, subsystems and ECC2)
  Christian Neiss,          Univ. Erlangen-Nuernberg,     Germany     (CCSD(R12))
  Christian B. Nielsen,     University of Copenhagen,     Denmark     (QM/MM)
  Patrick Norman,           Linkoeping University,        Sweden      (Cubic response and complex response in RESPONS)
  Jeppe Olsen,              Aarhus University,            Denmark     (SIRIUS CI/density modules)
  Jogvan Magnus H. Olsen,   Univ. of Southern Denmark,    Denmark     (Polarizable embedding, PE library, QM/MM)
  Anders Osted,             Copenhagen University,        Denmark     (QM/MM)
  Martin J. Packer,         University of Sheffield,      UK          (SOPPA)
  Filip Pawlowski,          Kazimierz Wielki University   Poland      (CC3)
  Thomas B. Pedersen,       University of Oslo,           Norway      (Cholesky decomposition)
  Patricio F. Provasi,      University of Northeastern,   Argentina   (Analysis of coupling constants in localized orbitals)
  Zilvinas Rinkevicius,     KTH Stockholm,                Sweden      (open-shell DFT, ESR)
  Elias Rudberg,            KTH Stockholm,                Sweden      (DFT grid and basis info)
  Torgeir A. Ruden,         University of Oslo,           Norway      (Numerical derivatives in ABACUS)
  Kenneth Ruud,             UiT The Arctic U. of Norway,  Norway      (DALTON; ABACUS magnetic properties and  much more)
  Pawel Salek,              KTH Stockholm,                Sweden      (DALTON; DFT code)
  Claire C. M. Samson       University of Karlsruhe       Germany     (Boys localization, r12 integrals in ERI)
  Alfredo Sanchez de Meras, University of Valencia,       Spain       (CC module, Cholesky decomposition)
  Trond Saue,               Paul Sabatier University,     France      (direct Fock matrix construction)
  Stephan P. A. Sauer,      University of Copenhagen,     Denmark     (SOPPA(CCSD), SOPPA prop., AOSOPPA, vibrational g-factors)
  Bernd Schimmelpfennig,    Forschungszentrum Karlsruhe,  Germany     (AMFI module)
  Kristian Sneskov,         Aarhus University,            Denmark     (QM/MM, PE-CC)
  Arnfinn H. Steindal,      UiT The Arctic U. of Norway,  Norway      (parallel QM/MM)
  K. O. Sylvester-Hvid,     University of Copenhagen,     Denmark     (MC-SCRF)
  Peter R. Taylor,          VLSCI/Univ. of Melbourne,     Australia   (Symmetry handling ABACUS, integral transformation)
  Andrew M. Teale,          University of Nottingham,     England     (DFT-AC, DFT-D)
  David P. Tew,             University of Bristol,        England     (CCSD(R12))
  Olav Vahtras,             KTH Stockholm,                Sweden      (triplet response, spin-orbit, ESR, TDDFT, open-shell DFT)
  David J. Wilson,          La Trobe University,          Australia   (DFT Hessian and DFT magnetizabilities)
  Hans Agren,               KTH Stockholm,                Sweden      (SIRIUS module, RESPONS, MC-SCRF solvation model)
 --------------------------------------------------------------------------------

     Date and time (Linux)  : Sun Sep  8 21:18:50 2013
     Host name              : lpqlx131.ups-tlse.fr                    

 * Work memory size             :    64000000 =  488.28 megabytes.

 * Directories for basis set searches:
   1) /home/bast/DALTON-2013.0-Source/build/test_dcpt2
   2) /home/bast/DALTON-2013.0-Source/build/basis


Compilation information
-----------------------

 Who compiled             | bast
 Host                     | lpqlx131.ups-tlse.fr
 System                   | Linux-3.8.5-201.fc18.x86_64
 CMake generator          | Unix Makefiles
 Processor                | x86_64
 64-bit integers          | OFF
 MPI                      | OFF
 Fortran compiler         | /usr/bin/gfortran
 Fortran compiler version | GNU Fortran (GCC) 4.7.2 20121109 (Red Hat 4.7.2-8)
 C compiler               | /usr/bin/gcc
 C compiler version       | gcc (GCC) 4.7.2 20121109 (Red Hat 4.7.2-8)
 C++ compiler             | /usr/bin/g++
 C++ compiler version     | g++ (GCC) 4.7.2 20121109 (Red Hat 4.7.2-8)
 Static linking           | OFF
 Last Git revision        | f34203295a86316e27f9e7b44f9b6769c4a046c0
 Configuration time       | 2013-09-08 20:31:27.952056


   Content of the .dal input file
 ----------------------------------

**DALTON INPUT                                    
.RUN WAVEFUNCTION                                 
.DIRECT                                           
**WAVEFUNCTION                                    
.CC                                               
*CC INPUT                                         
.DCPT2                                            
*SCF INPUT                                        
.THRESH                                           
1.0d-9                                            
*ORBITAL INPUT                                    
.AO DELETE                                        
1.0D-14                                           
.CMOMAX                                           
2.0D4                                             
**END OF INPUT                                    


   Content of the .mol file
 ----------------------------

BASIS                                                                          
6-311G**                                                                       
HF / DCPT2 Test                                                                
----------------                                                               
Atomtypes=1 Angstrom                                                           
Atoms=2 Charge=9.0                                                             
F    0.0 0.0  0.0                                                              
F    0.0 0.0  1.4068                                                           


       *******************************************************************
       *********** Output from DALTON general input processing ***********
       *******************************************************************

 --------------------------------------------------------------------------------
   Overall default print level:    0
   Print level for DALTON.STAT:    1

    AO-direct calculation (in sections where implemented)
    HERMIT 1- and 2-electron integral sections will be executed
    "Old" integral transformation used (limited to max 255 basis functions)
    Wave function sections will be executed (SIRIUS module)
 --------------------------------------------------------------------------------


   ****************************************************************************
   *************** Output of molecule and basis set information ***************
   ****************************************************************************


    The two title cards from your ".mol" input:
    ------------------------------------------------------------------------
 1: HF / DCPT2 Test                                                         
 2: ----------------                                                        
    ------------------------------------------------------------------------

  Coordinates are entered in Angstrom and converted to atomic units.
          - Conversion factor : 1 bohr = 0.52917721 A

  Atomic type no.    1
  --------------------
  Nuclear charge:   9.00000
  Number of symmetry independent centers:    2
  Number of basis sets to read;    2
  Basis set file used for this atomic type with Z =   9 :
     "/home/bast/DALTON-2013.0-Source/build/basis/6-311G**"

  Info about the basis set file: your basis has no documentation.
  Basis set: 6-311G**                                                                        


                      SYMADD: Requested addition of symmetry
                      --------------------------------------

 Symmetry test threshold:  5.00E-06

 - molecule centered at center of mass and rotated so
   principal axes of inertia are along coordinate axes.

 Symmetry class found: D(oo,h)        

 Symmetry Independent Centres             
 ----------------------------
       9 :      0.00000000     0.00000000     1.32923336  Isotope  1

 The following elements were found:   X  Y  Z  


                         SYMGRP: Point group information
                         -------------------------------

Full point group is: D(oo,h)        
Represented as:      D2h

   * The point group was generated by:

      Reflection in the yz-plane
      Reflection in the xz-plane
      Reflection in the xy-plane

   * Group multiplication table

        |  E   C2z  C2y  C2x   i   Oxy  Oxz  Oyz
   -----+----------------------------------------
     E  |  E   C2z  C2y  C2x   i   Oxy  Oxz  Oyz
    C2z | C2z   E   C2x  C2y  Oxy   i   Oyz  Oxz
    C2y | C2y  C2x   E   C2z  Oxz  Oyz   i   Oxy
    C2x | C2x  C2y  C2z   E   Oyz  Oxz  Oxy   i 
     i  |  i   Oxy  Oxz  Oyz   E   C2z  C2y  C2x
    Oxy | Oxy   i   Oyz  Oxz  C2z   E   C2x  C2y
    Oxz | Oxz  Oyz   i   Oxy  C2y  C2x   E   C2z
    Oyz | Oyz  Oxz  Oxy   i   C2x  C2y  C2z   E 

   * Character table

        |  E   C2z  C2y  C2x   i   Oxy  Oxz  Oyz
   -----+----------------------------------------
    Ag  |   1    1    1    1    1    1    1    1
    B3u |   1   -1   -1    1   -1    1    1   -1
    B2u |   1   -1    1   -1   -1    1   -1    1
    B1g |   1    1   -1   -1    1    1   -1   -1
    B1u |   1    1   -1   -1   -1   -1    1    1
    B2g |   1   -1    1   -1    1   -1    1   -1
    B3g |   1   -1   -1    1    1   -1   -1    1
    Au  |   1    1    1    1   -1   -1   -1   -1

   * Direct product table

        | Ag   B3u  B2u  B1g  B1u  B2g  B3g  Au 
   -----+----------------------------------------
    Ag  | Ag   B3u  B2u  B1g  B1u  B2g  B3g  Au 
    B3u | B3u  Ag   B1g  B2u  B2g  B1u  Au   B3g
    B2u | B2u  B1g  Ag   B3u  B3g  Au   B1u  B2g
    B1g | B1g  B2u  B3u  Ag   Au   B3g  B2g  B1u
    B1u | B1u  B2g  B3g  Au   Ag   B3u  B2u  B1g
    B2g | B2g  B1u  Au   B3g  B3u  Ag   B1g  B2u
    B3g | B3g  Au   B1u  B2g  B2u  B1g  Ag   B3u
    Au  | Au   B3g  B2g  B1u  B1g  B2u  B3u  Ag 


                                 Isotopic Masses
                                 ---------------

                           F   _1     18.998403
                           F   _2     18.998403

                       Total mass:    37.996806 amu
                       Natural abundance: 100.000 %

 Center-of-mass coordinates (a.u.):    0.000000    0.000000    0.000000


  Atoms and basis sets
  --------------------

  Number of atom types :    1
  Total number of atoms:    2

  Basis set used is "6-311G**" from the basis set library.

  label    atoms   charge   prim   cont     basis
  ----------------------------------------------------------------------
  F           2    9.0000    31    18      [11s5p1d|4s3p1d]                                   
  ----------------------------------------------------------------------
  total:      2   18.0000    62    36
  ----------------------------------------------------------------------
  Spherical harmonic basis used.

  Threshold for neglecting AO integrals:  1.00D-12


  Cartesian Coordinates (a.u.)
  ----------------------------

  Total number of coordinates:    6
  F   / 1 :     1  x   0.0000000000    2  y   0.0000000000    3  z   1.3292333563
  F   / 2 :     4  x   0.0000000000    5  y   0.0000000000    6  z  -1.3292333563


  Symmetry Coordinates
  --------------------

  Number of coordinates in each symmetry:     1    1    1    0    1    1    1    0

  Symmetry  Ag  ( 1)

    1   F     z    [  3  -    6 ]/2

  Symmetry  B3u ( 2)

    2   F     x    [  1  +    4 ]/2

  Symmetry  B2u ( 3)

    3   F     y    [  2  +    5 ]/2

  Symmetry  B1u ( 5)

    4   F     z    [  3  +    6 ]/2

  Symmetry  B2g ( 6)

    5   F     x    [  1  -    4 ]/2

  Symmetry  B3g ( 7)

    6   F     y    [  2  -    5 ]/2


   Interatomic separations (in Angstrom):
   --------------------------------------

            F   _1      F   _2
            ------      ------
 F   _1:    0.000000
 F   _2:    1.406800    0.000000


  Max    interatomic separation is    1.4068 Angstrom (    2.6585 Bohr)
  between atoms    2 and    1, "F   _2" and "F   _1".

  Min YX interatomic separation is    1.4068 Angstrom (    2.6585 Bohr)


  Bond distances (Angstrom):
  --------------------------

                  atom 1     atom 2       distance
                  ------     ------       --------
  bond distance:  F   _2     F   _1       1.406800




 Principal moments of inertia (u*A**2) and principal axes
 --------------------------------------------------------

   IA       0.000000          0.000000    0.000000    1.000000
   IB      18.799739          0.000000    1.000000    0.000000
   IC      18.799739          1.000000    0.000000    0.000000


 Rotational constants
 --------------------

 The molecule is linear.

               B =        26882.24 MHz     (    0.896695 cm-1)


@  Nuclear repulsion energy :   30.468690698607 Hartree


  Symmetry Orbitals
  -----------------

  Number of orbitals in each symmetry:           9    4    4    1    9    4    4    1


  Symmetry  Ag ( 1)

    1     F        1s         1 +    2
    2     F        1s         3 +    4
    3     F        1s         5 +    6
    4     F        1s         7 +    8
    5     F        2pz       13 -   14
    6     F        2pz       19 -   20
    7     F        2pz       25 -   26
    8     F        3d0       31 +   32
    9     F        3d2+      35 +   36


  Symmetry  B3u( 2)

   10     F        2px        9 +   10
   11     F        2px       15 +   16
   12     F        2px       21 +   22
   13     F        3d1+      33 -   34


  Symmetry  B2u( 3)

   14     F        2py       11 +   12
   15     F        2py       17 +   18
   16     F        2py       23 +   24
   17     F        3d1-      29 -   30


  Symmetry  B1g( 4)

   18     F        3d2-      27 +   28


  Symmetry  B1u( 5)

   19     F        1s         1 -    2
   20     F        1s         3 -    4
   21     F        1s         5 -    6
   22     F        1s         7 -    8
   23     F        2pz       13 +   14
   24     F        2pz       19 +   20
   25     F        2pz       25 +   26
   26     F        3d0       31 -   32
   27     F        3d2+      35 -   36


  Symmetry  B2g( 6)

   28     F        2px        9 -   10
   29     F        2px       15 -   16
   30     F        2px       21 -   22
   31     F        3d1+      33 +   34


  Symmetry  B3g( 7)

   32     F        2py       11 -   12
   33     F        2py       17 -   18
   34     F        2py       23 -   24
   35     F        3d1-      29 +   30


  Symmetry  Au ( 8)

   36     F        3d2-      27 -   28

  Symmetries of electric field:  B3u(2)  B2u(3)  B1u(5)

  Symmetries of magnetic field:  B3g(7)  B2g(6)  B1g(4)


                     .---------------------------------------.
                     | Starting in Integral Section (HERMIT) |
                     `---------------------------------------'



    *************************************************************************
    ****************** Output from HERMIT input processing ******************
    *************************************************************************



     ************************************************************************
     ************************** Output from HERINT **************************
     ************************************************************************

 >>>> Total CPU  time used in HERMIT:   0.01 seconds
 >>>> Total wall time used in HERMIT:   0.01 seconds


                        .----------------------------------.
                        | End of Integral Section (HERMIT) |
                        `----------------------------------'



                   .--------------------------------------------.
                   | Starting in Wave Function Section (SIRIUS) |
                   `--------------------------------------------'

 DCPT2 Calculation.
 See Assfeld, Almlof and Truhlar, 
 CPL 241, 438 (1995)

 *** Output from Huckel module :

     Using EWMO model:          F
     Using EHT  model:          T
     Number of Huckel orbitals each symmetry:    3    1    1    0    3    1    1    0

 Huckel EHT eigenvalues for symmetry :  1
          -26.385708      -1.790183      -0.792085

 Huckel EHT eigenvalues for symmetry :  2
           -0.800874

 Huckel EHT eigenvalues for symmetry :  3
           -0.800874

 Huckel EHT eigenvalues for symmetry :  5
          -26.385548      -1.453518      -0.563359

 Huckel EHT eigenvalues for symmetry :  6
           -0.659126

 Huckel EHT eigenvalues for symmetry :  7
           -0.659126

 **********************************************************************
 *SIRIUS* a direct, restricted step, second order MCSCF program       *
 **********************************************************************

 
     Date and time (Linux)  : Sun Sep  8 21:18:50 2013
     Host name              : lpqlx131.ups-tlse.fr                    

 Title lines from ".mol" input file:
     HF / DCPT2 Test                                                         
     ----------------                                                        

 Print level on unit LUPRI =   2 is   0
 Print level on unit LUW4  =   2 is   5

@    (Integral direct) CC calculation.

@    This is a combination run starting with
@              a restricted, closed shell Hartree-Fock calculation

 Fock matrices are calculated directly without use of integrals on disk.

 Initial molecular orbitals are obtained according to
 ".MOSTART EHT   " input option

     Wave function specification
     ============================

     For the specification of the Coupled Cluster: see later.

@    For the wave function of type :      >>> CC <<<
@    Number of closed shell electrons          18
@    Number of electrons in active shells       0
@    Total charge of the molecule               0

@    Spin multiplicity and 2 M_S                1         0
     Total number of symmetries                 8
@    Reference state symmetry                   1

     Orbital specifications
     ======================
     Abelian symmetry species          All |    1    2    3    4    5    6    7    8
                                       --- |  ---  ---  ---  ---  ---  ---  ---  ---
     Total number of orbitals           36 |    9    4    4    1    9    4    4    1
     Number of basis functions          36 |    9    4    4    1    9    4    4    1

      ** Automatic occupation of RHF orbitals **

      -- Initial occupation of symmetries is determined from extended Huckel guess.           
      -- Initial occupation of symmetries is :
@    Occupied SCF orbitals               9 |    3    1    1    0    2    1    1    0

     Maximum number of Fock   iterations      0
     Maximum number of DIIS   iterations     60
     Maximum number of QC-SCF iterations     60
     Threshold for SCF convergence     1.00D-09


 Changes of defaults for CC:
 ---------------------------


 -This is a direct atomic orbital integral based
  calculation for coupled cluster wave function
  


 >>>>> DIIS optimization of Hartree-Fock <<<<<

 C1-DIIS algorithm; max error vectors =   10

 Automatic occupation of symmetries with  18 electrons.

 Iter     Total energy    Error norm  Delta(E)    SCF occupation
 -----------------------------------------------------------------------------
   1  Screening settings (-IFTHRS, DIFDEN)   -6    T
@  1  -198.626295991       1.97D+00  -1.99D+02     3   1   1   0   2   1   1   0
      Virial theorem: -V/T =      2.000681
@      MULPOP F   _1  0.00; F   _2  0.00; 
 -----------------------------------------------------------------------------
   2  Screening settings (-IFTHRS, DIFDEN)   -6    T
@  2  -198.723380068       3.83D-01  -9.71D-02     3   1   1   0   2   1   1   0
      Virial theorem: -V/T =      1.999068
@      MULPOP F   _1 -0.00; F   _2 -0.00; 
 -----------------------------------------------------------------------------
   3  Screening settings (-IFTHRS, DIFDEN)   -6    T
@  3  -198.727280705       7.67D-02  -3.90D-03     3   1   1   0   2   1   1   0
      Virial theorem: -V/T =      2.001136
@      MULPOP F   _1 -0.00; F   _2 -0.00; 
 -----------------------------------------------------------------------------
   4  Screening settings (-IFTHRS, DIFDEN)   -8    F
@  4  -198.727638827       2.97D-02  -3.58D-04     3   1   1   0   2   1   1   0
      Virial theorem: -V/T =      2.000256
@      MULPOP F   _1  0.00; F   _2  0.00; 
 -----------------------------------------------------------------------------
   5  Screening settings (-IFTHRS, DIFDEN)   -8    T
@  5  -198.727678535       5.22D-03  -3.97D-05     3   1   1   0   2   1   1   0
      Virial theorem: -V/T =      2.000488
@      MULPOP F   _1 -0.00; F   _2 -0.00; 
 -----------------------------------------------------------------------------
   6  Screening settings (-IFTHRS, DIFDEN)   -8    T
@  6  -198.727679801       3.92D-04  -1.27D-06     3   1   1   0   2   1   1   0
      Virial theorem: -V/T =      2.000454
@      MULPOP F   _1 -0.00; F   _2 -0.00; 
 -----------------------------------------------------------------------------
   7  Screening settings (-IFTHRS, DIFDEN)  -10    F
@  7  -198.727679785       2.47D-05   1.52D-08     3   1   1   0   2   1   1   0
      Virial theorem: -V/T =      2.000456
@      MULPOP F   _1  0.00; F   _2  0.00; 
 -----------------------------------------------------------------------------
   8  Screening settings (-IFTHRS, DIFDEN)  -10    T
@  8  -198.727679785       2.91D-06  -6.90D-11     3   1   1   0   2   1   1   0
      Virial theorem: -V/T =      2.000456
@      MULPOP F   _1 -0.00; F   _2 -0.00; 
 -----------------------------------------------------------------------------
   9  Screening settings (-IFTHRS, DIFDEN)  -14    F
@  9  -198.727679785       1.21D-07  -1.34D-11     3   1   1   0   2   1   1   0
      Virial theorem: -V/T =      2.000456
@      MULPOP F   _1  0.00; F   _2  0.00; 
 -----------------------------------------------------------------------------
  10  Screening settings (-IFTHRS, DIFDEN)  -14    T
@ 10  -198.727679785       1.56D-08   1.14D-13     3   1   1   0   2   1   1   0
      Virial theorem: -V/T =      2.000456
@      MULPOP F   _1 -0.00; F   _2 -0.00; 
 -----------------------------------------------------------------------------
  11  Screening settings (-IFTHRS, DIFDEN)  -14    T
@ 11  -198.727679785       9.41D-10  -1.14D-13     3   1   1   0   2   1   1   0

@ *** DIIS converged in  11 iterations !
@     Converged SCF energy, gradient:   -198.727679785416    9.41D-10
    - total time used in SIRFCK :              0.00 seconds


 *** SCF orbital energy analysis ***

 Only the five lowest virtual orbital energies printed in each symmetry.

 Number of electrons :   18
 Orbital occupations :    3    1    1    0    2    1    1    0

 Sym       Hartree-Fock orbital energies

  1    -26.42780237    -1.77001627    -0.75121706     1.21600577     1.46830917
         3.67020955     4.11708558     6.40822112

  2     -0.81305854     1.10594604     3.92960347     6.51104731

  3     -0.81305854     1.10594604     3.92960347     6.51104731

  4      4.11708558

  5    -26.42755345    -1.49746218     0.09387239     1.13489307     1.80249047
         4.15907334     5.00617240

  6     -0.66784613     1.26312792     4.35962338     6.61873552

  7     -0.66784613     1.26312792     4.35962338     6.61873552

  8      4.15907334

    E(LUMO) :     0.09387239 au (symmetry 5)
  - E(HOMO) :    -0.66784613 au (symmetry 6)
  ------------------------------------------
    gap     :     0.76171852 au

 >>> Writing SIRIFC interface file <<<

 >>>> CPU and wall time for SCF :       0.261       0.263


                       .-----------------------------------.
                       | >>> Final results from SIRIUS <<< |
                       `-----------------------------------'


@    Spin multiplicity:           1
@    Spatial symmetry:            1
@    Total charge of molecule:    0

@    Final HF energy:            -198.727679785416                 
@    Nuclear repulsion:            30.468690698607
@    Electronic energy:          -229.196370484022

@    Final gradient norm:           0.000000000941

 
     Date and time (Linux)  : Sun Sep  8 21:18:50 2013
     Host name              : lpqlx131.ups-tlse.fr                    

 (Only coefficients >0.0100 are printed.)

 Molecular orbitals for symmetry species  1
 ------------------------------------------

    Orbital         1        2        3        4        5
   1 F   :1s     0.3873  -0.0861  -0.0200  -0.0636  -0.0570
   2 F   :1s     0.3349  -0.1449  -0.0338  -0.1266  -0.1157
   3 F   :1s     0.0040   0.4347   0.1131   0.7967   0.7378
   4 F   :1s    -0.0001   0.2870   0.1248  -0.8232  -0.4631
   5 F   :2pz   -0.0009  -0.0268   0.1997   0.0909  -0.1225
   6 F   :2pz    0.0003  -0.0568   0.3248   0.3804  -0.5230
   7 F   :2pz   -0.0001  -0.0241   0.2594  -0.5486   0.6096
   8 F   :3d0   -0.0002   0.0121  -0.0242  -0.0214   0.0735

 Molecular orbitals for symmetry species  2
 ------------------------------------------

    Orbital         1        2        3
   1 F   :2px    0.2194   0.1802   0.0151
   2 F   :2px    0.3286   0.5502  -0.0338
   3 F   :2px    0.2736  -0.6996   0.0637
   4 F   :3d1+  -0.0107   0.0052   0.7004

 Molecular orbitals for symmetry species  3
 ------------------------------------------

    Orbital         1        2        3
   1 F   :2py    0.2194   0.1802   0.0151
   2 F   :2py    0.3286   0.5502  -0.0338
   3 F   :2py    0.2736  -0.6996   0.0637
   4 F   :3d1-  -0.0107   0.0052   0.7004

 Molecular orbitals for symmetry species  4
 ------------------------------------------

    Orbital         1
   1 F   :3d2-   0.7064

 Molecular orbitals for symmetry species  5
 ------------------------------------------

    Orbital         1        2        3        4
   1 F   :1s     0.3873  -0.0925   0.0278  -0.0322
   2 F   :1s     0.3349  -0.1559   0.0480  -0.0615
   3 F   :1s     0.0040   0.4741  -0.1553   0.3100
   4 F   :1s    -0.0002   0.3813  -0.3021   0.2363
   5 F   :2pz   -0.0008   0.0287   0.2366   0.1592
   6 F   :2pz    0.0004   0.0424   0.3437   0.5152
   7 F   :2pz   -0.0000   0.0029   0.5767  -1.1909

 Molecular orbitals for symmetry species  6
 ------------------------------------------

    Orbital         1        2        3
   1 F   :2px    0.2398   0.1580  -0.0261
   2 F   :2px    0.3585   0.5500  -0.0315
   3 F   :2px    0.3191  -1.0075   0.1257
   4 F   :3d1+  -0.0003  -0.0223  -0.7182

 Molecular orbitals for symmetry species  7
 ------------------------------------------

    Orbital         1        2        3
   1 F   :2py    0.2398   0.1580  -0.0261
   2 F   :2py    0.3585   0.5500  -0.0315
   3 F   :2py    0.3191  -1.0075   0.1257
   4 F   :3d1-  -0.0003  -0.0223  -0.7182

 Molecular orbitals for symmetry species  8
 ------------------------------------------

    Orbital         1
   1 F   :3d2-   0.7078



 >>>> Total CPU  time used in SIRIUS :      0.26 seconds
 >>>> Total wall time used in SIRIUS :      0.27 seconds

 
     Date and time (Linux)  : Sun Sep  8 21:18:50 2013
     Host name              : lpqlx131.ups-tlse.fr                    


                     .---------------------------------------.
                     | End of Wave Function Section (SIRIUS) |
                     `---------------------------------------'



                    .------------------------------------------.
                    | Starting in Coupled Cluster Section (CC) |
                    `------------------------------------------'

  

 *******************************************************************************
 *******************************************************************************
 *                                                                             *
 *                                                                             *
 *                    START OF COUPLED CLUSTER CALCULATION                     *
 *                                                                             *
 *                                                                             *
 *******************************************************************************
 *******************************************************************************



 CCR12 ANSATZ =   0

 CCR12 APPROX =   0

   

 *******************************************************************
 *                                                                 *
 *<<<<<<<<<<                                             >>>>>>>>>>*
 *<<<<<<<<<< OUTPUT FROM COUPLED CLUSTER ENERGY PROGRAM  >>>>>>>>>>*
 *<<<<<<<<<<                                             >>>>>>>>>>*
 *                                                                 *
 *******************************************************************


             The Direct Coupled Cluster Energy Program
             -----------------------------------------


          Number of t1 amplitudes                 :        44
          Number of t2 amplitudes                 :      4191
          Total number of amplitudes in ccsd      :      4235

 Iter.  1: Coupled cluster DCPT2 energy :    -199.1926469182708672





             +-------------------------------------------------------+
             ! Final results from the Coupled Cluster energy program !
             +-------------------------------------------------------+



            Total SCF   energy:                  -198.7276797854

            Total DCPT2 energy:                  -199.1926469183

  

 *******************************************************************************
 *******************************************************************************
 *                                                                             *
 *                                                                             *
 *                   SUMMARY OF COUPLED CLUSTER CALCULATION                    *
 *                                                                             *
 *                                                                             *
 *******************************************************************************
 *******************************************************************************

                                                                                
                                                                                
            Total SCF   energy:                  -198.7276797854                
            Total DCPT2 energy:                  -199.1926469183                
  

 *******************************************************************************
 *******************************************************************************
 *                                                                             *
 *                                                                             *
 *                      END OF COUPLED CLUSTER CALCULATION                     *
 *                                                                             *
 *                                                                             *
 *******************************************************************************
 *******************************************************************************


 >>>> CPU and wall time for CC :       0.292       0.294

 
     Date and time (Linux)  : Sun Sep  8 21:18:50 2013
     Host name              : lpqlx131.ups-tlse.fr                    


                      .-------------------------------------.
                      | End of Coupled Cluster Section (CC) |
                      `-------------------------------------'

 >>>> Total CPU  time used in DALTON:   0.57 seconds
 >>>> Total wall time used in DALTON:   0.58 seconds

 
     Date and time (Linux)  : Sun Sep  8 21:18:50 2013
     Host name              : lpqlx131.ups-tlse.fr                    
